Copyright 1986-2022 Xilinx, Inc. All Rights Reserved. Copyright 2022-2023 Advanced Micro Devices, Inc. All Rights Reserved.
---------------------------------------------------------------------------------------------------------------------------------------------
| Tool Version : Vivado v.2023.1 (win64) Build 3865809 Sun May  7 15:05:29 MDT 2023
| Date         : Tue Jan  6 12:23:12 2026
| Host         : JJ-PC running 64-bit major release  (build 9200)
| Command      : report_design_analysis -file ./report/matrixcalc_design_analysis_routed.rpt
| Design       : bd_0_wrapper
| Device       : xc7z020
| Design State : Routed
---------------------------------------------------------------------------------------------------------------------------------------------

Report Design Analysis

Table of Contents
-----------------
1. Setup Path Characteristics 1-1
2. Logic Level Distribution
3. Placer Final Level Congestion Reporting
4. Initial Estimated Router Congestion Reporting
5. SLR Net Crossing Reporting

1. Setup Path Characteristics 1-1
---------------------------------

+---------------------------+--------------------------------------------------------+
|      Characteristics      |                         Path #1                        |
+---------------------------+--------------------------------------------------------+
| Requirement               | 8.000                                                  |
| Path Delay                | 4.383                                                  |
| Logic Delay               | 1.214(28%)                                             |
| Net Delay                 | 3.169(72%)                                             |
| Clock Skew                | -0.049                                                 |
| Slack                     | 3.614                                                  |
| Clock Uncertainty         | 0.035                                                  |
| Clock Relationship        | Safely Timed                                           |
| Clock Delay Group         | Same Clock                                             |
| Logic Levels              | 4                                                      |
| Routes                    | 4                                                      |
| Logical Path              | FDRE/C-(12)-LUT6-(2)-LUT6-(2)-LUT4-(1)-LUT6-(1)-FDRE/D |
| Start Point Clock         | ap_clk                                                 |
| End Point Clock           | ap_clk                                                 |
| DSP Block                 | None                                                   |
| RAM Registers             | None-None                                              |
| IO Crossings              | 0                                                      |
| Config Crossings          | 0                                                      |
| SLR Crossings             | 0                                                      |
| PBlocks                   | 0                                                      |
| High Fanout               | 12                                                     |
| Dont Touch                | 0                                                      |
| Mark Debug                | 0                                                      |
| Start Point Pin Primitive | FDRE/C                                                 |
| End Point Pin Primitive   | FDRE/D                                                 |
| Start Point Pin           | mul_ln43_3_reg_623_reg[0]/C                            |
| End Point Pin             | product1_7_reg_783_reg[3]/D                            |
+---------------------------+--------------------------------------------------------+
* Bounding box calculated as % of dimensions for the target device (308, 299)


2. Logic Level Distribution
---------------------------

+-----------------+-------------+----+----+---+---+
| End Point Clock | Requirement |  1 |  2 | 3 | 4 |
+-----------------+-------------+----+----+---+---+
| ap_clk          | 8.000ns     | 22 | 19 | 8 | 5 |
+-----------------+-------------+----+----+---+---+
* Columns represent the logic levels per end point clock
** Distribution is for top worst 54 paths


3. Placer Final Level Congestion Reporting
------------------------------------------

+-----------+------+-------+------------+--------+---------------+---------------+-----+--------+------+------+------+-----+-------+-----+------------+
| Direction | Type | Level | Congestion | Window | Combined LUTs | Avg LUT Input | LUT | LUTRAM | Flop | MUXF | RAMB | DSP | CARRY | SRL | Cell Names |
+-----------+------+-------+------------+--------+---------------+---------------+-----+--------+------+------+------+-----+-------+-----+------------+
* No congestion windows are found above level 5


4. Initial Estimated Router Congestion Reporting
------------------------------------------------

+-----------+------+-------+------------------+--------+---------------+---------------+-----+--------+------+------+------+-----+-------+-----+------------+
| Direction | Type | Level | Percentage Tiles | Window | Combined LUTs | Avg LUT Input | LUT | LUTRAM | Flop | MUXF | RAMB | DSP | CARRY | SRL | Cell Names |
+-----------+------+-------+------------------+--------+---------------+---------------+-----+--------+------+------+------+-----+-------+-----+------------+
* No router congested regions found.
** No initial estimated congestion windows are found above level 5


5. SLR Net Crossing Reporting
-----------------------------

+------------+-----------------------------+
| Cell Names | Number of Nets crossing SLR |
+------------+-----------------------------+
* The current part is not an SSI device


