Copyright 1986-2022 Xilinx, Inc. All Rights Reserved. Copyright 2022-2023 Advanced Micro Devices, Inc. All Rights Reserved.
---------------------------------------------------------------------------------------------------------------------------------------------
| Tool Version : Vivado v.2023.1 (win64) Build 3865809 Sun May  7 15:05:29 MDT 2023
| Date         : Tue Jan  6 12:22:09 2026
| Host         : JJ-PC running 64-bit major release  (build 9200)
| Command      : report_design_analysis -file ./report/matrixcalc_design_analysis_synth.rpt
| Design       : bd_0_wrapper
| Device       : xc7z020
| Design State : Synthesized
---------------------------------------------------------------------------------------------------------------------------------------------

Report Design Analysis

Table of Contents
-----------------
1. Setup Path Characteristics 1-1
2. Logic Level Distribution
3. Placer Final Level Congestion Reporting
4. SLR Net Crossing Reporting

1. Setup Path Characteristics 1-1
---------------------------------

+---------------------------+--------------------------------------------------------+
|      Characteristics      |                         Path #1                        |
+---------------------------+--------------------------------------------------------+
| Requirement               | 8.000                                                  |
| Path Delay                | 4.928                                                  |
| Logic Delay               | 1.185(25%)                                             |
| Net Delay                 | 3.743(75%)                                             |
| Clock Skew                | -0.049                                                 |
| Slack                     | 3.065                                                  |
| Clock Uncertainty         | 0.035                                                  |
| Clock Relationship        | Safely Timed                                           |
| Clock Delay Group         | Same Clock                                             |
| Logic Levels              | 4                                                      |
| Routes                    | NA                                                     |
| Logical Path              | FDRE/C-(13)-LUT6-(2)-LUT6-(2)-LUT6-(1)-LUT6-(1)-FDRE/D |
| Start Point Clock         | ap_clk                                                 |
| End Point Clock           | ap_clk                                                 |
| DSP Block                 | None                                                   |
| RAM Registers             | None-None                                              |
| IO Crossings              | 0                                                      |
| Config Crossings          | 0                                                      |
| SLR Crossings             | 0                                                      |
| PBlocks                   | 0                                                      |
| High Fanout               | 13                                                     |
| Dont Touch                | 0                                                      |
| Mark Debug                | 0                                                      |
| Start Point Pin Primitive | FDRE/C                                                 |
| End Point Pin Primitive   | FDRE/D                                                 |
| Start Point Pin           | add_ln59_17_reg_718_reg[0]/C                           |
| End Point Pin             | product2_7_reg_788_reg[3]/D                            |
+---------------------------+--------------------------------------------------------+
* Bounding box calculated as % of dimensions for the target device (308, 299)


2. Logic Level Distribution
---------------------------

+-----------------+-------------+----+----+---+---+
| End Point Clock | Requirement |  1 |  2 | 3 | 4 |
+-----------------+-------------+----+----+---+---+
| ap_clk          | 8.000ns     | 22 | 21 | 6 | 5 |
+-----------------+-------------+----+----+---+---+
* Columns represent the logic levels per end point clock
** Distribution is for top worst 54 paths


3. Placer Final Level Congestion Reporting
------------------------------------------

+-----------+------+-------+------------+--------+---------------+---------------+-----+--------+------+------+------+-----+-------+-----+------------+
| Direction | Type | Level | Congestion | Window | Combined LUTs | Avg LUT Input | LUT | LUTRAM | Flop | MUXF | RAMB | DSP | CARRY | SRL | Cell Names |
+-----------+------+-------+------------+--------+---------------+---------------+-----+--------+------+------+------+-----+-------+-----+------------+
* The design has not been placed, hence congestion data is not available. The command report_design_analysis -congestion should be run only after place_design has completed.


4. SLR Net Crossing Reporting
-----------------------------

+------------+-----------------------------+
| Cell Names | Number of Nets crossing SLR |
+------------+-----------------------------+
* The current part is not an SSI device


