

================================================================
== Vitis HLS Report for 'matrixcalc'
================================================================
* Date:           Tue Jan  6 12:05:22 2026

* Version:        2023.1 (Build 3854077 on May  4 2023)
* Project:        Proyecto_Final
* Solution:       minimos_recursos (Vivado IP Flow Target)
* Product family: zynq
* Target device:  xc7z020-clg400-1


================================================================
== Performance Estimates
================================================================
+ Timing: 
    * Summary: 
    +--------+---------+----------+------------+
    |  Clock |  Target | Estimated| Uncertainty|
    +--------+---------+----------+------------+
    |ap_clk  |  8.00 ns|  5.792 ns|     2.16 ns|
    +--------+---------+----------+------------+

+ Latency: 
    * Summary: 
    +---------+---------+----------+----------+-----+-----+---------+
    |  Latency (cycles) |  Latency (absolute) |  Interval | Pipeline|
    |   min   |   max   |    min   |    max   | min | max |   Type  |
    +---------+---------+----------+----------+-----+-----+---------+
    |      312|      312|  2.496 us|  2.496 us|  313|  313|       no|
    +---------+---------+----------+----------+-----+-----+---------+

    + Detail: 
        * Instance: 
        N/A

        * Loop: 
        +--------------+---------+---------+----------+-----------+-----------+------+----------+
        |              |  Latency (cycles) | Iteration|  Initiation Interval  | Trip |          |
        |   Loop Name  |   min   |   max   |  Latency |  achieved |   target  | Count| Pipelined|
        +--------------+---------+---------+----------+-----------+-----------+------+----------+
        |- Row         |      189|      189|        63|          -|          -|     3|        no|
        | + Col        |       61|       61|        20|          -|          -|     3|        no|
        |  ++ Product  |       17|       17|         5|          -|          -|     3|        no|
        |- Row         |       45|       45|        15|          -|          -|     3|        no|
        | + Col        |       13|       13|         4|          -|          -|     3|        no|
        |- Init        |       75|       75|        25|          -|          -|     3|        no|
        | + Calc       |       22|       22|         7|          -|          -|     3|        no|
        +--------------+---------+---------+----------+-----------+-----------+------+----------+



================================================================
== Utilization Estimates
================================================================
* Summary: 
+-----------------+---------+-----+--------+-------+-----+
|       Name      | BRAM_18K| DSP |   FF   |  LUT  | URAM|
+-----------------+---------+-----+--------+-------+-----+
|DSP              |        -|    -|       -|      -|    -|
|Expression       |        -|    -|       0|    186|    -|
|FIFO             |        -|    -|       -|      -|    -|
|Instance         |        -|    0|       0|     13|    -|
|Memory           |        0|    -|       8|      2|    0|
|Multiplexer      |        -|    -|       -|    488|    -|
|Register         |        -|    -|     103|      -|    -|
+-----------------+---------+-----+--------+-------+-----+
|Total            |        0|    0|     111|    689|    0|
+-----------------+---------+-----+--------+-------+-----+
|Available        |      280|  220|  106400|  53200|    0|
+-----------------+---------+-----+--------+-------+-----+
|Utilization (%)  |        0|    0|      ~0|      1|    0|
+-----------------+---------+-----+--------+-------+-----+

+ Detail: 
    * Instance: 
    +--------------------+-----------------+---------+----+---+----+-----+
    |      Instance      |      Module     | BRAM_18K| DSP| FF| LUT| URAM|
    +--------------------+-----------------+---------+----+---+----+-----+
    |mul_4s_4s_4_1_1_U1  |mul_4s_4s_4_1_1  |        0|   0|  0|  13|    0|
    +--------------------+-----------------+---------+----+---+----+-----+
    |Total               |                 |        0|   0|  0|  13|    0|
    +--------------------+-----------------+---------+----+---+----+-----+

    * DSP: 
    N/A

    * Memory: 
    +--------+-------------------+---------+---+----+-----+------+-----+------+-------------+
    | Memory |       Module      | BRAM_18K| FF| LUT| URAM| Words| Bits| Banks| W*Bits*Banks|
    +--------+-------------------+---------+---+----+-----+------+-----+------+-------------+
    |aux_U   |aux_RAM_AUTO_1R1W  |        0|  4|   1|    0|     9|    4|     1|           36|
    |aux2_U  |aux_RAM_AUTO_1R1W  |        0|  4|   1|    0|     9|    4|     1|           36|
    +--------+-------------------+---------+---+----+-----+------+-----+------+-------------+
    |Total   |                   |        0|  8|   2|    0|    18|    8|     2|           72|
    +--------+-------------------+---------+---+----+-----+------+-----+------+-------------+

    * FIFO: 
    N/A

    * Expression: 
    +-----------------------+----------+----+---+----+------------+------------+
    |     Variable Name     | Operation| DSP| FF| LUT| Bitwidth P0| Bitwidth P1|
    +-----------------------+----------+----+---+----+------------+------------+
    |grp_fu_263_p2          |         +|   0|  0|  13|           4|           4|
    |sub_ln20_fu_643_p2     |         -|   0|  0|  13|           4|           4|
    |sub_ln21_1_fu_708_p2   |         -|   0|  0|  13|           4|           4|
    |sub_ln21_fu_692_p2     |         -|   0|  0|  11|           3|           2|
    |sub_ln43_1_fu_515_p2   |         -|   0|  0|  13|           4|           4|
    |sub_ln43_fu_464_p2     |         -|   0|  0|  13|           4|           4|
    |sub_ln59_fu_553_p2     |         -|   0|  0|  13|           4|           4|
    |sum_fu_621_p2          |         -|   0|  0|  13|           4|           4|
    |icmp_ln11_fu_611_p2    |      icmp|   0|  0|  10|           2|           2|
    |icmp_ln15_fu_654_p2    |      icmp|   0|  0|  10|           2|           2|
    |icmp_ln18_fu_660_p2    |      icmp|   0|  0|  11|           3|           2|
    |icmp_ln37_fu_470_p2    |      icmp|   0|  0|  10|           2|           2|
    |icmp_ln39_fu_491_p2    |      icmp|   0|  0|  10|           2|           2|
    |icmp_ln42_fu_531_p2    |      icmp|   0|  0|  10|           2|           2|
    |icmp_ln56_fu_559_p2    |      icmp|   0|  0|  10|           2|           2|
    |icmp_ln58_fu_592_p2    |      icmp|   0|  0|  10|           2|           2|
    |select_ln18_fu_676_p3  |    select|   0|  0|   3|           1|           3|
    +-----------------------+----------+----+---+----+------------+------------+
    |Total                  |          |   0|  0| 186|          49|          49|
    +-----------------------+----------+----+---+----+------------+------------+

    * Multiplexer: 
    +---------------+-----+-----------+-----+-----------+
    |      Name     | LUT | Input Size| Bits| Total Bits|
    +---------------+-----+-----------+-----+-----------+
    |ap_NS_fsm      |  113|         24|    1|         24|
    |aux2_address0  |   20|          4|    4|         16|
    |aux_address0   |   14|          3|    4|         12|
    |grp_fu_263_p0  |   93|         19|    4|         76|
    |grp_fu_263_p1  |   65|         14|    4|         56|
    |grp_fu_378_p0  |   14|          3|    4|         12|
    |grp_fu_378_p1  |   20|          4|    4|         16|
    |i_1_fu_80      |    9|          2|    2|          4|
    |i_2_fu_92      |    9|          2|    2|          4|
    |i_fu_68        |    9|          2|    2|          4|
    |reg_178        |   20|          4|    4|         16|
    |reg_190        |   14|          3|    4|         12|
    |reg_202        |   14|          3|    4|         12|
    |reg_215        |   14|          3|    4|         12|
    |reg_227        |   14|          3|    2|          6|
    |reg_239        |   14|          3|    4|         12|
    |reg_251        |   14|          3|    4|         12|
    |sumneg_fu_88   |    9|          2|    4|          8|
    |sumpos_fu_84   |    9|          2|    4|          8|
    +---------------+-----+-----------+-----+-----------+
    |Total          |  488|        103|   65|        322|
    +---------------+-----+-----------+-----+-----------+

    * Register: 
    +---------------------+----+----+-----+-----------+
    |         Name        | FF | LUT| Bits| Const Bits|
    +---------------------+----+----+-----+-----------+
    |add_ln19_reg_351     |   3|   0|    3|          0|
    |ap_CS_fsm            |  23|   0|   23|          0|
    |aux2_addr_reg_817    |   4|   0|    4|          0|
    |col_reg_346          |   4|   0|    4|          0|
    |i_1_fu_80            |   2|   0|    2|          0|
    |i_2_fu_92            |   2|   0|    2|          0|
    |i_fu_68              |   2|   0|    2|          0|
    |icmp_ln18_reg_852    |   1|   0|    1|          0|
    |reg_178              |   4|   0|    4|          0|
    |reg_190              |   4|   0|    4|          0|
    |reg_202              |   4|   0|    4|          0|
    |reg_215              |   4|   0|    4|          0|
    |reg_227              |   2|   0|    2|          0|
    |reg_239              |   4|   0|    4|          0|
    |reg_251              |   4|   0|    4|          0|
    |res_addr_reg_752     |   4|   0|    4|          0|
    |sub_ln20_reg_838     |   4|   0|    4|          0|
    |sub_ln21_reg_862     |   2|   0|    2|          0|
    |sub_ln43_reg_732     |   4|   0|    4|          0|
    |sub_ln59_reg_778     |   4|   0|    4|          0|
    |sumneg_fu_88         |   4|   0|    4|          0|
    |sumpos_fu_84         |   4|   0|    4|          0|
    |zext_ln11_reg_825    |   2|   0|    3|          1|
    |zext_ln15_1_reg_843  |   2|   0|    3|          1|
    |zext_ln15_reg_833    |   2|   0|    4|          2|
    |zext_ln41_reg_747    |   2|   0|    4|          2|
    |zext_ln43_1_reg_760  |   2|   0|    4|          2|
    +---------------------+----+----+-----+-----------+
    |Total                | 103|   0|  111|          8|
    +---------------------+----+----+-----+-----------+



================================================================
== Interface
================================================================
* Summary: 
+------------+-----+-----+------------+--------------+--------------+
|  RTL Ports | Dir | Bits|  Protocol  | Source Object|    C Type    |
+------------+-----+-----+------------+--------------+--------------+
|ap_clk      |   in|    1|  ap_ctrl_hs|    matrixcalc|  return value|
|ap_rst      |   in|    1|  ap_ctrl_hs|    matrixcalc|  return value|
|ap_start    |   in|    1|  ap_ctrl_hs|    matrixcalc|  return value|
|ap_done     |  out|    1|  ap_ctrl_hs|    matrixcalc|  return value|
|ap_idle     |  out|    1|  ap_ctrl_hs|    matrixcalc|  return value|
|ap_ready    |  out|    1|  ap_ctrl_hs|    matrixcalc|  return value|
|ap_return   |  out|   32|  ap_ctrl_hs|    matrixcalc|  return value|
|a_address0  |  out|    4|   ap_memory|             a|         array|
|a_ce0       |  out|    1|   ap_memory|             a|         array|
|a_q0        |   in|    4|   ap_memory|             a|         array|
|b_address0  |  out|    4|   ap_memory|             b|         array|
|b_ce0       |  out|    1|   ap_memory|             b|         array|
|b_q0        |   in|    4|   ap_memory|             b|         array|
|c_address0  |  out|    4|   ap_memory|             c|         array|
|c_ce0       |  out|    1|   ap_memory|             c|         array|
|c_q0        |   in|    4|   ap_memory|             c|         array|
+------------+-----+-----+------------+--------------+--------------+

