Copyright 1986-2022 Xilinx, Inc. All Rights Reserved. Copyright 2022-2023 Advanced Micro Devices, Inc. All Rights Reserved.
---------------------------------------------------------------------------------------------------------------------------------------------
| Tool Version : Vivado v.2023.1 (win64) Build 3865809 Sun May  7 15:05:29 MDT 2023
| Date         : Fri Jan  2 17:52:40 2026
| Host         : JJ-PC running 64-bit major release  (build 9200)
| Command      : report_timing_summary -file ./report/matrixcalc_timing_routed.rpt
| Design       : bd_0_wrapper
| Device       : 7z020-clg400
| Speed File   : -1  PRODUCTION 1.12 2019-11-22
| Design State : Routed
---------------------------------------------------------------------------------------------------------------------------------------------

Timing Summary Report

------------------------------------------------------------------------------------------------
| Timer Settings
| --------------
------------------------------------------------------------------------------------------------

  Enable Multi Corner Analysis               :  Yes
  Enable Pessimism Removal                   :  Yes
  Pessimism Removal Resolution               :  Nearest Common Node
  Enable Input Delay Default Clock           :  No
  Enable Preset / Clear Arcs                 :  No
  Disable Flight Delays                      :  No
  Ignore I/O Paths                           :  No
  Timing Early Launch at Borrowing Latches   :  No
  Borrow Time for Max Delay Exceptions       :  Yes
  Merge Timing Exceptions                    :  Yes

  Corner  Analyze    Analyze    
  Name    Max Paths  Min Paths  
  ------  ---------  ---------  
  Slow    Yes        Yes        
  Fast    Yes        Yes        


------------------------------------------------------------------------------------------------
| Report Methodology
| ------------------
------------------------------------------------------------------------------------------------

Rule       Severity  Description                    Violations  
---------  --------  -----------------------------  ----------  
TIMING-18  Warning   Missing input or output delay  144         

Note: This report is based on the most recent report_methodology run and may not be up-to-date. Run report_methodology on the current design for the latest report.



check_timing report

Table of Contents
-----------------
1. checking no_clock (0)
2. checking constant_clock (0)
3. checking pulse_width_clock (0)
4. checking unconstrained_internal_endpoints (0)
5. checking no_input_delay (110)
6. checking no_output_delay (34)
7. checking multiple_clock (0)
8. checking generated_clocks (0)
9. checking loops (0)
10. checking partial_input_delay (0)
11. checking partial_output_delay (0)
12. checking latch_loops (0)

1. checking no_clock (0)
------------------------
 There are 0 register/latch pins with no clock.


2. checking constant_clock (0)
------------------------------
 There are 0 register/latch pins with constant_clock.


3. checking pulse_width_clock (0)
---------------------------------
 There are 0 register/latch pins which need pulse_width check


4. checking unconstrained_internal_endpoints (0)
------------------------------------------------
 There are 0 pins that are not constrained for maximum delay.

 There are 0 pins that are not constrained for maximum delay due to constant clock.


5. checking no_input_delay (110)
--------------------------------
 There are 110 input ports with no input delay specified. (HIGH)

 There are 0 input ports with no input delay but user has a false path constraint.


6. checking no_output_delay (34)
--------------------------------
 There are 34 ports with no output delay specified. (HIGH)

 There are 0 ports with no output delay but user has a false path constraint

 There are 0 ports with no output delay but with a timing clock defined on it or propagating through it


7. checking multiple_clock (0)
------------------------------
 There are 0 register/latch pins with multiple clocks.


8. checking generated_clocks (0)
--------------------------------
 There are 0 generated clocks that are not connected to a clock source.


9. checking loops (0)
---------------------
 There are 0 combinational loops in the design.


10. checking partial_input_delay (0)
------------------------------------
 There are 0 input ports with partial input delay specified.


11. checking partial_output_delay (0)
-------------------------------------
 There are 0 ports with partial output delay specified.


12. checking latch_loops (0)
----------------------------
 There are 0 combinational latch loops in the design through latch input



------------------------------------------------------------------------------------------------
| Design Timing Summary
| ---------------------
------------------------------------------------------------------------------------------------

    WNS(ns)      TNS(ns)  TNS Failing Endpoints  TNS Total Endpoints      WHS(ns)      THS(ns)  THS Failing Endpoints  THS Total Endpoints     WPWS(ns)     TPWS(ns)  TPWS Failing Endpoints  TPWS Total Endpoints  
    -------      -------  ---------------------  -------------------      -------      -------  ---------------------  -------------------     --------     --------  ----------------------  --------------------  
      3.614        0.000                      0                   54        0.154        0.000                      0                   54        3.500        0.000                       0                   163  


All user specified timing constraints are met.


------------------------------------------------------------------------------------------------
| Clock Summary
| -------------
------------------------------------------------------------------------------------------------

Clock   Waveform(ns)         Period(ns)      Frequency(MHz)
-----   ------------         ----------      --------------
ap_clk  {0.000 4.000}        8.000           125.000         


------------------------------------------------------------------------------------------------
| Intra Clock Table
| -----------------
------------------------------------------------------------------------------------------------

Clock             WNS(ns)      TNS(ns)  TNS Failing Endpoints  TNS Total Endpoints      WHS(ns)      THS(ns)  THS Failing Endpoints  THS Total Endpoints     WPWS(ns)     TPWS(ns)  TPWS Failing Endpoints  TPWS Total Endpoints  
-----             -------      -------  ---------------------  -------------------      -------      -------  ---------------------  -------------------     --------     --------  ----------------------  --------------------  
ap_clk              3.614        0.000                      0                   54        0.154        0.000                      0                   54        3.500        0.000                       0                   163  


------------------------------------------------------------------------------------------------
| Inter Clock Table
| -----------------
------------------------------------------------------------------------------------------------

From Clock    To Clock          WNS(ns)      TNS(ns)  TNS Failing Endpoints  TNS Total Endpoints      WHS(ns)      THS(ns)  THS Failing Endpoints  THS Total Endpoints  
----------    --------          -------      -------  ---------------------  -------------------      -------      -------  ---------------------  -------------------  


------------------------------------------------------------------------------------------------
| Other Path Groups Table
| -----------------------
------------------------------------------------------------------------------------------------

Path Group    From Clock    To Clock          WNS(ns)      TNS(ns)  TNS Failing Endpoints  TNS Total Endpoints      WHS(ns)      THS(ns)  THS Failing Endpoints  THS Total Endpoints  
----------    ----------    --------          -------      -------  ---------------------  -------------------      -------      -------  ---------------------  -------------------  


------------------------------------------------------------------------------------------------
| Timing Details
| --------------
------------------------------------------------------------------------------------------------


---------------------------------------------------------------------------------------------------
From Clock:  ap_clk
  To Clock:  ap_clk

Setup :            0  Failing Endpoints,  Worst Slack        3.614ns,  Total Violation        0.000ns
Hold  :            0  Failing Endpoints,  Worst Slack        0.154ns,  Total Violation        0.000ns
PW    :            0  Failing Endpoints,  Worst Slack        3.500ns,  Total Violation        0.000ns
---------------------------------------------------------------------------------------------------


Max Delay Paths
--------------------------------------------------------------------------------------
Slack (MET) :             3.614ns  (required time - arrival time)
  Source:                 bd_0_i/hls_inst/inst/mul_ln43_3_reg_621_reg[0]/C
                            (rising edge-triggered cell FDRE clocked by ap_clk  {rise@0.000ns fall@4.000ns period=8.000ns})
  Destination:            bd_0_i/hls_inst/inst/product1_7_reg_781_reg[3]/D
                            (rising edge-triggered cell FDRE clocked by ap_clk  {rise@0.000ns fall@4.000ns period=8.000ns})
  Path Group:             ap_clk
  Path Type:              Setup (Max at Slow Process Corner)
  Requirement:            8.000ns  (ap_clk rise@8.000ns - ap_clk rise@0.000ns)
  Data Path Delay:        4.383ns  (logic 1.214ns (27.698%)  route 3.169ns (72.302%))
  Logic Levels:           4  (LUT4=1 LUT6=3)
  Clock Path Skew:        -0.049ns (DCD - SCD + CPR)
    Destination Clock Delay (DCD):    0.924ns = ( 8.924 - 8.000 ) 
    Source Clock Delay      (SCD):    0.973ns
    Clock Pessimism Removal (CPR):    0.000ns
  Clock Uncertainty:      0.035ns  ((TSJ^2 + TIJ^2)^1/2 + DJ) / 2 + PE
    Total System Jitter     (TSJ):    0.071ns
    Total Input Jitter      (TIJ):    0.000ns
    Discrete Jitter          (DJ):    0.000ns
    Phase Error              (PE):    0.000ns

    Location             Delay type                Incr(ns)  Path(ns)    Netlist Resource(s)
  -------------------------------------------------------------------    -------------------
                         (clock ap_clk rise edge)     0.000     0.000 r  
                                                      0.000     0.000 r  ap_clk (IN)
                         net (fo=162, unset)          0.973     0.973    bd_0_i/hls_inst/inst/ap_clk
    SLICE_X20Y18         FDRE                                         r  bd_0_i/hls_inst/inst/mul_ln43_3_reg_621_reg[0]/C
  -------------------------------------------------------------------    -------------------
    SLICE_X20Y18         FDRE (Prop_fdre_C_Q)         0.518     1.491 r  bd_0_i/hls_inst/inst/mul_ln43_3_reg_621_reg[0]/Q
                         net (fo=12, routed)          1.145     2.636    bd_0_i/hls_inst/inst/mul_ln43_3_reg_621[0]
    SLICE_X14Y20         LUT6 (Prop_lut6_I2_O)        0.124     2.760 r  bd_0_i/hls_inst/inst/mul_ln21_2_reg_796[2]_i_10/O
                         net (fo=2, routed)           0.599     3.359    bd_0_i/hls_inst/inst/mul_ln21_2_reg_796[2]_i_10_n_0
    SLICE_X14Y19         LUT6 (Prop_lut6_I0_O)        0.124     3.483 f  bd_0_i/hls_inst/inst/mul_ln21_2_reg_796[3]_i_9/O
                         net (fo=2, routed)           0.580     4.063    bd_0_i/hls_inst/inst/mul_ln21_2_reg_796[3]_i_9_n_0
    SLICE_X16Y20         LUT4 (Prop_lut4_I3_O)        0.117     4.180 r  bd_0_i/hls_inst/inst/product1_7_reg_781[3]_i_2/O
                         net (fo=1, routed)           0.845     5.025    bd_0_i/hls_inst/inst/product1_7_reg_781[3]_i_2_n_0
    SLICE_X16Y20         LUT6 (Prop_lut6_I0_O)        0.331     5.356 r  bd_0_i/hls_inst/inst/product1_7_reg_781[3]_i_1/O
                         net (fo=1, routed)           0.000     5.356    bd_0_i/hls_inst/inst/product1_7_reg_781[3]_i_1_n_0
    SLICE_X16Y20         FDRE                                         r  bd_0_i/hls_inst/inst/product1_7_reg_781_reg[3]/D
  -------------------------------------------------------------------    -------------------

                         (clock ap_clk rise edge)     8.000     8.000 r  
                                                      0.000     8.000 r  ap_clk (IN)
                         net (fo=162, unset)          0.924     8.924    bd_0_i/hls_inst/inst/ap_clk
    SLICE_X16Y20         FDRE                                         r  bd_0_i/hls_inst/inst/product1_7_reg_781_reg[3]/C
                         clock pessimism              0.000     8.924    
                         clock uncertainty           -0.035     8.889    
    SLICE_X16Y20         FDRE (Setup_fdre_C_D)        0.081     8.970    bd_0_i/hls_inst/inst/product1_7_reg_781_reg[3]
  -------------------------------------------------------------------
                         required time                          8.970    
                         arrival time                          -5.356    
  -------------------------------------------------------------------
                         slack                                  3.614    





Min Delay Paths
--------------------------------------------------------------------------------------
Slack (MET) :             0.154ns  (arrival time - required time)
  Source:                 bd_0_i/hls_inst/inst/mul_ln43_22_reg_651_reg[0]/C
                            (rising edge-triggered cell FDRE clocked by ap_clk  {rise@0.000ns fall@4.000ns period=8.000ns})
  Destination:            bd_0_i/hls_inst/inst/product2_2_reg_766_reg[1]/D
                            (rising edge-triggered cell FDRE clocked by ap_clk  {rise@0.000ns fall@4.000ns period=8.000ns})
  Path Group:             ap_clk
  Path Type:              Hold (Min at Fast Process Corner)
  Requirement:            0.000ns  (ap_clk rise@0.000ns - ap_clk rise@0.000ns)
  Data Path Delay:        0.295ns  (logic 0.186ns (62.984%)  route 0.109ns (37.016%))
  Logic Levels:           1  (LUT6=1)
  Clock Path Skew:        0.022ns (DCD - SCD - CPR)
    Destination Clock Delay (DCD):    0.432ns
    Source Clock Delay      (SCD):    0.410ns
    Clock Pessimism Removal (CPR):    -0.000ns

    Location             Delay type                Incr(ns)  Path(ns)    Netlist Resource(s)
  -------------------------------------------------------------------    -------------------
                         (clock ap_clk rise edge)     0.000     0.000 r  
                                                      0.000     0.000 r  ap_clk (IN)
                         net (fo=162, unset)          0.410     0.410    bd_0_i/hls_inst/inst/ap_clk
    SLICE_X17Y17         FDRE                                         r  bd_0_i/hls_inst/inst/mul_ln43_22_reg_651_reg[0]/C
  -------------------------------------------------------------------    -------------------
    SLICE_X17Y17         FDRE (Prop_fdre_C_Q)         0.141     0.551 r  bd_0_i/hls_inst/inst/mul_ln43_22_reg_651_reg[0]/Q
                         net (fo=3, routed)           0.109     0.660    bd_0_i/hls_inst/inst/mul_ln43_22_reg_651[0]
    SLICE_X16Y17         LUT6 (Prop_lut6_I1_O)        0.045     0.705 r  bd_0_i/hls_inst/inst/product2_2_reg_766[1]_i_1/O
                         net (fo=1, routed)           0.000     0.705    bd_0_i/hls_inst/inst/product2_2_fu_521_p2[1]
    SLICE_X16Y17         FDRE                                         r  bd_0_i/hls_inst/inst/product2_2_reg_766_reg[1]/D
  -------------------------------------------------------------------    -------------------

                         (clock ap_clk rise edge)     0.000     0.000 r  
                                                      0.000     0.000 r  ap_clk (IN)
                         net (fo=162, unset)          0.432     0.432    bd_0_i/hls_inst/inst/ap_clk
    SLICE_X16Y17         FDRE                                         r  bd_0_i/hls_inst/inst/product2_2_reg_766_reg[1]/C
                         clock pessimism              0.000     0.432    
    SLICE_X16Y17         FDRE (Hold_fdre_C_D)         0.120     0.552    bd_0_i/hls_inst/inst/product2_2_reg_766_reg[1]
  -------------------------------------------------------------------
                         required time                         -0.552    
                         arrival time                           0.705    
  -------------------------------------------------------------------
                         slack                                  0.154    





Pulse Width Checks
--------------------------------------------------------------------------------------
Clock Name:         ap_clk
Waveform(ns):       { 0.000 4.000 }
Period(ns):         8.000
Sources:            { ap_clk }

Check Type        Corner  Lib Pin  Reference Pin  Required(ns)  Actual(ns)  Slack(ns)  Location      Pin
Min Period        n/a     FDRE/C   n/a            1.000         8.000       7.000      SLICE_X21Y19  bd_0_i/hls_inst/inst/add_ln24_reg_811_reg[0]/C
Low Pulse Width   Slow    FDRE/C   n/a            0.500         4.000       3.500      SLICE_X21Y19  bd_0_i/hls_inst/inst/add_ln24_reg_811_reg[0]/C
High Pulse Width  Slow    FDRE/C   n/a            0.500         4.000       3.500      SLICE_X21Y19  bd_0_i/hls_inst/inst/add_ln24_reg_811_reg[0]/C



