==============================================================
Vitis HLS - High-Level Synthesis from C, C++ and OpenCL v2023.1 (64-bit)
Tool Version Limit: 2023.05
Copyright 1986-2022 Xilinx, Inc. All Rights Reserved.
Copyright 2022-2023 Advanced Micro Devices, Inc. All Rights Reserved.

==============================================================
INFO: [SYN 201-201] Setting up clock 'default' with a period of 8ns.
INFO: [HLS 200-1611] Setting target device to 'xc7z020-clg400-1'
INFO: [HLS 200-1505] Using flow_target 'vivado'
INFO: [HLS 200-1464] Running solution command: config_cosim -tool=xsim
INFO: [HLS 200-1464] Running solution command: config_cosim -trace_level=all
INFO: [HLS 200-1510] Running: set_part xc7z020-clg400-1 
INFO: [HLS 200-1510] Running: create_clock -period 8 -name default 
INFO: [HLS 200-1510] Running: config_cosim -tool xsim -trace_level all 
INFO: [HLS 200-1510] Running: source ./Proyecto_Final/minima_latencia/directives.tcl
INFO: [HLS 200-1510] Running: set_directive_top -name matrixcalc matrixcalc 
INFO: [HLS 200-1510] Running: csynth_design 
INFO: [HLS 200-111] Finished File checks and directory preparation: CPU user time: 0 seconds. CPU system time: 0 seconds. Elapsed time: 0.076 seconds; current allocated memory: 977.883 MB.
INFO: [HLS 200-10] Analyzing design file 'matrixcalc.cpp' ... 
INFO: [HLS 200-111] Finished Source Code Analysis and Preprocessing: CPU user time: 0 seconds. CPU system time: 0 seconds. Elapsed time: 2.681 seconds; current allocated memory: 979.410 MB.
INFO: [HLS 200-777] Using interface defaults for 'Vivado' flow target.
INFO: [HLS 214-178] Inlining function 'matrixmul(ap_int<4> (*) [3], ap_int<4> (*) [3], ap_int<4> (*) [3])' into 'matrixcalc(ap_int<4> (*) [3], ap_int<4> (*) [3], ap_int<4> (*) [3])' (matrixcalc.cpp:68:0)
INFO: [HLS 214-178] Inlining function 'matrixsum(ap_int<4> (*) [3], ap_int<4> (*) [3], ap_int<4> (*) [3])' into 'matrixcalc(ap_int<4> (*) [3], ap_int<4> (*) [3], ap_int<4> (*) [3])' (matrixcalc.cpp:68:0)
INFO: [HLS 214-178] Inlining function 'det(ap_int<4> (*) [3])' into 'matrixcalc(ap_int<4> (*) [3], ap_int<4> (*) [3], ap_int<4> (*) [3])' (matrixcalc.cpp:68:0)
INFO: [HLS 214-241] Aggregating bram variable 'c' with compact=bit mode in 4-bits (matrixcalc.cpp:68:0)
INFO: [HLS 214-241] Aggregating bram variable 'b' with compact=bit mode in 4-bits (matrixcalc.cpp:68:0)
INFO: [HLS 214-241] Aggregating bram variable 'a' with compact=bit mode in 4-bits (matrixcalc.cpp:68:0)
INFO: [HLS 200-111] Finished Compiling Optimization and Transform: CPU user time: 0 seconds. CPU system time: 0 seconds. Elapsed time: 2.247 seconds; current allocated memory: 980.371 MB.
INFO: [HLS 200-111] Finished Checking Pragmas: CPU user time: 0 seconds. CPU system time: 0 seconds. Elapsed time: 0.001 seconds; current allocated memory: 980.371 MB.
INFO: [HLS 200-10] Starting code transformations ...
INFO: [HLS 200-111] Finished Standard Transforms: CPU user time: 0 seconds. CPU system time: 0 seconds. Elapsed time: 0.093 seconds; current allocated memory: 985.805 MB.
INFO: [HLS 200-10] Checking synthesizability ...
INFO: [HLS 200-111] Finished Checking Synthesizability: CPU user time: 0 seconds. CPU system time: 0 seconds. Elapsed time: 0.023 seconds; current allocated memory: 987.246 MB.
INFO: [XFORM 203-510] Pipelining loop 'Col' (matrixcalc.cpp:39) in function 'matrixcalc' automatically.
INFO: [XFORM 203-510] Pipelining loop 'Col' (matrixcalc.cpp:58) in function 'matrixcalc' automatically.
INFO: [XFORM 203-510] Pipelining loop 'Calc' (matrixcalc.cpp:15) in function 'matrixcalc' automatically.
INFO: [XFORM 203-502] Unrolling all sub-loops inside loop 'Col' (matrixcalc.cpp:39) in function 'matrixcalc' for pipelining.
INFO: [HLS 200-489] Unrolling loop 'Product' (matrixcalc.cpp:42) in function 'matrixcalc' completely with a factor of 3.
INFO: [HLS 200-111] Finished Loop, function and other optimizations: CPU user time: 0 seconds. CPU system time: 0 seconds. Elapsed time: 0.074 seconds; current allocated memory: 1009.133 MB.
INFO: [XFORM 203-541] Flattening a loop nest 'Row' (matrixcalc.cpp:37:8) in function 'matrixcalc'.
INFO: [XFORM 203-541] Flattening a loop nest 'Row' (matrixcalc.cpp:56:8) in function 'matrixcalc'.
INFO: [XFORM 203-541] Flattening a loop nest 'Init' (matrixcalc.cpp:11:7) in function 'matrixcalc'.
INFO: [HLS 200-111] Finished Architecture Synthesis: CPU user time: 0 seconds. CPU system time: 0 seconds. Elapsed time: 0.067 seconds; current allocated memory: 1.005 GB.
INFO: [HLS 200-10] Starting hardware synthesis ...
INFO: [HLS 200-10] Synthesizing 'matrixcalc' ...
INFO: [HLS 200-10] ----------------------------------------------------------------
INFO: [HLS 200-42] -- Implementing module 'matrixcalc_Pipeline_Row_Col' 
INFO: [HLS 200-10] ----------------------------------------------------------------
INFO: [SCHED 204-11] Starting scheduling ...
INFO: [SCHED 204-61] Pipelining loop 'Row_Col'.
WARNING: [HLS 200-885] The II Violation in module 'matrixcalc_Pipeline_Row_Col' (loop 'Row_Col'): Unable to schedule 'load' operation ('a_load_1', matrixcalc.cpp:37->matrixcalc.cpp:86) on array 'a' due to limited memory ports (II = 1). Please consider using a memory core with more ports or partitioning the array 'a'.
INFO: [HLS 200-1470] Pipelining result : Target II = NA, Final II = 2, Depth = 5, loop 'Row_Col'
INFO: [SCHED 204-11] Finished scheduling.
INFO: [HLS 200-111] Finished Scheduling: CPU user time: 0 seconds. CPU system time: 0 seconds. Elapsed time: 0.184 seconds; current allocated memory: 1.010 GB.
INFO: [BIND 205-100] Starting micro-architecture generation ...
INFO: [BIND 205-101] Performing variable lifetime analysis.
INFO: [BIND 205-101] Exploring resource sharing.
INFO: [BIND 205-101] Binding ...
INFO: [BIND 205-100] Finished micro-architecture generation.
INFO: [HLS 200-111] Finished Binding: CPU user time: 0 seconds. CPU system time: 0 seconds. Elapsed time: 0.08 seconds; current allocated memory: 1.011 GB.
INFO: [HLS 200-10] ----------------------------------------------------------------
INFO: [HLS 200-42] -- Implementing module 'matrixcalc_Pipeline_Row_Col1' 
INFO: [HLS 200-10] ----------------------------------------------------------------
INFO: [SCHED 204-11] Starting scheduling ...
INFO: [SCHED 204-61] Pipelining loop 'Row_Col'.
INFO: [HLS 200-1470] Pipelining result : Target II = NA, Final II = 1, Depth = 4, loop 'Row_Col'
INFO: [SCHED 204-11] Finished scheduling.
INFO: [HLS 200-111] Finished Scheduling: CPU user time: 0 seconds. CPU system time: 0 seconds. Elapsed time: 0.082 seconds; current allocated memory: 1.012 GB.
INFO: [BIND 205-100] Starting micro-architecture generation ...
INFO: [BIND 205-101] Performing variable lifetime analysis.
INFO: [BIND 205-101] Exploring resource sharing.
INFO: [BIND 205-101] Binding ...
INFO: [BIND 205-100] Finished micro-architecture generation.
INFO: [HLS 200-111] Finished Binding: CPU user time: 0 seconds. CPU system time: 0 seconds. Elapsed time: 0.045 seconds; current allocated memory: 1.012 GB.
INFO: [HLS 200-10] ----------------------------------------------------------------
INFO: [HLS 200-42] -- Implementing module 'matrixcalc_Pipeline_Init_Calc' 
INFO: [HLS 200-10] ----------------------------------------------------------------
INFO: [SCHED 204-11] Starting scheduling ...
INFO: [SCHED 204-61] Pipelining loop 'Init_Calc'.
INFO: [HLS 200-1470] Pipelining result : Target II = NA, Final II = 1, Depth = 5, loop 'Init_Calc'
INFO: [SCHED 204-11] Finished scheduling.
INFO: [HLS 200-111] Finished Scheduling: CPU user time: 0 seconds. CPU system time: 0 seconds. Elapsed time: 0.119 seconds; current allocated memory: 1.013 GB.
INFO: [BIND 205-100] Starting micro-architecture generation ...
INFO: [BIND 205-101] Performing variable lifetime analysis.
INFO: [BIND 205-101] Exploring resource sharing.
INFO: [BIND 205-101] Binding ...
INFO: [BIND 205-100] Finished micro-architecture generation.
INFO: [HLS 200-111] Finished Binding: CPU user time: 0 seconds. CPU system time: 0 seconds. Elapsed time: 0.058 seconds; current allocated memory: 1.013 GB.
INFO: [HLS 200-10] ----------------------------------------------------------------
INFO: [HLS 200-42] -- Implementing module 'matrixcalc' 
INFO: [HLS 200-10] ----------------------------------------------------------------
INFO: [SCHED 204-11] Starting scheduling ...
INFO: [SCHED 204-11] Finished scheduling.
INFO: [HLS 200-111] Finished Scheduling: CPU user time: 0 seconds. CPU system time: 0 seconds. Elapsed time: 0.063 seconds; current allocated memory: 1.013 GB.
INFO: [BIND 205-100] Starting micro-architecture generation ...
INFO: [BIND 205-101] Performing variable lifetime analysis.
INFO: [BIND 205-101] Exploring resource sharing.
INFO: [BIND 205-101] Binding ...
INFO: [BIND 205-100] Finished micro-architecture generation.
INFO: [HLS 200-111] Finished Binding: CPU user time: 0 seconds. CPU system time: 0 seconds. Elapsed time: 0.066 seconds; current allocated memory: 1.013 GB.
INFO: [HLS 200-10] ----------------------------------------------------------------
INFO: [HLS 200-10] -- Generating RTL for module 'matrixcalc_Pipeline_Row_Col' 
INFO: [HLS 200-10] ----------------------------------------------------------------
INFO: [HLS 200-1030] Apply Unified Pipeline Control on module 'matrixcalc_Pipeline_Row_Col' pipeline 'Row_Col' pipeline type 'loop pipeline'
INFO: [RTGEN 206-100] Generating core module 'mul_4s_4s_4_1_1': 3 instance(s).
INFO: [RTGEN 206-100] Finished creating RTL model for 'matrixcalc_Pipeline_Row_Col'.
INFO: [HLS 200-111] Finished Creating RTL model: CPU user time: 0 seconds. CPU system time: 0 seconds. Elapsed time: 0.078 seconds; current allocated memory: 1.015 GB.
INFO: [HLS 200-10] ----------------------------------------------------------------
INFO: [HLS 200-10] -- Generating RTL for module 'matrixcalc_Pipeline_Row_Col1' 
INFO: [HLS 200-10] ----------------------------------------------------------------
INFO: [HLS 200-1030] Apply Unified Pipeline Control on module 'matrixcalc_Pipeline_Row_Col1' pipeline 'Row_Col' pipeline type 'loop pipeline'
INFO: [RTGEN 206-100] Finished creating RTL model for 'matrixcalc_Pipeline_Row_Col1'.
INFO: [HLS 200-111] Finished Creating RTL model: CPU user time: 0 seconds. CPU system time: 0 seconds. Elapsed time: 0.14 seconds; current allocated memory: 1.018 GB.
INFO: [HLS 200-10] ----------------------------------------------------------------
INFO: [HLS 200-10] -- Generating RTL for module 'matrixcalc_Pipeline_Init_Calc' 
INFO: [HLS 200-10] ----------------------------------------------------------------
INFO: [HLS 200-1030] Apply Unified Pipeline Control on module 'matrixcalc_Pipeline_Init_Calc' pipeline 'Init_Calc' pipeline type 'loop pipeline'
INFO: [RTGEN 206-100] Generating core module 'mul_4s_4s_4_1_1': 2 instance(s).
INFO: [RTGEN 206-100] Finished creating RTL model for 'matrixcalc_Pipeline_Init_Calc'.
INFO: [HLS 200-111] Finished Creating RTL model: CPU user time: 0 seconds. CPU system time: 0 seconds. Elapsed time: 0.097 seconds; current allocated memory: 1.019 GB.
INFO: [HLS 200-10] ----------------------------------------------------------------
INFO: [HLS 200-10] -- Generating RTL for module 'matrixcalc' 
INFO: [HLS 200-10] ----------------------------------------------------------------
INFO: [RTGEN 206-500] Setting interface mode on port 'matrixcalc/a' to 'ap_memory'.
INFO: [RTGEN 206-500] Setting interface mode on port 'matrixcalc/b' to 'ap_memory'.
INFO: [RTGEN 206-500] Setting interface mode on port 'matrixcalc/c' to 'ap_memory'.
INFO: [RTGEN 206-500] Setting interface mode on function 'matrixcalc' to 'ap_ctrl_hs'.
INFO: [RTGEN 206-100] Finished creating RTL model for 'matrixcalc'.
INFO: [RTMG 210-278] Implementing memory 'matrixcalc_aux_RAM_AUTO_1R1W' using auto RAMs.
INFO: [RTMG 210-278] Implementing memory 'matrixcalc_aux2_RAM_AUTO_1R1W' using auto RAMs.
INFO: [HLS 200-111] Finished Creating RTL model: CPU user time: 0 seconds. CPU system time: 0 seconds. Elapsed time: 0.168 seconds; current allocated memory: 1.021 GB.
INFO: [HLS 200-111] Finished Generating all RTL models: CPU user time: 0 seconds. CPU system time: 0 seconds. Elapsed time: 0.294 seconds; current allocated memory: 1.025 GB.
INFO: [HLS 200-111] Finished Updating report files: CPU user time: 0 seconds. CPU system time: 1 seconds. Elapsed time: 0.364 seconds; current allocated memory: 1.030 GB.
INFO: [VHDL 208-304] Generating VHDL RTL for matrixcalc.
INFO: [VLOG 209-307] Generating Verilog RTL for matrixcalc.
INFO: [HLS 200-790] **** Loop Constraint Status: All loop constraints were NOT satisfied.
INFO: [HLS 200-789] **** Estimated Fmax: 175.10 MHz
INFO: [HLS 200-111] Finished Command csynth_design CPU user time: 1 seconds. CPU system time: 1 seconds. Elapsed time: 7.126 seconds; current allocated memory: 77.285 MB.
==============================================================
Vitis HLS - High-Level Synthesis from C, C++ and OpenCL v2023.1 (64-bit)
Tool Version Limit: 2023.05
Copyright 1986-2022 Xilinx, Inc. All Rights Reserved.
Copyright 2022-2023 Advanced Micro Devices, Inc. All Rights Reserved.

==============================================================
INFO: [SYN 201-201] Setting up clock 'default' with a period of 8ns.
INFO: [HLS 200-1611] Setting target device to 'xc7z020-clg400-1'
INFO: [HLS 200-1505] Using flow_target 'vivado'
INFO: [HLS 200-1464] Running solution command: config_cosim -tool=xsim
INFO: [HLS 200-1464] Running solution command: config_cosim -trace_level=all
INFO: [HLS 200-1510] Running: set_part xc7z020-clg400-1 
INFO: [HLS 200-1510] Running: create_clock -period 8 -name default 
INFO: [HLS 200-1510] Running: config_cosim -tool xsim -trace_level all 
INFO: [HLS 200-1510] Running: source ./Proyecto_Final/minima_latencia/directives.tcl
INFO: [HLS 200-1510] Running: set_directive_top -name matrixcalc matrixcalc 
INFO: [HLS 200-1510] Running: csynth_design 
INFO: [HLS 200-111] Finished File checks and directory preparation: CPU user time: 0 seconds. CPU system time: 0 seconds. Elapsed time: 0.073 seconds; current allocated memory: 978.301 MB.
INFO: [HLS 200-10] Analyzing design file 'matrixcalc.cpp' ... 
INFO: [HLS 200-111] Finished Source Code Analysis and Preprocessing: CPU user time: 0 seconds. CPU system time: 0 seconds. Elapsed time: 2.346 seconds; current allocated memory: 979.574 MB.
INFO: [HLS 200-777] Using interface defaults for 'Vivado' flow target.
INFO: [HLS 214-131] Inlining function 'matrixmul(ap_int<4> (*) [3], ap_int<4> (*) [3], ap_int<4> (*) [3])' into 'matrixcalc(ap_int<4> (*) [3], ap_int<4> (*) [3], ap_int<4> (*) [3])' (matrixcalc.cpp:86:2)
INFO: [HLS 214-131] Inlining function 'det(ap_int<4> (*) [3])' into 'matrixcalc(ap_int<4> (*) [3], ap_int<4> (*) [3], ap_int<4> (*) [3])' (matrixcalc.cpp:88:16)
INFO: [HLS 214-131] Inlining function 'matrixsum(ap_int<4> (*) [3], ap_int<4> (*) [3], ap_int<4> (*) [3])' into 'matrixcalc(ap_int<4> (*) [3], ap_int<4> (*) [3], ap_int<4> (*) [3])' (matrixcalc.cpp:87:2)
INFO: [HLS 214-291] Loop 'Init' is marked as complete unroll implied by the pipeline pragma (matrixcalc.cpp:11:7)
INFO: [HLS 214-291] Loop 'Calc' is marked as complete unroll implied by the pipeline pragma (matrixcalc.cpp:15:7)
INFO: [HLS 214-291] Loop 'Row' is marked as complete unroll implied by the pipeline pragma (matrixcalc.cpp:56:7)
INFO: [HLS 214-291] Loop 'Col' is marked as complete unroll implied by the pipeline pragma (matrixcalc.cpp:58:10)
INFO: [HLS 214-291] Loop 'Row' is marked as complete unroll implied by the pipeline pragma (matrixcalc.cpp:37:7)
INFO: [HLS 214-291] Loop 'Col' is marked as complete unroll implied by the pipeline pragma (matrixcalc.cpp:39:10)
INFO: [HLS 214-291] Loop 'Product' is marked as complete unroll implied by the pipeline pragma (matrixcalc.cpp:42:16)
INFO: [HLS 214-186] Unrolling loop 'Init' (matrixcalc.cpp:11:7) in function 'matrixcalc' completely with a factor of 3 (matrixcalc.cpp:68:0)
INFO: [HLS 214-186] Unrolling loop 'Calc' (matrixcalc.cpp:15:7) in function 'matrixcalc' completely with a factor of 3 (matrixcalc.cpp:68:0)
INFO: [HLS 214-186] Unrolling loop 'Row' (matrixcalc.cpp:56:7) in function 'matrixcalc' completely with a factor of 3 (matrixcalc.cpp:68:0)
INFO: [HLS 214-186] Unrolling loop 'Col' (matrixcalc.cpp:58:10) in function 'matrixcalc' completely with a factor of 3 (matrixcalc.cpp:68:0)
INFO: [HLS 214-186] Unrolling loop 'Row' (matrixcalc.cpp:37:7) in function 'matrixcalc' completely with a factor of 3 (matrixcalc.cpp:68:0)
INFO: [HLS 214-186] Unrolling loop 'Col' (matrixcalc.cpp:39:10) in function 'matrixcalc' completely with a factor of 3 (matrixcalc.cpp:68:0)
INFO: [HLS 214-186] Unrolling loop 'Product' (matrixcalc.cpp:42:16) in function 'matrixcalc' completely with a factor of 3 (matrixcalc.cpp:68:0)
INFO: [HLS 214-248] Applying array_partition to 'a': Complete partitioning on dimension 1. Complete partitioning on dimension 2. (matrixcalc.cpp:68:0)
INFO: [HLS 214-248] Applying array_partition to 'b': Complete partitioning on dimension 1. Complete partitioning on dimension 2. (matrixcalc.cpp:68:0)
INFO: [HLS 214-248] Applying array_partition to 'c': Complete partitioning on dimension 1. Complete partitioning on dimension 2. (matrixcalc.cpp:68:0)
INFO: [HLS 214-241] Aggregating scalar variable 'c_2_2' with compact=bit mode in 4-bits (matrixcalc.cpp:68:0)
INFO: [HLS 214-241] Aggregating scalar variable 'c_2_1' with compact=bit mode in 4-bits (matrixcalc.cpp:68:0)
INFO: [HLS 214-241] Aggregating scalar variable 'c_2_0' with compact=bit mode in 4-bits (matrixcalc.cpp:68:0)
INFO: [HLS 214-241] Aggregating scalar variable 'c_1_2' with compact=bit mode in 4-bits (matrixcalc.cpp:68:0)
INFO: [HLS 214-241] Aggregating scalar variable 'c_1_1' with compact=bit mode in 4-bits (matrixcalc.cpp:68:0)
INFO: [HLS 214-241] Aggregating scalar variable 'c_1_0' with compact=bit mode in 4-bits (matrixcalc.cpp:68:0)
INFO: [HLS 214-241] Aggregating scalar variable 'c_0_2' with compact=bit mode in 4-bits (matrixcalc.cpp:68:0)
INFO: [HLS 214-241] Aggregating scalar variable 'c_0_1' with compact=bit mode in 4-bits (matrixcalc.cpp:68:0)
INFO: [HLS 214-241] Aggregating scalar variable 'c_0_0' with compact=bit mode in 4-bits (matrixcalc.cpp:68:0)
INFO: [HLS 214-241] Aggregating scalar variable 'b_2_2' with compact=bit mode in 4-bits (matrixcalc.cpp:68:0)
INFO: [HLS 214-241] Aggregating scalar variable 'b_2_1' with compact=bit mode in 4-bits (matrixcalc.cpp:68:0)
INFO: [HLS 214-241] Aggregating scalar variable 'b_2_0' with compact=bit mode in 4-bits (matrixcalc.cpp:68:0)
INFO: [HLS 214-241] Aggregating scalar variable 'b_1_2' with compact=bit mode in 4-bits (matrixcalc.cpp:68:0)
INFO: [HLS 214-241] Aggregating scalar variable 'b_1_1' with compact=bit mode in 4-bits (matrixcalc.cpp:68:0)
INFO: [HLS 214-241] Aggregating scalar variable 'b_1_0' with compact=bit mode in 4-bits (matrixcalc.cpp:68:0)
INFO: [HLS 214-241] Aggregating scalar variable 'b_0_2' with compact=bit mode in 4-bits (matrixcalc.cpp:68:0)
INFO: [HLS 214-241] Aggregating scalar variable 'b_0_1' with compact=bit mode in 4-bits (matrixcalc.cpp:68:0)
INFO: [HLS 214-241] Aggregating scalar variable 'b_0_0' with compact=bit mode in 4-bits (matrixcalc.cpp:68:0)
INFO: [HLS 214-241] Aggregating scalar variable 'a_2_2' with compact=bit mode in 4-bits (matrixcalc.cpp:68:0)
INFO: [HLS 214-241] Aggregating scalar variable 'a_2_1' with compact=bit mode in 4-bits (matrixcalc.cpp:68:0)
INFO: [HLS 214-241] Aggregating scalar variable 'a_2_0' with compact=bit mode in 4-bits (matrixcalc.cpp:68:0)
INFO: [HLS 214-241] Aggregating scalar variable 'a_1_2' with compact=bit mode in 4-bits (matrixcalc.cpp:68:0)
INFO: [HLS 214-241] Aggregating scalar variable 'a_1_1' with compact=bit mode in 4-bits (matrixcalc.cpp:68:0)
INFO: [HLS 214-241] Aggregating scalar variable 'a_1_0' with compact=bit mode in 4-bits (matrixcalc.cpp:68:0)
INFO: [HLS 214-241] Aggregating scalar variable 'a_0_2' with compact=bit mode in 4-bits (matrixcalc.cpp:68:0)
INFO: [HLS 214-241] Aggregating scalar variable 'a_0_1' with compact=bit mode in 4-bits (matrixcalc.cpp:68:0)
INFO: [HLS 214-241] Aggregating scalar variable 'a_0_0' with compact=bit mode in 4-bits (matrixcalc.cpp:68:0)
INFO: [HLS 200-111] Finished Compiling Optimization and Transform: CPU user time: 0 seconds. CPU system time: 0 seconds. Elapsed time: 2.334 seconds; current allocated memory: 981.461 MB.
INFO: [HLS 200-111] Finished Checking Pragmas: CPU user time: 0 seconds. CPU system time: 0 seconds. Elapsed time: 0.001 seconds; current allocated memory: 981.461 MB.
INFO: [HLS 200-10] Starting code transformations ...
INFO: [HLS 200-111] Finished Standard Transforms: CPU user time: 0 seconds. CPU system time: 0 seconds. Elapsed time: 0.019 seconds; current allocated memory: 986.070 MB.
INFO: [HLS 200-10] Checking synthesizability ...
INFO: [HLS 200-111] Finished Checking Synthesizability: CPU user time: 0 seconds. CPU system time: 0 seconds. Elapsed time: 0.012 seconds; current allocated memory: 987.250 MB.
INFO: [XFORM 203-11] Balancing expressions in function 'matrixcalc' (matrixcalc.cpp:20:2)...27 expression(s) balanced.
INFO: [HLS 200-111] Finished Loop, function and other optimizations: CPU user time: 0 seconds. CPU system time: 0 seconds. Elapsed time: 0.044 seconds; current allocated memory: 1007.746 MB.
INFO: [HLS 200-111] Finished Architecture Synthesis: CPU user time: 0 seconds. CPU system time: 0 seconds. Elapsed time: 0.024 seconds; current allocated memory: 1007.758 MB.
INFO: [HLS 200-10] Starting hardware synthesis ...
INFO: [HLS 200-10] Synthesizing 'matrixcalc' ...
INFO: [HLS 200-10] ----------------------------------------------------------------
INFO: [HLS 200-42] -- Implementing module 'matrixcalc' 
INFO: [HLS 200-10] ----------------------------------------------------------------
INFO: [SCHED 204-11] Starting scheduling ...
INFO: [SCHED 204-61] Pipelining function 'matrixcalc'.
INFO: [HLS 200-1470] Pipelining result : Target II = 1, Final II = 1, Depth = 4, function 'matrixcalc'
INFO: [SCHED 204-11] Finished scheduling.
INFO: [HLS 200-111] Finished Scheduling: CPU user time: 0 seconds. CPU system time: 0 seconds. Elapsed time: 0.29 seconds; current allocated memory: 1007.758 MB.
INFO: [BIND 205-100] Starting micro-architecture generation ...
INFO: [BIND 205-101] Performing variable lifetime analysis.
INFO: [BIND 205-101] Exploring resource sharing.
INFO: [BIND 205-101] Binding ...
INFO: [BIND 205-100] Finished micro-architecture generation.
INFO: [HLS 200-111] Finished Binding: CPU user time: 0 seconds. CPU system time: 0 seconds. Elapsed time: 0.067 seconds; current allocated memory: 1007.793 MB.
INFO: [HLS 200-10] ----------------------------------------------------------------
INFO: [HLS 200-10] -- Generating RTL for module 'matrixcalc' 
INFO: [HLS 200-10] ----------------------------------------------------------------
INFO: [RTGEN 206-500] Setting interface mode on port 'matrixcalc/a_0_0' to 'ap_none'.
INFO: [RTGEN 206-500] Setting interface mode on port 'matrixcalc/a_0_1' to 'ap_none'.
INFO: [RTGEN 206-500] Setting interface mode on port 'matrixcalc/a_0_2' to 'ap_none'.
INFO: [RTGEN 206-500] Setting interface mode on port 'matrixcalc/a_1_0' to 'ap_none'.
INFO: [RTGEN 206-500] Setting interface mode on port 'matrixcalc/a_1_1' to 'ap_none'.
INFO: [RTGEN 206-500] Setting interface mode on port 'matrixcalc/a_1_2' to 'ap_none'.
INFO: [RTGEN 206-500] Setting interface mode on port 'matrixcalc/a_2_0' to 'ap_none'.
INFO: [RTGEN 206-500] Setting interface mode on port 'matrixcalc/a_2_1' to 'ap_none'.
INFO: [RTGEN 206-500] Setting interface mode on port 'matrixcalc/a_2_2' to 'ap_none'.
INFO: [RTGEN 206-500] Setting interface mode on port 'matrixcalc/b_0_0' to 'ap_none'.
INFO: [RTGEN 206-500] Setting interface mode on port 'matrixcalc/b_0_1' to 'ap_none'.
INFO: [RTGEN 206-500] Setting interface mode on port 'matrixcalc/b_0_2' to 'ap_none'.
INFO: [RTGEN 206-500] Setting interface mode on port 'matrixcalc/b_1_0' to 'ap_none'.
INFO: [RTGEN 206-500] Setting interface mode on port 'matrixcalc/b_1_1' to 'ap_none'.
INFO: [RTGEN 206-500] Setting interface mode on port 'matrixcalc/b_1_2' to 'ap_none'.
INFO: [RTGEN 206-500] Setting interface mode on port 'matrixcalc/b_2_0' to 'ap_none'.
INFO: [RTGEN 206-500] Setting interface mode on port 'matrixcalc/b_2_1' to 'ap_none'.
INFO: [RTGEN 206-500] Setting interface mode on port 'matrixcalc/b_2_2' to 'ap_none'.
INFO: [RTGEN 206-500] Setting interface mode on port 'matrixcalc/c_0_0' to 'ap_none'.
INFO: [RTGEN 206-500] Setting interface mode on port 'matrixcalc/c_0_1' to 'ap_none'.
INFO: [RTGEN 206-500] Setting interface mode on port 'matrixcalc/c_0_2' to 'ap_none'.
INFO: [RTGEN 206-500] Setting interface mode on port 'matrixcalc/c_1_0' to 'ap_none'.
INFO: [RTGEN 206-500] Setting interface mode on port 'matrixcalc/c_1_1' to 'ap_none'.
INFO: [RTGEN 206-500] Setting interface mode on port 'matrixcalc/c_1_2' to 'ap_none'.
INFO: [RTGEN 206-500] Setting interface mode on port 'matrixcalc/c_2_0' to 'ap_none'.
INFO: [RTGEN 206-500] Setting interface mode on port 'matrixcalc/c_2_1' to 'ap_none'.
INFO: [RTGEN 206-500] Setting interface mode on port 'matrixcalc/c_2_2' to 'ap_none'.
INFO: [RTGEN 206-500] Setting interface mode on function 'matrixcalc' to 'ap_ctrl_hs'.
INFO: [HLS 200-1030] Apply Unified Pipeline Control on module 'matrixcalc' pipeline 'matrixcalc' pipeline type 'function pipeline'
INFO: [RTGEN 206-100] Generating core module 'mul_4s_4s_4_1_1': 37 instance(s).
INFO: [RTGEN 206-100] Finished creating RTL model for 'matrixcalc'.
INFO: [HLS 200-111] Finished Creating RTL model: CPU user time: 1 seconds. CPU system time: 0 seconds. Elapsed time: 0.109 seconds; current allocated memory: 1010.676 MB.
INFO: [HLS 200-111] Finished Generating all RTL models: CPU user time: 0 seconds. CPU system time: 0 seconds. Elapsed time: 0.349 seconds; current allocated memory: 1017.098 MB.
INFO: [HLS 200-111] Finished Updating report files: CPU user time: 0 seconds. CPU system time: 0 seconds. Elapsed time: 0.418 seconds; current allocated memory: 1022.211 MB.
INFO: [VHDL 208-304] Generating VHDL RTL for matrixcalc.
INFO: [VLOG 209-307] Generating Verilog RTL for matrixcalc.
INFO: [HLS 200-789] **** Estimated Fmax: 172.12 MHz
INFO: [HLS 200-111] Finished Command csynth_design CPU user time: 1 seconds. CPU system time: 0 seconds. Elapsed time: 6.102 seconds; current allocated memory: 44.273 MB.
==============================================================
Vitis HLS - High-Level Synthesis from C, C++ and OpenCL v2023.1 (64-bit)
Tool Version Limit: 2023.05
Copyright 1986-2022 Xilinx, Inc. All Rights Reserved.
Copyright 2022-2023 Advanced Micro Devices, Inc. All Rights Reserved.

==============================================================
INFO: [SYN 201-201] Setting up clock 'default' with a period of 8ns.
INFO: [HLS 200-1611] Setting target device to 'xc7z020-clg400-1'
INFO: [HLS 200-1505] Using flow_target 'vivado'
INFO: [HLS 200-1464] Running solution command: config_cosim -tool=xsim
INFO: [HLS 200-1464] Running solution command: config_cosim -trace_level=all
INFO: [HLS 200-1464] Running solution command: config_export -format=ip_catalog
INFO: [HLS 200-1464] Running solution command: config_export -rtl=verilog
INFO: [HLS 200-1464] Running solution command: config_export -vivado_clock=8
INFO: [HLS 200-1510] Running: set_part xc7z020-clg400-1 
INFO: [HLS 200-1510] Running: create_clock -period 8 -name default 
INFO: [HLS 200-1510] Running: config_cosim -tool xsim -trace_level all 
INFO: [HLS 200-1510] Running: config_export -format ip_catalog -rtl verilog -vivado_clock 8 
INFO: [HLS 200-1510] Running: source ./Proyecto_Final/minima_latencia/directives.tcl
INFO: [HLS 200-1510] Running: set_directive_top -name matrixcalc matrixcalc 
INFO: [HLS 200-1510] Running: export_design -flow impl -rtl verilog -format ip_catalog 
INFO: [IMPL 213-8] Exporting RTL as a Vivado IP.
INFO: [IMPL 213-8] Starting RTL evaluation using Vivado ...
INFO: [HLS 200-802] Generated output file Proyecto_Final/minima_latencia/impl/export.zip
INFO: [HLS 200-111] Finished Command export_design CPU user time: 1 seconds. CPU system time: 0 seconds. Elapsed time: 173.964 seconds; current allocated memory: 8.332 MB.
