

Implementation tool: Xilinx Vivado v.2023.1
Project:             Proyecto_Final
Solution:            minimos_recursos
Device target:       xc7z020-clg400-1
Report date:         Tue Jan 06 12:14:47 +0100 2026

#=== Post-Implementation Resource usage ===
SLICE:           51
LUT:            163
FF:             110
DSP:              0
BRAM:             0
URAM:             0
LATCH:            0
SRL:              0
CLB:              0

#=== Final timing ===
CP required:                     8.000
CP achieved post-synthesis:      7.053
CP achieved post-implementation: 6.570
Timing met
