

================================================================
== Vitis HLS Report for 'matrixcalc'
================================================================
* Date:           Tue Jan  6 12:05:21 2026

* Version:        2023.1 (Build 3854077 on May  4 2023)
* Project:        Proyecto_Final
* Solution:       minimos_recursos (Vivado IP Flow Target)
* Product family: zynq
* Target device:  xc7z020-clg400-1


================================================================
== Performance Estimates
================================================================
+ Timing: 
    * Summary: 
    +--------+---------+----------+------------+
    |  Clock |  Target | Estimated| Uncertainty|
    +--------+---------+----------+------------+
    |ap_clk  |  8.00 ns|  5.792 ns|     2.16 ns|
    +--------+---------+----------+------------+

+ Latency: 
    * Summary: 
    +---------+---------+----------+----------+-----+-----+---------+
    |  Latency (cycles) |  Latency (absolute) |  Interval | Pipeline|
    |   min   |   max   |    min   |    max   | min | max |   Type  |
    +---------+---------+----------+----------+-----+-----+---------+
    |      312|      312|  2.496 us|  2.496 us|  313|  313|       no|
    +---------+---------+----------+----------+-----+-----+---------+

    + Detail: 
        * Instance: 
        N/A

        * Loop: 
        +--------------+---------+---------+----------+-----------+-----------+------+----------+
        |              |  Latency (cycles) | Iteration|  Initiation Interval  | Trip |          |
        |   Loop Name  |   min   |   max   |  Latency |  achieved |   target  | Count| Pipelined|
        +--------------+---------+---------+----------+-----------+-----------+------+----------+
        |- Row         |      189|      189|        63|          -|          -|     3|        no|
        | + Col        |       61|       61|        20|          -|          -|     3|        no|
        |  ++ Product  |       17|       17|         5|          -|          -|     3|        no|
        |- Row         |       45|       45|        15|          -|          -|     3|        no|
        | + Col        |       13|       13|         4|          -|          -|     3|        no|
        |- Init        |       75|       75|        25|          -|          -|     3|        no|
        | + Calc       |       22|       22|         7|          -|          -|     3|        no|
        +--------------+---------+---------+----------+-----------+-----------+------+----------+

============================================================
+ Verbose Summary: Synthesis Manager
============================================================
InlineROM: 1
ExposeGlobal: 0
============================================================
+ Verbose Summary: CDFG Model
============================================================
IsTopModel: 1
ResetActiveHigh: 1
IsCombinational: 0
IsDatapathOnly: 0
HasWiredReturn: 1
HasMFsm: 0
HasVarLatency: 1
IsPipeline: 0
IsRtlPipelined: 0
IsInstanceOverlapped: 0
IsDontTouch: 0
HasImplIP: 0
IsGatedGlobalClock: 0


============================================================
+ Verbose Summary: Schedule
============================================================
* Number of FSM states : 23
* Pipeline : 0
* Dataflow Pipeline: 0

* FSM state transitions: 
1 --> 2 
2 --> 3 10 
3 --> 4 
4 --> 5 2 
5 --> 6 
6 --> 7 
7 --> 8 3 
8 --> 9 
9 --> 5 
10 --> 11 15 
11 --> 12 
12 --> 13 10 
13 --> 14 
14 --> 11 
15 --> 16 
16 --> 17 
17 --> 18 23 
18 --> 19 
19 --> 20 
20 --> 21 
21 --> 22 
22 --> 16 
23 --> 15 

* FSM state operations: 

State 1 <SV = 0> <Delay = 1.58>
ST_1 : Operation 24 [1/1] (0.00ns)   --->   "%i = alloca i32 1"   --->   Operation 24 'alloca' 'i' <Predicate = true> <Delay = 0.00>
ST_1 : Operation 25 [1/1] (0.00ns)   --->   "%specbitsmap_ln0 = specbitsmap void @_ssdm_op_SpecBitsMap, i32 0"   --->   Operation 25 'specbitsmap' 'specbitsmap_ln0' <Predicate = true> <Delay = 0.00>
ST_1 : Operation 26 [1/1] (0.00ns)   --->   "%spectopmodule_ln64 = spectopmodule void @_ssdm_op_SpecTopModule, void @empty_3" [matrixcalc.cpp:64]   --->   Operation 26 'spectopmodule' 'spectopmodule_ln64' <Predicate = true> <Delay = 0.00>
ST_1 : Operation 27 [1/1] (0.00ns)   --->   "%specinterface_ln0 = specinterface void @_ssdm_op_SpecInterface, i4 %a, void @empty, i32 0, i32 0, void @empty_0, i32 4294967295, i32 0, void @empty_0, void @empty_0, void @empty_0, i32 0, i32 0, i32 0, i32 0, void @empty_0, void @empty_0, i32 4294967295, i32 0"   --->   Operation 27 'specinterface' 'specinterface_ln0' <Predicate = true> <Delay = 0.00>
ST_1 : Operation 28 [1/1] (0.00ns)   --->   "%specbitsmap_ln0 = specbitsmap void @_ssdm_op_SpecBitsMap, i4 %a"   --->   Operation 28 'specbitsmap' 'specbitsmap_ln0' <Predicate = true> <Delay = 0.00>
ST_1 : Operation 29 [1/1] (0.00ns)   --->   "%specinterface_ln0 = specinterface void @_ssdm_op_SpecInterface, i4 %b, void @empty, i32 0, i32 0, void @empty_0, i32 4294967295, i32 0, void @empty_0, void @empty_0, void @empty_0, i32 0, i32 0, i32 0, i32 0, void @empty_0, void @empty_0, i32 4294967295, i32 0"   --->   Operation 29 'specinterface' 'specinterface_ln0' <Predicate = true> <Delay = 0.00>
ST_1 : Operation 30 [1/1] (0.00ns)   --->   "%specbitsmap_ln0 = specbitsmap void @_ssdm_op_SpecBitsMap, i4 %b"   --->   Operation 30 'specbitsmap' 'specbitsmap_ln0' <Predicate = true> <Delay = 0.00>
ST_1 : Operation 31 [1/1] (0.00ns)   --->   "%specinterface_ln0 = specinterface void @_ssdm_op_SpecInterface, i4 %c, void @empty, i32 0, i32 0, void @empty_0, i32 4294967295, i32 0, void @empty_0, void @empty_0, void @empty_0, i32 0, i32 0, i32 0, i32 0, void @empty_0, void @empty_0, i32 4294967295, i32 0"   --->   Operation 31 'specinterface' 'specinterface_ln0' <Predicate = true> <Delay = 0.00>
ST_1 : Operation 32 [1/1] (0.00ns)   --->   "%specbitsmap_ln0 = specbitsmap void @_ssdm_op_SpecBitsMap, i4 %c"   --->   Operation 32 'specbitsmap' 'specbitsmap_ln0' <Predicate = true> <Delay = 0.00>
ST_1 : Operation 33 [1/1] (0.00ns)   --->   "%aux = alloca i64 1" [matrixcalc.cpp:77]   --->   Operation 33 'alloca' 'aux' <Predicate = true> <Delay = 0.00> <CoreInst = "RAM">   --->   Core 82 'RAM' <Latency = 1> <II = 1> <Delay = 2.32> <Storage> <Opcode : 'load' 'store'> <Ports = 2> <Width = 4> <Depth = 9> <RAM>
ST_1 : Operation 34 [1/1] (0.00ns)   --->   "%aux2 = alloca i64 1" [matrixcalc.cpp:77]   --->   Operation 34 'alloca' 'aux2' <Predicate = true> <Delay = 0.00> <CoreInst = "RAM">   --->   Core 82 'RAM' <Latency = 1> <II = 1> <Delay = 2.32> <Storage> <Opcode : 'load' 'store'> <Ports = 2> <Width = 4> <Depth = 9> <RAM>
ST_1 : Operation 35 [1/1] (0.00ns)   --->   "%specresourcelimit_ln11 = specresourcelimit void @_ssdm_op_SpecResourceLimit, i64 1, void @empty_1, void @empty_0, void @empty_0, void @empty_0" [C:/Users/javie/Desktop/HLS/Proyecto_Final/minimos_recursos/directives.tcl:11]   --->   Operation 35 'specresourcelimit' 'specresourcelimit_ln11' <Predicate = true> <Delay = 0.00>
ST_1 : Operation 36 [1/1] (0.00ns)   --->   "%specresourcelimit_ln12 = specresourcelimit void @_ssdm_op_SpecResourceLimit, i64 1, void @empty_2, void @empty_0, void @empty_0, void @empty_0" [C:/Users/javie/Desktop/HLS/Proyecto_Final/minimos_recursos/directives.tcl:12]   --->   Operation 36 'specresourcelimit' 'specresourcelimit_ln12' <Predicate = true> <Delay = 0.00>
ST_1 : Operation 37 [1/1] (1.58ns)   --->   "%store_ln37 = store i2 0, i2 %i" [matrixcalc.cpp:37->matrixcalc.cpp:86]   --->   Operation 37 'store' 'store_ln37' <Predicate = true> <Delay = 1.58>
ST_1 : Operation 38 [1/1] (0.00ns)   --->   "%br_ln37 = br void %Col.i" [matrixcalc.cpp:37->matrixcalc.cpp:86]   --->   Operation 38 'br' 'br_ln37' <Predicate = true> <Delay = 0.00>

State 2 <SV = 1> <Delay = 3.15>
ST_2 : Operation 39 [1/1] (0.00ns)   --->   "%i_3 = load i2 %i" [matrixcalc.cpp:37->matrixcalc.cpp:86]   --->   Operation 39 'load' 'i_3' <Predicate = true> <Delay = 0.00>
ST_2 : Operation 40 [1/1] (0.00ns)   --->   "%zext_ln43 = zext i2 %i_3" [matrixcalc.cpp:43->matrixcalc.cpp:86]   --->   Operation 40 'zext' 'zext_ln43' <Predicate = true> <Delay = 0.00>
ST_2 : Operation 41 [1/1] (0.00ns)   --->   "%tmp = bitconcatenate i4 @_ssdm_op_BitConcatenate.i4.i2.i2, i2 %i_3, i2 0" [matrixcalc.cpp:43->matrixcalc.cpp:86]   --->   Operation 41 'bitconcatenate' 'tmp' <Predicate = true> <Delay = 0.00>
ST_2 : Operation 42 [1/1] (1.73ns)   --->   "%sub_ln43 = sub i4 %tmp, i4 %zext_ln43" [matrixcalc.cpp:43->matrixcalc.cpp:86]   --->   Operation 42 'sub' 'sub_ln43' <Predicate = true> <Delay = 1.73> <CoreInst = "Adder">   --->   Core 1 'Adder' <Latency = 0> <II = 1> <Delay = 1.73> <FuncUnit> <Opcode : 'add' 'sub'> <InPorts = 2> <OutPorts = 1>
ST_2 : Operation 43 [1/1] (1.56ns)   --->   "%icmp_ln37 = icmp_eq  i2 %i_3, i2 3" [matrixcalc.cpp:37->matrixcalc.cpp:86]   --->   Operation 43 'icmp' 'icmp_ln37' <Predicate = true> <Delay = 1.56> <CoreInst = "Cmp">   --->   Core 9 'Cmp' <Latency = 0> <II = 1> <Delay = 1.56> <FuncUnit> <Opcode : 'icmp'> <InPorts = 2> <OutPorts = 1>
ST_2 : Operation 44 [1/1] (1.56ns)   --->   "%add_ln37 = add i2 %i_3, i2 1" [matrixcalc.cpp:37->matrixcalc.cpp:86]   --->   Operation 44 'add' 'add_ln37' <Predicate = true> <Delay = 1.56> <CoreInst = "Adder">   --->   Core 1 'Adder' <Latency = 0> <II = 1> <Delay = 1.73> <FuncUnit> <Opcode : 'add' 'sub'> <InPorts = 2> <OutPorts = 1>
ST_2 : Operation 45 [1/1] (0.00ns)   --->   "%br_ln37 = br i1 %icmp_ln37, void %Col.i.split, void %Col.i10.preheader" [matrixcalc.cpp:37->matrixcalc.cpp:86]   --->   Operation 45 'br' 'br_ln37' <Predicate = true> <Delay = 0.00>
ST_2 : Operation 46 [1/1] (0.00ns)   --->   "%speclooptripcount_ln37 = speclooptripcount void @_ssdm_op_SpecLoopTripCount, i64 3, i64 3, i64 3" [matrixcalc.cpp:37->matrixcalc.cpp:86]   --->   Operation 46 'speclooptripcount' 'speclooptripcount_ln37' <Predicate = (!icmp_ln37)> <Delay = 0.00>
ST_2 : Operation 47 [1/1] (0.00ns)   --->   "%specloopname_ln37 = specloopname void @_ssdm_op_SpecLoopName, void @empty_7" [matrixcalc.cpp:37->matrixcalc.cpp:86]   --->   Operation 47 'specloopname' 'specloopname_ln37' <Predicate = (!icmp_ln37)> <Delay = 0.00>
ST_2 : Operation 48 [1/1] (1.58ns)   --->   "%br_ln39 = br void %Product.i" [matrixcalc.cpp:39->matrixcalc.cpp:86]   --->   Operation 48 'br' 'br_ln39' <Predicate = (!icmp_ln37)> <Delay = 1.58>
ST_2 : Operation 49 [1/1] (0.00ns)   --->   "%i_1 = alloca i32 1"   --->   Operation 49 'alloca' 'i_1' <Predicate = (icmp_ln37)> <Delay = 0.00>
ST_2 : Operation 50 [1/1] (1.58ns)   --->   "%store_ln59 = store i2 0, i2 %i_1" [matrixcalc.cpp:59->matrixcalc.cpp:87]   --->   Operation 50 'store' 'store_ln59' <Predicate = (icmp_ln37)> <Delay = 1.58>
ST_2 : Operation 51 [1/1] (0.00ns)   --->   "%br_ln59 = br void %Col.i10" [matrixcalc.cpp:59->matrixcalc.cpp:87]   --->   Operation 51 'br' 'br_ln59' <Predicate = (icmp_ln37)> <Delay = 0.00>

State 3 <SV = 2> <Delay = 1.73>
ST_3 : Operation 52 [1/1] (0.00ns)   --->   "%j = phi i2 %add_ln39, void %for.inc24.i, i2 0, void %Col.i.split" [matrixcalc.cpp:39->matrixcalc.cpp:86]   --->   Operation 52 'phi' 'j' <Predicate = true> <Delay = 0.00>
ST_3 : Operation 53 [1/1] (0.00ns)   --->   "%zext_ln41 = zext i2 %j" [matrixcalc.cpp:41->matrixcalc.cpp:86]   --->   Operation 53 'zext' 'zext_ln41' <Predicate = true> <Delay = 0.00>
ST_3 : Operation 54 [1/1] (1.73ns)   --->   "%add_ln41 = add i4 %sub_ln43, i4 %zext_ln41" [matrixcalc.cpp:41->matrixcalc.cpp:86]   --->   Operation 54 'add' 'add_ln41' <Predicate = true> <Delay = 1.73> <CoreInst = "Adder">   --->   Core 1 'Adder' <Latency = 0> <II = 1> <Delay = 1.73> <FuncUnit> <Opcode : 'add' 'sub'> <InPorts = 2> <OutPorts = 1>

State 4 <SV = 3> <Delay = 3.15>
ST_4 : Operation 55 [1/1] (0.00ns)   --->   "%zext_ln41_1 = zext i4 %add_ln41" [matrixcalc.cpp:41->matrixcalc.cpp:86]   --->   Operation 55 'zext' 'zext_ln41_1' <Predicate = true> <Delay = 0.00>
ST_4 : Operation 56 [1/1] (0.00ns)   --->   "%res_addr = getelementptr i4 %aux, i64 0, i64 %zext_ln41_1" [matrixcalc.cpp:41->matrixcalc.cpp:86]   --->   Operation 56 'getelementptr' 'res_addr' <Predicate = true> <Delay = 0.00>
ST_4 : Operation 57 [1/1] (1.56ns)   --->   "%icmp_ln39 = icmp_eq  i2 %j, i2 3" [matrixcalc.cpp:39->matrixcalc.cpp:86]   --->   Operation 57 'icmp' 'icmp_ln39' <Predicate = true> <Delay = 1.56> <CoreInst = "Cmp">   --->   Core 9 'Cmp' <Latency = 0> <II = 1> <Delay = 1.56> <FuncUnit> <Opcode : 'icmp'> <InPorts = 2> <OutPorts = 1>
ST_4 : Operation 58 [1/1] (1.56ns)   --->   "%add_ln39 = add i2 %j, i2 1" [matrixcalc.cpp:39->matrixcalc.cpp:86]   --->   Operation 58 'add' 'add_ln39' <Predicate = true> <Delay = 1.56> <CoreInst = "Adder">   --->   Core 1 'Adder' <Latency = 0> <II = 1> <Delay = 1.73> <FuncUnit> <Opcode : 'add' 'sub'> <InPorts = 2> <OutPorts = 1>
ST_4 : Operation 59 [1/1] (0.00ns)   --->   "%br_ln39 = br i1 %icmp_ln39, void %Product.i.split, void %for.inc27.i" [matrixcalc.cpp:39->matrixcalc.cpp:86]   --->   Operation 59 'br' 'br_ln39' <Predicate = true> <Delay = 0.00>
ST_4 : Operation 60 [1/1] (0.00ns)   --->   "%speclooptripcount_ln39 = speclooptripcount void @_ssdm_op_SpecLoopTripCount, i64 3, i64 3, i64 3" [matrixcalc.cpp:39->matrixcalc.cpp:86]   --->   Operation 60 'speclooptripcount' 'speclooptripcount_ln39' <Predicate = (!icmp_ln39)> <Delay = 0.00>
ST_4 : Operation 61 [1/1] (0.00ns)   --->   "%specloopname_ln39 = specloopname void @_ssdm_op_SpecLoopName, void @empty_6" [matrixcalc.cpp:39->matrixcalc.cpp:86]   --->   Operation 61 'specloopname' 'specloopname_ln39' <Predicate = (!icmp_ln39)> <Delay = 0.00>
ST_4 : Operation 62 [1/1] (1.58ns)   --->   "%br_ln42 = br void %for.inc.i" [matrixcalc.cpp:42->matrixcalc.cpp:86]   --->   Operation 62 'br' 'br_ln42' <Predicate = (!icmp_ln39)> <Delay = 1.58>
ST_4 : Operation 63 [1/1] (1.58ns)   --->   "%store_ln37 = store i2 %add_ln37, i2 %i" [matrixcalc.cpp:37->matrixcalc.cpp:86]   --->   Operation 63 'store' 'store_ln37' <Predicate = (icmp_ln39)> <Delay = 1.58>
ST_4 : Operation 64 [1/1] (0.00ns)   --->   "%br_ln37 = br void %Col.i" [matrixcalc.cpp:37->matrixcalc.cpp:86]   --->   Operation 64 'br' 'br_ln37' <Predicate = (icmp_ln39)> <Delay = 0.00>

State 5 <SV = 4> <Delay = 1.73>
ST_5 : Operation 65 [1/1] (0.00ns)   --->   "%k = phi i2 %add_ln42, void %for.inc.i.split, i2 0, void %Product.i.split" [matrixcalc.cpp:42->matrixcalc.cpp:86]   --->   Operation 65 'phi' 'k' <Predicate = true> <Delay = 0.00>
ST_5 : Operation 66 [1/1] (0.00ns)   --->   "%zext_ln43_1 = zext i2 %k" [matrixcalc.cpp:43->matrixcalc.cpp:86]   --->   Operation 66 'zext' 'zext_ln43_1' <Predicate = true> <Delay = 0.00>
ST_5 : Operation 67 [1/1] (1.73ns)   --->   "%add_ln43_1 = add i4 %sub_ln43, i4 %zext_ln43_1" [matrixcalc.cpp:43->matrixcalc.cpp:86]   --->   Operation 67 'add' 'add_ln43_1' <Predicate = true> <Delay = 1.73> <CoreInst = "Adder">   --->   Core 1 'Adder' <Latency = 0> <II = 1> <Delay = 1.73> <FuncUnit> <Opcode : 'add' 'sub'> <InPorts = 2> <OutPorts = 1>

State 6 <SV = 5> <Delay = 3.47>
ST_6 : Operation 68 [1/1] (0.00ns)   --->   "%tmp_2 = bitconcatenate i4 @_ssdm_op_BitConcatenate.i4.i2.i2, i2 %k, i2 0" [matrixcalc.cpp:43->matrixcalc.cpp:86]   --->   Operation 68 'bitconcatenate' 'tmp_2' <Predicate = true> <Delay = 0.00>
ST_6 : Operation 69 [1/1] (1.73ns)   --->   "%sub_ln43_1 = sub i4 %tmp_2, i4 %zext_ln43_1" [matrixcalc.cpp:43->matrixcalc.cpp:86]   --->   Operation 69 'sub' 'sub_ln43_1' <Predicate = true> <Delay = 1.73> <CoreInst = "Adder">   --->   Core 1 'Adder' <Latency = 0> <II = 1> <Delay = 1.73> <FuncUnit> <Opcode : 'add' 'sub'> <InPorts = 2> <OutPorts = 1>
ST_6 : Operation 70 [1/1] (1.73ns)   --->   "%add_ln43_2 = add i4 %sub_ln43_1, i4 %zext_ln41" [matrixcalc.cpp:43->matrixcalc.cpp:86]   --->   Operation 70 'add' 'add_ln43_2' <Predicate = true> <Delay = 1.73> <CoreInst = "Adder">   --->   Core 1 'Adder' <Latency = 0> <II = 1> <Delay = 1.73> <FuncUnit> <Opcode : 'add' 'sub'> <InPorts = 2> <OutPorts = 1>

State 7 <SV = 6> <Delay = 3.88>
ST_7 : Operation 71 [1/1] (0.00ns)   --->   "%conv4_i25_i = phi i4 %add_ln43, void %for.inc.i.split, i4 0, void %Product.i.split" [matrixcalc.cpp:43->matrixcalc.cpp:86]   --->   Operation 71 'phi' 'conv4_i25_i' <Predicate = true> <Delay = 0.00>
ST_7 : Operation 72 [1/1] (0.00ns)   --->   "%zext_ln43_2 = zext i4 %add_ln43_1" [matrixcalc.cpp:43->matrixcalc.cpp:86]   --->   Operation 72 'zext' 'zext_ln43_2' <Predicate = true> <Delay = 0.00>
ST_7 : Operation 73 [1/1] (0.00ns)   --->   "%a_addr = getelementptr i4 %a, i64 0, i64 %zext_ln43_2" [matrixcalc.cpp:43->matrixcalc.cpp:86]   --->   Operation 73 'getelementptr' 'a_addr' <Predicate = true> <Delay = 0.00>
ST_7 : Operation 74 [1/1] (0.00ns)   --->   "%zext_ln43_3 = zext i4 %add_ln43_2" [matrixcalc.cpp:43->matrixcalc.cpp:86]   --->   Operation 74 'zext' 'zext_ln43_3' <Predicate = true> <Delay = 0.00>
ST_7 : Operation 75 [1/1] (0.00ns)   --->   "%b_addr = getelementptr i4 %b, i64 0, i64 %zext_ln43_3" [matrixcalc.cpp:43->matrixcalc.cpp:86]   --->   Operation 75 'getelementptr' 'b_addr' <Predicate = true> <Delay = 0.00>
ST_7 : Operation 76 [1/1] (1.56ns)   --->   "%icmp_ln42 = icmp_eq  i2 %k, i2 3" [matrixcalc.cpp:42->matrixcalc.cpp:86]   --->   Operation 76 'icmp' 'icmp_ln42' <Predicate = true> <Delay = 1.56> <CoreInst = "Cmp">   --->   Core 9 'Cmp' <Latency = 0> <II = 1> <Delay = 1.56> <FuncUnit> <Opcode : 'icmp'> <InPorts = 2> <OutPorts = 1>
ST_7 : Operation 77 [1/1] (1.56ns)   --->   "%add_ln42 = add i2 %k, i2 1" [matrixcalc.cpp:42->matrixcalc.cpp:86]   --->   Operation 77 'add' 'add_ln42' <Predicate = true> <Delay = 1.56> <CoreInst = "Adder">   --->   Core 1 'Adder' <Latency = 0> <II = 1> <Delay = 1.73> <FuncUnit> <Opcode : 'add' 'sub'> <InPorts = 2> <OutPorts = 1>
ST_7 : Operation 78 [1/1] (0.00ns)   --->   "%br_ln42 = br i1 %icmp_ln42, void %for.inc.i.split, void %for.inc24.i" [matrixcalc.cpp:42->matrixcalc.cpp:86]   --->   Operation 78 'br' 'br_ln42' <Predicate = true> <Delay = 0.00>
ST_7 : Operation 79 [2/2] (2.32ns)   --->   "%a_load = load i4 %a_addr" [matrixcalc.cpp:43->matrixcalc.cpp:86]   --->   Operation 79 'load' 'a_load' <Predicate = (!icmp_ln42)> <Delay = 2.32> <CoreInst = "RAM">   --->   Core 82 'RAM' <Latency = 1> <II = 1> <Delay = 2.32> <Storage> <Opcode : 'load' 'store'> <Ports = 2> <Width = 4> <Depth = 9> <RAM>
ST_7 : Operation 80 [2/2] (2.32ns)   --->   "%b_load = load i4 %b_addr" [matrixcalc.cpp:43->matrixcalc.cpp:86]   --->   Operation 80 'load' 'b_load' <Predicate = (!icmp_ln42)> <Delay = 2.32> <CoreInst = "RAM">   --->   Core 82 'RAM' <Latency = 1> <II = 1> <Delay = 2.32> <Storage> <Opcode : 'load' 'store'> <Ports = 2> <Width = 4> <Depth = 9> <RAM>
ST_7 : Operation 81 [1/1] (2.32ns)   --->   "%store_ln43 = store i4 %conv4_i25_i, i4 %res_addr" [matrixcalc.cpp:43->matrixcalc.cpp:86]   --->   Operation 81 'store' 'store_ln43' <Predicate = (icmp_ln42)> <Delay = 2.32> <CoreInst = "RAM">   --->   Core 82 'RAM' <Latency = 1> <II = 1> <Delay = 2.32> <Storage> <Opcode : 'load' 'store'> <Ports = 2> <Width = 4> <Depth = 9> <RAM>
ST_7 : Operation 82 [1/1] (0.00ns)   --->   "%br_ln39 = br void %Product.i" [matrixcalc.cpp:39->matrixcalc.cpp:86]   --->   Operation 82 'br' 'br_ln39' <Predicate = (icmp_ln42)> <Delay = 0.00>

State 8 <SV = 7> <Delay = 4.66>
ST_8 : Operation 83 [1/2] (2.32ns)   --->   "%a_load = load i4 %a_addr" [matrixcalc.cpp:43->matrixcalc.cpp:86]   --->   Operation 83 'load' 'a_load' <Predicate = true> <Delay = 2.32> <CoreInst = "RAM">   --->   Core 82 'RAM' <Latency = 1> <II = 1> <Delay = 2.32> <Storage> <Opcode : 'load' 'store'> <Ports = 2> <Width = 4> <Depth = 9> <RAM>
ST_8 : Operation 84 [1/2] (2.32ns)   --->   "%b_load = load i4 %b_addr" [matrixcalc.cpp:43->matrixcalc.cpp:86]   --->   Operation 84 'load' 'b_load' <Predicate = true> <Delay = 2.32> <CoreInst = "RAM">   --->   Core 82 'RAM' <Latency = 1> <II = 1> <Delay = 2.32> <Storage> <Opcode : 'load' 'store'> <Ports = 2> <Width = 4> <Depth = 9> <RAM>
ST_8 : Operation 85 [1/1] (2.34ns)   --->   "%mul_ln43 = mul i4 %b_load, i4 %a_load" [matrixcalc.cpp:43->matrixcalc.cpp:86]   --->   Operation 85 'mul' 'mul_ln43' <Predicate = true> <Delay = 2.34> <CoreInst = "Multiplier">   --->   Core 3 'Multiplier' <Latency = 0> <II = 1> <Delay = 2.34> <FuncUnit> <Opcode : 'mul'> <InPorts = 2> <OutPorts = 1>

State 9 <SV = 8> <Delay = 1.73>
ST_9 : Operation 86 [1/1] (0.00ns)   --->   "%speclooptripcount_ln42 = speclooptripcount void @_ssdm_op_SpecLoopTripCount, i64 3, i64 3, i64 3" [matrixcalc.cpp:42->matrixcalc.cpp:86]   --->   Operation 86 'speclooptripcount' 'speclooptripcount_ln42' <Predicate = true> <Delay = 0.00>
ST_9 : Operation 87 [1/1] (0.00ns)   --->   "%specloopname_ln42 = specloopname void @_ssdm_op_SpecLoopName, void @empty_8" [matrixcalc.cpp:42->matrixcalc.cpp:86]   --->   Operation 87 'specloopname' 'specloopname_ln42' <Predicate = true> <Delay = 0.00>
ST_9 : Operation 88 [1/1] (1.73ns)   --->   "%add_ln43 = add i4 %mul_ln43, i4 %conv4_i25_i" [matrixcalc.cpp:43->matrixcalc.cpp:86]   --->   Operation 88 'add' 'add_ln43' <Predicate = true> <Delay = 1.73> <CoreInst = "Adder">   --->   Core 1 'Adder' <Latency = 0> <II = 1> <Delay = 1.73> <FuncUnit> <Opcode : 'add' 'sub'> <InPorts = 2> <OutPorts = 1>
ST_9 : Operation 89 [1/1] (0.00ns)   --->   "%br_ln42 = br void %for.inc.i" [matrixcalc.cpp:42->matrixcalc.cpp:86]   --->   Operation 89 'br' 'br_ln42' <Predicate = true> <Delay = 0.00>

State 10 <SV = 2> <Delay = 3.15>
ST_10 : Operation 90 [1/1] (0.00ns)   --->   "%i_4 = load i2 %i_1" [matrixcalc.cpp:56->matrixcalc.cpp:87]   --->   Operation 90 'load' 'i_4' <Predicate = true> <Delay = 0.00>
ST_10 : Operation 91 [1/1] (0.00ns)   --->   "%zext_ln59 = zext i2 %i_4" [matrixcalc.cpp:59->matrixcalc.cpp:87]   --->   Operation 91 'zext' 'zext_ln59' <Predicate = true> <Delay = 0.00>
ST_10 : Operation 92 [1/1] (0.00ns)   --->   "%tmp_1 = bitconcatenate i4 @_ssdm_op_BitConcatenate.i4.i2.i2, i2 %i_4, i2 0" [matrixcalc.cpp:59->matrixcalc.cpp:87]   --->   Operation 92 'bitconcatenate' 'tmp_1' <Predicate = true> <Delay = 0.00>
ST_10 : Operation 93 [1/1] (1.73ns)   --->   "%sub_ln59 = sub i4 %tmp_1, i4 %zext_ln59" [matrixcalc.cpp:59->matrixcalc.cpp:87]   --->   Operation 93 'sub' 'sub_ln59' <Predicate = true> <Delay = 1.73> <CoreInst = "Adder">   --->   Core 1 'Adder' <Latency = 0> <II = 1> <Delay = 1.73> <FuncUnit> <Opcode : 'add' 'sub'> <InPorts = 2> <OutPorts = 1>
ST_10 : Operation 94 [1/1] (1.56ns)   --->   "%icmp_ln56 = icmp_eq  i2 %i_4, i2 3" [matrixcalc.cpp:56->matrixcalc.cpp:87]   --->   Operation 94 'icmp' 'icmp_ln56' <Predicate = true> <Delay = 1.56> <CoreInst = "Cmp">   --->   Core 9 'Cmp' <Latency = 0> <II = 1> <Delay = 1.56> <FuncUnit> <Opcode : 'icmp'> <InPorts = 2> <OutPorts = 1>
ST_10 : Operation 95 [1/1] (1.56ns)   --->   "%add_ln56 = add i2 %i_4, i2 1" [matrixcalc.cpp:56->matrixcalc.cpp:87]   --->   Operation 95 'add' 'add_ln56' <Predicate = true> <Delay = 1.56> <CoreInst = "Adder">   --->   Core 1 'Adder' <Latency = 0> <II = 1> <Delay = 1.73> <FuncUnit> <Opcode : 'add' 'sub'> <InPorts = 2> <OutPorts = 1>
ST_10 : Operation 96 [1/1] (0.00ns)   --->   "%br_ln56 = br i1 %icmp_ln56, void %Col.i10.split, void %Calc.i.preheader" [matrixcalc.cpp:56->matrixcalc.cpp:87]   --->   Operation 96 'br' 'br_ln56' <Predicate = true> <Delay = 0.00>
ST_10 : Operation 97 [1/1] (0.00ns)   --->   "%speclooptripcount_ln56 = speclooptripcount void @_ssdm_op_SpecLoopTripCount, i64 3, i64 3, i64 3" [matrixcalc.cpp:56->matrixcalc.cpp:87]   --->   Operation 97 'speclooptripcount' 'speclooptripcount_ln56' <Predicate = (!icmp_ln56)> <Delay = 0.00>
ST_10 : Operation 98 [1/1] (0.00ns)   --->   "%specloopname_ln56 = specloopname void @_ssdm_op_SpecLoopName, void @empty_7" [matrixcalc.cpp:56->matrixcalc.cpp:87]   --->   Operation 98 'specloopname' 'specloopname_ln56' <Predicate = (!icmp_ln56)> <Delay = 0.00>
ST_10 : Operation 99 [1/1] (1.58ns)   --->   "%br_ln58 = br void %for.inc.i19" [matrixcalc.cpp:58->matrixcalc.cpp:87]   --->   Operation 99 'br' 'br_ln58' <Predicate = (!icmp_ln56)> <Delay = 1.58>
ST_10 : Operation 100 [1/1] (0.00ns)   --->   "%sumpos = alloca i32 1"   --->   Operation 100 'alloca' 'sumpos' <Predicate = (icmp_ln56)> <Delay = 0.00>
ST_10 : Operation 101 [1/1] (0.00ns)   --->   "%sumneg = alloca i32 1"   --->   Operation 101 'alloca' 'sumneg' <Predicate = (icmp_ln56)> <Delay = 0.00>
ST_10 : Operation 102 [1/1] (0.00ns)   --->   "%i_2 = alloca i32 1"   --->   Operation 102 'alloca' 'i_2' <Predicate = (icmp_ln56)> <Delay = 0.00>
ST_10 : Operation 103 [1/1] (1.58ns)   --->   "%store_ln11 = store i2 0, i2 %i_2" [matrixcalc.cpp:11->matrixcalc.cpp:88]   --->   Operation 103 'store' 'store_ln11' <Predicate = (icmp_ln56)> <Delay = 1.58>
ST_10 : Operation 104 [1/1] (1.58ns)   --->   "%store_ln11 = store i4 0, i4 %sumneg" [matrixcalc.cpp:11->matrixcalc.cpp:88]   --->   Operation 104 'store' 'store_ln11' <Predicate = (icmp_ln56)> <Delay = 1.58>
ST_10 : Operation 105 [1/1] (1.58ns)   --->   "%store_ln11 = store i4 0, i4 %sumpos" [matrixcalc.cpp:11->matrixcalc.cpp:88]   --->   Operation 105 'store' 'store_ln11' <Predicate = (icmp_ln56)> <Delay = 1.58>
ST_10 : Operation 106 [1/1] (0.00ns)   --->   "%br_ln11 = br void %Calc.i" [matrixcalc.cpp:11->matrixcalc.cpp:88]   --->   Operation 106 'br' 'br_ln11' <Predicate = (icmp_ln56)> <Delay = 0.00>

State 11 <SV = 3> <Delay = 1.73>
ST_11 : Operation 107 [1/1] (0.00ns)   --->   "%j_1 = phi i2 %add_ln58, void %for.inc.i19.split, i2 0, void %Col.i10.split" [matrixcalc.cpp:58->matrixcalc.cpp:87]   --->   Operation 107 'phi' 'j_1' <Predicate = true> <Delay = 0.00>
ST_11 : Operation 108 [1/1] (0.00ns)   --->   "%zext_ln59_1 = zext i2 %j_1" [matrixcalc.cpp:59->matrixcalc.cpp:87]   --->   Operation 108 'zext' 'zext_ln59_1' <Predicate = true> <Delay = 0.00>
ST_11 : Operation 109 [1/1] (1.73ns)   --->   "%add_ln59_1 = add i4 %sub_ln59, i4 %zext_ln59_1" [matrixcalc.cpp:59->matrixcalc.cpp:87]   --->   Operation 109 'add' 'add_ln59_1' <Predicate = true> <Delay = 1.73> <CoreInst = "Adder">   --->   Core 1 'Adder' <Latency = 0> <II = 1> <Delay = 1.73> <FuncUnit> <Opcode : 'add' 'sub'> <InPorts = 2> <OutPorts = 1>

State 12 <SV = 4> <Delay = 3.15>
ST_12 : Operation 110 [1/1] (0.00ns)   --->   "%zext_ln59_2 = zext i4 %add_ln59_1" [matrixcalc.cpp:59->matrixcalc.cpp:87]   --->   Operation 110 'zext' 'zext_ln59_2' <Predicate = true> <Delay = 0.00>
ST_12 : Operation 111 [1/1] (0.00ns)   --->   "%c_addr = getelementptr i4 %c, i64 0, i64 %zext_ln59_2" [matrixcalc.cpp:59->matrixcalc.cpp:87]   --->   Operation 111 'getelementptr' 'c_addr' <Predicate = true> <Delay = 0.00>
ST_12 : Operation 112 [1/1] (0.00ns)   --->   "%res_addr_1 = getelementptr i4 %aux, i64 0, i64 %zext_ln59_2" [matrixcalc.cpp:59->matrixcalc.cpp:87]   --->   Operation 112 'getelementptr' 'res_addr_1' <Predicate = true> <Delay = 0.00>
ST_12 : Operation 113 [1/1] (0.00ns)   --->   "%aux2_addr = getelementptr i4 %aux2, i64 0, i64 %zext_ln59_2" [matrixcalc.cpp:59->matrixcalc.cpp:87]   --->   Operation 113 'getelementptr' 'aux2_addr' <Predicate = true> <Delay = 0.00>
ST_12 : Operation 114 [1/1] (1.56ns)   --->   "%icmp_ln58 = icmp_eq  i2 %j_1, i2 3" [matrixcalc.cpp:58->matrixcalc.cpp:87]   --->   Operation 114 'icmp' 'icmp_ln58' <Predicate = true> <Delay = 1.56> <CoreInst = "Cmp">   --->   Core 9 'Cmp' <Latency = 0> <II = 1> <Delay = 1.56> <FuncUnit> <Opcode : 'icmp'> <InPorts = 2> <OutPorts = 1>
ST_12 : Operation 115 [1/1] (1.56ns)   --->   "%add_ln58 = add i2 %j_1, i2 1" [matrixcalc.cpp:58->matrixcalc.cpp:87]   --->   Operation 115 'add' 'add_ln58' <Predicate = true> <Delay = 1.56> <CoreInst = "Adder">   --->   Core 1 'Adder' <Latency = 0> <II = 1> <Delay = 1.73> <FuncUnit> <Opcode : 'add' 'sub'> <InPorts = 2> <OutPorts = 1>
ST_12 : Operation 116 [1/1] (0.00ns)   --->   "%br_ln58 = br i1 %icmp_ln58, void %for.inc.i19.split, void %for.inc16.i" [matrixcalc.cpp:58->matrixcalc.cpp:87]   --->   Operation 116 'br' 'br_ln58' <Predicate = true> <Delay = 0.00>
ST_12 : Operation 117 [2/2] (2.32ns)   --->   "%res_load = load i4 %res_addr_1" [matrixcalc.cpp:59->matrixcalc.cpp:87]   --->   Operation 117 'load' 'res_load' <Predicate = (!icmp_ln58)> <Delay = 2.32> <CoreInst = "RAM">   --->   Core 82 'RAM' <Latency = 1> <II = 1> <Delay = 2.32> <Storage> <Opcode : 'load' 'store'> <Ports = 2> <Width = 4> <Depth = 9> <RAM>
ST_12 : Operation 118 [2/2] (2.32ns)   --->   "%c_load = load i4 %c_addr" [matrixcalc.cpp:59->matrixcalc.cpp:87]   --->   Operation 118 'load' 'c_load' <Predicate = (!icmp_ln58)> <Delay = 2.32> <CoreInst = "RAM">   --->   Core 82 'RAM' <Latency = 1> <II = 1> <Delay = 2.32> <Storage> <Opcode : 'load' 'store'> <Ports = 2> <Width = 4> <Depth = 9> <RAM>
ST_12 : Operation 119 [1/1] (1.58ns)   --->   "%store_ln56 = store i2 %add_ln56, i2 %i_1" [matrixcalc.cpp:56->matrixcalc.cpp:87]   --->   Operation 119 'store' 'store_ln56' <Predicate = (icmp_ln58)> <Delay = 1.58>
ST_12 : Operation 120 [1/1] (0.00ns)   --->   "%br_ln56 = br void %Col.i10" [matrixcalc.cpp:56->matrixcalc.cpp:87]   --->   Operation 120 'br' 'br_ln56' <Predicate = (icmp_ln58)> <Delay = 0.00>

State 13 <SV = 5> <Delay = 4.05>
ST_13 : Operation 121 [1/2] (2.32ns)   --->   "%res_load = load i4 %res_addr_1" [matrixcalc.cpp:59->matrixcalc.cpp:87]   --->   Operation 121 'load' 'res_load' <Predicate = true> <Delay = 2.32> <CoreInst = "RAM">   --->   Core 82 'RAM' <Latency = 1> <II = 1> <Delay = 2.32> <Storage> <Opcode : 'load' 'store'> <Ports = 2> <Width = 4> <Depth = 9> <RAM>
ST_13 : Operation 122 [1/2] (2.32ns)   --->   "%c_load = load i4 %c_addr" [matrixcalc.cpp:59->matrixcalc.cpp:87]   --->   Operation 122 'load' 'c_load' <Predicate = true> <Delay = 2.32> <CoreInst = "RAM">   --->   Core 82 'RAM' <Latency = 1> <II = 1> <Delay = 2.32> <Storage> <Opcode : 'load' 'store'> <Ports = 2> <Width = 4> <Depth = 9> <RAM>
ST_13 : Operation 123 [1/1] (1.73ns)   --->   "%add_ln59 = add i4 %c_load, i4 %res_load" [matrixcalc.cpp:59->matrixcalc.cpp:87]   --->   Operation 123 'add' 'add_ln59' <Predicate = true> <Delay = 1.73> <CoreInst = "Adder">   --->   Core 1 'Adder' <Latency = 0> <II = 1> <Delay = 1.73> <FuncUnit> <Opcode : 'add' 'sub'> <InPorts = 2> <OutPorts = 1>

State 14 <SV = 6> <Delay = 2.32>
ST_14 : Operation 124 [1/1] (0.00ns)   --->   "%speclooptripcount_ln58 = speclooptripcount void @_ssdm_op_SpecLoopTripCount, i64 3, i64 3, i64 3" [matrixcalc.cpp:58->matrixcalc.cpp:87]   --->   Operation 124 'speclooptripcount' 'speclooptripcount_ln58' <Predicate = true> <Delay = 0.00>
ST_14 : Operation 125 [1/1] (0.00ns)   --->   "%specloopname_ln58 = specloopname void @_ssdm_op_SpecLoopName, void @empty_6" [matrixcalc.cpp:58->matrixcalc.cpp:87]   --->   Operation 125 'specloopname' 'specloopname_ln58' <Predicate = true> <Delay = 0.00>
ST_14 : Operation 126 [1/1] (2.32ns)   --->   "%store_ln59 = store i4 %add_ln59, i4 %aux2_addr" [matrixcalc.cpp:59->matrixcalc.cpp:87]   --->   Operation 126 'store' 'store_ln59' <Predicate = true> <Delay = 2.32> <CoreInst = "RAM">   --->   Core 82 'RAM' <Latency = 1> <II = 1> <Delay = 2.32> <Storage> <Opcode : 'load' 'store'> <Ports = 2> <Width = 4> <Depth = 9> <RAM>
ST_14 : Operation 127 [1/1] (0.00ns)   --->   "%br_ln58 = br void %for.inc.i19" [matrixcalc.cpp:58->matrixcalc.cpp:87]   --->   Operation 127 'br' 'br_ln58' <Predicate = true> <Delay = 0.00>

State 15 <SV = 3> <Delay = 1.73>
ST_15 : Operation 128 [1/1] (0.00ns)   --->   "%i_5 = load i2 %i_2" [matrixcalc.cpp:11->matrixcalc.cpp:88]   --->   Operation 128 'load' 'i_5' <Predicate = true> <Delay = 0.00>
ST_15 : Operation 129 [1/1] (0.00ns)   --->   "%zext_ln11 = zext i2 %i_5" [matrixcalc.cpp:11->matrixcalc.cpp:88]   --->   Operation 129 'zext' 'zext_ln11' <Predicate = true> <Delay = 0.00>
ST_15 : Operation 130 [1/1] (1.56ns)   --->   "%icmp_ln11 = icmp_eq  i2 %i_5, i2 3" [matrixcalc.cpp:11->matrixcalc.cpp:88]   --->   Operation 130 'icmp' 'icmp_ln11' <Predicate = true> <Delay = 1.56> <CoreInst = "Cmp">   --->   Core 9 'Cmp' <Latency = 0> <II = 1> <Delay = 1.56> <FuncUnit> <Opcode : 'icmp'> <InPorts = 2> <OutPorts = 1>
ST_15 : Operation 131 [1/1] (1.56ns)   --->   "%add_ln11 = add i2 %i_5, i2 1" [matrixcalc.cpp:11->matrixcalc.cpp:88]   --->   Operation 131 'add' 'add_ln11' <Predicate = true> <Delay = 1.56> <CoreInst = "Adder">   --->   Core 1 'Adder' <Latency = 0> <II = 1> <Delay = 1.73> <FuncUnit> <Opcode : 'add' 'sub'> <InPorts = 2> <OutPorts = 1>
ST_15 : Operation 132 [1/1] (0.00ns)   --->   "%br_ln11 = br i1 %icmp_ln11, void %Calc.i.split, void %_Z3detPA3_6ap_intILi4EE.exit" [matrixcalc.cpp:11->matrixcalc.cpp:88]   --->   Operation 132 'br' 'br_ln11' <Predicate = true> <Delay = 0.00>
ST_15 : Operation 133 [1/1] (0.00ns)   --->   "%speclooptripcount_ln7 = speclooptripcount void @_ssdm_op_SpecLoopTripCount, i64 3, i64 3, i64 3" [matrixcalc.cpp:7->matrixcalc.cpp:88]   --->   Operation 133 'speclooptripcount' 'speclooptripcount_ln7' <Predicate = (!icmp_ln11)> <Delay = 0.00>
ST_15 : Operation 134 [1/1] (0.00ns)   --->   "%specloopname_ln11 = specloopname void @_ssdm_op_SpecLoopName, void @empty_5" [matrixcalc.cpp:11->matrixcalc.cpp:88]   --->   Operation 134 'specloopname' 'specloopname_ln11' <Predicate = (!icmp_ln11)> <Delay = 0.00>
ST_15 : Operation 135 [1/1] (0.00ns)   --->   "%zext_ln15 = zext i2 %i_5" [matrixcalc.cpp:15->matrixcalc.cpp:88]   --->   Operation 135 'zext' 'zext_ln15' <Predicate = (!icmp_ln11)> <Delay = 0.00>
ST_15 : Operation 136 [1/1] (1.58ns)   --->   "%br_ln15 = br void %for.body7.i" [matrixcalc.cpp:15->matrixcalc.cpp:88]   --->   Operation 136 'br' 'br_ln15' <Predicate = (!icmp_ln11)> <Delay = 1.58>
ST_15 : Operation 137 [1/1] (0.00ns)   --->   "%sumpos_load_1 = load i4 %sumpos" [matrixcalc.cpp:26->matrixcalc.cpp:88]   --->   Operation 137 'load' 'sumpos_load_1' <Predicate = (icmp_ln11)> <Delay = 0.00>
ST_15 : Operation 138 [1/1] (0.00ns)   --->   "%sumneg_load_1 = load i4 %sumneg" [matrixcalc.cpp:26->matrixcalc.cpp:88]   --->   Operation 138 'load' 'sumneg_load_1' <Predicate = (icmp_ln11)> <Delay = 0.00>
ST_15 : Operation 139 [1/1] (1.73ns)   --->   "%sum = sub i4 %sumpos_load_1, i4 %sumneg_load_1" [matrixcalc.cpp:26->matrixcalc.cpp:88]   --->   Operation 139 'sub' 'sum' <Predicate = (icmp_ln11)> <Delay = 1.73> <CoreInst = "Adder">   --->   Core 1 'Adder' <Latency = 0> <II = 1> <Delay = 1.73> <FuncUnit> <Opcode : 'add' 'sub'> <InPorts = 2> <OutPorts = 1>
ST_15 : Operation 140 [1/1] (0.00ns)   --->   "%sext_ln89 = sext i4 %sum" [matrixcalc.cpp:89]   --->   Operation 140 'sext' 'sext_ln89' <Predicate = (icmp_ln11)> <Delay = 0.00>
ST_15 : Operation 141 [1/1] (0.00ns)   --->   "%ret_ln89 = ret i32 %sext_ln89" [matrixcalc.cpp:89]   --->   Operation 141 'ret' 'ret_ln89' <Predicate = (icmp_ln11)> <Delay = 0.00>

State 16 <SV = 4> <Delay = 1.56>
ST_16 : Operation 142 [1/1] (0.00ns)   --->   "%j_2 = phi i2 %j_3, void %for.body7.i.split, i2 0, void %Calc.i.split"   --->   Operation 142 'phi' 'j_2' <Predicate = true> <Delay = 0.00>
ST_16 : Operation 143 [1/1] (1.56ns)   --->   "%j_3 = add i2 %j_2, i2 1" [matrixcalc.cpp:15->matrixcalc.cpp:88]   --->   Operation 143 'add' 'j_3' <Predicate = true> <Delay = 1.56> <CoreInst = "Adder">   --->   Core 1 'Adder' <Latency = 0> <II = 1> <Delay = 1.73> <FuncUnit> <Opcode : 'add' 'sub'> <InPorts = 2> <OutPorts = 1>

State 17 <SV = 5> <Delay = 3.32>
ST_17 : Operation 144 [1/1] (0.00ns)   --->   "%product2 = phi i4 %product2_1, void %for.body7.i.split, i4 1, void %Calc.i.split"   --->   Operation 144 'phi' 'product2' <Predicate = true> <Delay = 0.00>
ST_17 : Operation 145 [1/1] (0.00ns)   --->   "%product1 = phi i4 %product1_1, void %for.body7.i.split, i4 1, void %Calc.i.split"   --->   Operation 145 'phi' 'product1' <Predicate = true> <Delay = 0.00>
ST_17 : Operation 146 [1/1] (0.00ns)   --->   "%zext_ln20 = zext i2 %j_2" [matrixcalc.cpp:20->matrixcalc.cpp:88]   --->   Operation 146 'zext' 'zext_ln20' <Predicate = true> <Delay = 0.00>
ST_17 : Operation 147 [1/1] (0.00ns)   --->   "%tmp_3 = bitconcatenate i4 @_ssdm_op_BitConcatenate.i4.i2.i2, i2 %j_2, i2 0" [matrixcalc.cpp:20->matrixcalc.cpp:88]   --->   Operation 147 'bitconcatenate' 'tmp_3' <Predicate = true> <Delay = 0.00>
ST_17 : Operation 148 [1/1] (1.73ns)   --->   "%sub_ln20 = sub i4 %tmp_3, i4 %zext_ln20" [matrixcalc.cpp:20->matrixcalc.cpp:88]   --->   Operation 148 'sub' 'sub_ln20' <Predicate = true> <Delay = 1.73> <CoreInst = "Adder">   --->   Core 1 'Adder' <Latency = 0> <II = 1> <Delay = 1.73> <FuncUnit> <Opcode : 'add' 'sub'> <InPorts = 2> <OutPorts = 1>
ST_17 : Operation 149 [1/1] (0.00ns)   --->   "%zext_ln15_1 = zext i2 %j_2" [matrixcalc.cpp:15->matrixcalc.cpp:88]   --->   Operation 149 'zext' 'zext_ln15_1' <Predicate = true> <Delay = 0.00>
ST_17 : Operation 150 [1/1] (1.56ns)   --->   "%icmp_ln15 = icmp_eq  i2 %j_2, i2 3" [matrixcalc.cpp:15->matrixcalc.cpp:88]   --->   Operation 150 'icmp' 'icmp_ln15' <Predicate = true> <Delay = 1.56> <CoreInst = "Cmp">   --->   Core 9 'Cmp' <Latency = 0> <II = 1> <Delay = 1.56> <FuncUnit> <Opcode : 'icmp'> <InPorts = 2> <OutPorts = 1>
ST_17 : Operation 151 [1/1] (0.00ns)   --->   "%br_ln15 = br i1 %icmp_ln15, void %for.body7.i.split, void %for.inc25.i" [matrixcalc.cpp:15->matrixcalc.cpp:88]   --->   Operation 151 'br' 'br_ln15' <Predicate = true> <Delay = 0.00>
ST_17 : Operation 152 [1/1] (1.56ns)   --->   "%add_ln17 = add i3 %zext_ln15_1, i3 %zext_ln11" [matrixcalc.cpp:17->matrixcalc.cpp:88]   --->   Operation 152 'add' 'add_ln17' <Predicate = (!icmp_ln15)> <Delay = 1.56> <CoreInst = "Adder">   --->   Core 1 'Adder' <Latency = 0> <II = 1> <Delay = 1.73> <FuncUnit> <Opcode : 'add' 'sub'> <InPorts = 2> <OutPorts = 1>
ST_17 : Operation 153 [1/1] (1.65ns)   --->   "%icmp_ln18 = icmp_ugt  i3 %add_ln17, i3 2" [matrixcalc.cpp:18->matrixcalc.cpp:88]   --->   Operation 153 'icmp' 'icmp_ln18' <Predicate = (!icmp_ln15)> <Delay = 1.65> <CoreInst = "Cmp">   --->   Core 9 'Cmp' <Latency = 0> <II = 1> <Delay = 1.65> <FuncUnit> <Opcode : 'icmp'> <InPorts = 2> <OutPorts = 1>
ST_17 : Operation 154 [1/1] (0.00ns)   --->   "%sumpos_load = load i4 %sumpos" [matrixcalc.cpp:23->matrixcalc.cpp:88]   --->   Operation 154 'load' 'sumpos_load' <Predicate = (icmp_ln15)> <Delay = 0.00>
ST_17 : Operation 155 [1/1] (1.73ns)   --->   "%sumpos_1 = add i4 %product1, i4 %sumpos_load" [matrixcalc.cpp:23->matrixcalc.cpp:88]   --->   Operation 155 'add' 'sumpos_1' <Predicate = (icmp_ln15)> <Delay = 1.73> <CoreInst = "Adder">   --->   Core 1 'Adder' <Latency = 0> <II = 1> <Delay = 1.73> <FuncUnit> <Opcode : 'add' 'sub'> <InPorts = 2> <OutPorts = 1>
ST_17 : Operation 156 [1/1] (1.58ns)   --->   "%store_ln11 = store i2 %add_ln11, i2 %i_2" [matrixcalc.cpp:11->matrixcalc.cpp:88]   --->   Operation 156 'store' 'store_ln11' <Predicate = (icmp_ln15)> <Delay = 1.58>
ST_17 : Operation 157 [1/1] (1.58ns)   --->   "%store_ln11 = store i4 %sumpos_1, i4 %sumpos" [matrixcalc.cpp:11->matrixcalc.cpp:88]   --->   Operation 157 'store' 'store_ln11' <Predicate = (icmp_ln15)> <Delay = 1.58>

State 18 <SV = 6> <Delay = 1.65>
ST_18 : Operation 158 [1/1] (1.65ns)   --->   "%add_ln19 = add i3 %zext_ln15_1, i3 5" [matrixcalc.cpp:19->matrixcalc.cpp:88]   --->   Operation 158 'add' 'add_ln19' <Predicate = (icmp_ln18)> <Delay = 1.65> <CoreInst = "Adder">   --->   Core 1 'Adder' <Latency = 0> <II = 1> <Delay = 1.73> <FuncUnit> <Opcode : 'add' 'sub'> <InPorts = 2> <OutPorts = 1>

State 19 <SV = 7> <Delay = 1.65>
ST_19 : Operation 159 [1/1] (0.00ns) (grouped into LUT with out node col)   --->   "%select_ln18 = select i1 %icmp_ln18, i3 %add_ln19, i3 %zext_ln15_1" [matrixcalc.cpp:18->matrixcalc.cpp:88]   --->   Operation 159 'select' 'select_ln18' <Predicate = true> <Delay = 0.00> <CoreInst = "Sel">   --->   Core 73 'Sel' <Latency = 0> <II = 1> <Delay = 0.98> <FuncUnit> <Opcode : 'select'> <InPorts = 3> <OutPorts = 1>
ST_19 : Operation 160 [1/1] (0.00ns) (grouped into LUT with out node col)   --->   "%sext_ln18 = sext i3 %select_ln18" [matrixcalc.cpp:18->matrixcalc.cpp:88]   --->   Operation 160 'sext' 'sext_ln18' <Predicate = true> <Delay = 0.00>
ST_19 : Operation 161 [1/1] (1.65ns) (out node of the LUT)   --->   "%col = add i4 %sext_ln18, i4 %zext_ln15" [matrixcalc.cpp:18->matrixcalc.cpp:88]   --->   Operation 161 'add' 'col' <Predicate = true> <Delay = 1.65> <CoreInst = "Adder">   --->   Core 1 'Adder' <Latency = 0> <II = 1> <Delay = 1.73> <FuncUnit> <Opcode : 'add' 'sub'> <InPorts = 2> <OutPorts = 1>

State 20 <SV = 8> <Delay = 4.05>
ST_20 : Operation 162 [1/1] (1.73ns)   --->   "%add_ln20 = add i4 %sub_ln20, i4 %col" [matrixcalc.cpp:20->matrixcalc.cpp:88]   --->   Operation 162 'add' 'add_ln20' <Predicate = true> <Delay = 1.73> <CoreInst = "Adder">   --->   Core 1 'Adder' <Latency = 0> <II = 1> <Delay = 1.73> <FuncUnit> <Opcode : 'add' 'sub'> <InPorts = 2> <OutPorts = 1>
ST_20 : Operation 163 [1/1] (0.00ns)   --->   "%zext_ln20_1 = zext i4 %add_ln20" [matrixcalc.cpp:20->matrixcalc.cpp:88]   --->   Operation 163 'zext' 'zext_ln20_1' <Predicate = true> <Delay = 0.00>
ST_20 : Operation 164 [1/1] (0.00ns)   --->   "%aux2_addr_1 = getelementptr i4 %aux2, i64 0, i64 %zext_ln20_1" [matrixcalc.cpp:20->matrixcalc.cpp:88]   --->   Operation 164 'getelementptr' 'aux2_addr_1' <Predicate = true> <Delay = 0.00>
ST_20 : Operation 165 [2/2] (2.32ns)   --->   "%aux2_load = load i4 %aux2_addr_1" [matrixcalc.cpp:20->matrixcalc.cpp:88]   --->   Operation 165 'load' 'aux2_load' <Predicate = true> <Delay = 2.32> <CoreInst = "RAM">   --->   Core 82 'RAM' <Latency = 1> <II = 1> <Delay = 2.32> <Storage> <Opcode : 'load' 'store'> <Ports = 2> <Width = 4> <Depth = 9> <RAM>
ST_20 : Operation 166 [1/1] (1.56ns)   --->   "%sub_ln21 = sub i2 2, i2 %j_2" [matrixcalc.cpp:21->matrixcalc.cpp:88]   --->   Operation 166 'sub' 'sub_ln21' <Predicate = true> <Delay = 1.56> <CoreInst = "Adder">   --->   Core 1 'Adder' <Latency = 0> <II = 1> <Delay = 1.56> <FuncUnit> <Opcode : 'add' 'sub'> <InPorts = 2> <OutPorts = 1>

State 21 <SV = 9> <Delay = 5.79>
ST_21 : Operation 167 [1/2] (2.32ns)   --->   "%aux2_load = load i4 %aux2_addr_1" [matrixcalc.cpp:20->matrixcalc.cpp:88]   --->   Operation 167 'load' 'aux2_load' <Predicate = true> <Delay = 2.32> <CoreInst = "RAM">   --->   Core 82 'RAM' <Latency = 1> <II = 1> <Delay = 2.32> <Storage> <Opcode : 'load' 'store'> <Ports = 2> <Width = 4> <Depth = 9> <RAM>
ST_21 : Operation 168 [1/1] (2.34ns)   --->   "%product1_1 = mul i4 %aux2_load, i4 %product1" [matrixcalc.cpp:20->matrixcalc.cpp:88]   --->   Operation 168 'mul' 'product1_1' <Predicate = true> <Delay = 2.34> <CoreInst = "Multiplier">   --->   Core 3 'Multiplier' <Latency = 0> <II = 1> <Delay = 2.34> <FuncUnit> <Opcode : 'mul'> <InPorts = 2> <OutPorts = 1>
ST_21 : Operation 169 [1/1] (0.00ns)   --->   "%zext_ln21 = zext i2 %sub_ln21" [matrixcalc.cpp:21->matrixcalc.cpp:88]   --->   Operation 169 'zext' 'zext_ln21' <Predicate = true> <Delay = 0.00>
ST_21 : Operation 170 [1/1] (0.00ns)   --->   "%tmp_4 = bitconcatenate i4 @_ssdm_op_BitConcatenate.i4.i2.i2, i2 %sub_ln21, i2 0" [matrixcalc.cpp:21->matrixcalc.cpp:88]   --->   Operation 170 'bitconcatenate' 'tmp_4' <Predicate = true> <Delay = 0.00>
ST_21 : Operation 171 [1/1] (1.73ns)   --->   "%sub_ln21_1 = sub i4 %tmp_4, i4 %zext_ln21" [matrixcalc.cpp:21->matrixcalc.cpp:88]   --->   Operation 171 'sub' 'sub_ln21_1' <Predicate = true> <Delay = 1.73> <CoreInst = "Adder">   --->   Core 1 'Adder' <Latency = 0> <II = 1> <Delay = 1.73> <FuncUnit> <Opcode : 'add' 'sub'> <InPorts = 2> <OutPorts = 1>
ST_21 : Operation 172 [1/1] (1.73ns)   --->   "%add_ln21 = add i4 %sub_ln21_1, i4 %col" [matrixcalc.cpp:21->matrixcalc.cpp:88]   --->   Operation 172 'add' 'add_ln21' <Predicate = true> <Delay = 1.73> <CoreInst = "Adder">   --->   Core 1 'Adder' <Latency = 0> <II = 1> <Delay = 1.73> <FuncUnit> <Opcode : 'add' 'sub'> <InPorts = 2> <OutPorts = 1>
ST_21 : Operation 173 [1/1] (0.00ns)   --->   "%zext_ln21_1 = zext i4 %add_ln21" [matrixcalc.cpp:21->matrixcalc.cpp:88]   --->   Operation 173 'zext' 'zext_ln21_1' <Predicate = true> <Delay = 0.00>
ST_21 : Operation 174 [1/1] (0.00ns)   --->   "%aux2_addr_2 = getelementptr i4 %aux2, i64 0, i64 %zext_ln21_1" [matrixcalc.cpp:21->matrixcalc.cpp:88]   --->   Operation 174 'getelementptr' 'aux2_addr_2' <Predicate = true> <Delay = 0.00>
ST_21 : Operation 175 [2/2] (2.32ns)   --->   "%aux2_load_1 = load i4 %aux2_addr_2" [matrixcalc.cpp:21->matrixcalc.cpp:88]   --->   Operation 175 'load' 'aux2_load_1' <Predicate = true> <Delay = 2.32> <CoreInst = "RAM">   --->   Core 82 'RAM' <Latency = 1> <II = 1> <Delay = 2.32> <Storage> <Opcode : 'load' 'store'> <Ports = 2> <Width = 4> <Depth = 9> <RAM>

State 22 <SV = 10> <Delay = 4.66>
ST_22 : Operation 176 [1/1] (0.00ns)   --->   "%speclooptripcount_ln7 = speclooptripcount void @_ssdm_op_SpecLoopTripCount, i64 3, i64 3, i64 3" [matrixcalc.cpp:7->matrixcalc.cpp:88]   --->   Operation 176 'speclooptripcount' 'speclooptripcount_ln7' <Predicate = true> <Delay = 0.00>
ST_22 : Operation 177 [1/1] (0.00ns)   --->   "%specloopname_ln15 = specloopname void @_ssdm_op_SpecLoopName, void @empty_4" [matrixcalc.cpp:15->matrixcalc.cpp:88]   --->   Operation 177 'specloopname' 'specloopname_ln15' <Predicate = true> <Delay = 0.00>
ST_22 : Operation 178 [1/2] (2.32ns)   --->   "%aux2_load_1 = load i4 %aux2_addr_2" [matrixcalc.cpp:21->matrixcalc.cpp:88]   --->   Operation 178 'load' 'aux2_load_1' <Predicate = true> <Delay = 2.32> <CoreInst = "RAM">   --->   Core 82 'RAM' <Latency = 1> <II = 1> <Delay = 2.32> <Storage> <Opcode : 'load' 'store'> <Ports = 2> <Width = 4> <Depth = 9> <RAM>
ST_22 : Operation 179 [1/1] (2.34ns)   --->   "%product2_1 = mul i4 %aux2_load_1, i4 %product2" [matrixcalc.cpp:21->matrixcalc.cpp:88]   --->   Operation 179 'mul' 'product2_1' <Predicate = true> <Delay = 2.34> <CoreInst = "Multiplier">   --->   Core 3 'Multiplier' <Latency = 0> <II = 1> <Delay = 2.34> <FuncUnit> <Opcode : 'mul'> <InPorts = 2> <OutPorts = 1>
ST_22 : Operation 180 [1/1] (0.00ns)   --->   "%br_ln15 = br void %for.body7.i" [matrixcalc.cpp:15->matrixcalc.cpp:88]   --->   Operation 180 'br' 'br_ln15' <Predicate = true> <Delay = 0.00>

State 23 <SV = 6> <Delay = 3.32>
ST_23 : Operation 181 [1/1] (0.00ns)   --->   "%sumneg_load = load i4 %sumneg" [matrixcalc.cpp:24->matrixcalc.cpp:88]   --->   Operation 181 'load' 'sumneg_load' <Predicate = true> <Delay = 0.00>
ST_23 : Operation 182 [1/1] (1.73ns)   --->   "%sumneg_1 = add i4 %product2, i4 %sumneg_load" [matrixcalc.cpp:24->matrixcalc.cpp:88]   --->   Operation 182 'add' 'sumneg_1' <Predicate = true> <Delay = 1.73> <CoreInst = "Adder">   --->   Core 1 'Adder' <Latency = 0> <II = 1> <Delay = 1.73> <FuncUnit> <Opcode : 'add' 'sub'> <InPorts = 2> <OutPorts = 1>
ST_23 : Operation 183 [1/1] (1.58ns)   --->   "%store_ln11 = store i4 %sumneg_1, i4 %sumneg" [matrixcalc.cpp:11->matrixcalc.cpp:88]   --->   Operation 183 'store' 'store_ln11' <Predicate = true> <Delay = 1.58>
ST_23 : Operation 184 [1/1] (0.00ns)   --->   "%br_ln11 = br void %Calc.i" [matrixcalc.cpp:11->matrixcalc.cpp:88]   --->   Operation 184 'br' 'br_ln11' <Predicate = true> <Delay = 0.00>


============================================================
+ Verbose Summary: Timing violations
============================================================
Target clock period: 8.000ns, clock uncertainty: 2.160ns.

 <State 1>: 1.588ns
The critical path consists of the following:
	'alloca' operation ('i') [4]  (0.000 ns)
	'store' operation ('store_ln37', matrixcalc.cpp:37->matrixcalc.cpp:86) of constant 0 on local variable 'i' [17]  (1.588 ns)

 <State 2>: 3.153ns
The critical path consists of the following:
	'load' operation ('i', matrixcalc.cpp:37->matrixcalc.cpp:86) on local variable 'i' [20]  (0.000 ns)
	'sub' operation ('sub_ln43', matrixcalc.cpp:43->matrixcalc.cpp:86) [23]  (1.735 ns)
	blocking operation 1.418 ns on control path)

 <State 3>: 1.735ns
The critical path consists of the following:
	'phi' operation ('j', matrixcalc.cpp:39->matrixcalc.cpp:86) with incoming values : ('add_ln39', matrixcalc.cpp:39->matrixcalc.cpp:86) [32]  (0.000 ns)
	'add' operation ('add_ln41', matrixcalc.cpp:41->matrixcalc.cpp:86) [34]  (1.735 ns)

 <State 4>: 3.153ns
The critical path consists of the following:
	'store' operation ('store_ln37', matrixcalc.cpp:37->matrixcalc.cpp:86) of variable 'add_ln37', matrixcalc.cpp:37->matrixcalc.cpp:86 on local variable 'i' [71]  (1.588 ns)
	blocking operation 1.565 ns on control path)

 <State 5>: 1.735ns
The critical path consists of the following:
	'phi' operation ('k', matrixcalc.cpp:42->matrixcalc.cpp:86) with incoming values : ('add_ln42', matrixcalc.cpp:42->matrixcalc.cpp:86) [45]  (0.000 ns)
	'add' operation ('add_ln43_1', matrixcalc.cpp:43->matrixcalc.cpp:86) [48]  (1.735 ns)

 <State 6>: 3.470ns
The critical path consists of the following:
	'sub' operation ('sub_ln43_1', matrixcalc.cpp:43->matrixcalc.cpp:86) [52]  (1.735 ns)
	'add' operation ('add_ln43_2', matrixcalc.cpp:43->matrixcalc.cpp:86) [53]  (1.735 ns)

 <State 7>: 3.887ns
The critical path consists of the following:
	'phi' operation ('conv4_i25_i', matrixcalc.cpp:43->matrixcalc.cpp:86) with incoming values : ('add_ln43', matrixcalc.cpp:43->matrixcalc.cpp:86) [46]  (0.000 ns)
	'store' operation ('store_ln43', matrixcalc.cpp:43->matrixcalc.cpp:86) of variable 'conv4_i25_i', matrixcalc.cpp:43->matrixcalc.cpp:86 on array 'a', matrixcalc.cpp:77 [68]  (2.322 ns)
	blocking operation 1.565 ns on control path)

 <State 8>: 4.662ns
The critical path consists of the following:
	'load' operation ('a_load', matrixcalc.cpp:43->matrixcalc.cpp:86) on array 'a' [62]  (2.322 ns)
	'mul' operation ('mul_ln43', matrixcalc.cpp:43->matrixcalc.cpp:86) [64]  (2.340 ns)

 <State 9>: 1.735ns
The critical path consists of the following:
	'add' operation ('add_ln43', matrixcalc.cpp:43->matrixcalc.cpp:86) [65]  (1.735 ns)

 <State 10>: 3.153ns
The critical path consists of the following:
	'load' operation ('i', matrixcalc.cpp:56->matrixcalc.cpp:87) on local variable 'i' [78]  (0.000 ns)
	'sub' operation ('sub_ln59', matrixcalc.cpp:59->matrixcalc.cpp:87) [81]  (1.735 ns)
	blocking operation 1.418 ns on control path)

 <State 11>: 1.735ns
The critical path consists of the following:
	'phi' operation ('j', matrixcalc.cpp:58->matrixcalc.cpp:87) with incoming values : ('add_ln58', matrixcalc.cpp:58->matrixcalc.cpp:87) [90]  (0.000 ns)
	'add' operation ('add_ln59_1', matrixcalc.cpp:59->matrixcalc.cpp:87) [92]  (1.735 ns)

 <State 12>: 3.153ns
The critical path consists of the following:
	'getelementptr' operation ('res_addr_1', matrixcalc.cpp:59->matrixcalc.cpp:87) [95]  (0.000 ns)
	'load' operation ('res_load', matrixcalc.cpp:59->matrixcalc.cpp:87) on array 'a', matrixcalc.cpp:77 [103]  (2.322 ns)
	blocking operation 0.831 ns on control path)

 <State 13>: 4.057ns
The critical path consists of the following:
	'load' operation ('res_load', matrixcalc.cpp:59->matrixcalc.cpp:87) on array 'a', matrixcalc.cpp:77 [103]  (2.322 ns)
	'add' operation ('add_ln59', matrixcalc.cpp:59->matrixcalc.cpp:87) [105]  (1.735 ns)

 <State 14>: 2.322ns
The critical path consists of the following:
	'store' operation ('store_ln59', matrixcalc.cpp:59->matrixcalc.cpp:87) of variable 'add_ln59', matrixcalc.cpp:59->matrixcalc.cpp:87 on array 'm', matrixcalc.cpp:77 [106]  (2.322 ns)

 <State 15>: 1.735ns
The critical path consists of the following:
	'load' operation ('sumpos_load_1', matrixcalc.cpp:26->matrixcalc.cpp:88) on local variable 'sumpos' [175]  (0.000 ns)
	'sub' operation ('sum', matrixcalc.cpp:26->matrixcalc.cpp:88) [177]  (1.735 ns)

 <State 16>: 1.565ns
The critical path consists of the following:
	'phi' operation ('j') with incoming values : ('j', matrixcalc.cpp:15->matrixcalc.cpp:88) [131]  (0.000 ns)
	'add' operation ('j', matrixcalc.cpp:15->matrixcalc.cpp:88) [139]  (1.565 ns)

 <State 17>: 3.323ns
The critical path consists of the following:
	'phi' operation ('product1') with incoming values : ('product1', matrixcalc.cpp:20->matrixcalc.cpp:88) [133]  (0.000 ns)
	'add' operation ('sumpos', matrixcalc.cpp:23->matrixcalc.cpp:88) [168]  (1.735 ns)
	'store' operation ('store_ln11', matrixcalc.cpp:11->matrixcalc.cpp:88) of variable 'sumpos', matrixcalc.cpp:23->matrixcalc.cpp:88 on local variable 'sumpos' [172]  (1.588 ns)

 <State 18>: 1.650ns
The critical path consists of the following:
	'add' operation ('add_ln19', matrixcalc.cpp:19->matrixcalc.cpp:88) [146]  (1.650 ns)

 <State 19>: 1.650ns
The critical path consists of the following:
	'select' operation ('select_ln18', matrixcalc.cpp:18->matrixcalc.cpp:88) [147]  (0.000 ns)
	'add' operation ('col', matrixcalc.cpp:18->matrixcalc.cpp:88) [149]  (1.650 ns)

 <State 20>: 4.057ns
The critical path consists of the following:
	'add' operation ('add_ln20', matrixcalc.cpp:20->matrixcalc.cpp:88) [150]  (1.735 ns)
	'getelementptr' operation ('aux2_addr_1', matrixcalc.cpp:20->matrixcalc.cpp:88) [152]  (0.000 ns)
	'load' operation ('aux2_load', matrixcalc.cpp:20->matrixcalc.cpp:88) on array 'm', matrixcalc.cpp:77 [153]  (2.322 ns)

 <State 21>: 5.792ns
The critical path consists of the following:
	'sub' operation ('sub_ln21_1', matrixcalc.cpp:21->matrixcalc.cpp:88) [158]  (1.735 ns)
	'add' operation ('add_ln21', matrixcalc.cpp:21->matrixcalc.cpp:88) [159]  (1.735 ns)
	'getelementptr' operation ('aux2_addr_2', matrixcalc.cpp:21->matrixcalc.cpp:88) [161]  (0.000 ns)
	'load' operation ('aux2_load_1', matrixcalc.cpp:21->matrixcalc.cpp:88) on array 'm', matrixcalc.cpp:77 [162]  (2.322 ns)

 <State 22>: 4.662ns
The critical path consists of the following:
	'load' operation ('aux2_load_1', matrixcalc.cpp:21->matrixcalc.cpp:88) on array 'm', matrixcalc.cpp:77 [162]  (2.322 ns)
	'mul' operation ('product2', matrixcalc.cpp:21->matrixcalc.cpp:88) [163]  (2.340 ns)

 <State 23>: 3.323ns
The critical path consists of the following:
	'load' operation ('sumneg_load', matrixcalc.cpp:24->matrixcalc.cpp:88) on local variable 'sumneg' [167]  (0.000 ns)
	'add' operation ('sumneg', matrixcalc.cpp:24->matrixcalc.cpp:88) [169]  (1.735 ns)
	'store' operation ('store_ln11', matrixcalc.cpp:11->matrixcalc.cpp:88) of variable 'sumneg', matrixcalc.cpp:24->matrixcalc.cpp:88 on local variable 'sumneg' [171]  (1.588 ns)


============================================================
+ Verbose Summary: Binding
============================================================
N/A
* FSMD analyzer results:
  - Output states:
 - Input state : 
  - Chain level:
	State 1
	State 2
	State 3
	State 4
	State 5
	State 6
	State 7
	State 8
	State 9
	State 10
	State 11
	State 12
	State 13
	State 14
	State 15
	State 16
	State 17
	State 18
	State 19
	State 20
	State 21
	State 22
	State 23


============================================================
+ Verbose Summary: Datapath Resource usage 
============================================================
N/A
