C:/Users/javie/Desktop/HLS/Proyecto_Final/minimos_recursos/directives.tcl:16:9: warning: HLS pragma dump _XLX_SEP_ PragmaIsValid=1_XLX_SEP_ PragmaType=pipeline_XLX_SEP_ PragmaContext=directive_XLX_SEP_ PragmaFunction=det_XLX_SEP_ PragmaOptions=off_XLX_SEP_ [-Wdump-hls-pragmas]
#pragma HLSDIRECTIVE PIPELINE off
        ^
C:/Users/javie/Desktop/HLS/Proyecto_Final/minimos_recursos/directives.tcl:7:9: warning: HLS pragma dump _XLX_SEP_ PragmaIsValid=1_XLX_SEP_ PragmaType=unroll_XLX_SEP_ PragmaContext=directive_XLX_SEP_ PragmaFunction=det_XLX_SEP_ PragmaOptions=factor=1_XLX_SEP_ [-Wdump-hls-pragmas]
#pragma HLSDIRECTIVE UNROLL factor=1
        ^
C:/Users/javie/Desktop/HLS/Proyecto_Final/minimos_recursos/directives.tcl:8:9: warning: HLS pragma dump _XLX_SEP_ PragmaIsValid=1_XLX_SEP_ PragmaType=pipeline_XLX_SEP_ PragmaContext=directive_XLX_SEP_ PragmaFunction=det_XLX_SEP_ PragmaOptions=off_XLX_SEP_ [-Wdump-hls-pragmas]
#pragma HLSDIRECTIVE PIPELINE off
        ^
C:/Users/javie/Desktop/HLS/Proyecto_Final/minimos_recursos/directives.tcl:18:9: warning: HLS pragma dump _XLX_SEP_ PragmaIsValid=1_XLX_SEP_ PragmaType=pipeline_XLX_SEP_ PragmaContext=directive_XLX_SEP_ PragmaFunction=matrixmul_XLX_SEP_ PragmaOptions=off_XLX_SEP_ [-Wdump-hls-pragmas]
#pragma HLSDIRECTIVE PIPELINE off
        ^
C:/Users/javie/Desktop/HLS/Proyecto_Final/minimos_recursos/directives.tcl:17:9: warning: HLS pragma dump _XLX_SEP_ PragmaIsValid=1_XLX_SEP_ PragmaType=pipeline_XLX_SEP_ PragmaContext=directive_XLX_SEP_ PragmaFunction=matrixmul_XLX_SEP_ PragmaOptions=off_XLX_SEP_ [-Wdump-hls-pragmas]
#pragma HLSDIRECTIVE PIPELINE off
        ^
C:/Users/javie/Desktop/HLS/Proyecto_Final/minimos_recursos/directives.tcl:10:9: warning: HLS pragma dump _XLX_SEP_ PragmaIsValid=1_XLX_SEP_ PragmaType=pipeline_XLX_SEP_ PragmaContext=directive_XLX_SEP_ PragmaFunction=matrixmul_XLX_SEP_ PragmaOptions=off_XLX_SEP_ [-Wdump-hls-pragmas]
#pragma HLSDIRECTIVE PIPELINE off
        ^
C:/Users/javie/Desktop/HLS/Proyecto_Final/minimos_recursos/directives.tcl:9:9: warning: HLS pragma dump _XLX_SEP_ PragmaIsValid=1_XLX_SEP_ PragmaType=unroll_XLX_SEP_ PragmaContext=directive_XLX_SEP_ PragmaFunction=matrixmul_XLX_SEP_ PragmaOptions=factor=1_XLX_SEP_ [-Wdump-hls-pragmas]
#pragma HLSDIRECTIVE UNROLL factor=1
        ^
C:/Users/javie/Desktop/HLS/Proyecto_Final/minimos_recursos/directives.tcl:14:9: warning: HLS pragma dump _XLX_SEP_ PragmaIsValid=1_XLX_SEP_ PragmaType=pipeline_XLX_SEP_ PragmaContext=directive_XLX_SEP_ PragmaFunction=matrixsum_XLX_SEP_ PragmaOptions=off_XLX_SEP_ [-Wdump-hls-pragmas]
#pragma HLSDIRECTIVE PIPELINE off
        ^
C:/Users/javie/Desktop/HLS/Proyecto_Final/minimos_recursos/directives.tcl:13:9: warning: HLS pragma dump _XLX_SEP_ PragmaIsValid=1_XLX_SEP_ PragmaType=pipeline_XLX_SEP_ PragmaContext=directive_XLX_SEP_ PragmaFunction=matrixsum_XLX_SEP_ PragmaOptions=off_XLX_SEP_ [-Wdump-hls-pragmas]
#pragma HLSDIRECTIVE PIPELINE off
        ^
C:/Users/javie/Desktop/HLS/Proyecto_Final/minimos_recursos/directives.tcl:11:9: warning: HLS pragma dump _XLX_SEP_ PragmaIsValid=1_XLX_SEP_ PragmaType=allocation_XLX_SEP_ PragmaContext=directive_XLX_SEP_ PragmaFunction=matrixcalc_XLX_SEP_ PragmaOptions=operation instances=add limit=1_XLX_SEP_ [-Wdump-hls-pragmas]
#pragma HLSDIRECTIVE ALLOCATION operation instances=add limit=1
        ^
C:/Users/javie/Desktop/HLS/Proyecto_Final/minimos_recursos/directives.tcl:12:9: warning: HLS pragma dump _XLX_SEP_ PragmaIsValid=1_XLX_SEP_ PragmaType=allocation_XLX_SEP_ PragmaContext=directive_XLX_SEP_ PragmaFunction=matrixcalc_XLX_SEP_ PragmaOptions=operation instances=mul limit=1_XLX_SEP_ [-Wdump-hls-pragmas]
#pragma HLSDIRECTIVE ALLOCATION operation instances=mul limit=1
        ^
C:/Users/javie/Desktop/HLS/Proyecto_Final/minimos_recursos/directives.tcl:15:9: warning: HLS pragma dump _XLX_SEP_ PragmaIsValid=1_XLX_SEP_ PragmaType=top_XLX_SEP_ PragmaContext=directive_XLX_SEP_ PragmaFunction=matrixcalc_XLX_SEP_ PragmaOptions=name=matrixcalc_XLX_SEP_ [-Wdump-hls-pragmas]
#pragma HLSDIRECTIVE TOP name=matrixcalc
        ^
C:/Users/javie/Desktop/HLS/Proyecto_Final/minimos_recursos/csynth.tcl:19:9: warning: HLS pragma dump _XLX_SEP_ PragmaIsValid=1_XLX_SEP_ PragmaType=top_XLX_SEP_ PragmaContext=directive_XLX_SEP_ PragmaFunction=matrixcalc_XLX_SEP_ PragmaOptions=name=matrixcalc_XLX_SEP_ [-Wdump-hls-pragmas]
#pragma HLSDIRECTIVE TOP name=matrixcalc
        ^
13 warnings generated.
