#-----------------------------------------------------------
# xsim v2023.1 (64-bit)
# SW Build 3865809 on Sun May  7 15:05:29 MDT 2023
# IP Build 3864474 on Sun May  7 20:36:21 MDT 2023
# SharedData Build 3865790 on Sun May 07 13:33:03 MDT 2023
# Start of session at: Tue Jan  6 12:05:47 2026
# Process ID: 29624
# Current directory: C:/Users/javie/Desktop/HLS/Proyecto_Final/minimos_recursos/sim/verilog
# Command line: xsim.exe -mode tcl -source {xsim.dir/matrixcalc/xsim_script.tcl}
# Log file: C:/Users/javie/Desktop/HLS/Proyecto_Final/minimos_recursos/sim/verilog/xsim.log
# Journal file: C:/Users/javie/Desktop/HLS/Proyecto_Final/minimos_recursos/sim/verilog\xsim.jou
# Running On: JJ-PC, OS: Windows, CPU Frequency: 3302 MHz, CPU Physical cores: 6, Host memory: 16950 MB
#-----------------------------------------------------------
source xsim.dir/matrixcalc/xsim_script.tcl
# xsim {matrixcalc} -view {{matrixcalc_dataflow_ana.wcfg}} -tclbatch {matrixcalc.tcl} -protoinst {matrixcalc.protoinst}
INFO: [Wavedata 42-565] Reading protoinst file matrixcalc.protoinst
INFO: [Wavedata 42-564]   Found protocol instance at /apatb_matrixcalc_top/AESL_inst_matrixcalc//AESL_inst_matrixcalc_activity
Time resolution is 1 ps
open_wave_config matrixcalc_dataflow_ana.wcfg
source matrixcalc.tcl
## log_wave -r /
WARNING: [Simtcl 6-197] One or more HDL objects could not be logged because of object type or size limitations.  To see details please rerun the command with -verbose (-v).
## set designtopgroup [add_wave_group "Design Top Signals"]
## set coutputgroup [add_wave_group "C Outputs" -into $designtopgroup]
## set return_group [add_wave_group return(wire) -into $coutputgroup]
## add_wave /apatb_matrixcalc_top/AESL_inst_matrixcalc/ap_return -into $return_group -radix hex
## set cinputgroup [add_wave_group "C Inputs" -into $designtopgroup]
## set return_group [add_wave_group return(memory) -into $cinputgroup]
## add_wave /apatb_matrixcalc_top/AESL_inst_matrixcalc/c_q0 -into $return_group -radix hex
## add_wave /apatb_matrixcalc_top/AESL_inst_matrixcalc/c_ce0 -into $return_group -color #ffff00 -radix hex
## add_wave /apatb_matrixcalc_top/AESL_inst_matrixcalc/c_address0 -into $return_group -radix hex
## add_wave /apatb_matrixcalc_top/AESL_inst_matrixcalc/b_q0 -into $return_group -radix hex
## add_wave /apatb_matrixcalc_top/AESL_inst_matrixcalc/b_ce0 -into $return_group -color #ffff00 -radix hex
## add_wave /apatb_matrixcalc_top/AESL_inst_matrixcalc/b_address0 -into $return_group -radix hex
## add_wave /apatb_matrixcalc_top/AESL_inst_matrixcalc/a_q0 -into $return_group -radix hex
## add_wave /apatb_matrixcalc_top/AESL_inst_matrixcalc/a_ce0 -into $return_group -color #ffff00 -radix hex
## add_wave /apatb_matrixcalc_top/AESL_inst_matrixcalc/a_address0 -into $return_group -radix hex
## set blocksiggroup [add_wave_group "Block-level IO Handshake" -into $designtopgroup]
## add_wave /apatb_matrixcalc_top/AESL_inst_matrixcalc/ap_start -into $blocksiggroup
## add_wave /apatb_matrixcalc_top/AESL_inst_matrixcalc/ap_done -into $blocksiggroup
## add_wave /apatb_matrixcalc_top/AESL_inst_matrixcalc/ap_idle -into $blocksiggroup
## add_wave /apatb_matrixcalc_top/AESL_inst_matrixcalc/ap_ready -into $blocksiggroup
## set resetgroup [add_wave_group "Reset" -into $designtopgroup]
## add_wave /apatb_matrixcalc_top/AESL_inst_matrixcalc/ap_rst -into $resetgroup
## set clockgroup [add_wave_group "Clock" -into $designtopgroup]
## add_wave /apatb_matrixcalc_top/AESL_inst_matrixcalc/ap_clk -into $clockgroup
## set testbenchgroup [add_wave_group "Test Bench Signals"]
## set tbinternalsiggroup [add_wave_group "Internal Signals" -into $testbenchgroup]
## set tb_simstatus_group [add_wave_group "Simulation Status" -into $tbinternalsiggroup]
## set tb_portdepth_group [add_wave_group "Port Depth" -into $tbinternalsiggroup]
## add_wave /apatb_matrixcalc_top/AUTOTB_TRANSACTION_NUM -into $tb_simstatus_group -radix hex
## add_wave /apatb_matrixcalc_top/ready_cnt -into $tb_simstatus_group -radix hex
## add_wave /apatb_matrixcalc_top/done_cnt -into $tb_simstatus_group -radix hex
## add_wave /apatb_matrixcalc_top/LENGTH_a -into $tb_portdepth_group -radix hex
## add_wave /apatb_matrixcalc_top/LENGTH_ap_return -into $tb_portdepth_group -radix hex
## add_wave /apatb_matrixcalc_top/LENGTH_b -into $tb_portdepth_group -radix hex
## add_wave /apatb_matrixcalc_top/LENGTH_c -into $tb_portdepth_group -radix hex
## set tbcoutputgroup [add_wave_group "C Outputs" -into $testbenchgroup]
## set tb_return_group [add_wave_group return(wire) -into $tbcoutputgroup]
## add_wave /apatb_matrixcalc_top/ap_return -into $tb_return_group -radix hex
## set tbcinputgroup [add_wave_group "C Inputs" -into $testbenchgroup]
## set tb_return_group [add_wave_group return(memory) -into $tbcinputgroup]
## add_wave /apatb_matrixcalc_top/c_q0 -into $tb_return_group -radix hex
## add_wave /apatb_matrixcalc_top/c_ce0 -into $tb_return_group -color #ffff00 -radix hex
## add_wave /apatb_matrixcalc_top/c_address0 -into $tb_return_group -radix hex
## add_wave /apatb_matrixcalc_top/b_q0 -into $tb_return_group -radix hex
## add_wave /apatb_matrixcalc_top/b_ce0 -into $tb_return_group -color #ffff00 -radix hex
## add_wave /apatb_matrixcalc_top/b_address0 -into $tb_return_group -radix hex
## add_wave /apatb_matrixcalc_top/a_q0 -into $tb_return_group -radix hex
## add_wave /apatb_matrixcalc_top/a_ce0 -into $tb_return_group -color #ffff00 -radix hex
## add_wave /apatb_matrixcalc_top/a_address0 -into $tb_return_group -radix hex
## save_wave_config matrixcalc.wcfg
## run all
////////////////////////////////////////////////////////////////////////////////////
// Inter-Transaction Progress: Completed Transaction / Total Transaction
// Intra-Transaction Progress: Measured Latency / Latency Estimation * 100%
//
// RTL Simulation : "Inter-Transaction Progress" ["Intra-Transaction Progress"] @ "Simulation Time"
////////////////////////////////////////////////////////////////////////////////////
// RTL Simulation : 0 / 1000 [0.00%] @ "116000"
// RTL Simulation : 1 / 1000 [100.00%] @ "2628000"
// RTL Simulation : 2 / 1000 [100.00%] @ "5132000"
// RTL Simulation : 3 / 1000 [100.00%] @ "7636000"
// RTL Simulation : 4 / 1000 [100.00%] @ "10140000"
// RTL Simulation : 5 / 1000 [100.00%] @ "12644000"
// RTL Simulation : 6 / 1000 [100.00%] @ "15148000"
// RTL Simulation : 7 / 1000 [100.00%] @ "17652000"
// RTL Simulation : 8 / 1000 [100.00%] @ "20156000"
// RTL Simulation : 9 / 1000 [100.00%] @ "22660000"
// RTL Simulation : 10 / 1000 [100.00%] @ "25164000"
// RTL Simulation : 11 / 1000 [100.00%] @ "27668000"
// RTL Simulation : 12 / 1000 [100.00%] @ "30172000"
// RTL Simulation : 13 / 1000 [100.00%] @ "32676000"
// RTL Simulation : 14 / 1000 [100.00%] @ "35180000"
// RTL Simulation : 15 / 1000 [100.00%] @ "37684000"
// RTL Simulation : 16 / 1000 [100.00%] @ "40188000"
// RTL Simulation : 17 / 1000 [100.00%] @ "42692000"
// RTL Simulation : 18 / 1000 [100.00%] @ "45196000"
// RTL Simulation : 19 / 1000 [100.00%] @ "47700000"
// RTL Simulation : 20 / 1000 [100.00%] @ "50204000"
// RTL Simulation : 21 / 1000 [100.00%] @ "52708000"
// RTL Simulation : 22 / 1000 [100.00%] @ "55212000"
// RTL Simulation : 23 / 1000 [100.00%] @ "57716000"
// RTL Simulation : 24 / 1000 [100.00%] @ "60220000"
// RTL Simulation : 25 / 1000 [100.00%] @ "62724000"
// RTL Simulation : 26 / 1000 [100.00%] @ "65228000"
// RTL Simulation : 27 / 1000 [100.00%] @ "67732000"
// RTL Simulation : 28 / 1000 [100.00%] @ "70236000"
// RTL Simulation : 29 / 1000 [100.00%] @ "72740000"
// RTL Simulation : 30 / 1000 [100.00%] @ "75244000"
// RTL Simulation : 31 / 1000 [100.00%] @ "77748000"
// RTL Simulation : 32 / 1000 [100.00%] @ "80252000"
// RTL Simulation : 33 / 1000 [100.00%] @ "82756000"
// RTL Simulation : 34 / 1000 [100.00%] @ "85260000"
// RTL Simulation : 35 / 1000 [100.00%] @ "87764000"
// RTL Simulation : 36 / 1000 [100.00%] @ "90268000"
// RTL Simulation : 37 / 1000 [100.00%] @ "92772000"
// RTL Simulation : 38 / 1000 [100.00%] @ "95276000"
// RTL Simulation : 39 / 1000 [100.00%] @ "97780000"
// RTL Simulation : 40 / 1000 [100.00%] @ "100284000"
// RTL Simulation : 41 / 1000 [100.00%] @ "102788000"
// RTL Simulation : 42 / 1000 [100.00%] @ "105292000"
// RTL Simulation : 43 / 1000 [100.00%] @ "107796000"
// RTL Simulation : 44 / 1000 [100.00%] @ "110300000"
// RTL Simulation : 45 / 1000 [100.00%] @ "112804000"
// RTL Simulation : 46 / 1000 [100.00%] @ "115308000"
// RTL Simulation : 47 / 1000 [100.00%] @ "117812000"
// RTL Simulation : 48 / 1000 [100.00%] @ "120316000"
// RTL Simulation : 49 / 1000 [100.00%] @ "122820000"
// RTL Simulation : 50 / 1000 [100.00%] @ "125324000"
// RTL Simulation : 51 / 1000 [100.00%] @ "127828000"
// RTL Simulation : 52 / 1000 [100.00%] @ "130332000"
// RTL Simulation : 53 / 1000 [100.00%] @ "132836000"
// RTL Simulation : 54 / 1000 [100.00%] @ "135340000"
// RTL Simulation : 55 / 1000 [100.00%] @ "137844000"
// RTL Simulation : 56 / 1000 [100.00%] @ "140348000"
// RTL Simulation : 57 / 1000 [100.00%] @ "142852000"
// RTL Simulation : 58 / 1000 [100.00%] @ "145356000"
// RTL Simulation : 59 / 1000 [100.00%] @ "147860000"
// RTL Simulation : 60 / 1000 [100.00%] @ "150364000"
// RTL Simulation : 61 / 1000 [100.00%] @ "152868000"
// RTL Simulation : 62 / 1000 [100.00%] @ "155372000"
// RTL Simulation : 63 / 1000 [100.00%] @ "157876000"
// RTL Simulation : 64 / 1000 [100.00%] @ "160380000"
// RTL Simulation : 65 / 1000 [100.00%] @ "162884000"
// RTL Simulation : 66 / 1000 [100.00%] @ "165388000"
// RTL Simulation : 67 / 1000 [100.00%] @ "167892000"
// RTL Simulation : 68 / 1000 [100.00%] @ "170396000"
// RTL Simulation : 69 / 1000 [100.00%] @ "172900000"
// RTL Simulation : 70 / 1000 [100.00%] @ "175404000"
// RTL Simulation : 71 / 1000 [100.00%] @ "177908000"
// RTL Simulation : 72 / 1000 [100.00%] @ "180412000"
// RTL Simulation : 73 / 1000 [100.00%] @ "182916000"
// RTL Simulation : 74 / 1000 [100.00%] @ "185420000"
// RTL Simulation : 75 / 1000 [100.00%] @ "187924000"
// RTL Simulation : 76 / 1000 [100.00%] @ "190428000"
// RTL Simulation : 77 / 1000 [100.00%] @ "192932000"
// RTL Simulation : 78 / 1000 [100.00%] @ "195436000"
// RTL Simulation : 79 / 1000 [100.00%] @ "197940000"
// RTL Simulation : 80 / 1000 [100.00%] @ "200444000"
// RTL Simulation : 81 / 1000 [100.00%] @ "202948000"
// RTL Simulation : 82 / 1000 [100.00%] @ "205452000"
// RTL Simulation : 83 / 1000 [100.00%] @ "207956000"
// RTL Simulation : 84 / 1000 [100.00%] @ "210460000"
// RTL Simulation : 85 / 1000 [100.00%] @ "212964000"
// RTL Simulation : 86 / 1000 [100.00%] @ "215468000"
// RTL Simulation : 87 / 1000 [100.00%] @ "217972000"
// RTL Simulation : 88 / 1000 [100.00%] @ "220476000"
// RTL Simulation : 89 / 1000 [100.00%] @ "222980000"
// RTL Simulation : 90 / 1000 [100.00%] @ "225484000"
// RTL Simulation : 91 / 1000 [100.00%] @ "227988000"
// RTL Simulation : 92 / 1000 [100.00%] @ "230492000"
// RTL Simulation : 93 / 1000 [100.00%] @ "232996000"
// RTL Simulation : 94 / 1000 [100.00%] @ "235500000"
// RTL Simulation : 95 / 1000 [100.00%] @ "238004000"
// RTL Simulation : 96 / 1000 [100.00%] @ "240508000"
// RTL Simulation : 97 / 1000 [100.00%] @ "243012000"
// RTL Simulation : 98 / 1000 [100.00%] @ "245516000"
// RTL Simulation : 99 / 1000 [100.00%] @ "248020000"
// RTL Simulation : 100 / 1000 [100.00%] @ "250524000"
// RTL Simulation : 101 / 1000 [100.00%] @ "253028000"
// RTL Simulation : 102 / 1000 [100.00%] @ "255532000"
// RTL Simulation : 103 / 1000 [100.00%] @ "258036000"
// RTL Simulation : 104 / 1000 [100.00%] @ "260540000"
// RTL Simulation : 105 / 1000 [100.00%] @ "263044000"
// RTL Simulation : 106 / 1000 [100.00%] @ "265548000"
// RTL Simulation : 107 / 1000 [100.00%] @ "268052000"
// RTL Simulation : 108 / 1000 [100.00%] @ "270556000"
// RTL Simulation : 109 / 1000 [100.00%] @ "273060000"
// RTL Simulation : 110 / 1000 [100.00%] @ "275564000"
// RTL Simulation : 111 / 1000 [100.00%] @ "278068000"
// RTL Simulation : 112 / 1000 [100.00%] @ "280572000"
// RTL Simulation : 113 / 1000 [100.00%] @ "283076000"
// RTL Simulation : 114 / 1000 [100.00%] @ "285580000"
// RTL Simulation : 115 / 1000 [100.00%] @ "288084000"
// RTL Simulation : 116 / 1000 [100.00%] @ "290588000"
// RTL Simulation : 117 / 1000 [100.00%] @ "293092000"
// RTL Simulation : 118 / 1000 [100.00%] @ "295596000"
// RTL Simulation : 119 / 1000 [100.00%] @ "298100000"
// RTL Simulation : 120 / 1000 [100.00%] @ "300604000"
// RTL Simulation : 121 / 1000 [100.00%] @ "303108000"
// RTL Simulation : 122 / 1000 [100.00%] @ "305612000"
// RTL Simulation : 123 / 1000 [100.00%] @ "308116000"
// RTL Simulation : 124 / 1000 [100.00%] @ "310620000"
// RTL Simulation : 125 / 1000 [100.00%] @ "313124000"
// RTL Simulation : 126 / 1000 [100.00%] @ "315628000"
// RTL Simulation : 127 / 1000 [100.00%] @ "318132000"
// RTL Simulation : 128 / 1000 [100.00%] @ "320636000"
// RTL Simulation : 129 / 1000 [100.00%] @ "323140000"
// RTL Simulation : 130 / 1000 [100.00%] @ "325644000"
// RTL Simulation : 131 / 1000 [100.00%] @ "328148000"
// RTL Simulation : 132 / 1000 [100.00%] @ "330652000"
// RTL Simulation : 133 / 1000 [100.00%] @ "333156000"
// RTL Simulation : 134 / 1000 [100.00%] @ "335660000"
// RTL Simulation : 135 / 1000 [100.00%] @ "338164000"
// RTL Simulation : 136 / 1000 [100.00%] @ "340668000"
// RTL Simulation : 137 / 1000 [100.00%] @ "343172000"
// RTL Simulation : 138 / 1000 [100.00%] @ "345676000"
// RTL Simulation : 139 / 1000 [100.00%] @ "348180000"
// RTL Simulation : 140 / 1000 [100.00%] @ "350684000"
// RTL Simulation : 141 / 1000 [100.00%] @ "353188000"
// RTL Simulation : 142 / 1000 [100.00%] @ "355692000"
// RTL Simulation : 143 / 1000 [100.00%] @ "358196000"
// RTL Simulation : 144 / 1000 [100.00%] @ "360700000"
// RTL Simulation : 145 / 1000 [100.00%] @ "363204000"
// RTL Simulation : 146 / 1000 [100.00%] @ "365708000"
// RTL Simulation : 147 / 1000 [100.00%] @ "368212000"
// RTL Simulation : 148 / 1000 [100.00%] @ "370716000"
// RTL Simulation : 149 / 1000 [100.00%] @ "373220000"
// RTL Simulation : 150 / 1000 [100.00%] @ "375724000"
// RTL Simulation : 151 / 1000 [100.00%] @ "378228000"
// RTL Simulation : 152 / 1000 [100.00%] @ "380732000"
// RTL Simulation : 153 / 1000 [100.00%] @ "383236000"
// RTL Simulation : 154 / 1000 [100.00%] @ "385740000"
// RTL Simulation : 155 / 1000 [100.00%] @ "388244000"
// RTL Simulation : 156 / 1000 [100.00%] @ "390748000"
// RTL Simulation : 157 / 1000 [100.00%] @ "393252000"
// RTL Simulation : 158 / 1000 [100.00%] @ "395756000"
// RTL Simulation : 159 / 1000 [100.00%] @ "398260000"
// RTL Simulation : 160 / 1000 [100.00%] @ "400764000"
// RTL Simulation : 161 / 1000 [100.00%] @ "403268000"
// RTL Simulation : 162 / 1000 [100.00%] @ "405772000"
// RTL Simulation : 163 / 1000 [100.00%] @ "408276000"
// RTL Simulation : 164 / 1000 [100.00%] @ "410780000"
// RTL Simulation : 165 / 1000 [100.00%] @ "413284000"
// RTL Simulation : 166 / 1000 [100.00%] @ "415788000"
// RTL Simulation : 167 / 1000 [100.00%] @ "418292000"
// RTL Simulation : 168 / 1000 [100.00%] @ "420796000"
// RTL Simulation : 169 / 1000 [100.00%] @ "423300000"
// RTL Simulation : 170 / 1000 [100.00%] @ "425804000"
// RTL Simulation : 171 / 1000 [100.00%] @ "428308000"
// RTL Simulation : 172 / 1000 [100.00%] @ "430812000"
// RTL Simulation : 173 / 1000 [100.00%] @ "433316000"
// RTL Simulation : 174 / 1000 [100.00%] @ "435820000"
// RTL Simulation : 175 / 1000 [100.00%] @ "438324000"
// RTL Simulation : 176 / 1000 [100.00%] @ "440828000"
// RTL Simulation : 177 / 1000 [100.00%] @ "443332000"
// RTL Simulation : 178 / 1000 [100.00%] @ "445836000"
// RTL Simulation : 179 / 1000 [100.00%] @ "448340000"
// RTL Simulation : 180 / 1000 [100.00%] @ "450844000"
// RTL Simulation : 181 / 1000 [100.00%] @ "453348000"
// RTL Simulation : 182 / 1000 [100.00%] @ "455852000"
// RTL Simulation : 183 / 1000 [100.00%] @ "458356000"
// RTL Simulation : 184 / 1000 [100.00%] @ "460860000"
// RTL Simulation : 185 / 1000 [100.00%] @ "463364000"
// RTL Simulation : 186 / 1000 [100.00%] @ "465868000"
// RTL Simulation : 187 / 1000 [100.00%] @ "468372000"
// RTL Simulation : 188 / 1000 [100.00%] @ "470876000"
// RTL Simulation : 189 / 1000 [100.00%] @ "473380000"
// RTL Simulation : 190 / 1000 [100.00%] @ "475884000"
// RTL Simulation : 191 / 1000 [100.00%] @ "478388000"
// RTL Simulation : 192 / 1000 [100.00%] @ "480892000"
// RTL Simulation : 193 / 1000 [100.00%] @ "483396000"
// RTL Simulation : 194 / 1000 [100.00%] @ "485900000"
// RTL Simulation : 195 / 1000 [100.00%] @ "488404000"
// RTL Simulation : 196 / 1000 [100.00%] @ "490908000"
// RTL Simulation : 197 / 1000 [100.00%] @ "493412000"
// RTL Simulation : 198 / 1000 [100.00%] @ "495916000"
// RTL Simulation : 199 / 1000 [100.00%] @ "498420000"
// RTL Simulation : 200 / 1000 [100.00%] @ "500924000"
// RTL Simulation : 201 / 1000 [100.00%] @ "503428000"
// RTL Simulation : 202 / 1000 [100.00%] @ "505932000"
// RTL Simulation : 203 / 1000 [100.00%] @ "508436000"
// RTL Simulation : 204 / 1000 [100.00%] @ "510940000"
// RTL Simulation : 205 / 1000 [100.00%] @ "513444000"
// RTL Simulation : 206 / 1000 [100.00%] @ "515948000"
// RTL Simulation : 207 / 1000 [100.00%] @ "518452000"
// RTL Simulation : 208 / 1000 [100.00%] @ "520956000"
// RTL Simulation : 209 / 1000 [100.00%] @ "523460000"
// RTL Simulation : 210 / 1000 [100.00%] @ "525964000"
// RTL Simulation : 211 / 1000 [100.00%] @ "528468000"
// RTL Simulation : 212 / 1000 [100.00%] @ "530972000"
// RTL Simulation : 213 / 1000 [100.00%] @ "533476000"
// RTL Simulation : 214 / 1000 [100.00%] @ "535980000"
// RTL Simulation : 215 / 1000 [100.00%] @ "538484000"
// RTL Simulation : 216 / 1000 [100.00%] @ "540988000"
// RTL Simulation : 217 / 1000 [100.00%] @ "543492000"
// RTL Simulation : 218 / 1000 [100.00%] @ "545996000"
// RTL Simulation : 219 / 1000 [100.00%] @ "548500000"
// RTL Simulation : 220 / 1000 [100.00%] @ "551004000"
// RTL Simulation : 221 / 1000 [100.00%] @ "553508000"
// RTL Simulation : 222 / 1000 [100.00%] @ "556012000"
// RTL Simulation : 223 / 1000 [100.00%] @ "558516000"
// RTL Simulation : 224 / 1000 [100.00%] @ "561020000"
// RTL Simulation : 225 / 1000 [100.00%] @ "563524000"
// RTL Simulation : 226 / 1000 [100.00%] @ "566028000"
// RTL Simulation : 227 / 1000 [100.00%] @ "568532000"
// RTL Simulation : 228 / 1000 [100.00%] @ "571036000"
// RTL Simulation : 229 / 1000 [100.00%] @ "573540000"
// RTL Simulation : 230 / 1000 [100.00%] @ "576044000"
// RTL Simulation : 231 / 1000 [100.00%] @ "578548000"
// RTL Simulation : 232 / 1000 [100.00%] @ "581052000"
// RTL Simulation : 233 / 1000 [100.00%] @ "583556000"
// RTL Simulation : 234 / 1000 [100.00%] @ "586060000"
// RTL Simulation : 235 / 1000 [100.00%] @ "588564000"
// RTL Simulation : 236 / 1000 [100.00%] @ "591068000"
// RTL Simulation : 237 / 1000 [100.00%] @ "593572000"
// RTL Simulation : 238 / 1000 [100.00%] @ "596076000"
// RTL Simulation : 239 / 1000 [100.00%] @ "598580000"
// RTL Simulation : 240 / 1000 [100.00%] @ "601084000"
// RTL Simulation : 241 / 1000 [100.00%] @ "603588000"
// RTL Simulation : 242 / 1000 [100.00%] @ "606092000"
// RTL Simulation : 243 / 1000 [100.00%] @ "608596000"
// RTL Simulation : 244 / 1000 [100.00%] @ "611100000"
// RTL Simulation : 245 / 1000 [100.00%] @ "613604000"
// RTL Simulation : 246 / 1000 [100.00%] @ "616108000"
// RTL Simulation : 247 / 1000 [100.00%] @ "618612000"
// RTL Simulation : 248 / 1000 [100.00%] @ "621116000"
// RTL Simulation : 249 / 1000 [100.00%] @ "623620000"
// RTL Simulation : 250 / 1000 [100.00%] @ "626124000"
// RTL Simulation : 251 / 1000 [100.00%] @ "628628000"
// RTL Simulation : 252 / 1000 [100.00%] @ "631132000"
// RTL Simulation : 253 / 1000 [100.00%] @ "633636000"
// RTL Simulation : 254 / 1000 [100.00%] @ "636140000"
// RTL Simulation : 255 / 1000 [100.00%] @ "638644000"
// RTL Simulation : 256 / 1000 [100.00%] @ "641148000"
// RTL Simulation : 257 / 1000 [100.00%] @ "643652000"
// RTL Simulation : 258 / 1000 [100.00%] @ "646156000"
// RTL Simulation : 259 / 1000 [100.00%] @ "648660000"
// RTL Simulation : 260 / 1000 [100.00%] @ "651164000"
// RTL Simulation : 261 / 1000 [100.00%] @ "653668000"
// RTL Simulation : 262 / 1000 [100.00%] @ "656172000"
// RTL Simulation : 263 / 1000 [100.00%] @ "658676000"
// RTL Simulation : 264 / 1000 [100.00%] @ "661180000"
// RTL Simulation : 265 / 1000 [100.00%] @ "663684000"
// RTL Simulation : 266 / 1000 [100.00%] @ "666188000"
// RTL Simulation : 267 / 1000 [100.00%] @ "668692000"
// RTL Simulation : 268 / 1000 [100.00%] @ "671196000"
// RTL Simulation : 269 / 1000 [100.00%] @ "673700000"
// RTL Simulation : 270 / 1000 [100.00%] @ "676204000"
// RTL Simulation : 271 / 1000 [100.00%] @ "678708000"
// RTL Simulation : 272 / 1000 [100.00%] @ "681212000"
// RTL Simulation : 273 / 1000 [100.00%] @ "683716000"
// RTL Simulation : 274 / 1000 [100.00%] @ "686220000"
// RTL Simulation : 275 / 1000 [100.00%] @ "688724000"
// RTL Simulation : 276 / 1000 [100.00%] @ "691228000"
// RTL Simulation : 277 / 1000 [100.00%] @ "693732000"
// RTL Simulation : 278 / 1000 [100.00%] @ "696236000"
// RTL Simulation : 279 / 1000 [100.00%] @ "698740000"
// RTL Simulation : 280 / 1000 [100.00%] @ "701244000"
// RTL Simulation : 281 / 1000 [100.00%] @ "703748000"
// RTL Simulation : 282 / 1000 [100.00%] @ "706252000"
// RTL Simulation : 283 / 1000 [100.00%] @ "708756000"
// RTL Simulation : 284 / 1000 [100.00%] @ "711260000"
// RTL Simulation : 285 / 1000 [100.00%] @ "713764000"
// RTL Simulation : 286 / 1000 [100.00%] @ "716268000"
// RTL Simulation : 287 / 1000 [100.00%] @ "718772000"
// RTL Simulation : 288 / 1000 [100.00%] @ "721276000"
// RTL Simulation : 289 / 1000 [100.00%] @ "723780000"
// RTL Simulation : 290 / 1000 [100.00%] @ "726284000"
// RTL Simulation : 291 / 1000 [100.00%] @ "728788000"
// RTL Simulation : 292 / 1000 [100.00%] @ "731292000"
// RTL Simulation : 293 / 1000 [100.00%] @ "733796000"
// RTL Simulation : 294 / 1000 [100.00%] @ "736300000"
// RTL Simulation : 295 / 1000 [100.00%] @ "738804000"
// RTL Simulation : 296 / 1000 [100.00%] @ "741308000"
// RTL Simulation : 297 / 1000 [100.00%] @ "743812000"
// RTL Simulation : 298 / 1000 [100.00%] @ "746316000"
// RTL Simulation : 299 / 1000 [100.00%] @ "748820000"
// RTL Simulation : 300 / 1000 [100.00%] @ "751324000"
// RTL Simulation : 301 / 1000 [100.00%] @ "753828000"
// RTL Simulation : 302 / 1000 [100.00%] @ "756332000"
// RTL Simulation : 303 / 1000 [100.00%] @ "758836000"
// RTL Simulation : 304 / 1000 [100.00%] @ "761340000"
// RTL Simulation : 305 / 1000 [100.00%] @ "763844000"
// RTL Simulation : 306 / 1000 [100.00%] @ "766348000"
// RTL Simulation : 307 / 1000 [100.00%] @ "768852000"
// RTL Simulation : 308 / 1000 [100.00%] @ "771356000"
// RTL Simulation : 309 / 1000 [100.00%] @ "773860000"
// RTL Simulation : 310 / 1000 [100.00%] @ "776364000"
// RTL Simulation : 311 / 1000 [100.00%] @ "778868000"
// RTL Simulation : 312 / 1000 [100.00%] @ "781372000"
// RTL Simulation : 313 / 1000 [100.00%] @ "783876000"
// RTL Simulation : 314 / 1000 [100.00%] @ "786380000"
// RTL Simulation : 315 / 1000 [100.00%] @ "788884000"
// RTL Simulation : 316 / 1000 [100.00%] @ "791388000"
// RTL Simulation : 317 / 1000 [100.00%] @ "793892000"
// RTL Simulation : 318 / 1000 [100.00%] @ "796396000"
// RTL Simulation : 319 / 1000 [100.00%] @ "798900000"
// RTL Simulation : 320 / 1000 [100.00%] @ "801404000"
// RTL Simulation : 321 / 1000 [100.00%] @ "803908000"
// RTL Simulation : 322 / 1000 [100.00%] @ "806412000"
// RTL Simulation : 323 / 1000 [100.00%] @ "808916000"
// RTL Simulation : 324 / 1000 [100.00%] @ "811420000"
// RTL Simulation : 325 / 1000 [100.00%] @ "813924000"
// RTL Simulation : 326 / 1000 [100.00%] @ "816428000"
// RTL Simulation : 327 / 1000 [100.00%] @ "818932000"
// RTL Simulation : 328 / 1000 [100.00%] @ "821436000"
// RTL Simulation : 329 / 1000 [100.00%] @ "823940000"
// RTL Simulation : 330 / 1000 [100.00%] @ "826444000"
// RTL Simulation : 331 / 1000 [100.00%] @ "828948000"
// RTL Simulation : 332 / 1000 [100.00%] @ "831452000"
// RTL Simulation : 333 / 1000 [100.00%] @ "833956000"
// RTL Simulation : 334 / 1000 [100.00%] @ "836460000"
// RTL Simulation : 335 / 1000 [100.00%] @ "838964000"
// RTL Simulation : 336 / 1000 [100.00%] @ "841468000"
// RTL Simulation : 337 / 1000 [100.00%] @ "843972000"
// RTL Simulation : 338 / 1000 [100.00%] @ "846476000"
// RTL Simulation : 339 / 1000 [100.00%] @ "848980000"
// RTL Simulation : 340 / 1000 [100.00%] @ "851484000"
// RTL Simulation : 341 / 1000 [100.00%] @ "853988000"
// RTL Simulation : 342 / 1000 [100.00%] @ "856492000"
// RTL Simulation : 343 / 1000 [100.00%] @ "858996000"
// RTL Simulation : 344 / 1000 [100.00%] @ "861500000"
// RTL Simulation : 345 / 1000 [100.00%] @ "864004000"
// RTL Simulation : 346 / 1000 [100.00%] @ "866508000"
// RTL Simulation : 347 / 1000 [100.00%] @ "869012000"
// RTL Simulation : 348 / 1000 [100.00%] @ "871516000"
// RTL Simulation : 349 / 1000 [100.00%] @ "874020000"
// RTL Simulation : 350 / 1000 [100.00%] @ "876524000"
// RTL Simulation : 351 / 1000 [100.00%] @ "879028000"
// RTL Simulation : 352 / 1000 [100.00%] @ "881532000"
// RTL Simulation : 353 / 1000 [100.00%] @ "884036000"
// RTL Simulation : 354 / 1000 [100.00%] @ "886540000"
// RTL Simulation : 355 / 1000 [100.00%] @ "889044000"
// RTL Simulation : 356 / 1000 [100.00%] @ "891548000"
// RTL Simulation : 357 / 1000 [100.00%] @ "894052000"
// RTL Simulation : 358 / 1000 [100.00%] @ "896556000"
// RTL Simulation : 359 / 1000 [100.00%] @ "899060000"
// RTL Simulation : 360 / 1000 [100.00%] @ "901564000"
// RTL Simulation : 361 / 1000 [100.00%] @ "904068000"
// RTL Simulation : 362 / 1000 [100.00%] @ "906572000"
// RTL Simulation : 363 / 1000 [100.00%] @ "909076000"
// RTL Simulation : 364 / 1000 [100.00%] @ "911580000"
// RTL Simulation : 365 / 1000 [100.00%] @ "914084000"
// RTL Simulation : 366 / 1000 [100.00%] @ "916588000"
// RTL Simulation : 367 / 1000 [100.00%] @ "919092000"
// RTL Simulation : 368 / 1000 [100.00%] @ "921596000"
// RTL Simulation : 369 / 1000 [100.00%] @ "924100000"
// RTL Simulation : 370 / 1000 [100.00%] @ "926604000"
// RTL Simulation : 371 / 1000 [100.00%] @ "929108000"
// RTL Simulation : 372 / 1000 [100.00%] @ "931612000"
// RTL Simulation : 373 / 1000 [100.00%] @ "934116000"
// RTL Simulation : 374 / 1000 [100.00%] @ "936620000"
// RTL Simulation : 375 / 1000 [100.00%] @ "939124000"
// RTL Simulation : 376 / 1000 [100.00%] @ "941628000"
// RTL Simulation : 377 / 1000 [100.00%] @ "944132000"
// RTL Simulation : 378 / 1000 [100.00%] @ "946636000"
// RTL Simulation : 379 / 1000 [100.00%] @ "949140000"
// RTL Simulation : 380 / 1000 [100.00%] @ "951644000"
// RTL Simulation : 381 / 1000 [100.00%] @ "954148000"
// RTL Simulation : 382 / 1000 [100.00%] @ "956652000"
// RTL Simulation : 383 / 1000 [100.00%] @ "959156000"
// RTL Simulation : 384 / 1000 [100.00%] @ "961660000"
// RTL Simulation : 385 / 1000 [100.00%] @ "964164000"
// RTL Simulation : 386 / 1000 [100.00%] @ "966668000"
// RTL Simulation : 387 / 1000 [100.00%] @ "969172000"
// RTL Simulation : 388 / 1000 [100.00%] @ "971676000"
// RTL Simulation : 389 / 1000 [100.00%] @ "974180000"
// RTL Simulation : 390 / 1000 [100.00%] @ "976684000"
// RTL Simulation : 391 / 1000 [100.00%] @ "979188000"
// RTL Simulation : 392 / 1000 [100.00%] @ "981692000"
// RTL Simulation : 393 / 1000 [100.00%] @ "984196000"
// RTL Simulation : 394 / 1000 [100.00%] @ "986700000"
// RTL Simulation : 395 / 1000 [100.00%] @ "989204000"
// RTL Simulation : 396 / 1000 [100.00%] @ "991708000"
// RTL Simulation : 397 / 1000 [100.00%] @ "994212000"
// RTL Simulation : 398 / 1000 [100.00%] @ "996716000"
// RTL Simulation : 399 / 1000 [100.00%] @ "999220000"
// RTL Simulation : 400 / 1000 [100.00%] @ "1001724000"
// RTL Simulation : 401 / 1000 [100.00%] @ "1004228000"
// RTL Simulation : 402 / 1000 [100.00%] @ "1006732000"
// RTL Simulation : 403 / 1000 [100.00%] @ "1009236000"
// RTL Simulation : 404 / 1000 [100.00%] @ "1011740000"
// RTL Simulation : 405 / 1000 [100.00%] @ "1014244000"
// RTL Simulation : 406 / 1000 [100.00%] @ "1016748000"
// RTL Simulation : 407 / 1000 [100.00%] @ "1019252000"
// RTL Simulation : 408 / 1000 [100.00%] @ "1021756000"
// RTL Simulation : 409 / 1000 [100.00%] @ "1024260000"
// RTL Simulation : 410 / 1000 [100.00%] @ "1026764000"
// RTL Simulation : 411 / 1000 [100.00%] @ "1029268000"
// RTL Simulation : 412 / 1000 [100.00%] @ "1031772000"
// RTL Simulation : 413 / 1000 [100.00%] @ "1034276000"
// RTL Simulation : 414 / 1000 [100.00%] @ "1036780000"
// RTL Simulation : 415 / 1000 [100.00%] @ "1039284000"
// RTL Simulation : 416 / 1000 [100.00%] @ "1041788000"
// RTL Simulation : 417 / 1000 [100.00%] @ "1044292000"
// RTL Simulation : 418 / 1000 [100.00%] @ "1046796000"
// RTL Simulation : 419 / 1000 [100.00%] @ "1049300000"
// RTL Simulation : 420 / 1000 [100.00%] @ "1051804000"
// RTL Simulation : 421 / 1000 [100.00%] @ "1054308000"
// RTL Simulation : 422 / 1000 [100.00%] @ "1056812000"
// RTL Simulation : 423 / 1000 [100.00%] @ "1059316000"
// RTL Simulation : 424 / 1000 [100.00%] @ "1061820000"
// RTL Simulation : 425 / 1000 [100.00%] @ "1064324000"
// RTL Simulation : 426 / 1000 [100.00%] @ "1066828000"
// RTL Simulation : 427 / 1000 [100.00%] @ "1069332000"
// RTL Simulation : 428 / 1000 [100.00%] @ "1071836000"
// RTL Simulation : 429 / 1000 [100.00%] @ "1074340000"
// RTL Simulation : 430 / 1000 [100.00%] @ "1076844000"
// RTL Simulation : 431 / 1000 [100.00%] @ "1079348000"
// RTL Simulation : 432 / 1000 [100.00%] @ "1081852000"
// RTL Simulation : 433 / 1000 [100.00%] @ "1084356000"
// RTL Simulation : 434 / 1000 [100.00%] @ "1086860000"
// RTL Simulation : 435 / 1000 [100.00%] @ "1089364000"
// RTL Simulation : 436 / 1000 [100.00%] @ "1091868000"
// RTL Simulation : 437 / 1000 [100.00%] @ "1094372000"
// RTL Simulation : 438 / 1000 [100.00%] @ "1096876000"
// RTL Simulation : 439 / 1000 [100.00%] @ "1099380000"
// RTL Simulation : 440 / 1000 [100.00%] @ "1101884000"
// RTL Simulation : 441 / 1000 [100.00%] @ "1104388000"
// RTL Simulation : 442 / 1000 [100.00%] @ "1106892000"
// RTL Simulation : 443 / 1000 [100.00%] @ "1109396000"
// RTL Simulation : 444 / 1000 [100.00%] @ "1111900000"
// RTL Simulation : 445 / 1000 [100.00%] @ "1114404000"
// RTL Simulation : 446 / 1000 [100.00%] @ "1116908000"
// RTL Simulation : 447 / 1000 [100.00%] @ "1119412000"
// RTL Simulation : 448 / 1000 [100.00%] @ "1121916000"
// RTL Simulation : 449 / 1000 [100.00%] @ "1124420000"
// RTL Simulation : 450 / 1000 [100.00%] @ "1126924000"
// RTL Simulation : 451 / 1000 [100.00%] @ "1129428000"
// RTL Simulation : 452 / 1000 [100.00%] @ "1131932000"
// RTL Simulation : 453 / 1000 [100.00%] @ "1134436000"
// RTL Simulation : 454 / 1000 [100.00%] @ "1136940000"
// RTL Simulation : 455 / 1000 [100.00%] @ "1139444000"
// RTL Simulation : 456 / 1000 [100.00%] @ "1141948000"
// RTL Simulation : 457 / 1000 [100.00%] @ "1144452000"
// RTL Simulation : 458 / 1000 [100.00%] @ "1146956000"
// RTL Simulation : 459 / 1000 [100.00%] @ "1149460000"
// RTL Simulation : 460 / 1000 [100.00%] @ "1151964000"
// RTL Simulation : 461 / 1000 [100.00%] @ "1154468000"
// RTL Simulation : 462 / 1000 [100.00%] @ "1156972000"
// RTL Simulation : 463 / 1000 [100.00%] @ "1159476000"
// RTL Simulation : 464 / 1000 [100.00%] @ "1161980000"
// RTL Simulation : 465 / 1000 [100.00%] @ "1164484000"
// RTL Simulation : 466 / 1000 [100.00%] @ "1166988000"
// RTL Simulation : 467 / 1000 [100.00%] @ "1169492000"
// RTL Simulation : 468 / 1000 [100.00%] @ "1171996000"
// RTL Simulation : 469 / 1000 [100.00%] @ "1174500000"
// RTL Simulation : 470 / 1000 [100.00%] @ "1177004000"
// RTL Simulation : 471 / 1000 [100.00%] @ "1179508000"
// RTL Simulation : 472 / 1000 [100.00%] @ "1182012000"
// RTL Simulation : 473 / 1000 [100.00%] @ "1184516000"
// RTL Simulation : 474 / 1000 [100.00%] @ "1187020000"
// RTL Simulation : 475 / 1000 [100.00%] @ "1189524000"
// RTL Simulation : 476 / 1000 [100.00%] @ "1192028000"
// RTL Simulation : 477 / 1000 [100.00%] @ "1194532000"
// RTL Simulation : 478 / 1000 [100.00%] @ "1197036000"
// RTL Simulation : 479 / 1000 [100.00%] @ "1199540000"
// RTL Simulation : 480 / 1000 [100.00%] @ "1202044000"
// RTL Simulation : 481 / 1000 [100.00%] @ "1204548000"
// RTL Simulation : 482 / 1000 [100.00%] @ "1207052000"
// RTL Simulation : 483 / 1000 [100.00%] @ "1209556000"
// RTL Simulation : 484 / 1000 [100.00%] @ "1212060000"
// RTL Simulation : 485 / 1000 [100.00%] @ "1214564000"
// RTL Simulation : 486 / 1000 [100.00%] @ "1217068000"
// RTL Simulation : 487 / 1000 [100.00%] @ "1219572000"
// RTL Simulation : 488 / 1000 [100.00%] @ "1222076000"
// RTL Simulation : 489 / 1000 [100.00%] @ "1224580000"
// RTL Simulation : 490 / 1000 [100.00%] @ "1227084000"
// RTL Simulation : 491 / 1000 [100.00%] @ "1229588000"
// RTL Simulation : 492 / 1000 [100.00%] @ "1232092000"
// RTL Simulation : 493 / 1000 [100.00%] @ "1234596000"
// RTL Simulation : 494 / 1000 [100.00%] @ "1237100000"
// RTL Simulation : 495 / 1000 [100.00%] @ "1239604000"
// RTL Simulation : 496 / 1000 [100.00%] @ "1242108000"
// RTL Simulation : 497 / 1000 [100.00%] @ "1244612000"
// RTL Simulation : 498 / 1000 [100.00%] @ "1247116000"
// RTL Simulation : 499 / 1000 [100.00%] @ "1249620000"
// RTL Simulation : 500 / 1000 [100.00%] @ "1252124000"
// RTL Simulation : 501 / 1000 [100.00%] @ "1254628000"
// RTL Simulation : 502 / 1000 [100.00%] @ "1257132000"
// RTL Simulation : 503 / 1000 [100.00%] @ "1259636000"
// RTL Simulation : 504 / 1000 [100.00%] @ "1262140000"
// RTL Simulation : 505 / 1000 [100.00%] @ "1264644000"
// RTL Simulation : 506 / 1000 [100.00%] @ "1267148000"
// RTL Simulation : 507 / 1000 [100.00%] @ "1269652000"
// RTL Simulation : 508 / 1000 [100.00%] @ "1272156000"
// RTL Simulation : 509 / 1000 [100.00%] @ "1274660000"
// RTL Simulation : 510 / 1000 [100.00%] @ "1277164000"
// RTL Simulation : 511 / 1000 [100.00%] @ "1279668000"
// RTL Simulation : 512 / 1000 [100.00%] @ "1282172000"
// RTL Simulation : 513 / 1000 [100.00%] @ "1284676000"
// RTL Simulation : 514 / 1000 [100.00%] @ "1287180000"
// RTL Simulation : 515 / 1000 [100.00%] @ "1289684000"
// RTL Simulation : 516 / 1000 [100.00%] @ "1292188000"
// RTL Simulation : 517 / 1000 [100.00%] @ "1294692000"
// RTL Simulation : 518 / 1000 [100.00%] @ "1297196000"
// RTL Simulation : 519 / 1000 [100.00%] @ "1299700000"
// RTL Simulation : 520 / 1000 [100.00%] @ "1302204000"
// RTL Simulation : 521 / 1000 [100.00%] @ "1304708000"
// RTL Simulation : 522 / 1000 [100.00%] @ "1307212000"
// RTL Simulation : 523 / 1000 [100.00%] @ "1309716000"
// RTL Simulation : 524 / 1000 [100.00%] @ "1312220000"
// RTL Simulation : 525 / 1000 [100.00%] @ "1314724000"
// RTL Simulation : 526 / 1000 [100.00%] @ "1317228000"
// RTL Simulation : 527 / 1000 [100.00%] @ "1319732000"
// RTL Simulation : 528 / 1000 [100.00%] @ "1322236000"
// RTL Simulation : 529 / 1000 [100.00%] @ "1324740000"
// RTL Simulation : 530 / 1000 [100.00%] @ "1327244000"
// RTL Simulation : 531 / 1000 [100.00%] @ "1329748000"
// RTL Simulation : 532 / 1000 [100.00%] @ "1332252000"
// RTL Simulation : 533 / 1000 [100.00%] @ "1334756000"
// RTL Simulation : 534 / 1000 [100.00%] @ "1337260000"
// RTL Simulation : 535 / 1000 [100.00%] @ "1339764000"
// RTL Simulation : 536 / 1000 [100.00%] @ "1342268000"
// RTL Simulation : 537 / 1000 [100.00%] @ "1344772000"
// RTL Simulation : 538 / 1000 [100.00%] @ "1347276000"
// RTL Simulation : 539 / 1000 [100.00%] @ "1349780000"
// RTL Simulation : 540 / 1000 [100.00%] @ "1352284000"
// RTL Simulation : 541 / 1000 [100.00%] @ "1354788000"
// RTL Simulation : 542 / 1000 [100.00%] @ "1357292000"
// RTL Simulation : 543 / 1000 [100.00%] @ "1359796000"
// RTL Simulation : 544 / 1000 [100.00%] @ "1362300000"
// RTL Simulation : 545 / 1000 [100.00%] @ "1364804000"
// RTL Simulation : 546 / 1000 [100.00%] @ "1367308000"
// RTL Simulation : 547 / 1000 [100.00%] @ "1369812000"
// RTL Simulation : 548 / 1000 [100.00%] @ "1372316000"
// RTL Simulation : 549 / 1000 [100.00%] @ "1374820000"
// RTL Simulation : 550 / 1000 [100.00%] @ "1377324000"
// RTL Simulation : 551 / 1000 [100.00%] @ "1379828000"
// RTL Simulation : 552 / 1000 [100.00%] @ "1382332000"
// RTL Simulation : 553 / 1000 [100.00%] @ "1384836000"
// RTL Simulation : 554 / 1000 [100.00%] @ "1387340000"
// RTL Simulation : 555 / 1000 [100.00%] @ "1389844000"
// RTL Simulation : 556 / 1000 [100.00%] @ "1392348000"
// RTL Simulation : 557 / 1000 [100.00%] @ "1394852000"
// RTL Simulation : 558 / 1000 [100.00%] @ "1397356000"
// RTL Simulation : 559 / 1000 [100.00%] @ "1399860000"
// RTL Simulation : 560 / 1000 [100.00%] @ "1402364000"
// RTL Simulation : 561 / 1000 [100.00%] @ "1404868000"
// RTL Simulation : 562 / 1000 [100.00%] @ "1407372000"
// RTL Simulation : 563 / 1000 [100.00%] @ "1409876000"
// RTL Simulation : 564 / 1000 [100.00%] @ "1412380000"
// RTL Simulation : 565 / 1000 [100.00%] @ "1414884000"
// RTL Simulation : 566 / 1000 [100.00%] @ "1417388000"
// RTL Simulation : 567 / 1000 [100.00%] @ "1419892000"
// RTL Simulation : 568 / 1000 [100.00%] @ "1422396000"
// RTL Simulation : 569 / 1000 [100.00%] @ "1424900000"
// RTL Simulation : 570 / 1000 [100.00%] @ "1427404000"
// RTL Simulation : 571 / 1000 [100.00%] @ "1429908000"
// RTL Simulation : 572 / 1000 [100.00%] @ "1432412000"
// RTL Simulation : 573 / 1000 [100.00%] @ "1434916000"
// RTL Simulation : 574 / 1000 [100.00%] @ "1437420000"
// RTL Simulation : 575 / 1000 [100.00%] @ "1439924000"
// RTL Simulation : 576 / 1000 [100.00%] @ "1442428000"
// RTL Simulation : 577 / 1000 [100.00%] @ "1444932000"
// RTL Simulation : 578 / 1000 [100.00%] @ "1447436000"
// RTL Simulation : 579 / 1000 [100.00%] @ "1449940000"
// RTL Simulation : 580 / 1000 [100.00%] @ "1452444000"
// RTL Simulation : 581 / 1000 [100.00%] @ "1454948000"
// RTL Simulation : 582 / 1000 [100.00%] @ "1457452000"
// RTL Simulation : 583 / 1000 [100.00%] @ "1459956000"
// RTL Simulation : 584 / 1000 [100.00%] @ "1462460000"
// RTL Simulation : 585 / 1000 [100.00%] @ "1464964000"
// RTL Simulation : 586 / 1000 [100.00%] @ "1467468000"
// RTL Simulation : 587 / 1000 [100.00%] @ "1469972000"
// RTL Simulation : 588 / 1000 [100.00%] @ "1472476000"
// RTL Simulation : 589 / 1000 [100.00%] @ "1474980000"
// RTL Simulation : 590 / 1000 [100.00%] @ "1477484000"
// RTL Simulation : 591 / 1000 [100.00%] @ "1479988000"
// RTL Simulation : 592 / 1000 [100.00%] @ "1482492000"
// RTL Simulation : 593 / 1000 [100.00%] @ "1484996000"
// RTL Simulation : 594 / 1000 [100.00%] @ "1487500000"
// RTL Simulation : 595 / 1000 [100.00%] @ "1490004000"
// RTL Simulation : 596 / 1000 [100.00%] @ "1492508000"
// RTL Simulation : 597 / 1000 [100.00%] @ "1495012000"
// RTL Simulation : 598 / 1000 [100.00%] @ "1497516000"
// RTL Simulation : 599 / 1000 [100.00%] @ "1500020000"
// RTL Simulation : 600 / 1000 [100.00%] @ "1502524000"
// RTL Simulation : 601 / 1000 [100.00%] @ "1505028000"
// RTL Simulation : 602 / 1000 [100.00%] @ "1507532000"
// RTL Simulation : 603 / 1000 [100.00%] @ "1510036000"
// RTL Simulation : 604 / 1000 [100.00%] @ "1512540000"
// RTL Simulation : 605 / 1000 [100.00%] @ "1515044000"
// RTL Simulation : 606 / 1000 [100.00%] @ "1517548000"
// RTL Simulation : 607 / 1000 [100.00%] @ "1520052000"
// RTL Simulation : 608 / 1000 [100.00%] @ "1522556000"
// RTL Simulation : 609 / 1000 [100.00%] @ "1525060000"
// RTL Simulation : 610 / 1000 [100.00%] @ "1527564000"
// RTL Simulation : 611 / 1000 [100.00%] @ "1530068000"
// RTL Simulation : 612 / 1000 [100.00%] @ "1532572000"
// RTL Simulation : 613 / 1000 [100.00%] @ "1535076000"
// RTL Simulation : 614 / 1000 [100.00%] @ "1537580000"
// RTL Simulation : 615 / 1000 [100.00%] @ "1540084000"
// RTL Simulation : 616 / 1000 [100.00%] @ "1542588000"
// RTL Simulation : 617 / 1000 [100.00%] @ "1545092000"
// RTL Simulation : 618 / 1000 [100.00%] @ "1547596000"
// RTL Simulation : 619 / 1000 [100.00%] @ "1550100000"
// RTL Simulation : 620 / 1000 [100.00%] @ "1552604000"
// RTL Simulation : 621 / 1000 [100.00%] @ "1555108000"
// RTL Simulation : 622 / 1000 [100.00%] @ "1557612000"
// RTL Simulation : 623 / 1000 [100.00%] @ "1560116000"
// RTL Simulation : 624 / 1000 [100.00%] @ "1562620000"
// RTL Simulation : 625 / 1000 [100.00%] @ "1565124000"
// RTL Simulation : 626 / 1000 [100.00%] @ "1567628000"
// RTL Simulation : 627 / 1000 [100.00%] @ "1570132000"
// RTL Simulation : 628 / 1000 [100.00%] @ "1572636000"
// RTL Simulation : 629 / 1000 [100.00%] @ "1575140000"
// RTL Simulation : 630 / 1000 [100.00%] @ "1577644000"
// RTL Simulation : 631 / 1000 [100.00%] @ "1580148000"
// RTL Simulation : 632 / 1000 [100.00%] @ "1582652000"
// RTL Simulation : 633 / 1000 [100.00%] @ "1585156000"
// RTL Simulation : 634 / 1000 [100.00%] @ "1587660000"
// RTL Simulation : 635 / 1000 [100.00%] @ "1590164000"
// RTL Simulation : 636 / 1000 [100.00%] @ "1592668000"
// RTL Simulation : 637 / 1000 [100.00%] @ "1595172000"
// RTL Simulation : 638 / 1000 [100.00%] @ "1597676000"
// RTL Simulation : 639 / 1000 [100.00%] @ "1600180000"
// RTL Simulation : 640 / 1000 [100.00%] @ "1602684000"
// RTL Simulation : 641 / 1000 [100.00%] @ "1605188000"
// RTL Simulation : 642 / 1000 [100.00%] @ "1607692000"
// RTL Simulation : 643 / 1000 [100.00%] @ "1610196000"
// RTL Simulation : 644 / 1000 [100.00%] @ "1612700000"
// RTL Simulation : 645 / 1000 [100.00%] @ "1615204000"
// RTL Simulation : 646 / 1000 [100.00%] @ "1617708000"
// RTL Simulation : 647 / 1000 [100.00%] @ "1620212000"
// RTL Simulation : 648 / 1000 [100.00%] @ "1622716000"
// RTL Simulation : 649 / 1000 [100.00%] @ "1625220000"
// RTL Simulation : 650 / 1000 [100.00%] @ "1627724000"
// RTL Simulation : 651 / 1000 [100.00%] @ "1630228000"
// RTL Simulation : 652 / 1000 [100.00%] @ "1632732000"
// RTL Simulation : 653 / 1000 [100.00%] @ "1635236000"
// RTL Simulation : 654 / 1000 [100.00%] @ "1637740000"
// RTL Simulation : 655 / 1000 [100.00%] @ "1640244000"
// RTL Simulation : 656 / 1000 [100.00%] @ "1642748000"
// RTL Simulation : 657 / 1000 [100.00%] @ "1645252000"
// RTL Simulation : 658 / 1000 [100.00%] @ "1647756000"
// RTL Simulation : 659 / 1000 [100.00%] @ "1650260000"
// RTL Simulation : 660 / 1000 [100.00%] @ "1652764000"
// RTL Simulation : 661 / 1000 [100.00%] @ "1655268000"
// RTL Simulation : 662 / 1000 [100.00%] @ "1657772000"
// RTL Simulation : 663 / 1000 [100.00%] @ "1660276000"
// RTL Simulation : 664 / 1000 [100.00%] @ "1662780000"
// RTL Simulation : 665 / 1000 [100.00%] @ "1665284000"
// RTL Simulation : 666 / 1000 [100.00%] @ "1667788000"
// RTL Simulation : 667 / 1000 [100.00%] @ "1670292000"
// RTL Simulation : 668 / 1000 [100.00%] @ "1672796000"
// RTL Simulation : 669 / 1000 [100.00%] @ "1675300000"
// RTL Simulation : 670 / 1000 [100.00%] @ "1677804000"
// RTL Simulation : 671 / 1000 [100.00%] @ "1680308000"
// RTL Simulation : 672 / 1000 [100.00%] @ "1682812000"
// RTL Simulation : 673 / 1000 [100.00%] @ "1685316000"
// RTL Simulation : 674 / 1000 [100.00%] @ "1687820000"
// RTL Simulation : 675 / 1000 [100.00%] @ "1690324000"
// RTL Simulation : 676 / 1000 [100.00%] @ "1692828000"
// RTL Simulation : 677 / 1000 [100.00%] @ "1695332000"
// RTL Simulation : 678 / 1000 [100.00%] @ "1697836000"
// RTL Simulation : 679 / 1000 [100.00%] @ "1700340000"
// RTL Simulation : 680 / 1000 [100.00%] @ "1702844000"
// RTL Simulation : 681 / 1000 [100.00%] @ "1705348000"
// RTL Simulation : 682 / 1000 [100.00%] @ "1707852000"
// RTL Simulation : 683 / 1000 [100.00%] @ "1710356000"
// RTL Simulation : 684 / 1000 [100.00%] @ "1712860000"
// RTL Simulation : 685 / 1000 [100.00%] @ "1715364000"
// RTL Simulation : 686 / 1000 [100.00%] @ "1717868000"
// RTL Simulation : 687 / 1000 [100.00%] @ "1720372000"
// RTL Simulation : 688 / 1000 [100.00%] @ "1722876000"
// RTL Simulation : 689 / 1000 [100.00%] @ "1725380000"
// RTL Simulation : 690 / 1000 [100.00%] @ "1727884000"
// RTL Simulation : 691 / 1000 [100.00%] @ "1730388000"
// RTL Simulation : 692 / 1000 [100.00%] @ "1732892000"
// RTL Simulation : 693 / 1000 [100.00%] @ "1735396000"
// RTL Simulation : 694 / 1000 [100.00%] @ "1737900000"
// RTL Simulation : 695 / 1000 [100.00%] @ "1740404000"
// RTL Simulation : 696 / 1000 [100.00%] @ "1742908000"
// RTL Simulation : 697 / 1000 [100.00%] @ "1745412000"
// RTL Simulation : 698 / 1000 [100.00%] @ "1747916000"
// RTL Simulation : 699 / 1000 [100.00%] @ "1750420000"
// RTL Simulation : 700 / 1000 [100.00%] @ "1752924000"
// RTL Simulation : 701 / 1000 [100.00%] @ "1755428000"
// RTL Simulation : 702 / 1000 [100.00%] @ "1757932000"
// RTL Simulation : 703 / 1000 [100.00%] @ "1760436000"
// RTL Simulation : 704 / 1000 [100.00%] @ "1762940000"
// RTL Simulation : 705 / 1000 [100.00%] @ "1765444000"
// RTL Simulation : 706 / 1000 [100.00%] @ "1767948000"
// RTL Simulation : 707 / 1000 [100.00%] @ "1770452000"
// RTL Simulation : 708 / 1000 [100.00%] @ "1772956000"
// RTL Simulation : 709 / 1000 [100.00%] @ "1775460000"
// RTL Simulation : 710 / 1000 [100.00%] @ "1777964000"
// RTL Simulation : 711 / 1000 [100.00%] @ "1780468000"
// RTL Simulation : 712 / 1000 [100.00%] @ "1782972000"
// RTL Simulation : 713 / 1000 [100.00%] @ "1785476000"
// RTL Simulation : 714 / 1000 [100.00%] @ "1787980000"
// RTL Simulation : 715 / 1000 [100.00%] @ "1790484000"
// RTL Simulation : 716 / 1000 [100.00%] @ "1792988000"
// RTL Simulation : 717 / 1000 [100.00%] @ "1795492000"
// RTL Simulation : 718 / 1000 [100.00%] @ "1797996000"
// RTL Simulation : 719 / 1000 [100.00%] @ "1800500000"
// RTL Simulation : 720 / 1000 [100.00%] @ "1803004000"
// RTL Simulation : 721 / 1000 [100.00%] @ "1805508000"
// RTL Simulation : 722 / 1000 [100.00%] @ "1808012000"
// RTL Simulation : 723 / 1000 [100.00%] @ "1810516000"
// RTL Simulation : 724 / 1000 [100.00%] @ "1813020000"
// RTL Simulation : 725 / 1000 [100.00%] @ "1815524000"
// RTL Simulation : 726 / 1000 [100.00%] @ "1818028000"
// RTL Simulation : 727 / 1000 [100.00%] @ "1820532000"
// RTL Simulation : 728 / 1000 [100.00%] @ "1823036000"
// RTL Simulation : 729 / 1000 [100.00%] @ "1825540000"
// RTL Simulation : 730 / 1000 [100.00%] @ "1828044000"
// RTL Simulation : 731 / 1000 [100.00%] @ "1830548000"
// RTL Simulation : 732 / 1000 [100.00%] @ "1833052000"
// RTL Simulation : 733 / 1000 [100.00%] @ "1835556000"
// RTL Simulation : 734 / 1000 [100.00%] @ "1838060000"
// RTL Simulation : 735 / 1000 [100.00%] @ "1840564000"
// RTL Simulation : 736 / 1000 [100.00%] @ "1843068000"
// RTL Simulation : 737 / 1000 [100.00%] @ "1845572000"
// RTL Simulation : 738 / 1000 [100.00%] @ "1848076000"
// RTL Simulation : 739 / 1000 [100.00%] @ "1850580000"
// RTL Simulation : 740 / 1000 [100.00%] @ "1853084000"
// RTL Simulation : 741 / 1000 [100.00%] @ "1855588000"
// RTL Simulation : 742 / 1000 [100.00%] @ "1858092000"
// RTL Simulation : 743 / 1000 [100.00%] @ "1860596000"
// RTL Simulation : 744 / 1000 [100.00%] @ "1863100000"
// RTL Simulation : 745 / 1000 [100.00%] @ "1865604000"
// RTL Simulation : 746 / 1000 [100.00%] @ "1868108000"
// RTL Simulation : 747 / 1000 [100.00%] @ "1870612000"
// RTL Simulation : 748 / 1000 [100.00%] @ "1873116000"
// RTL Simulation : 749 / 1000 [100.00%] @ "1875620000"
// RTL Simulation : 750 / 1000 [100.00%] @ "1878124000"
// RTL Simulation : 751 / 1000 [100.00%] @ "1880628000"
// RTL Simulation : 752 / 1000 [100.00%] @ "1883132000"
// RTL Simulation : 753 / 1000 [100.00%] @ "1885636000"
// RTL Simulation : 754 / 1000 [100.00%] @ "1888140000"
// RTL Simulation : 755 / 1000 [100.00%] @ "1890644000"
// RTL Simulation : 756 / 1000 [100.00%] @ "1893148000"
// RTL Simulation : 757 / 1000 [100.00%] @ "1895652000"
// RTL Simulation : 758 / 1000 [100.00%] @ "1898156000"
// RTL Simulation : 759 / 1000 [100.00%] @ "1900660000"
// RTL Simulation : 760 / 1000 [100.00%] @ "1903164000"
// RTL Simulation : 761 / 1000 [100.00%] @ "1905668000"
// RTL Simulation : 762 / 1000 [100.00%] @ "1908172000"
// RTL Simulation : 763 / 1000 [100.00%] @ "1910676000"
// RTL Simulation : 764 / 1000 [100.00%] @ "1913180000"
// RTL Simulation : 765 / 1000 [100.00%] @ "1915684000"
// RTL Simulation : 766 / 1000 [100.00%] @ "1918188000"
// RTL Simulation : 767 / 1000 [100.00%] @ "1920692000"
// RTL Simulation : 768 / 1000 [100.00%] @ "1923196000"
// RTL Simulation : 769 / 1000 [100.00%] @ "1925700000"
// RTL Simulation : 770 / 1000 [100.00%] @ "1928204000"
// RTL Simulation : 771 / 1000 [100.00%] @ "1930708000"
// RTL Simulation : 772 / 1000 [100.00%] @ "1933212000"
// RTL Simulation : 773 / 1000 [100.00%] @ "1935716000"
// RTL Simulation : 774 / 1000 [100.00%] @ "1938220000"
// RTL Simulation : 775 / 1000 [100.00%] @ "1940724000"
// RTL Simulation : 776 / 1000 [100.00%] @ "1943228000"
// RTL Simulation : 777 / 1000 [100.00%] @ "1945732000"
// RTL Simulation : 778 / 1000 [100.00%] @ "1948236000"
// RTL Simulation : 779 / 1000 [100.00%] @ "1950740000"
// RTL Simulation : 780 / 1000 [100.00%] @ "1953244000"
// RTL Simulation : 781 / 1000 [100.00%] @ "1955748000"
// RTL Simulation : 782 / 1000 [100.00%] @ "1958252000"
// RTL Simulation : 783 / 1000 [100.00%] @ "1960756000"
// RTL Simulation : 784 / 1000 [100.00%] @ "1963260000"
// RTL Simulation : 785 / 1000 [100.00%] @ "1965764000"
// RTL Simulation : 786 / 1000 [100.00%] @ "1968268000"
// RTL Simulation : 787 / 1000 [100.00%] @ "1970772000"
// RTL Simulation : 788 / 1000 [100.00%] @ "1973276000"
// RTL Simulation : 789 / 1000 [100.00%] @ "1975780000"
// RTL Simulation : 790 / 1000 [100.00%] @ "1978284000"
// RTL Simulation : 791 / 1000 [100.00%] @ "1980788000"
// RTL Simulation : 792 / 1000 [100.00%] @ "1983292000"
// RTL Simulation : 793 / 1000 [100.00%] @ "1985796000"
// RTL Simulation : 794 / 1000 [100.00%] @ "1988300000"
// RTL Simulation : 795 / 1000 [100.00%] @ "1990804000"
// RTL Simulation : 796 / 1000 [100.00%] @ "1993308000"
// RTL Simulation : 797 / 1000 [100.00%] @ "1995812000"
// RTL Simulation : 798 / 1000 [100.00%] @ "1998316000"
// RTL Simulation : 799 / 1000 [100.00%] @ "2000820000"
// RTL Simulation : 800 / 1000 [100.00%] @ "2003324000"
// RTL Simulation : 801 / 1000 [100.00%] @ "2005828000"
// RTL Simulation : 802 / 1000 [100.00%] @ "2008332000"
// RTL Simulation : 803 / 1000 [100.00%] @ "2010836000"
// RTL Simulation : 804 / 1000 [100.00%] @ "2013340000"
// RTL Simulation : 805 / 1000 [100.00%] @ "2015844000"
// RTL Simulation : 806 / 1000 [100.00%] @ "2018348000"
// RTL Simulation : 807 / 1000 [100.00%] @ "2020852000"
// RTL Simulation : 808 / 1000 [100.00%] @ "2023356000"
// RTL Simulation : 809 / 1000 [100.00%] @ "2025860000"
// RTL Simulation : 810 / 1000 [100.00%] @ "2028364000"
// RTL Simulation : 811 / 1000 [100.00%] @ "2030868000"
// RTL Simulation : 812 / 1000 [100.00%] @ "2033372000"
// RTL Simulation : 813 / 1000 [100.00%] @ "2035876000"
// RTL Simulation : 814 / 1000 [100.00%] @ "2038380000"
// RTL Simulation : 815 / 1000 [100.00%] @ "2040884000"
// RTL Simulation : 816 / 1000 [100.00%] @ "2043388000"
// RTL Simulation : 817 / 1000 [100.00%] @ "2045892000"
// RTL Simulation : 818 / 1000 [100.00%] @ "2048396000"
// RTL Simulation : 819 / 1000 [100.00%] @ "2050900000"
// RTL Simulation : 820 / 1000 [100.00%] @ "2053404000"
// RTL Simulation : 821 / 1000 [100.00%] @ "2055908000"
// RTL Simulation : 822 / 1000 [100.00%] @ "2058412000"
// RTL Simulation : 823 / 1000 [100.00%] @ "2060916000"
// RTL Simulation : 824 / 1000 [100.00%] @ "2063420000"
// RTL Simulation : 825 / 1000 [100.00%] @ "2065924000"
// RTL Simulation : 826 / 1000 [100.00%] @ "2068428000"
// RTL Simulation : 827 / 1000 [100.00%] @ "2070932000"
// RTL Simulation : 828 / 1000 [100.00%] @ "2073436000"
// RTL Simulation : 829 / 1000 [100.00%] @ "2075940000"
// RTL Simulation : 830 / 1000 [100.00%] @ "2078444000"
// RTL Simulation : 831 / 1000 [100.00%] @ "2080948000"
// RTL Simulation : 832 / 1000 [100.00%] @ "2083452000"
// RTL Simulation : 833 / 1000 [100.00%] @ "2085956000"
// RTL Simulation : 834 / 1000 [100.00%] @ "2088460000"
// RTL Simulation : 835 / 1000 [100.00%] @ "2090964000"
// RTL Simulation : 836 / 1000 [100.00%] @ "2093468000"
// RTL Simulation : 837 / 1000 [100.00%] @ "2095972000"
// RTL Simulation : 838 / 1000 [100.00%] @ "2098476000"
// RTL Simulation : 839 / 1000 [100.00%] @ "2100980000"
// RTL Simulation : 840 / 1000 [100.00%] @ "2103484000"
// RTL Simulation : 841 / 1000 [100.00%] @ "2105988000"
// RTL Simulation : 842 / 1000 [100.00%] @ "2108492000"
// RTL Simulation : 843 / 1000 [100.00%] @ "2110996000"
// RTL Simulation : 844 / 1000 [100.00%] @ "2113500000"
// RTL Simulation : 845 / 1000 [100.00%] @ "2116004000"
// RTL Simulation : 846 / 1000 [100.00%] @ "2118508000"
// RTL Simulation : 847 / 1000 [100.00%] @ "2121012000"
// RTL Simulation : 848 / 1000 [100.00%] @ "2123516000"
// RTL Simulation : 849 / 1000 [100.00%] @ "2126020000"
// RTL Simulation : 850 / 1000 [100.00%] @ "2128524000"
// RTL Simulation : 851 / 1000 [100.00%] @ "2131028000"
// RTL Simulation : 852 / 1000 [100.00%] @ "2133532000"
// RTL Simulation : 853 / 1000 [100.00%] @ "2136036000"
// RTL Simulation : 854 / 1000 [100.00%] @ "2138540000"
// RTL Simulation : 855 / 1000 [100.00%] @ "2141044000"
// RTL Simulation : 856 / 1000 [100.00%] @ "2143548000"
// RTL Simulation : 857 / 1000 [100.00%] @ "2146052000"
// RTL Simulation : 858 / 1000 [100.00%] @ "2148556000"
// RTL Simulation : 859 / 1000 [100.00%] @ "2151060000"
// RTL Simulation : 860 / 1000 [100.00%] @ "2153564000"
// RTL Simulation : 861 / 1000 [100.00%] @ "2156068000"
// RTL Simulation : 862 / 1000 [100.00%] @ "2158572000"
// RTL Simulation : 863 / 1000 [100.00%] @ "2161076000"
// RTL Simulation : 864 / 1000 [100.00%] @ "2163580000"
// RTL Simulation : 865 / 1000 [100.00%] @ "2166084000"
// RTL Simulation : 866 / 1000 [100.00%] @ "2168588000"
// RTL Simulation : 867 / 1000 [100.00%] @ "2171092000"
// RTL Simulation : 868 / 1000 [100.00%] @ "2173596000"
// RTL Simulation : 869 / 1000 [100.00%] @ "2176100000"
// RTL Simulation : 870 / 1000 [100.00%] @ "2178604000"
// RTL Simulation : 871 / 1000 [100.00%] @ "2181108000"
// RTL Simulation : 872 / 1000 [100.00%] @ "2183612000"
// RTL Simulation : 873 / 1000 [100.00%] @ "2186116000"
// RTL Simulation : 874 / 1000 [100.00%] @ "2188620000"
// RTL Simulation : 875 / 1000 [100.00%] @ "2191124000"
// RTL Simulation : 876 / 1000 [100.00%] @ "2193628000"
// RTL Simulation : 877 / 1000 [100.00%] @ "2196132000"
// RTL Simulation : 878 / 1000 [100.00%] @ "2198636000"
// RTL Simulation : 879 / 1000 [100.00%] @ "2201140000"
// RTL Simulation : 880 / 1000 [100.00%] @ "2203644000"
// RTL Simulation : 881 / 1000 [100.00%] @ "2206148000"
// RTL Simulation : 882 / 1000 [100.00%] @ "2208652000"
// RTL Simulation : 883 / 1000 [100.00%] @ "2211156000"
// RTL Simulation : 884 / 1000 [100.00%] @ "2213660000"
// RTL Simulation : 885 / 1000 [100.00%] @ "2216164000"
// RTL Simulation : 886 / 1000 [100.00%] @ "2218668000"
// RTL Simulation : 887 / 1000 [100.00%] @ "2221172000"
// RTL Simulation : 888 / 1000 [100.00%] @ "2223676000"
// RTL Simulation : 889 / 1000 [100.00%] @ "2226180000"
// RTL Simulation : 890 / 1000 [100.00%] @ "2228684000"
// RTL Simulation : 891 / 1000 [100.00%] @ "2231188000"
// RTL Simulation : 892 / 1000 [100.00%] @ "2233692000"
// RTL Simulation : 893 / 1000 [100.00%] @ "2236196000"
// RTL Simulation : 894 / 1000 [100.00%] @ "2238700000"
// RTL Simulation : 895 / 1000 [100.00%] @ "2241204000"
// RTL Simulation : 896 / 1000 [100.00%] @ "2243708000"
// RTL Simulation : 897 / 1000 [100.00%] @ "2246212000"
// RTL Simulation : 898 / 1000 [100.00%] @ "2248716000"
// RTL Simulation : 899 / 1000 [100.00%] @ "2251220000"
// RTL Simulation : 900 / 1000 [100.00%] @ "2253724000"
// RTL Simulation : 901 / 1000 [100.00%] @ "2256228000"
// RTL Simulation : 902 / 1000 [100.00%] @ "2258732000"
// RTL Simulation : 903 / 1000 [100.00%] @ "2261236000"
// RTL Simulation : 904 / 1000 [100.00%] @ "2263740000"
// RTL Simulation : 905 / 1000 [100.00%] @ "2266244000"
// RTL Simulation : 906 / 1000 [100.00%] @ "2268748000"
// RTL Simulation : 907 / 1000 [100.00%] @ "2271252000"
// RTL Simulation : 908 / 1000 [100.00%] @ "2273756000"
// RTL Simulation : 909 / 1000 [100.00%] @ "2276260000"
// RTL Simulation : 910 / 1000 [100.00%] @ "2278764000"
// RTL Simulation : 911 / 1000 [100.00%] @ "2281268000"
// RTL Simulation : 912 / 1000 [100.00%] @ "2283772000"
// RTL Simulation : 913 / 1000 [100.00%] @ "2286276000"
// RTL Simulation : 914 / 1000 [100.00%] @ "2288780000"
// RTL Simulation : 915 / 1000 [100.00%] @ "2291284000"
// RTL Simulation : 916 / 1000 [100.00%] @ "2293788000"
// RTL Simulation : 917 / 1000 [100.00%] @ "2296292000"
// RTL Simulation : 918 / 1000 [100.00%] @ "2298796000"
// RTL Simulation : 919 / 1000 [100.00%] @ "2301300000"
// RTL Simulation : 920 / 1000 [100.00%] @ "2303804000"
// RTL Simulation : 921 / 1000 [100.00%] @ "2306308000"
// RTL Simulation : 922 / 1000 [100.00%] @ "2308812000"
// RTL Simulation : 923 / 1000 [100.00%] @ "2311316000"
// RTL Simulation : 924 / 1000 [100.00%] @ "2313820000"
// RTL Simulation : 925 / 1000 [100.00%] @ "2316324000"
// RTL Simulation : 926 / 1000 [100.00%] @ "2318828000"
// RTL Simulation : 927 / 1000 [100.00%] @ "2321332000"
// RTL Simulation : 928 / 1000 [100.00%] @ "2323836000"
// RTL Simulation : 929 / 1000 [100.00%] @ "2326340000"
// RTL Simulation : 930 / 1000 [100.00%] @ "2328844000"
// RTL Simulation : 931 / 1000 [100.00%] @ "2331348000"
// RTL Simulation : 932 / 1000 [100.00%] @ "2333852000"
// RTL Simulation : 933 / 1000 [100.00%] @ "2336356000"
// RTL Simulation : 934 / 1000 [100.00%] @ "2338860000"
// RTL Simulation : 935 / 1000 [100.00%] @ "2341364000"
// RTL Simulation : 936 / 1000 [100.00%] @ "2343868000"
// RTL Simulation : 937 / 1000 [100.00%] @ "2346372000"
// RTL Simulation : 938 / 1000 [100.00%] @ "2348876000"
// RTL Simulation : 939 / 1000 [100.00%] @ "2351380000"
// RTL Simulation : 940 / 1000 [100.00%] @ "2353884000"
// RTL Simulation : 941 / 1000 [100.00%] @ "2356388000"
// RTL Simulation : 942 / 1000 [100.00%] @ "2358892000"
// RTL Simulation : 943 / 1000 [100.00%] @ "2361396000"
// RTL Simulation : 944 / 1000 [100.00%] @ "2363900000"
// RTL Simulation : 945 / 1000 [100.00%] @ "2366404000"
// RTL Simulation : 946 / 1000 [100.00%] @ "2368908000"
// RTL Simulation : 947 / 1000 [100.00%] @ "2371412000"
// RTL Simulation : 948 / 1000 [100.00%] @ "2373916000"
// RTL Simulation : 949 / 1000 [100.00%] @ "2376420000"
// RTL Simulation : 950 / 1000 [100.00%] @ "2378924000"
// RTL Simulation : 951 / 1000 [100.00%] @ "2381428000"
// RTL Simulation : 952 / 1000 [100.00%] @ "2383932000"
// RTL Simulation : 953 / 1000 [100.00%] @ "2386436000"
// RTL Simulation : 954 / 1000 [100.00%] @ "2388940000"
// RTL Simulation : 955 / 1000 [100.00%] @ "2391444000"
// RTL Simulation : 956 / 1000 [100.00%] @ "2393948000"
// RTL Simulation : 957 / 1000 [100.00%] @ "2396452000"
// RTL Simulation : 958 / 1000 [100.00%] @ "2398956000"
// RTL Simulation : 959 / 1000 [100.00%] @ "2401460000"
// RTL Simulation : 960 / 1000 [100.00%] @ "2403964000"
// RTL Simulation : 961 / 1000 [100.00%] @ "2406468000"
// RTL Simulation : 962 / 1000 [100.00%] @ "2408972000"
// RTL Simulation : 963 / 1000 [100.00%] @ "2411476000"
// RTL Simulation : 964 / 1000 [100.00%] @ "2413980000"
// RTL Simulation : 965 / 1000 [100.00%] @ "2416484000"
// RTL Simulation : 966 / 1000 [100.00%] @ "2418988000"
// RTL Simulation : 967 / 1000 [100.00%] @ "2421492000"
// RTL Simulation : 968 / 1000 [100.00%] @ "2423996000"
// RTL Simulation : 969 / 1000 [100.00%] @ "2426500000"
// RTL Simulation : 970 / 1000 [100.00%] @ "2429004000"
// RTL Simulation : 971 / 1000 [100.00%] @ "2431508000"
// RTL Simulation : 972 / 1000 [100.00%] @ "2434012000"
// RTL Simulation : 973 / 1000 [100.00%] @ "2436516000"
// RTL Simulation : 974 / 1000 [100.00%] @ "2439020000"
// RTL Simulation : 975 / 1000 [100.00%] @ "2441524000"
// RTL Simulation : 976 / 1000 [100.00%] @ "2444028000"
// RTL Simulation : 977 / 1000 [100.00%] @ "2446532000"
// RTL Simulation : 978 / 1000 [100.00%] @ "2449036000"
// RTL Simulation : 979 / 1000 [100.00%] @ "2451540000"
// RTL Simulation : 980 / 1000 [100.00%] @ "2454044000"
// RTL Simulation : 981 / 1000 [100.00%] @ "2456548000"
// RTL Simulation : 982 / 1000 [100.00%] @ "2459052000"
// RTL Simulation : 983 / 1000 [100.00%] @ "2461556000"
// RTL Simulation : 984 / 1000 [100.00%] @ "2464060000"
// RTL Simulation : 985 / 1000 [100.00%] @ "2466564000"
// RTL Simulation : 986 / 1000 [100.00%] @ "2469068000"
// RTL Simulation : 987 / 1000 [100.00%] @ "2471572000"
// RTL Simulation : 988 / 1000 [100.00%] @ "2474076000"
// RTL Simulation : 989 / 1000 [100.00%] @ "2476580000"
// RTL Simulation : 990 / 1000 [100.00%] @ "2479084000"
// RTL Simulation : 991 / 1000 [100.00%] @ "2481588000"
// RTL Simulation : 992 / 1000 [100.00%] @ "2484092000"
// RTL Simulation : 993 / 1000 [100.00%] @ "2486596000"
// RTL Simulation : 994 / 1000 [100.00%] @ "2489100000"
// RTL Simulation : 995 / 1000 [100.00%] @ "2491604000"
// RTL Simulation : 996 / 1000 [100.00%] @ "2494108000"
// RTL Simulation : 997 / 1000 [100.00%] @ "2496612000"
// RTL Simulation : 998 / 1000 [100.00%] @ "2499116000"
// RTL Simulation : 999 / 1000 [100.00%] @ "2501620000"
// RTL Simulation : 1000 / 1000 [100.00%] @ "2504124000"
////////////////////////////////////////////////////////////////////////////////////
$finish called at time : 2504172 ns : File "C:/Users/javie/Desktop/HLS/Proyecto_Final/minimos_recursos/sim/verilog/matrixcalc.autotb.v" Line 355
run: Time (s): cpu = 00:00:11 ; elapsed = 00:00:13 . Memory (MB): peak = 207.023 ; gain = 0.000
## quit
INFO: [Common 17-206] Exiting xsim at Tue Jan  6 12:06:02 2026...
