

================================================================
== Synthesis Summary Report of 'matrixcalc'
================================================================
+ General Information: 
    * Date:           Fri Jan  2 17:49:31 2026
    * Version:        2023.1 (Build 3854077 on May  4 2023)
    * Project:        Proyecto_Final
    * Solution:       maximo_throughput (Vivado IP Flow Target)
    * Product family: zynq
    * Target device:  xc7z020-clg400-1
    

+ Performance & Resource Estimates: 
    
    PS: '+' for module; 'o' for loop; '*' for dataflow
    +--------------+------+------+---------+--------+----------+---------+------+----------+------+----+-----------+----------+-----+
    |    Modules   | Issue|      | Latency | Latency| Iteration|         | Trip |          |      |    |           |          |     |
    |    & Loops   | Type | Slack| (cycles)|  (ns)  |  Latency | Interval| Count| Pipelined| BRAM | DSP|     FF    |    LUT   | URAM|
    +--------------+------+------+---------+--------+----------+---------+------+----------+------+----+-----------+----------+-----+
    |+ matrixcalc  |     -|  0.03|        3|  24.000|         -|        1|     -|       yes|     -|   -|  164 (~0%)|  779 (1%)|    -|
    +--------------+------+------+---------+--------+----------+---------+------+----------+------+----+-----------+----------+-----+


================================================================
== HW Interfaces
================================================================
* Other Ports
+-----------+---------+-----------+----------+
| Port      | Mode    | Direction | Bitwidth |
+-----------+---------+-----------+----------+
| a_0_0     | ap_none | in        | 4        |
| a_0_1     | ap_none | in        | 4        |
| a_0_2     | ap_none | in        | 4        |
| a_1_0     | ap_none | in        | 4        |
| a_1_1     | ap_none | in        | 4        |
| a_1_2     | ap_none | in        | 4        |
| a_2_0     | ap_none | in        | 4        |
| a_2_1     | ap_none | in        | 4        |
| a_2_2     | ap_none | in        | 4        |
| ap_return |         | out       | 32       |
| b_0_0     | ap_none | in        | 4        |
| b_0_1     | ap_none | in        | 4        |
| b_0_2     | ap_none | in        | 4        |
| b_1_0     | ap_none | in        | 4        |
| b_1_1     | ap_none | in        | 4        |
| b_1_2     | ap_none | in        | 4        |
| b_2_0     | ap_none | in        | 4        |
| b_2_1     | ap_none | in        | 4        |
| b_2_2     | ap_none | in        | 4        |
| c_0_0     | ap_none | in        | 4        |
| c_0_1     | ap_none | in        | 4        |
| c_0_2     | ap_none | in        | 4        |
| c_1_0     | ap_none | in        | 4        |
| c_1_1     | ap_none | in        | 4        |
| c_1_2     | ap_none | in        | 4        |
| c_2_0     | ap_none | in        | 4        |
| c_2_1     | ap_none | in        | 4        |
| c_2_2     | ap_none | in        | 4        |
+-----------+---------+-----------+----------+

* TOP LEVEL CONTROL
+-----------+------------+-----------------------------------+
| Interface | Type       | Ports                             |
+-----------+------------+-----------------------------------+
| ap_clk    | clock      | ap_clk                            |
| ap_rst    | reset      | ap_rst                            |
| ap_ctrl   | ap_ctrl_hs | ap_done ap_idle ap_ready ap_start |
+-----------+------------+-----------------------------------+


================================================================
== SW I/O Information
================================================================
* Top Function Arguments
+----------+-----------+------------+
| Argument | Direction | Datatype   |
+----------+-----------+------------+
| a        | in        | ap_int<4>* |
| b        | in        | ap_int<4>* |
| c        | in        | ap_int<4>* |
| return   | out       | int        |
+----------+-----------+------------+

* SW-to-HW Mapping
+----------+--------------+---------+
| Argument | HW Interface | HW Type |
+----------+--------------+---------+
| a        | a_0_0        | port    |
| a        | a_0_1        | port    |
| a        | a_0_2        | port    |
| a        | a_1_0        | port    |
| a        | a_1_1        | port    |
| a        | a_1_2        | port    |
| a        | a_2_0        | port    |
| a        | a_2_1        | port    |
| a        | a_2_2        | port    |
| b        | b_0_0        | port    |
| b        | b_0_1        | port    |
| b        | b_0_2        | port    |
| b        | b_1_0        | port    |
| b        | b_1_1        | port    |
| b        | b_1_2        | port    |
| b        | b_2_0        | port    |
| b        | b_2_1        | port    |
| b        | b_2_2        | port    |
| c        | c_0_0        | port    |
| c        | c_0_1        | port    |
| c        | c_0_2        | port    |
| c        | c_1_0        | port    |
| c        | c_1_1        | port    |
| c        | c_1_2        | port    |
| c        | c_2_0        | port    |
| c        | c_2_1        | port    |
| c        | c_2_2        | port    |
| return   | ap_return    | port    |
+----------+--------------+---------+


================================================================
== Bind Op Report
================================================================
+-------------------------+-----+--------+-------------+-----+--------+---------+
| Name                    | DSP | Pragma | Variable    | Op  | Impl   | Latency |
+-------------------------+-----+--------+-------------+-----+--------+---------+
| + matrixcalc            | 0   |        |             |     |        |         |
|   mul_4s_4s_4_1_1_U1    | -   |        | mul_ln43    | mul | auto   | 0       |
|   mul_4s_4s_4_1_1_U2    | -   |        | mul_ln43_1  | mul | auto   | 0       |
|   mul_4s_4s_4_1_1_U3    | -   |        | mul_ln43_2  | mul | auto   | 0       |
|   mul_4s_4s_4_1_1_U4    | -   |        | mul_ln43_3  | mul | auto   | 0       |
|   mul_4s_4s_4_1_1_U5    | -   |        | mul_ln43_4  | mul | auto   | 0       |
|   mul_4s_4s_4_1_1_U6    | -   |        | mul_ln43_5  | mul | auto   | 0       |
|   mul_4s_4s_4_1_1_U7    | -   |        | mul_ln43_6  | mul | auto   | 0       |
|   mul_4s_4s_4_1_1_U8    | -   |        | mul_ln43_7  | mul | auto   | 0       |
|   mul_4s_4s_4_1_1_U9    | -   |        | mul_ln43_8  | mul | auto   | 0       |
|   mul_4s_4s_4_1_1_U10   | -   |        | mul_ln43_9  | mul | auto   | 0       |
|   mul_4s_4s_4_1_1_U11   | -   |        | mul_ln43_10 | mul | auto   | 0       |
|   mul_4s_4s_4_1_1_U12   | -   |        | mul_ln43_11 | mul | auto   | 0       |
|   mul_4s_4s_4_1_1_U13   | -   |        | mul_ln43_12 | mul | auto   | 0       |
|   mul_4s_4s_4_1_1_U14   | -   |        | mul_ln43_13 | mul | auto   | 0       |
|   mul_4s_4s_4_1_1_U15   | -   |        | mul_ln43_14 | mul | auto   | 0       |
|   mul_4s_4s_4_1_1_U16   | -   |        | mul_ln43_15 | mul | auto   | 0       |
|   mul_4s_4s_4_1_1_U17   | -   |        | mul_ln43_16 | mul | auto   | 0       |
|   mul_4s_4s_4_1_1_U18   | -   |        | mul_ln43_17 | mul | auto   | 0       |
|   mul_4s_4s_4_1_1_U19   | -   |        | mul_ln43_18 | mul | auto   | 0       |
|   mul_4s_4s_4_1_1_U20   | -   |        | mul_ln43_19 | mul | auto   | 0       |
|   mul_4s_4s_4_1_1_U21   | -   |        | mul_ln43_20 | mul | auto   | 0       |
|   mul_4s_4s_4_1_1_U22   | -   |        | mul_ln43_21 | mul | auto   | 0       |
|   mul_4s_4s_4_1_1_U23   | -   |        | mul_ln43_22 | mul | auto   | 0       |
|   mul_4s_4s_4_1_1_U24   | -   |        | mul_ln43_23 | mul | auto   | 0       |
|   mul_4s_4s_4_1_1_U25   | -   |        | mul_ln43_24 | mul | auto   | 0       |
|   mul_4s_4s_4_1_1_U26   | -   |        | mul_ln43_25 | mul | auto   | 0       |
|   mul_4s_4s_4_1_1_U27   | -   |        | mul_ln43_26 | mul | auto   | 0       |
|   add_ln59_1_fu_400_p2  | -   |        | add_ln59_1  | add | fabric | 0       |
|   add_ln59_7_fu_406_p2  | -   |        | add_ln59_7  | add | fabric | 0       |
|   add_ln59_10_fu_412_p2 | -   |        | add_ln59_10 | add | fabric | 0       |
|   add_ln59_13_fu_418_p2 | -   |        | add_ln59_13 | add | fabric | 0       |
|   add_ln59_15_fu_424_p2 | -   |        | add_ln59_15 | add | fabric | 0       |
|   add_ln59_17_fu_430_p2 | -   |        | add_ln59_17 | add | fabric | 0       |
|   add_ln59_19_fu_436_p2 | -   |        | add_ln59_19 | add | fabric | 0       |
|   add_ln59_22_fu_442_p2 | -   |        | add_ln59_22 | add | fabric | 0       |
|   add_ln59_25_fu_448_p2 | -   |        | add_ln59_25 | add | fabric | 0       |
|   mul_4s_4s_4_1_1_U28   | -   |        | mul_ln20    | mul | auto   | 0       |
|   mul_4s_4s_4_1_1_U34   | -   |        | product1_6  | mul | auto   | 0       |
|   mul_4s_4s_4_1_1_U29   | -   |        | product2_6  | mul | auto   | 0       |
|   mul_4s_4s_4_1_1_U30   | -   |        | product1_7  | mul | auto   | 0       |
|   mul_4s_4s_4_1_1_U31   | -   |        | product2_7  | mul | auto   | 0       |
|   mul_4s_4s_4_1_1_U32   | -   |        | product1_8  | mul | auto   | 0       |
|   mul_4s_4s_4_1_1_U33   | -   |        | mul_ln21_2  | mul | auto   | 0       |
|   mul_4s_4s_4_1_1_U35   | -   |        | product2_5  | mul | auto   | 0       |
|   sumpos_fu_583_p0      | -   |        | sub_ln23    | sub | fabric | 0       |
|   mul_4s_4s_4_1_1_U36   | -   |        | sumpos      | mul | auto   | 0       |
|   sumpos_3_fu_592_p0    | -   |        | sub_ln23_1  | sub | fabric | 0       |
|   mul_4s_4s_4_1_1_U37   | -   |        | sumpos_3    | mul | auto   | 0       |
|   add_ln24_fu_597_p2    | -   |        | add_ln24    | add | fabric | 0       |
+-------------------------+-----+--------+-------------+-----+--------+---------+


================================================================
== Bind Storage Report
================================================================
  No bind storage info in design

================================================================
== Pragma Report
================================================================
* Valid Pragma Syntax
+-----------------+---------------------------+-----------------------------------------------------------------+
| Type            | Options                   | Location                                                        |
+-----------------+---------------------------+-----------------------------------------------------------------+
| inline          |                           | matrixcalc.cpp:5 in det                                         |
| inline          |                           | matrixcalc.cpp:35 in matrixmul                                  |
| inline          |                           | matrixcalc.cpp:54 in matrixsum                                  |
| array_partition | variable=a complete dim=0 | matrixcalc.cpp:72 in matrixcalc, a                              |
| array_partition | variable=b complete dim=0 | matrixcalc.cpp:73 in matrixcalc, b                              |
| array_partition | variable=c complete dim=0 | matrixcalc.cpp:74 in matrixcalc, c                              |
| pipeline        | II=1                      | matrixcalc.cpp:84 in matrixcalc                                 |
| unroll          |                           | Proyecto_Final/maximo_throughput/directives.tcl:7 in det        |
| unroll          |                           | Proyecto_Final/maximo_throughput/directives.tcl:8 in det        |
| unroll          |                           | Proyecto_Final/maximo_throughput/directives.tcl:9 in matrixmul  |
| unroll          |                           | Proyecto_Final/maximo_throughput/directives.tcl:10 in matrixmul |
| unroll          |                           | Proyecto_Final/maximo_throughput/directives.tcl:11 in matrixmul |
| unroll          |                           | Proyecto_Final/maximo_throughput/directives.tcl:12 in matrixsum |
| unroll          |                           | Proyecto_Final/maximo_throughput/directives.tcl:13 in matrixsum |
+-----------------+---------------------------+-----------------------------------------------------------------+


