

================================================================
== Vitis HLS Report for 'matrixcalc'
================================================================
* Date:           Fri Jan  2 17:49:30 2026

* Version:        2023.1 (Build 3854077 on May  4 2023)
* Project:        Proyecto_Final
* Solution:       maximo_throughput (Vivado IP Flow Target)
* Product family: zynq
* Target device:  xc7z020-clg400-1


================================================================
== Performance Estimates
================================================================
+ Timing: 
    * Summary: 
    +--------+---------+----------+------------+
    |  Clock |  Target | Estimated| Uncertainty|
    +--------+---------+----------+------------+
    |ap_clk  |  8.00 ns|  5.810 ns|     2.16 ns|
    +--------+---------+----------+------------+

+ Latency: 
    * Summary: 
    +---------+---------+-----------+-----------+-----+-----+---------+
    |  Latency (cycles) |   Latency (absolute)  |  Interval | Pipeline|
    |   min   |   max   |    min    |    max    | min | max |   Type  |
    +---------+---------+-----------+-----------+-----+-----+---------+
    |        3|        3|  24.000 ns|  24.000 ns|    1|    1|      yes|
    +---------+---------+-----------+-----------+-----+-----+---------+

    + Detail: 
        * Instance: 
        N/A

        * Loop: 
        N/A



================================================================
== Utilization Estimates
================================================================
* Summary: 
+-----------------+---------+-----+--------+-------+-----+
|       Name      | BRAM_18K| DSP |   FF   |  LUT  | URAM|
+-----------------+---------+-----+--------+-------+-----+
|DSP              |        -|    -|       -|      -|    -|
|Expression       |        -|    -|       0|    298|    -|
|FIFO             |        -|    -|       -|      -|    -|
|Instance         |        -|    0|       0|    481|    -|
|Memory           |        -|    -|       -|      -|    -|
|Multiplexer      |        -|    -|       -|      -|    -|
|Register         |        -|    -|     164|      -|    -|
+-----------------+---------+-----+--------+-------+-----+
|Total            |        0|    0|     164|    779|    0|
+-----------------+---------+-----+--------+-------+-----+
|Available        |      280|  220|  106400|  53200|    0|
+-----------------+---------+-----+--------+-------+-----+
|Utilization (%)  |        0|    0|      ~0|      1|    0|
+-----------------+---------+-----+--------+-------+-----+

+ Detail: 
    * Instance: 
    +---------------------+-----------------+---------+----+---+----+-----+
    |       Instance      |      Module     | BRAM_18K| DSP| FF| LUT| URAM|
    +---------------------+-----------------+---------+----+---+----+-----+
    |mul_4s_4s_4_1_1_U1   |mul_4s_4s_4_1_1  |        0|   0|  0|  13|    0|
    |mul_4s_4s_4_1_1_U2   |mul_4s_4s_4_1_1  |        0|   0|  0|  13|    0|
    |mul_4s_4s_4_1_1_U3   |mul_4s_4s_4_1_1  |        0|   0|  0|  13|    0|
    |mul_4s_4s_4_1_1_U4   |mul_4s_4s_4_1_1  |        0|   0|  0|  13|    0|
    |mul_4s_4s_4_1_1_U5   |mul_4s_4s_4_1_1  |        0|   0|  0|  13|    0|
    |mul_4s_4s_4_1_1_U6   |mul_4s_4s_4_1_1  |        0|   0|  0|  13|    0|
    |mul_4s_4s_4_1_1_U7   |mul_4s_4s_4_1_1  |        0|   0|  0|  13|    0|
    |mul_4s_4s_4_1_1_U8   |mul_4s_4s_4_1_1  |        0|   0|  0|  13|    0|
    |mul_4s_4s_4_1_1_U9   |mul_4s_4s_4_1_1  |        0|   0|  0|  13|    0|
    |mul_4s_4s_4_1_1_U10  |mul_4s_4s_4_1_1  |        0|   0|  0|  13|    0|
    |mul_4s_4s_4_1_1_U11  |mul_4s_4s_4_1_1  |        0|   0|  0|  13|    0|
    |mul_4s_4s_4_1_1_U12  |mul_4s_4s_4_1_1  |        0|   0|  0|  13|    0|
    |mul_4s_4s_4_1_1_U13  |mul_4s_4s_4_1_1  |        0|   0|  0|  13|    0|
    |mul_4s_4s_4_1_1_U14  |mul_4s_4s_4_1_1  |        0|   0|  0|  13|    0|
    |mul_4s_4s_4_1_1_U15  |mul_4s_4s_4_1_1  |        0|   0|  0|  13|    0|
    |mul_4s_4s_4_1_1_U16  |mul_4s_4s_4_1_1  |        0|   0|  0|  13|    0|
    |mul_4s_4s_4_1_1_U17  |mul_4s_4s_4_1_1  |        0|   0|  0|  13|    0|
    |mul_4s_4s_4_1_1_U18  |mul_4s_4s_4_1_1  |        0|   0|  0|  13|    0|
    |mul_4s_4s_4_1_1_U19  |mul_4s_4s_4_1_1  |        0|   0|  0|  13|    0|
    |mul_4s_4s_4_1_1_U20  |mul_4s_4s_4_1_1  |        0|   0|  0|  13|    0|
    |mul_4s_4s_4_1_1_U21  |mul_4s_4s_4_1_1  |        0|   0|  0|  13|    0|
    |mul_4s_4s_4_1_1_U22  |mul_4s_4s_4_1_1  |        0|   0|  0|  13|    0|
    |mul_4s_4s_4_1_1_U23  |mul_4s_4s_4_1_1  |        0|   0|  0|  13|    0|
    |mul_4s_4s_4_1_1_U24  |mul_4s_4s_4_1_1  |        0|   0|  0|  13|    0|
    |mul_4s_4s_4_1_1_U25  |mul_4s_4s_4_1_1  |        0|   0|  0|  13|    0|
    |mul_4s_4s_4_1_1_U26  |mul_4s_4s_4_1_1  |        0|   0|  0|  13|    0|
    |mul_4s_4s_4_1_1_U27  |mul_4s_4s_4_1_1  |        0|   0|  0|  13|    0|
    |mul_4s_4s_4_1_1_U28  |mul_4s_4s_4_1_1  |        0|   0|  0|  13|    0|
    |mul_4s_4s_4_1_1_U29  |mul_4s_4s_4_1_1  |        0|   0|  0|  13|    0|
    |mul_4s_4s_4_1_1_U30  |mul_4s_4s_4_1_1  |        0|   0|  0|  13|    0|
    |mul_4s_4s_4_1_1_U31  |mul_4s_4s_4_1_1  |        0|   0|  0|  13|    0|
    |mul_4s_4s_4_1_1_U32  |mul_4s_4s_4_1_1  |        0|   0|  0|  13|    0|
    |mul_4s_4s_4_1_1_U33  |mul_4s_4s_4_1_1  |        0|   0|  0|  13|    0|
    |mul_4s_4s_4_1_1_U34  |mul_4s_4s_4_1_1  |        0|   0|  0|  13|    0|
    |mul_4s_4s_4_1_1_U35  |mul_4s_4s_4_1_1  |        0|   0|  0|  13|    0|
    |mul_4s_4s_4_1_1_U36  |mul_4s_4s_4_1_1  |        0|   0|  0|  13|    0|
    |mul_4s_4s_4_1_1_U37  |mul_4s_4s_4_1_1  |        0|   0|  0|  13|    0|
    +---------------------+-----------------+---------+----+---+----+-----+
    |Total                |                 |        0|   0|  0| 481|    0|
    +---------------------+-----------------+---------+----+---+----+-----+

    * DSP: 
    N/A

    * Memory: 
    N/A

    * FIFO: 
    N/A

    * Expression: 
    +-----------------------+----------+----+---+----+------------+------------+
    |     Variable Name     | Operation| DSP| FF| LUT| Bitwidth P0| Bitwidth P1|
    +-----------------------+----------+----+---+----+------------+------------+
    |add_ln24_fu_597_p2     |         +|   0|  0|  13|           4|           4|
    |add_ln59_10_fu_412_p2  |         +|   0|  0|  13|           4|           4|
    |add_ln59_12_fu_481_p2  |         +|   0|  0|   7|           4|           4|
    |add_ln59_13_fu_418_p2  |         +|   0|  0|  13|           4|           4|
    |add_ln59_14_fu_490_p2  |         +|   0|  0|   7|           4|           4|
    |add_ln59_15_fu_424_p2  |         +|   0|  0|  13|           4|           4|
    |add_ln59_16_fu_499_p2  |         +|   0|  0|   7|           4|           4|
    |add_ln59_17_fu_430_p2  |         +|   0|  0|  13|           4|           4|
    |add_ln59_18_fu_508_p2  |         +|   0|  0|   7|           4|           4|
    |add_ln59_19_fu_436_p2  |         +|   0|  0|  13|           4|           4|
    |add_ln59_1_fu_400_p2   |         +|   0|  0|  13|           4|           4|
    |add_ln59_21_fu_517_p2  |         +|   0|  0|   7|           4|           4|
    |add_ln59_22_fu_442_p2  |         +|   0|  0|  13|           4|           4|
    |add_ln59_24_fu_526_p2  |         +|   0|  0|   7|           4|           4|
    |add_ln59_25_fu_448_p2  |         +|   0|  0|  13|           4|           4|
    |add_ln59_3_fu_485_p2   |         +|   0|  0|   7|           4|           4|
    |add_ln59_4_fu_494_p2   |         +|   0|  0|   7|           4|           4|
    |add_ln59_5_fu_503_p2   |         +|   0|  0|   7|           4|           4|
    |add_ln59_6_fu_463_p2   |         +|   0|  0|   7|           4|           4|
    |add_ln59_7_fu_406_p2   |         +|   0|  0|  13|           4|           4|
    |add_ln59_9_fu_472_p2   |         +|   0|  0|   7|           4|           4|
    |add_ln59_fu_454_p2     |         +|   0|  0|   7|           4|           4|
    |product1_2_fu_467_p2   |         +|   0|  0|   7|           4|           4|
    |product1_4_fu_476_p2   |         +|   0|  0|   7|           4|           4|
    |product1_fu_458_p2     |         +|   0|  0|   7|           4|           4|
    |product2_2_fu_521_p2   |         +|   0|  0|   7|           4|           4|
    |product2_4_fu_530_p2   |         +|   0|  0|   7|           4|           4|
    |product2_fu_512_p2     |         +|   0|  0|   7|           4|           4|
    |sumneg_fu_603_p2       |         +|   0|  0|   7|           4|           4|
    |sum_fu_607_p2          |         -|   0|  0|   7|           4|           4|
    |sumpos_3_fu_592_p0     |         -|   0|  0|  13|           4|           4|
    |sumpos_fu_583_p0       |         -|   0|  0|  13|           4|           4|
    |ap_enable_pp0          |       xor|   0|  0|   2|           1|           2|
    +-----------------------+----------+----+---+----+------------+------------+
    |Total                  |          |   0|  0| 298|         129|         130|
    +-----------------------+----------+----+---+----+------------+------------+

    * Multiplexer: 
    N/A

    * Register: 
    +-------------------------+---+----+-----+-----------+
    |           Name          | FF| LUT| Bits| Const Bits|
    +-------------------------+---+----+-----+-----------+
    |add_ln24_reg_811         |  4|   0|    4|          0|
    |add_ln59_10_reg_686      |  4|   0|    4|          0|
    |add_ln59_13_reg_696      |  4|   0|    4|          0|
    |add_ln59_15_reg_706      |  4|   0|    4|          0|
    |add_ln59_17_reg_716      |  4|   0|    4|          0|
    |add_ln59_19_reg_726      |  4|   0|    4|          0|
    |add_ln59_1_reg_666       |  4|   0|    4|          0|
    |add_ln59_22_reg_736      |  4|   0|    4|          0|
    |add_ln59_25_reg_746      |  4|   0|    4|          0|
    |add_ln59_3_reg_751       |  4|   0|    4|          0|
    |add_ln59_4_reg_756       |  4|   0|    4|          0|
    |add_ln59_7_reg_676       |  4|   0|    4|          0|
    |ap_CS_fsm                |  1|   0|    1|          0|
    |ap_enable_reg_pp0_iter1  |  1|   0|    1|          0|
    |ap_enable_reg_pp0_iter2  |  1|   0|    1|          0|
    |ap_enable_reg_pp0_iter3  |  1|   0|    1|          0|
    |c_0_0_read_reg_661       |  4|   0|    4|          0|
    |c_0_1_read_reg_671       |  4|   0|    4|          0|
    |c_0_2_read_reg_681       |  4|   0|    4|          0|
    |c_1_0_read_reg_691       |  4|   0|    4|          0|
    |c_1_1_read_reg_701       |  4|   0|    4|          0|
    |c_1_2_read_reg_711       |  4|   0|    4|          0|
    |c_2_0_read_reg_721       |  4|   0|    4|          0|
    |c_2_1_read_reg_731       |  4|   0|    4|          0|
    |c_2_2_read_reg_741       |  4|   0|    4|          0|
    |mul_ln20_reg_771         |  4|   0|    4|          0|
    |mul_ln21_2_reg_796       |  4|   0|    4|          0|
    |mul_ln43_12_reg_636      |  4|   0|    4|          0|
    |mul_ln43_15_reg_641      |  4|   0|    4|          0|
    |mul_ln43_19_reg_646      |  4|   0|    4|          0|
    |mul_ln43_22_reg_651      |  4|   0|    4|          0|
    |mul_ln43_24_reg_656      |  4|   0|    4|          0|
    |mul_ln43_3_reg_621       |  4|   0|    4|          0|
    |mul_ln43_6_reg_626       |  4|   0|    4|          0|
    |mul_ln43_9_reg_631       |  4|   0|    4|          0|
    |mul_ln43_reg_616         |  4|   0|    4|          0|
    |product1_7_reg_781       |  4|   0|    4|          0|
    |product1_8_reg_791       |  4|   0|    4|          0|
    |product2_2_reg_766       |  4|   0|    4|          0|
    |product2_5_reg_801       |  4|   0|    4|          0|
    |product2_6_reg_776       |  4|   0|    4|          0|
    |product2_7_reg_786       |  4|   0|    4|          0|
    |product2_reg_761         |  4|   0|    4|          0|
    |sumpos_3_reg_806         |  4|   0|    4|          0|
    +-------------------------+---+----+-----+-----------+
    |Total                    |164|   0|  164|          0|
    +-------------------------+---+----+-----+-----------+



================================================================
== Interface
================================================================
* Summary: 
+-----------+-----+-----+------------+--------------+--------------+
| RTL Ports | Dir | Bits|  Protocol  | Source Object|    C Type    |
+-----------+-----+-----+------------+--------------+--------------+
|ap_clk     |   in|    1|  ap_ctrl_hs|    matrixcalc|  return value|
|ap_rst     |   in|    1|  ap_ctrl_hs|    matrixcalc|  return value|
|ap_start   |   in|    1|  ap_ctrl_hs|    matrixcalc|  return value|
|ap_done    |  out|    1|  ap_ctrl_hs|    matrixcalc|  return value|
|ap_idle    |  out|    1|  ap_ctrl_hs|    matrixcalc|  return value|
|ap_ready   |  out|    1|  ap_ctrl_hs|    matrixcalc|  return value|
|ap_return  |  out|   32|  ap_ctrl_hs|    matrixcalc|  return value|
|a_0_0      |   in|    4|     ap_none|         a_0_0|       pointer|
|a_0_1      |   in|    4|     ap_none|         a_0_1|       pointer|
|a_0_2      |   in|    4|     ap_none|         a_0_2|       pointer|
|a_1_0      |   in|    4|     ap_none|         a_1_0|       pointer|
|a_1_1      |   in|    4|     ap_none|         a_1_1|       pointer|
|a_1_2      |   in|    4|     ap_none|         a_1_2|       pointer|
|a_2_0      |   in|    4|     ap_none|         a_2_0|       pointer|
|a_2_1      |   in|    4|     ap_none|         a_2_1|       pointer|
|a_2_2      |   in|    4|     ap_none|         a_2_2|       pointer|
|b_0_0      |   in|    4|     ap_none|         b_0_0|       pointer|
|b_0_1      |   in|    4|     ap_none|         b_0_1|       pointer|
|b_0_2      |   in|    4|     ap_none|         b_0_2|       pointer|
|b_1_0      |   in|    4|     ap_none|         b_1_0|       pointer|
|b_1_1      |   in|    4|     ap_none|         b_1_1|       pointer|
|b_1_2      |   in|    4|     ap_none|         b_1_2|       pointer|
|b_2_0      |   in|    4|     ap_none|         b_2_0|       pointer|
|b_2_1      |   in|    4|     ap_none|         b_2_1|       pointer|
|b_2_2      |   in|    4|     ap_none|         b_2_2|       pointer|
|c_0_0      |   in|    4|     ap_none|         c_0_0|       pointer|
|c_0_1      |   in|    4|     ap_none|         c_0_1|       pointer|
|c_0_2      |   in|    4|     ap_none|         c_0_2|       pointer|
|c_1_0      |   in|    4|     ap_none|         c_1_0|       pointer|
|c_1_1      |   in|    4|     ap_none|         c_1_1|       pointer|
|c_1_2      |   in|    4|     ap_none|         c_1_2|       pointer|
|c_2_0      |   in|    4|     ap_none|         c_2_0|       pointer|
|c_2_1      |   in|    4|     ap_none|         c_2_1|       pointer|
|c_2_2      |   in|    4|     ap_none|         c_2_2|       pointer|
+-----------+-----+-----+------------+--------------+--------------+

