Copyright 1986-2022 Xilinx, Inc. All Rights Reserved. Copyright 2022-2023 Advanced Micro Devices, Inc. All Rights Reserved.
--------------------------------------------------------------------------------------------------------------------------------------------------------------------------
| Tool Version : Vivado v.2023.1 (win64) Build 3865809 Sun May  7 15:05:29 MDT 2023
| Date         : Tue Jan  6 12:14:43 2026
| Host         : JJ-PC running 64-bit major release  (build 9200)
| Command      : report_methodology -file bd_0_wrapper_methodology_drc_routed.rpt -pb bd_0_wrapper_methodology_drc_routed.pb -rpx bd_0_wrapper_methodology_drc_routed.rpx
| Design       : bd_0_wrapper
| Device       : xc7z020clg400-1
| Speed File   : -1
| Design State : Fully Routed
--------------------------------------------------------------------------------------------------------------------------------------------------------------------------

Report Methodology

Table of Contents
-----------------
1. REPORT SUMMARY
2. REPORT DETAILS

1. REPORT SUMMARY
-----------------
            Netlist: netlist
          Floorplan: checkpoint_bd_0_wrapper
      Design limits: <entire design considered>
             Max violations: <unlimited>
             Violations found: 64
+-----------+----------+-------------------------------+------------+
| Rule      | Severity | Description                   | Violations |
+-----------+----------+-------------------------------+------------+
| TIMING-18 | Warning  | Missing input or output delay | 64         |
+-----------+----------+-------------------------------+------------+

2. REPORT DETAILS
-----------------
TIMING-18#1 Warning
Missing input or output delay  
An input delay is missing on a_q0[0] relative to the rising and/or falling clock edge(s) of ap_clk.
Related violations: <none>

TIMING-18#2 Warning
Missing input or output delay  
An input delay is missing on a_q0[1] relative to the rising and/or falling clock edge(s) of ap_clk.
Related violations: <none>

TIMING-18#3 Warning
Missing input or output delay  
An input delay is missing on a_q0[2] relative to the rising and/or falling clock edge(s) of ap_clk.
Related violations: <none>

TIMING-18#4 Warning
Missing input or output delay  
An input delay is missing on a_q0[3] relative to the rising and/or falling clock edge(s) of ap_clk.
Related violations: <none>

TIMING-18#5 Warning
Missing input or output delay  
An input delay is missing on ap_ctrl_start relative to the rising and/or falling clock edge(s) of ap_clk.
Related violations: <none>

TIMING-18#6 Warning
Missing input or output delay  
An input delay is missing on ap_rst relative to the rising and/or falling clock edge(s) of ap_clk.
Related violations: <none>

TIMING-18#7 Warning
Missing input or output delay  
An input delay is missing on b_q0[0] relative to the rising and/or falling clock edge(s) of ap_clk.
Related violations: <none>

TIMING-18#8 Warning
Missing input or output delay  
An input delay is missing on b_q0[1] relative to the rising and/or falling clock edge(s) of ap_clk.
Related violations: <none>

TIMING-18#9 Warning
Missing input or output delay  
An input delay is missing on b_q0[2] relative to the rising and/or falling clock edge(s) of ap_clk.
Related violations: <none>

TIMING-18#10 Warning
Missing input or output delay  
An input delay is missing on b_q0[3] relative to the rising and/or falling clock edge(s) of ap_clk.
Related violations: <none>

TIMING-18#11 Warning
Missing input or output delay  
An input delay is missing on c_q0[0] relative to the rising and/or falling clock edge(s) of ap_clk.
Related violations: <none>

TIMING-18#12 Warning
Missing input or output delay  
An input delay is missing on c_q0[1] relative to the rising and/or falling clock edge(s) of ap_clk.
Related violations: <none>

TIMING-18#13 Warning
Missing input or output delay  
An input delay is missing on c_q0[2] relative to the rising and/or falling clock edge(s) of ap_clk.
Related violations: <none>

TIMING-18#14 Warning
Missing input or output delay  
An input delay is missing on c_q0[3] relative to the rising and/or falling clock edge(s) of ap_clk.
Related violations: <none>

TIMING-18#15 Warning
Missing input or output delay  
An output delay is missing on a_address0[0] relative to the rising and/or falling clock edge(s) of ap_clk.
Related violations: <none>

TIMING-18#16 Warning
Missing input or output delay  
An output delay is missing on a_address0[1] relative to the rising and/or falling clock edge(s) of ap_clk.
Related violations: <none>

TIMING-18#17 Warning
Missing input or output delay  
An output delay is missing on a_address0[2] relative to the rising and/or falling clock edge(s) of ap_clk.
Related violations: <none>

TIMING-18#18 Warning
Missing input or output delay  
An output delay is missing on a_address0[3] relative to the rising and/or falling clock edge(s) of ap_clk.
Related violations: <none>

TIMING-18#19 Warning
Missing input or output delay  
An output delay is missing on a_ce0 relative to the rising and/or falling clock edge(s) of ap_clk.
Related violations: <none>

TIMING-18#20 Warning
Missing input or output delay  
An output delay is missing on ap_ctrl_done relative to the rising and/or falling clock edge(s) of ap_clk.
Related violations: <none>

TIMING-18#21 Warning
Missing input or output delay  
An output delay is missing on ap_ctrl_idle relative to the rising and/or falling clock edge(s) of ap_clk.
Related violations: <none>

TIMING-18#22 Warning
Missing input or output delay  
An output delay is missing on ap_ctrl_ready relative to the rising and/or falling clock edge(s) of ap_clk.
Related violations: <none>

TIMING-18#23 Warning
Missing input or output delay  
An output delay is missing on ap_return[0] relative to the rising and/or falling clock edge(s) of ap_clk.
Related violations: <none>

TIMING-18#24 Warning
Missing input or output delay  
An output delay is missing on ap_return[10] relative to the rising and/or falling clock edge(s) of ap_clk.
Related violations: <none>

TIMING-18#25 Warning
Missing input or output delay  
An output delay is missing on ap_return[11] relative to the rising and/or falling clock edge(s) of ap_clk.
Related violations: <none>

TIMING-18#26 Warning
Missing input or output delay  
An output delay is missing on ap_return[12] relative to the rising and/or falling clock edge(s) of ap_clk.
Related violations: <none>

TIMING-18#27 Warning
Missing input or output delay  
An output delay is missing on ap_return[13] relative to the rising and/or falling clock edge(s) of ap_clk.
Related violations: <none>

TIMING-18#28 Warning
Missing input or output delay  
An output delay is missing on ap_return[14] relative to the rising and/or falling clock edge(s) of ap_clk.
Related violations: <none>

TIMING-18#29 Warning
Missing input or output delay  
An output delay is missing on ap_return[15] relative to the rising and/or falling clock edge(s) of ap_clk.
Related violations: <none>

TIMING-18#30 Warning
Missing input or output delay  
An output delay is missing on ap_return[16] relative to the rising and/or falling clock edge(s) of ap_clk.
Related violations: <none>

TIMING-18#31 Warning
Missing input or output delay  
An output delay is missing on ap_return[17] relative to the rising and/or falling clock edge(s) of ap_clk.
Related violations: <none>

TIMING-18#32 Warning
Missing input or output delay  
An output delay is missing on ap_return[18] relative to the rising and/or falling clock edge(s) of ap_clk.
Related violations: <none>

TIMING-18#33 Warning
Missing input or output delay  
An output delay is missing on ap_return[19] relative to the rising and/or falling clock edge(s) of ap_clk.
Related violations: <none>

TIMING-18#34 Warning
Missing input or output delay  
An output delay is missing on ap_return[1] relative to the rising and/or falling clock edge(s) of ap_clk.
Related violations: <none>

TIMING-18#35 Warning
Missing input or output delay  
An output delay is missing on ap_return[20] relative to the rising and/or falling clock edge(s) of ap_clk.
Related violations: <none>

TIMING-18#36 Warning
Missing input or output delay  
An output delay is missing on ap_return[21] relative to the rising and/or falling clock edge(s) of ap_clk.
Related violations: <none>

TIMING-18#37 Warning
Missing input or output delay  
An output delay is missing on ap_return[22] relative to the rising and/or falling clock edge(s) of ap_clk.
Related violations: <none>

TIMING-18#38 Warning
Missing input or output delay  
An output delay is missing on ap_return[23] relative to the rising and/or falling clock edge(s) of ap_clk.
Related violations: <none>

TIMING-18#39 Warning
Missing input or output delay  
An output delay is missing on ap_return[24] relative to the rising and/or falling clock edge(s) of ap_clk.
Related violations: <none>

TIMING-18#40 Warning
Missing input or output delay  
An output delay is missing on ap_return[25] relative to the rising and/or falling clock edge(s) of ap_clk.
Related violations: <none>

TIMING-18#41 Warning
Missing input or output delay  
An output delay is missing on ap_return[26] relative to the rising and/or falling clock edge(s) of ap_clk.
Related violations: <none>

TIMING-18#42 Warning
Missing input or output delay  
An output delay is missing on ap_return[27] relative to the rising and/or falling clock edge(s) of ap_clk.
Related violations: <none>

TIMING-18#43 Warning
Missing input or output delay  
An output delay is missing on ap_return[28] relative to the rising and/or falling clock edge(s) of ap_clk.
Related violations: <none>

TIMING-18#44 Warning
Missing input or output delay  
An output delay is missing on ap_return[29] relative to the rising and/or falling clock edge(s) of ap_clk.
Related violations: <none>

TIMING-18#45 Warning
Missing input or output delay  
An output delay is missing on ap_return[2] relative to the rising and/or falling clock edge(s) of ap_clk.
Related violations: <none>

TIMING-18#46 Warning
Missing input or output delay  
An output delay is missing on ap_return[30] relative to the rising and/or falling clock edge(s) of ap_clk.
Related violations: <none>

TIMING-18#47 Warning
Missing input or output delay  
An output delay is missing on ap_return[31] relative to the rising and/or falling clock edge(s) of ap_clk.
Related violations: <none>

TIMING-18#48 Warning
Missing input or output delay  
An output delay is missing on ap_return[3] relative to the rising and/or falling clock edge(s) of ap_clk.
Related violations: <none>

TIMING-18#49 Warning
Missing input or output delay  
An output delay is missing on ap_return[4] relative to the rising and/or falling clock edge(s) of ap_clk.
Related violations: <none>

TIMING-18#50 Warning
Missing input or output delay  
An output delay is missing on ap_return[5] relative to the rising and/or falling clock edge(s) of ap_clk.
Related violations: <none>

TIMING-18#51 Warning
Missing input or output delay  
An output delay is missing on ap_return[6] relative to the rising and/or falling clock edge(s) of ap_clk.
Related violations: <none>

TIMING-18#52 Warning
Missing input or output delay  
An output delay is missing on ap_return[7] relative to the rising and/or falling clock edge(s) of ap_clk.
Related violations: <none>

TIMING-18#53 Warning
Missing input or output delay  
An output delay is missing on ap_return[8] relative to the rising and/or falling clock edge(s) of ap_clk.
Related violations: <none>

TIMING-18#54 Warning
Missing input or output delay  
An output delay is missing on ap_return[9] relative to the rising and/or falling clock edge(s) of ap_clk.
Related violations: <none>

TIMING-18#55 Warning
Missing input or output delay  
An output delay is missing on b_address0[0] relative to the rising and/or falling clock edge(s) of ap_clk.
Related violations: <none>

TIMING-18#56 Warning
Missing input or output delay  
An output delay is missing on b_address0[1] relative to the rising and/or falling clock edge(s) of ap_clk.
Related violations: <none>

TIMING-18#57 Warning
Missing input or output delay  
An output delay is missing on b_address0[2] relative to the rising and/or falling clock edge(s) of ap_clk.
Related violations: <none>

TIMING-18#58 Warning
Missing input or output delay  
An output delay is missing on b_address0[3] relative to the rising and/or falling clock edge(s) of ap_clk.
Related violations: <none>

TIMING-18#59 Warning
Missing input or output delay  
An output delay is missing on b_ce0 relative to the rising and/or falling clock edge(s) of ap_clk.
Related violations: <none>

TIMING-18#60 Warning
Missing input or output delay  
An output delay is missing on c_address0[0] relative to the rising and/or falling clock edge(s) of ap_clk.
Related violations: <none>

TIMING-18#61 Warning
Missing input or output delay  
An output delay is missing on c_address0[1] relative to the rising and/or falling clock edge(s) of ap_clk.
Related violations: <none>

TIMING-18#62 Warning
Missing input or output delay  
An output delay is missing on c_address0[2] relative to the rising and/or falling clock edge(s) of ap_clk.
Related violations: <none>

TIMING-18#63 Warning
Missing input or output delay  
An output delay is missing on c_address0[3] relative to the rising and/or falling clock edge(s) of ap_clk.
Related violations: <none>

TIMING-18#64 Warning
Missing input or output delay  
An output delay is missing on c_ce0 relative to the rising and/or falling clock edge(s) of ap_clk.
Related violations: <none>


