Copyright 1986-2022 Xilinx, Inc. All Rights Reserved. Copyright 2022-2023 Advanced Micro Devices, Inc. All Rights Reserved.
---------------------------------------------------------------------------------------------------------------------------------------------
| Tool Version : Vivado v.2023.1 (win64) Build 3865809 Sun May  7 15:05:29 MDT 2023
| Date         : Tue Jan  6 12:14:24 2026
| Host         : JJ-PC running 64-bit major release  (build 9200)
| Command      : report_control_sets -verbose -file bd_0_wrapper_control_sets_placed.rpt
| Design       : bd_0_wrapper
| Device       : xc7z020
---------------------------------------------------------------------------------------------------------------------------------------------

Control Set Information

Table of Contents
-----------------
1. Summary
2. Histogram
3. Flip-Flop Distribution
4. Detailed Control Set Information

1. Summary
----------

+----------------------------------------------------------+-------+
|                          Status                          | Count |
+----------------------------------------------------------+-------+
| Total control sets                                       |    20 |
|    Minimum number of control sets                        |    20 |
|    Addition due to synthesis replication                 |     0 |
|    Addition due to physical synthesis replication        |     0 |
| Unused register locations in slices containing registers |    66 |
+----------------------------------------------------------+-------+
* Control sets can be merged at opt_design using control_set_merge or merge_equivalent_drivers
** Run report_qor_suggestions for automated merging and remapping suggestions


2. Histogram
------------

+--------------------+-------+
|       Fanout       | Count |
+--------------------+-------+
| Total control sets |    20 |
| >= 0 to < 4        |     0 |
| >= 4 to < 6        |    17 |
| >= 6 to < 8        |     1 |
| >= 8 to < 10       |     0 |
| >= 10 to < 12      |     0 |
| >= 12 to < 14      |     0 |
| >= 14 to < 16      |     0 |
| >= 16              |     2 |
+--------------------+-------+
* Control sets can be remapped at either synth_design or opt_design


3. Flip-Flop Distribution
-------------------------

+--------------+-----------------------+------------------------+-----------------+--------------+
| Clock Enable | Synchronous Set/Reset | Asynchronous Set/Reset | Total Registers | Total Slices |
+--------------+-----------------------+------------------------+-----------------+--------------+
| No           | No                    | No                     |              20 |            9 |
| No           | No                    | Yes                    |               0 |            0 |
| No           | Yes                   | No                     |              23 |            9 |
| Yes          | No                    | No                     |              33 |           17 |
| Yes          | No                    | Yes                    |               0 |            0 |
| Yes          | Yes                   | No                     |              34 |           12 |
+--------------+-----------------------+------------------------+-----------------+--------------+


4. Detailed Control Set Information
-----------------------------------

+--------------+-----------------------------------------------+-----------------------------------------+------------------+----------------+--------------+
| Clock Signal |                 Enable Signal                 |             Set/Reset Signal            | Slice Load Count | Bel Load Count | Bels / Slice |
+--------------+-----------------------------------------------+-----------------------------------------+------------------+----------------+--------------+
|  ap_clk      | bd_0_i/hls_inst/inst/aux2_U/aux2_ce0          |                                         |                1 |              4 |         4.00 |
|  ap_clk      | bd_0_i/hls_inst/inst/aux_U/aux_ce0            |                                         |                1 |              4 |         4.00 |
|  ap_clk      | bd_0_i/hls_inst/inst/aux_U/p_0_in             |                                         |                1 |              4 |         4.00 |
|  ap_clk      | bd_0_i/hls_inst/inst/ap_CS_fsm_state14        |                                         |                1 |              4 |         4.00 |
|  ap_clk      | bd_0_i/hls_inst/inst/ap_CS_fsm_state19        |                                         |                3 |              4 |         1.33 |
|  ap_clk      | bd_0_i/hls_inst/inst/ap_CS_fsm_state2         |                                         |                2 |              4 |         2.00 |
|  ap_clk      | bd_0_i/hls_inst/inst/ap_CS_fsm_state23        | bd_0_i/hls_inst/inst/ap_NS_fsm11_out    |                1 |              4 |         4.00 |
|  ap_clk      | bd_0_i/hls_inst/inst/ap_CS_fsm_state10        |                                         |                2 |              4 |         2.00 |
|  ap_clk      | bd_0_i/hls_inst/inst/ap_CS_fsm_state4         |                                         |                2 |              4 |         2.00 |
|  ap_clk      | bd_0_i/hls_inst/inst/c_ce0                    |                                         |                3 |              4 |         1.33 |
|  ap_clk      | bd_0_i/hls_inst/inst/reg_239[3]_i_1_n_3       | bd_0_i/hls_inst/inst/aux_U/SR[0]        |                1 |              4 |         4.00 |
|  ap_clk      | bd_0_i/hls_inst/inst/reg_190[3]_i_1_n_3       | bd_0_i/hls_inst/inst/reg_1900           |                2 |              4 |         2.00 |
|  ap_clk      | bd_0_i/hls_inst/inst/reg_215[3]_i_2_n_3       | bd_0_i/hls_inst/inst/reg_215[3]_i_1_n_3 |                1 |              4 |         4.00 |
|  ap_clk      | bd_0_i/hls_inst/inst/reg_202[3]_i_2_n_3       | bd_0_i/hls_inst/inst/reg_1900           |                2 |              4 |         2.00 |
|  ap_clk      | bd_0_i/hls_inst/inst/reg_178[3]_i_2_n_3       | bd_0_i/hls_inst/inst/reg_178[3]_i_1_n_3 |                1 |              4 |         4.00 |
|  ap_clk      | bd_0_i/hls_inst/inst/reg_251[3]_i_2_n_3       | bd_0_i/hls_inst/inst/aux_U/SR[0]        |                2 |              4 |         2.00 |
|  ap_clk      | bd_0_i/hls_inst/inst/ap_CS_fsm_state17        |                                         |                3 |              5 |         1.67 |
|  ap_clk      | bd_0_i/hls_inst/inst/aux2_U/reg_227_reg[0][1] | bd_0_i/hls_inst/inst/ap_NS_fsm11_out    |                2 |              6 |         3.00 |
|  ap_clk      |                                               |                                         |                9 |             20 |         2.22 |
|  ap_clk      |                                               | ap_rst                                  |                9 |             23 |         2.56 |
+--------------+-----------------------------------------------+-----------------------------------------+------------------+----------------+--------------+


