================================================================
== Vivado Place & Route Results
================================================================
+ General Information:
    * Date:            Tue Jan 06 12:23:14 +0100 2026
    * Version:         2023.1 (Build 3854077 on May  4 2023)
    * Project:         Proyecto_Final
    * Solution:        minima_latencia (Vivado IP Flow Target)
    * Product family:  zynq
    * Target device:   xc7z020-clg400-1


================================================================
== Run Constraints & Options
================================================================
+ Design Constraints & Options:
    * Place & Route target clock:  8 ns
    * C-Synthesis target clock:    8 ns
    * C-Synthesis uncertainty:     27%

+ RTL Synthesis Options:
    * config_export -vivado_synth_strategy:     default
    * config_export -vivado_synth_design_args:  -directive sdx_optimization_effort_high

+ Place & Route Options:
    * config_export -vivado_impl_strategy:  default
    * config_export -vivado_phys_opt:       none

+ Reporting Options:
    * config_export -vivado_report_level:      2
    * config_export -vivado_max_timing_paths:  10


================================================================
== Place & Route Resource Summary
================================================================
LUT:              328
FF:               163
DSP:              0
BRAM:             0
URAM:             0
SRL:              0


================================================================
== Place & Route Timing Summary
================================================================
* Timing was met
+----------------+-------------+
| Timing         | Period (ns) |
+----------------+-------------+
| Target         | 8.000       |
| Post-Synthesis | 4.935       |
| Post-Route     | 4.386       |
+----------------+-------------+


================================================================
== Place & Route Resources
================================================================
+-----------------------+-----+-----+-----+------+------+-----+--------+------+---------+------------+-------------------+
| Name                  | LUT | FF  | DSP | BRAM | URAM | SRL | Pragma | Impl | Latency | Variable   | Source            |
+-----------------------+-----+-----+-----+------+------+-----+--------+------+---------+------------+-------------------+
| inst                  | 328 | 163 |     |      |      |     |        |      |         |            |                   |
|   (inst)              | 324 | 163 |     |      |      |     |        |      |         |            |                   |
|   mul_4s_4s_4_1_1_U35 | 4   |     |     |      |      |     |        |      |         |            |                   |
|     bind_op mul       |     |     |     |      |      |     |        | auto | 0       | product2_5 | matrixcalc.cpp:21 |
+-----------------------+-----+-----+-----+------+------+-----+--------+------+---------+------------+-------------------+


================================================================
== Place & Route Fail Fast
================================================================
+-----------------------------------------------------------+-----------+--------+--------+
| Criteria                                                  | Guideline | Actual | Status |
+-----------------------------------------------------------+-----------+--------+--------+
| LUT                                                       | 70%       | 0.62%  | OK     |
| FD                                                        | 50%       | 0.15%  | OK     |
| LUTRAM+SRL                                                | 25%       | 0.00%  | OK     |
| MUXF7                                                     | 15%       | 0.00%  | OK     |
| DSP                                                       | 80%       | 0.00%  | OK     |
| RAMB/FIFO                                                 | 80%       | 0.00%  | OK     |
| DSP+RAMB+URAM (Avg)                                       | 70%       | 0.00%  | OK     |
| BUFGCE* + BUFGCTRL                                        | 24        | 0      | OK     |
| DONT_TOUCH (cells/nets)                                   | 0         | 0      | OK     |
| MARK_DEBUG (nets)                                         | 0         | 0      | OK     |
| Control Sets                                              | 998       | 1      | OK     |
| Average Fanout for modules > 100k cells                   | 4         | 0      | OK     |
| Non-FD high fanout nets > 10k loads                       | 0         | 0      | OK     |
+-----------------------------------------------------------+-----------+--------+--------+
| TIMING-6 (No common primary clock between related clocks) | 0         | 0      | OK     |
| TIMING-7 (No common node between related clocks)          | 0         | 0      | OK     |
| TIMING-8 (No common period between related clocks)        | 0         | 0      | OK     |
| TIMING-14 (LUT on the clock tree)                         | 0         | 0      | OK     |
| TIMING-35 (No common node in paths with the same clock)   | 0         | 0      | OK     |
+-----------------------------------------------------------+-----------+--------+--------+
| Number of paths above max LUT budgeting (0.575ns)         | 0         | 0      | OK     |
| Number of paths above max Net budgeting (0.403ns)         | 0         | 0      | OK     |
+-----------------------------------------------------------+-----------+--------+--------+


================================================================
== Place & Route Timing Paths
================================================================
* Timing was met
+-------+-------+------------------------------+-----------------------------+--------------+------------+----------------+----------------+--------------+
| Path  | SLACK | STARTPOINT PIN               | ENDPOINT PIN                | LOGIC LEVELS | MAX FANOUT | DATAPATH DELAY | DATAPATH LOGIC | DATAPATH NET |
|       |       |                              |                             |              |            |                |          DELAY |        DELAY |
+-------+-------+------------------------------+-----------------------------+--------------+------------+----------------+----------------+--------------+
| Path1 | 3.614 | mul_ln43_3_reg_623_reg[0]/C  | product1_7_reg_783_reg[3]/D |            4 |         12 |          4.383 |          1.214 |        3.169 |
| Path2 | 3.665 | mul_ln43_3_reg_623_reg[0]/C  | mul_ln21_2_reg_798_reg[3]/D |            4 |         12 |          4.280 |          1.242 |        3.038 |
| Path3 | 3.884 | add_ln59_10_reg_688_reg[0]/C | product1_8_reg_793_reg[2]/D |            3 |          7 |          4.111 |          1.054 |        3.057 |
| Path4 | 3.894 | add_ln59_10_reg_688_reg[0]/C | product1_8_reg_793_reg[3]/D |            3 |          7 |          4.140 |          1.083 |        3.057 |
| Path5 | 3.922 | c_1_2_read_reg_713_reg[0]/C  | product2_7_reg_788_reg[3]/D |            4 |         13 |          4.071 |          1.266 |        2.805 |
+-------+-------+------------------------------+-----------------------------+--------------+------------+----------------+----------------+--------------+

    +----------------------------+----------------------+
    | Path1 Cells                | Primitive Type       |
    +----------------------------+----------------------+
    | mul_ln43_3_reg_623_reg[0]  | FLOP_LATCH.flop.FDRE |
    | mul_ln21_2_reg_798[2]_i_10 | LUT.others.LUT6      |
    | mul_ln21_2_reg_798[3]_i_9  | LUT.others.LUT6      |
    | product1_7_reg_783[3]_i_2  | LUT.others.LUT4      |
    | product1_7_reg_783[3]_i_1  | LUT.others.LUT6      |
    | product1_7_reg_783_reg[3]  | FLOP_LATCH.flop.FDRE |
    +----------------------------+----------------------+

    +----------------------------+----------------------+
    | Path2 Cells                | Primitive Type       |
    +----------------------------+----------------------+
    | mul_ln43_3_reg_623_reg[0]  | FLOP_LATCH.flop.FDRE |
    | mul_ln21_2_reg_798[2]_i_10 | LUT.others.LUT6      |
    | mul_ln21_2_reg_798[2]_i_7  | LUT.others.LUT5      |
    | mul_ln21_2_reg_798[3]_i_5  | LUT.others.LUT4      |
    | mul_ln21_2_reg_798[3]_i_1  | LUT.others.LUT6      |
    | mul_ln21_2_reg_798_reg[3]  | FLOP_LATCH.flop.FDRE |
    +----------------------------+----------------------+

    +----------------------------+----------------------+
    | Path3 Cells                | Primitive Type       |
    +----------------------------+----------------------+
    | add_ln59_10_reg_688_reg[0] | FLOP_LATCH.flop.FDRE |
    | product1_8_reg_793[1]_i_2  | LUT.others.LUT3      |
    | product1_8_reg_793[3]_i_2  | LUT.others.LUT6      |
    | product1_8_reg_793[2]_i_1  | LUT.others.LUT3      |
    | product1_8_reg_793_reg[2]  | FLOP_LATCH.flop.FDRE |
    +----------------------------+----------------------+

    +----------------------------+----------------------+
    | Path4 Cells                | Primitive Type       |
    +----------------------------+----------------------+
    | add_ln59_10_reg_688_reg[0] | FLOP_LATCH.flop.FDRE |
    | product1_8_reg_793[1]_i_2  | LUT.others.LUT3      |
    | product1_8_reg_793[3]_i_2  | LUT.others.LUT6      |
    | product1_8_reg_793[3]_i_1  | LUT.others.LUT5      |
    | product1_8_reg_793_reg[3]  | FLOP_LATCH.flop.FDRE |
    +----------------------------+----------------------+

    +---------------------------+----------------------+
    | Path5 Cells               | Primitive Type       |
    +---------------------------+----------------------+
    | c_1_2_read_reg_713_reg[0] | FLOP_LATCH.flop.FDRE |
    | product2_7_reg_788[2]_i_7 | LUT.others.LUT6      |
    | product2_7_reg_788[2]_i_6 | LUT.others.LUT5      |
    | product2_7_reg_788[3]_i_5 | LUT.others.LUT4      |
    | product2_7_reg_788[3]_i_1 | LUT.others.LUT6      |
    | product2_7_reg_788_reg[3] | FLOP_LATCH.flop.FDRE |
    +---------------------------+----------------------+


================================================================
== Place & Route Vivado Reports
================================================================
+--------------------------+--------------------------------------------------------------------+
| Report Type              | Report Location                                                    |
+--------------------------+--------------------------------------------------------------------+
| design_analysis          | impl/verilog/report/matrixcalc_design_analysis_routed.rpt          |
| failfast                 | impl/verilog/report/matrixcalc_failfast_routed.rpt                 |
| status                   | impl/verilog/report/matrixcalc_status_routed.rpt                   |
| timing                   | impl/verilog/report/matrixcalc_timing_routed.rpt                   |
| timing_paths             | impl/verilog/report/matrixcalc_timing_paths_routed.rpt             |
| utilization              | impl/verilog/report/matrixcalc_utilization_routed.rpt              |
| utilization_hierarchical | impl/verilog/report/matrixcalc_utilization_hierarchical_routed.rpt |
+--------------------------+--------------------------------------------------------------------+


