

Implementation tool: Xilinx Vivado v.2023.1
Project:             Proyecto_Final
Solution:            minima_latencia
Device target:       xc7z020-clg400-1
Report date:         Tue Jan 06 12:23:13 +0100 2026

#=== Post-Implementation Resource usage ===
SLICE:           96
LUT:            328
FF:             163
DSP:              0
BRAM:             0
URAM:             0
LATCH:            0
SRL:              0
CLB:              0

#=== Final timing ===
CP required:                     8.000
CP achieved post-synthesis:      4.935
CP achieved post-implementation: 4.386
Timing met
