#
# There is insufficient memory for the Java Runtime Environment to continue.
# Native memory allocation (malloc) failed to allocate 32744 bytes for ChunkPool::allocate
# Possible reasons:
#   The system is out of physical RAM or swap space
#   The process is running with CompressedOops enabled, and the Java Heap may be blocking the growth of the native heap
# Possible solutions:
#   Reduce memory load on the system
#   Increase physical memory or swap space
#   Check if swap backing store is full
#   Decrease Java heap size (-Xmx/-Xms)
#   Decrease number of Java threads
#   Decrease Java thread stack sizes (-Xss)
#   Set larger code cache with -XX:ReservedCodeCacheSize=
#   JVM is running with Zero Based Compressed Oops mode in which the Java heap is
#     placed in the first 32GB address space. The Java Heap base address is the
#     maximum limit for the native heap growth. Please use -XX:HeapBaseMinAddress
#     to set the Java Heap base and to place the Java Heap above 32GB virtual address.
# This output file may be truncated or incomplete.
#
#  Out of Memory Error (arena.cpp:78), pid=1516, tid=1736
#
# JRE version: OpenJDK Runtime Environment Temurin-17.0.3+7 (17.0.3+7) (build 17.0.3+7)
# Java VM: OpenJDK 64-Bit Server VM Temurin-17.0.3+7 (17.0.3+7, mixed mode, sharing, tiered, compressed oops, compressed class ptrs, g1 gc, windows-amd64)
# No core dump will be written. Minidumps are not enabled by default on client versions of Windows
#

---------------  S U M M A R Y ------------

Command Line: -Dsun.java2d.pmoffscreen=false -Dhttps.protocols=TLSv1,TLSv1.1,TLSv1.2 -Dsun.java2d.xrender=false -Dsun.java2d.d3d=false -Dsun.awt.nopixfmt=true -Dsun.java2d.dpiaware=true -Dsun.java2d.uiScale.enabled=false -Dswing.aatext=true -XX:-UsePerfData -Djdk.map.althashing.threshold=512 -XX:StringTableSize=4072 -XX:+UseStringDeduplication -XX:MaxGCPauseMillis=200 -XX:+ParallelRefProcEnabled --add-opens=java.desktop/javax.swing.plaf.synth=ALL-UNNAMED --add-opens=java.base/java.nio=ALL-UNNAMED --add-opens=java.desktop/sun.swing=ALL-UNNAMED --add-opens=java.desktop/javax.swing=ALL-UNNAMED --add-opens=java.desktop/javax.swing.tree=ALL-UNNAMED --add-opens=java.desktop/javax.swing.plaf.basic=ALL-UNNAMED --add-opens=java.desktop/javax.swing.plaf.synth=ALL-UNNAMED --add-opens=java.desktop/javax.swing.plaf.basic=ALL-UNNAMED --add-opens=java.desktop/javax.swing=ALL-UNNAMED --add-opens=java.desktop/javax.swing.tree=ALL-UNNAMED --add-opens=java.desktop/java.awt.event=ALL-UNNAMED --add-exports=java.desktop/javax.swing.plaf.synth=ALL-UNNAMED --add-exports=java.base/java.nio=ALL-UNNAMED --add-exports=java.desktop/sun.swing=ALL-UNNAMED --add-exports=java.desktop/javax.swing=ALL-UNNAMED --add-exports=java.desktop/javax.swing.tree=ALL-UNNAMED --add-exports=java.desktop/javax.swing.plaf.basic=ALL-UNNAMED --add-exports=java.desktop/sun.swing=ALL-UNNAMED --add-exports=java.desktop/sun.swing.table=ALL-UNNAMED --add-exports=java.desktop/sun.swing.plaf.synth=ALL-UNNAMED --add-exports=java.desktop/sun.awt.shell=ALL-UNNAMED --add-exports=java.base/sun.security.action=ALL-UNNAMED --add-exports=java.desktop/sun.font=ALL-UNNAMED -XX:NewSize=80m -XX:MaxNewSize=80m -Xms512m -Xmx4072m -Xss10m 

Host: Intel(R) Xeon(R) Silver 4316 CPU @ 2.30GHz, 2 cores, 3G,  Windows 10 , 64 bit Build 18362 (10.0.18362.1350)
Time: Sat Dec 27 16:49:37 2025 Hora estándar romance elapsed time: 155.678664 seconds (0d 0h 2m 35s)

---------------  T H R E A D  ---------------

Current thread (0x000001ee6ee368d0):  JavaThread "C2 CompilerThread0" daemon [_thread_in_native, id=1736, stack(0x0000007805c00000,0x0000007805d00000)]


Current CompileTask:
C2: 155679 6909   !   4       de.javasoft.plaf.synthetica.StyleFactory::getStyle (4346 bytes)

Stack: [0x0000007805c00000,0x0000007805d00000]
Native frames: (J=compiled Java code, j=interpreted, Vv=VM code, C=native code)
V  [jvm.dll+0x675efa]
V  [jvm.dll+0x830a24]
V  [jvm.dll+0x8321ce]
V  [jvm.dll+0x832833]
V  [jvm.dll+0x2454b5]
V  [jvm.dll+0xabfc0]
V  [jvm.dll+0xac30c]
V  [jvm.dll+0x606f44]
V  [jvm.dll+0x60853b]
V  [jvm.dll+0x606aa4]
V  [jvm.dll+0x2181d8]
V  [jvm.dll+0x217781]
V  [jvm.dll+0x1a3ccd]
V  [jvm.dll+0x227178]
V  [jvm.dll+0x2252bc]
V  [jvm.dll+0x7e673b]
V  [jvm.dll+0x7e0cfa]
V  [jvm.dll+0x674d85]
C  [ucrtbase.dll+0x210b2]
C  [KERNEL32.DLL+0x17c24]
C  [ntdll.dll+0x6d721]


---------------  P R O C E S S  ---------------

Threads class SMR info:
_java_thread_list=0x000001ee1f79e180, length=24, elements={
0x000001ee6db10270, 0x000001ee6eddbc30, 0x000001ee6eddc4f0, 0x000001ee6edf0530,
0x000001ee6edf3200, 0x000001ee6edf3ac0, 0x000001ee6ee36010, 0x000001ee6ee368d0,
0x000001ee6ee3bdc0, 0x000001ee6ee3c2d0, 0x000001ee7d5d1020, 0x000001ee7d288c90,
0x000001ee7de1bf30, 0x000001ee7dacaa70, 0x000001ee14c2db00, 0x000001ee16f26530,
0x000001ee16f27d40, 0x000001ee16f26ed0, 0x000001ee16f26060, 0x000001ee16f27870,
0x000001ee16f273a0, 0x000001ee1a993e70, 0x000001ee22988c00, 0x000001ee22989a70
}

Java Threads: ( => current thread )
  0x000001ee6db10270 JavaThread "main" [_thread_blocked, id=3476, stack(0x0000007801800000,0x0000007801900000)]
  0x000001ee6eddbc30 JavaThread "Reference Handler" daemon [_thread_blocked, id=4184, stack(0x0000007802000000,0x0000007802a00000)]
  0x000001ee6eddc4f0 JavaThread "Finalizer" daemon [_thread_blocked, id=4080, stack(0x0000007802a00000,0x0000007803400000)]
  0x000001ee6edf0530 JavaThread "Signal Dispatcher" daemon [_thread_blocked, id=648, stack(0x0000007803400000,0x0000007803e00000)]
  0x000001ee6edf3200 JavaThread "Attach Listener" daemon [_thread_blocked, id=1328, stack(0x0000007803e00000,0x0000007804800000)]
  0x000001ee6edf3ac0 JavaThread "Service Thread" daemon [_thread_blocked, id=4520, stack(0x0000007804800000,0x0000007805200000)]
  0x000001ee6ee36010 JavaThread "Monitor Deflation Thread" daemon [_thread_blocked, id=4328, stack(0x0000007805200000,0x0000007805c00000)]
=>0x000001ee6ee368d0 JavaThread "C2 CompilerThread0" daemon [_thread_in_native, id=1736, stack(0x0000007805c00000,0x0000007805d00000)]
  0x000001ee6ee3bdc0 JavaThread "C1 CompilerThread0" daemon [_thread_blocked, id=4252, stack(0x0000007805d00000,0x0000007805e00000)]
  0x000001ee6ee3c2d0 JavaThread "Sweeper thread" daemon [_thread_blocked, id=6140, stack(0x0000007805e00000,0x0000007806800000)]
  0x000001ee7d5d1020 JavaThread "Common-Cleaner" daemon [_thread_blocked, id=2776, stack(0x0000007806800000,0x0000007807200000)]
  0x000001ee7d288c90 JavaThread "Notification Thread" daemon [_thread_blocked, id=5596, stack(0x0000007807200000,0x0000007807c00000)]
  0x000001ee7de1bf30 JavaThread "Java2D Disposer" daemon [_thread_blocked, id=4944, stack(0x0000007807d00000,0x0000007808700000)]
  0x000001ee7dacaa70 JavaThread "AWT-Windows" daemon [_thread_in_native, id=2512, stack(0x0000007809100000,0x0000007809b00000)]
  0x000001ee14c2db00 JavaThread "TimerQueue" daemon [_thread_blocked, id=6172, stack(0x0000007808700000,0x0000007809100000)]
  0x000001ee16f26530 JavaThread "Thread-1" [_thread_blocked, id=5328, stack(0x0000007800000000,0x0000007801400000)]
  0x000001ee16f27d40 JavaThread "Process Messages Thread" [_thread_in_vm, id=6284, stack(0x000000780a700000,0x000000780b100000)]
  0x000001ee16f26ed0 JavaThread "AWT-Shutdown" [_thread_blocked, id=6312, stack(0x000000780b100000,0x000000780bb00000)]
  0x000001ee16f26060 JavaThread "AWT-EventQueue-1" [_thread_in_Java, id=6332, stack(0x000000780c500000,0x000000780cf00000)]
  0x000001ee16f27870 JavaThread "Batik CleanerThread" daemon [_thread_blocked, id=6364, stack(0x000000780cf00000,0x000000780d900000)]
  0x000001ee16f273a0 JavaThread "SyntheticaCleanerThread" daemon [_thread_blocked, id=6656, stack(0x0000007809b00000,0x000000780a500000)]
  0x000001ee1a993e70 JavaThread "NewProject Thread" [_thread_in_native, id=5076, stack(0x000000780d900000,0x000000780e300000)]
  0x000001ee22988c00 JavaThread "Timer-0" [_thread_new, id=6308, stack(0x0000000000000000,0x0000000000000000)]
  0x000001ee22989a70 JavaThread "Monitor File Timestamp Swing Worker Thread" [_thread_new, id=6512, stack(0x0000000000000000,0x0000000000000000)]

Other Threads:
  0x000001ee6ef91ee0 VMThread "VM Thread" [stack: 0x0000007801f00000,0x0000007802000000] [id=2516]
  0x000001ee65e3a3c0 WatcherThread [stack: 0x0000007807c00000,0x0000007807d00000] [id=6136]
  0x000001ee6d8c9270 GCTaskThread "GC Thread#0" [stack: 0x0000007801900000,0x0000007801a00000] [id=2880]
  0x000001ee6d8cad50 GCTaskThread "GC Thread#1" [stack: 0x000000780a500000,0x000000780a600000] [id=6188]
  0x000001ee6e9286e0 ConcurrentGCThread "G1 Main Marker" [stack: 0x0000007801a00000,0x0000007801b00000] [id=1484]
  0x000001ee6d8cbd70 ConcurrentGCThread "G1 Conc#0" [stack: 0x0000007801b00000,0x0000007801c00000] [id=5168]
  0x000001ee6e72fd30 ConcurrentGCThread "G1 Refine#0" [stack: 0x0000007801c00000,0x0000007801d00000] [id=5672]
  0x000001ee6e72f1b0 ConcurrentGCThread "G1 Refine#1" [stack: 0x000000780a600000,0x000000780a700000] [id=6192]
  0x000001ee6ef11480 ConcurrentGCThread "G1 Service" [stack: 0x0000007801d00000,0x0000007801e00000] [id=5632]
  0x000001ee6d8c74e0 ConcurrentGCThread "StringDedupProcessor" [stack: 0x0000007801e00000,0x0000007801f00000] [id=5044]

Threads with active compile tasks:
C2 CompilerThread0   156011 6909   !   4       de.javasoft.plaf.synthetica.StyleFactory::getStyle (4346 bytes)

VM state: not at safepoint (normal execution)

VM Mutex/Monitor currently owned by a thread: None

Heap address: 0x0000000701800000, size: 4072 MB, Compressed Oops mode: Zero based, Oop shift amount: 3

CDS archive(s) mapped at: [0x0000000800000000-0x0000000800bc0000-0x0000000800bc0000), size 12320768, SharedBaseAddress: 0x0000000800000000, ArchiveRelocationMode: 0.
Compressed class space mapped at: 0x0000000800c00000-0x0000000840c00000, reserved size: 1073741824
Narrow klass base: 0x0000000800000000, Narrow klass shift: 0, Narrow klass range: 0x100000000

GC Precious Log:
 CPUs: 2 total, 2 available
 Memory: 4095M
 Large Page Support: Disabled
 NUMA Support: Disabled
 Compressed Oops: Enabled (Zero based)
 Heap Region Size: 2M
 Heap Min Capacity: 512M
 Heap Initial Capacity: 512M
 Heap Max Capacity: 4072M
 Pre-touch: Disabled
 Parallel Workers: 2
 Concurrent Workers: 1
 Concurrent Refinement Workers: 2
 Periodic GC: Disabled
 String Deduplication is enabled

Heap:
 garbage-first heap   total 524288K, used 101544K [0x0000000701800000, 0x0000000800000000)
  region size 2048K, 25 young (51200K), 5 survivors (10240K)
 Metaspace       used 49446K, committed 49792K, reserved 1097728K
  class space    used 6487K, committed 6656K, reserved 1048576K

Heap Regions: E=young(eden), S=young(survivor), O=old, HS=humongous(starts), HC=humongous(continues), CS=collection set, F=free, OA=open archive, CA=closed archive, TAMS=top-at-mark-start (previous, next)
|   0|0x0000000701800000, 0x0000000701a00000, 0x0000000701a00000|100%|HS|  |TAMS 0x0000000701a00000, 0x0000000701800000| Complete 
|   1|0x0000000701a00000, 0x0000000701c00000, 0x0000000701c00000|100%| O|  |TAMS 0x0000000701c00000, 0x0000000701a00000| Untracked 
|   2|0x0000000701c00000, 0x0000000701e00000, 0x0000000701e00000|100%| O|  |TAMS 0x0000000701e00000, 0x0000000701c00000| Untracked 
|   3|0x0000000701e00000, 0x0000000702000000, 0x0000000702000000|100%| O|  |TAMS 0x0000000702000000, 0x0000000701e00000| Untracked 
|   4|0x0000000702000000, 0x0000000702200000, 0x0000000702200000|100%| O|  |TAMS 0x0000000702200000, 0x0000000702000000| Untracked 
|   5|0x0000000702200000, 0x0000000702400000, 0x0000000702400000|100%| O|  |TAMS 0x0000000702400000, 0x0000000702200000| Untracked 
|   6|0x0000000702400000, 0x0000000702600000, 0x0000000702600000|100%| O|  |TAMS 0x0000000702600000, 0x0000000702400000| Untracked 
|   7|0x0000000702600000, 0x0000000702800000, 0x0000000702800000|100%| O|  |TAMS 0x0000000702800000, 0x0000000702600000| Untracked 
|   8|0x0000000702800000, 0x0000000702a00000, 0x0000000702a00000|100%| O|  |TAMS 0x0000000702a00000, 0x0000000702800000| Untracked 
|   9|0x0000000702a00000, 0x0000000702c00000, 0x0000000702c00000|100%| O|  |TAMS 0x0000000702c00000, 0x0000000702a00000| Untracked 
|  10|0x0000000702c00000, 0x0000000702e00000, 0x0000000702e00000|100%| O|  |TAMS 0x0000000702e00000, 0x0000000702c00000| Untracked 
|  11|0x0000000702e00000, 0x0000000703000000, 0x0000000703000000|100%| O|  |TAMS 0x0000000703000000, 0x0000000702e00000| Untracked 
|  12|0x0000000703000000, 0x0000000703200000, 0x0000000703200000|100%| O|  |TAMS 0x0000000703157e00, 0x0000000703000000| Untracked 
|  13|0x0000000703200000, 0x0000000703400000, 0x0000000703400000|100%| O|  |TAMS 0x0000000703200000, 0x0000000703200000| Untracked 
|  14|0x0000000703400000, 0x0000000703600000, 0x0000000703600000|100%| O|  |TAMS 0x0000000703400000, 0x0000000703400000| Untracked 
|  15|0x0000000703600000, 0x0000000703800000, 0x0000000703800000|100%| O|  |TAMS 0x0000000703600000, 0x0000000703600000| Untracked 
|  16|0x0000000703800000, 0x0000000703a00000, 0x0000000703a00000|100%|HS|  |TAMS 0x0000000703a00000, 0x0000000703800000| Complete 
|  17|0x0000000703a00000, 0x0000000703c00000, 0x0000000703c00000|100%|HC|  |TAMS 0x0000000703c00000, 0x0000000703a00000| Complete 
|  18|0x0000000703c00000, 0x0000000703e00000, 0x0000000703e00000|100%|HC|  |TAMS 0x0000000703e00000, 0x0000000703c00000| Complete 
|  19|0x0000000703e00000, 0x0000000704000000, 0x0000000704000000|100%|HC|  |TAMS 0x0000000704000000, 0x0000000703e00000| Complete 
|  20|0x0000000704000000, 0x0000000704200000, 0x0000000704200000|100%|HC|  |TAMS 0x0000000704200000, 0x0000000704000000| Complete 
|  21|0x0000000704200000, 0x0000000704400000, 0x0000000704400000|100%|HC|  |TAMS 0x0000000704400000, 0x0000000704200000| Complete 
|  22|0x0000000704400000, 0x0000000704600000, 0x0000000704600000|100%| O|  |TAMS 0x0000000704400000, 0x0000000704400000| Untracked 
|  23|0x0000000704600000, 0x000000070472a200, 0x0000000704800000| 58%| O|  |TAMS 0x0000000704600000, 0x0000000704600000| Untracked 
|  24|0x0000000704800000, 0x0000000704800000, 0x0000000704a00000|  0%| F|  |TAMS 0x0000000704800000, 0x0000000704800000| Untracked 
|  25|0x0000000704a00000, 0x0000000704a00000, 0x0000000704c00000|  0%| F|  |TAMS 0x0000000704a00000, 0x0000000704a00000| Untracked 
|  26|0x0000000704c00000, 0x0000000704c00000, 0x0000000704e00000|  0%| F|  |TAMS 0x0000000704c00000, 0x0000000704c00000| Untracked 
|  27|0x0000000704e00000, 0x0000000704e00000, 0x0000000705000000|  0%| F|  |TAMS 0x0000000704e00000, 0x0000000704e00000| Untracked 
|  28|0x0000000705000000, 0x0000000705000000, 0x0000000705200000|  0%| F|  |TAMS 0x0000000705000000, 0x0000000705000000| Untracked 
|  29|0x0000000705200000, 0x0000000705200000, 0x0000000705400000|  0%| F|  |TAMS 0x0000000705200000, 0x0000000705200000| Untracked 
|  30|0x0000000705400000, 0x0000000705400000, 0x0000000705600000|  0%| F|  |TAMS 0x0000000705400000, 0x0000000705400000| Untracked 
|  31|0x0000000705600000, 0x0000000705600000, 0x0000000705800000|  0%| F|  |TAMS 0x0000000705600000, 0x0000000705600000| Untracked 
|  32|0x0000000705800000, 0x0000000705800000, 0x0000000705a00000|  0%| F|  |TAMS 0x0000000705800000, 0x0000000705800000| Untracked 
|  33|0x0000000705a00000, 0x0000000705a00000, 0x0000000705c00000|  0%| F|  |TAMS 0x0000000705a00000, 0x0000000705a00000| Untracked 
|  34|0x0000000705c00000, 0x0000000705e00000, 0x0000000705e00000|100%|HS|  |TAMS 0x0000000705e00000, 0x0000000705c00000| Complete 
|  35|0x0000000705e00000, 0x0000000706000000, 0x0000000706000000|100%|HS|  |TAMS 0x0000000706000000, 0x0000000705e00000| Complete 
|  36|0x0000000706000000, 0x0000000706000000, 0x0000000706200000|  0%| F|  |TAMS 0x0000000706000000, 0x0000000706000000| Untracked 
|  37|0x0000000706200000, 0x0000000706200000, 0x0000000706400000|  0%| F|  |TAMS 0x0000000706200000, 0x0000000706200000| Untracked 
|  38|0x0000000706400000, 0x0000000706400000, 0x0000000706600000|  0%| F|  |TAMS 0x0000000706400000, 0x0000000706400000| Untracked 
|  39|0x0000000706600000, 0x0000000706600000, 0x0000000706800000|  0%| F|  |TAMS 0x0000000706600000, 0x0000000706600000| Untracked 
|  40|0x0000000706800000, 0x0000000706800000, 0x0000000706a00000|  0%| F|  |TAMS 0x0000000706800000, 0x0000000706800000| Untracked 
|  41|0x0000000706a00000, 0x0000000706a00000, 0x0000000706c00000|  0%| F|  |TAMS 0x0000000706a00000, 0x0000000706a00000| Untracked 
|  42|0x0000000706c00000, 0x0000000706c00000, 0x0000000706e00000|  0%| F|  |TAMS 0x0000000706c00000, 0x0000000706c00000| Untracked 
|  43|0x0000000706e00000, 0x0000000706e00000, 0x0000000707000000|  0%| F|  |TAMS 0x0000000706e00000, 0x0000000706e00000| Untracked 
|  44|0x0000000707000000, 0x0000000707000000, 0x0000000707200000|  0%| F|  |TAMS 0x0000000707000000, 0x0000000707000000| Untracked 
|  45|0x0000000707200000, 0x0000000707200000, 0x0000000707400000|  0%| F|  |TAMS 0x0000000707200000, 0x0000000707200000| Untracked 
|  46|0x0000000707400000, 0x0000000707400000, 0x0000000707600000|  0%| F|  |TAMS 0x0000000707400000, 0x0000000707400000| Untracked 
|  47|0x0000000707600000, 0x0000000707600000, 0x0000000707800000|  0%| F|  |TAMS 0x0000000707600000, 0x0000000707600000| Untracked 
|  48|0x0000000707800000, 0x0000000707800000, 0x0000000707a00000|  0%| F|  |TAMS 0x0000000707800000, 0x0000000707800000| Untracked 
|  49|0x0000000707a00000, 0x0000000707a00000, 0x0000000707c00000|  0%| F|  |TAMS 0x0000000707a00000, 0x0000000707a00000| Untracked 
|  50|0x0000000707c00000, 0x0000000707c00000, 0x0000000707e00000|  0%| F|  |TAMS 0x0000000707c00000, 0x0000000707c00000| Untracked 
|  51|0x0000000707e00000, 0x0000000707e00000, 0x0000000708000000|  0%| F|  |TAMS 0x0000000707e00000, 0x0000000707e00000| Untracked 
|  52|0x0000000708000000, 0x0000000708000000, 0x0000000708200000|  0%| F|  |TAMS 0x0000000708000000, 0x0000000708000000| Untracked 
|  53|0x0000000708200000, 0x0000000708200000, 0x0000000708400000|  0%| F|  |TAMS 0x0000000708200000, 0x0000000708200000| Untracked 
|  54|0x0000000708400000, 0x0000000708400000, 0x0000000708600000|  0%| F|  |TAMS 0x0000000708400000, 0x0000000708400000| Untracked 
|  55|0x0000000708600000, 0x0000000708600000, 0x0000000708800000|  0%| F|  |TAMS 0x0000000708600000, 0x0000000708600000| Untracked 
|  56|0x0000000708800000, 0x0000000708800000, 0x0000000708a00000|  0%| F|  |TAMS 0x0000000708800000, 0x0000000708800000| Untracked 
|  57|0x0000000708a00000, 0x0000000708a00000, 0x0000000708c00000|  0%| F|  |TAMS 0x0000000708a00000, 0x0000000708a00000| Untracked 
|  58|0x0000000708c00000, 0x0000000708c00000, 0x0000000708e00000|  0%| F|  |TAMS 0x0000000708c00000, 0x0000000708c00000| Untracked 
|  59|0x0000000708e00000, 0x0000000708e00000, 0x0000000709000000|  0%| F|  |TAMS 0x0000000708e00000, 0x0000000708e00000| Untracked 
|  60|0x0000000709000000, 0x0000000709000000, 0x0000000709200000|  0%| F|  |TAMS 0x0000000709000000, 0x0000000709000000| Untracked 
|  61|0x0000000709200000, 0x0000000709200000, 0x0000000709400000|  0%| F|  |TAMS 0x0000000709200000, 0x0000000709200000| Untracked 
|  62|0x0000000709400000, 0x0000000709400000, 0x0000000709600000|  0%| F|  |TAMS 0x0000000709400000, 0x0000000709400000| Untracked 
|  63|0x0000000709600000, 0x0000000709600000, 0x0000000709800000|  0%| F|  |TAMS 0x0000000709600000, 0x0000000709600000| Untracked 
|  64|0x0000000709800000, 0x0000000709800000, 0x0000000709a00000|  0%| F|  |TAMS 0x0000000709800000, 0x0000000709800000| Untracked 
|  65|0x0000000709a00000, 0x0000000709a00000, 0x0000000709c00000|  0%| F|  |TAMS 0x0000000709a00000, 0x0000000709a00000| Untracked 
|  66|0x0000000709c00000, 0x0000000709c00000, 0x0000000709e00000|  0%| F|  |TAMS 0x0000000709c00000, 0x0000000709c00000| Untracked 
|  67|0x0000000709e00000, 0x0000000709e00000, 0x000000070a000000|  0%| F|  |TAMS 0x0000000709e00000, 0x0000000709e00000| Untracked 
|  68|0x000000070a000000, 0x000000070a000000, 0x000000070a200000|  0%| F|  |TAMS 0x000000070a000000, 0x000000070a000000| Untracked 
|  69|0x000000070a200000, 0x000000070a200000, 0x000000070a400000|  0%| F|  |TAMS 0x000000070a200000, 0x000000070a200000| Untracked 
|  70|0x000000070a400000, 0x000000070a400000, 0x000000070a600000|  0%| F|  |TAMS 0x000000070a400000, 0x000000070a400000| Untracked 
|  71|0x000000070a600000, 0x000000070a600000, 0x000000070a800000|  0%| F|  |TAMS 0x000000070a600000, 0x000000070a600000| Untracked 
|  72|0x000000070a800000, 0x000000070a800000, 0x000000070aa00000|  0%| F|  |TAMS 0x000000070a800000, 0x000000070a800000| Untracked 
|  73|0x000000070aa00000, 0x000000070aa00000, 0x000000070ac00000|  0%| F|  |TAMS 0x000000070aa00000, 0x000000070aa00000| Untracked 
|  74|0x000000070ac00000, 0x000000070ac00000, 0x000000070ae00000|  0%| F|  |TAMS 0x000000070ac00000, 0x000000070ac00000| Untracked 
|  75|0x000000070ae00000, 0x000000070ae00000, 0x000000070b000000|  0%| F|  |TAMS 0x000000070ae00000, 0x000000070ae00000| Untracked 
|  76|0x000000070b000000, 0x000000070b000000, 0x000000070b200000|  0%| F|  |TAMS 0x000000070b000000, 0x000000070b000000| Untracked 
|  77|0x000000070b200000, 0x000000070b200000, 0x000000070b400000|  0%| F|  |TAMS 0x000000070b200000, 0x000000070b200000| Untracked 
|  78|0x000000070b400000, 0x000000070b400000, 0x000000070b600000|  0%| F|  |TAMS 0x000000070b400000, 0x000000070b400000| Untracked 
|  79|0x000000070b600000, 0x000000070b600000, 0x000000070b800000|  0%| F|  |TAMS 0x000000070b600000, 0x000000070b600000| Untracked 
|  80|0x000000070b800000, 0x000000070b800000, 0x000000070ba00000|  0%| F|  |TAMS 0x000000070b800000, 0x000000070b800000| Untracked 
|  81|0x000000070ba00000, 0x000000070ba00000, 0x000000070bc00000|  0%| F|  |TAMS 0x000000070ba00000, 0x000000070ba00000| Untracked 
|  82|0x000000070bc00000, 0x000000070bc00000, 0x000000070be00000|  0%| F|  |TAMS 0x000000070bc00000, 0x000000070bc00000| Untracked 
|  83|0x000000070be00000, 0x000000070be00000, 0x000000070c000000|  0%| F|  |TAMS 0x000000070be00000, 0x000000070be00000| Untracked 
|  84|0x000000070c000000, 0x000000070c000000, 0x000000070c200000|  0%| F|  |TAMS 0x000000070c000000, 0x000000070c000000| Untracked 
|  85|0x000000070c200000, 0x000000070c200000, 0x000000070c400000|  0%| F|  |TAMS 0x000000070c200000, 0x000000070c200000| Untracked 
|  86|0x000000070c400000, 0x000000070c400000, 0x000000070c600000|  0%| F|  |TAMS 0x000000070c400000, 0x000000070c400000| Untracked 
|  87|0x000000070c600000, 0x000000070c600000, 0x000000070c800000|  0%| F|  |TAMS 0x000000070c600000, 0x000000070c600000| Untracked 
|  88|0x000000070c800000, 0x000000070c800000, 0x000000070ca00000|  0%| F|  |TAMS 0x000000070c800000, 0x000000070c800000| Untracked 
|  89|0x000000070ca00000, 0x000000070ca00000, 0x000000070cc00000|  0%| F|  |TAMS 0x000000070ca00000, 0x000000070ca00000| Untracked 
|  90|0x000000070cc00000, 0x000000070cc00000, 0x000000070ce00000|  0%| F|  |TAMS 0x000000070cc00000, 0x000000070cc00000| Untracked 
|  91|0x000000070ce00000, 0x000000070ce00000, 0x000000070d000000|  0%| F|  |TAMS 0x000000070ce00000, 0x000000070ce00000| Untracked 
|  92|0x000000070d000000, 0x000000070d000000, 0x000000070d200000|  0%| F|  |TAMS 0x000000070d000000, 0x000000070d000000| Untracked 
|  93|0x000000070d200000, 0x000000070d200000, 0x000000070d400000|  0%| F|  |TAMS 0x000000070d200000, 0x000000070d200000| Untracked 
|  94|0x000000070d400000, 0x000000070d400000, 0x000000070d600000|  0%| F|  |TAMS 0x000000070d400000, 0x000000070d400000| Untracked 
|  95|0x000000070d600000, 0x000000070d600000, 0x000000070d800000|  0%| F|  |TAMS 0x000000070d600000, 0x000000070d600000| Untracked 
|  96|0x000000070d800000, 0x000000070d800000, 0x000000070da00000|  0%| F|  |TAMS 0x000000070d800000, 0x000000070d800000| Untracked 
|  97|0x000000070da00000, 0x000000070da00000, 0x000000070dc00000|  0%| F|  |TAMS 0x000000070da00000, 0x000000070da00000| Untracked 
|  98|0x000000070dc00000, 0x000000070dc00000, 0x000000070de00000|  0%| F|  |TAMS 0x000000070dc00000, 0x000000070dc00000| Untracked 
|  99|0x000000070de00000, 0x000000070de00000, 0x000000070e000000|  0%| F|  |TAMS 0x000000070de00000, 0x000000070de00000| Untracked 
| 100|0x000000070e000000, 0x000000070e000000, 0x000000070e200000|  0%| F|  |TAMS 0x000000070e000000, 0x000000070e000000| Untracked 
| 101|0x000000070e200000, 0x000000070e200000, 0x000000070e400000|  0%| F|  |TAMS 0x000000070e200000, 0x000000070e200000| Untracked 
| 102|0x000000070e400000, 0x000000070e400000, 0x000000070e600000|  0%| F|  |TAMS 0x000000070e400000, 0x000000070e400000| Untracked 
| 103|0x000000070e600000, 0x000000070e600000, 0x000000070e800000|  0%| F|  |TAMS 0x000000070e600000, 0x000000070e600000| Untracked 
| 104|0x000000070e800000, 0x000000070e800000, 0x000000070ea00000|  0%| F|  |TAMS 0x000000070e800000, 0x000000070e800000| Untracked 
| 105|0x000000070ea00000, 0x000000070ea00000, 0x000000070ec00000|  0%| F|  |TAMS 0x000000070ea00000, 0x000000070ea00000| Untracked 
| 106|0x000000070ec00000, 0x000000070ec00000, 0x000000070ee00000|  0%| F|  |TAMS 0x000000070ec00000, 0x000000070ec00000| Untracked 
| 107|0x000000070ee00000, 0x000000070ee00000, 0x000000070f000000|  0%| F|  |TAMS 0x000000070ee00000, 0x000000070ee00000| Untracked 
| 108|0x000000070f000000, 0x000000070f000000, 0x000000070f200000|  0%| F|  |TAMS 0x000000070f000000, 0x000000070f000000| Untracked 
| 109|0x000000070f200000, 0x000000070f200000, 0x000000070f400000|  0%| F|  |TAMS 0x000000070f200000, 0x000000070f200000| Untracked 
| 110|0x000000070f400000, 0x000000070f400000, 0x000000070f600000|  0%| F|  |TAMS 0x000000070f400000, 0x000000070f400000| Untracked 
| 111|0x000000070f600000, 0x000000070f600000, 0x000000070f800000|  0%| F|  |TAMS 0x000000070f600000, 0x000000070f600000| Untracked 
| 112|0x000000070f800000, 0x000000070f800000, 0x000000070fa00000|  0%| F|  |TAMS 0x000000070f800000, 0x000000070f800000| Untracked 
| 113|0x000000070fa00000, 0x000000070fa00000, 0x000000070fc00000|  0%| F|  |TAMS 0x000000070fa00000, 0x000000070fa00000| Untracked 
| 114|0x000000070fc00000, 0x000000070fc00000, 0x000000070fe00000|  0%| F|  |TAMS 0x000000070fc00000, 0x000000070fc00000| Untracked 
| 115|0x000000070fe00000, 0x000000070fe00000, 0x0000000710000000|  0%| F|  |TAMS 0x000000070fe00000, 0x000000070fe00000| Untracked 
| 116|0x0000000710000000, 0x0000000710000000, 0x0000000710200000|  0%| F|  |TAMS 0x0000000710000000, 0x0000000710000000| Untracked 
| 117|0x0000000710200000, 0x0000000710200000, 0x0000000710400000|  0%| F|  |TAMS 0x0000000710200000, 0x0000000710200000| Untracked 
| 118|0x0000000710400000, 0x0000000710400000, 0x0000000710600000|  0%| F|  |TAMS 0x0000000710400000, 0x0000000710400000| Untracked 
| 119|0x0000000710600000, 0x0000000710600000, 0x0000000710800000|  0%| F|  |TAMS 0x0000000710600000, 0x0000000710600000| Untracked 
| 120|0x0000000710800000, 0x0000000710800000, 0x0000000710a00000|  0%| F|  |TAMS 0x0000000710800000, 0x0000000710800000| Untracked 
| 121|0x0000000710a00000, 0x0000000710a00000, 0x0000000710c00000|  0%| F|  |TAMS 0x0000000710a00000, 0x0000000710a00000| Untracked 
| 122|0x0000000710c00000, 0x0000000710c00000, 0x0000000710e00000|  0%| F|  |TAMS 0x0000000710c00000, 0x0000000710c00000| Untracked 
| 123|0x0000000710e00000, 0x0000000710e00000, 0x0000000711000000|  0%| F|  |TAMS 0x0000000710e00000, 0x0000000710e00000| Untracked 
| 124|0x0000000711000000, 0x0000000711000000, 0x0000000711200000|  0%| F|  |TAMS 0x0000000711000000, 0x0000000711000000| Untracked 
| 125|0x0000000711200000, 0x0000000711200000, 0x0000000711400000|  0%| F|  |TAMS 0x0000000711200000, 0x0000000711200000| Untracked 
| 126|0x0000000711400000, 0x0000000711400000, 0x0000000711600000|  0%| F|  |TAMS 0x0000000711400000, 0x0000000711400000| Untracked 
| 127|0x0000000711600000, 0x0000000711600000, 0x0000000711800000|  0%| F|  |TAMS 0x0000000711600000, 0x0000000711600000| Untracked 
| 128|0x0000000711800000, 0x0000000711800000, 0x0000000711a00000|  0%| F|  |TAMS 0x0000000711800000, 0x0000000711800000| Untracked 
| 129|0x0000000711a00000, 0x0000000711a00000, 0x0000000711c00000|  0%| F|  |TAMS 0x0000000711a00000, 0x0000000711a00000| Untracked 
| 130|0x0000000711c00000, 0x0000000711c00000, 0x0000000711e00000|  0%| F|  |TAMS 0x0000000711c00000, 0x0000000711c00000| Untracked 
| 131|0x0000000711e00000, 0x0000000711e00000, 0x0000000712000000|  0%| F|  |TAMS 0x0000000711e00000, 0x0000000711e00000| Untracked 
| 132|0x0000000712000000, 0x0000000712000000, 0x0000000712200000|  0%| F|  |TAMS 0x0000000712000000, 0x0000000712000000| Untracked 
| 133|0x0000000712200000, 0x0000000712200000, 0x0000000712400000|  0%| F|  |TAMS 0x0000000712200000, 0x0000000712200000| Untracked 
| 134|0x0000000712400000, 0x0000000712400000, 0x0000000712600000|  0%| F|  |TAMS 0x0000000712400000, 0x0000000712400000| Untracked 
| 135|0x0000000712600000, 0x0000000712600000, 0x0000000712800000|  0%| F|  |TAMS 0x0000000712600000, 0x0000000712600000| Untracked 
| 136|0x0000000712800000, 0x0000000712800000, 0x0000000712a00000|  0%| F|  |TAMS 0x0000000712800000, 0x0000000712800000| Untracked 
| 137|0x0000000712a00000, 0x0000000712a00000, 0x0000000712c00000|  0%| F|  |TAMS 0x0000000712a00000, 0x0000000712a00000| Untracked 
| 138|0x0000000712c00000, 0x0000000712c00000, 0x0000000712e00000|  0%| F|  |TAMS 0x0000000712c00000, 0x0000000712c00000| Untracked 
| 139|0x0000000712e00000, 0x0000000712e00000, 0x0000000713000000|  0%| F|  |TAMS 0x0000000712e00000, 0x0000000712e00000| Untracked 
| 140|0x0000000713000000, 0x0000000713000000, 0x0000000713200000|  0%| F|  |TAMS 0x0000000713000000, 0x0000000713000000| Untracked 
| 141|0x0000000713200000, 0x0000000713200000, 0x0000000713400000|  0%| F|  |TAMS 0x0000000713200000, 0x0000000713200000| Untracked 
| 142|0x0000000713400000, 0x0000000713400000, 0x0000000713600000|  0%| F|  |TAMS 0x0000000713400000, 0x0000000713400000| Untracked 
| 143|0x0000000713600000, 0x0000000713600000, 0x0000000713800000|  0%| F|  |TAMS 0x0000000713600000, 0x0000000713600000| Untracked 
| 144|0x0000000713800000, 0x0000000713800000, 0x0000000713a00000|  0%| F|  |TAMS 0x0000000713800000, 0x0000000713800000| Untracked 
| 145|0x0000000713a00000, 0x0000000713a00000, 0x0000000713c00000|  0%| F|  |TAMS 0x0000000713a00000, 0x0000000713a00000| Untracked 
| 146|0x0000000713c00000, 0x0000000713c00000, 0x0000000713e00000|  0%| F|  |TAMS 0x0000000713c00000, 0x0000000713c00000| Untracked 
| 147|0x0000000713e00000, 0x0000000713e00000, 0x0000000714000000|  0%| F|  |TAMS 0x0000000713e00000, 0x0000000713e00000| Untracked 
| 148|0x0000000714000000, 0x0000000714000000, 0x0000000714200000|  0%| F|  |TAMS 0x0000000714000000, 0x0000000714000000| Untracked 
| 149|0x0000000714200000, 0x0000000714200000, 0x0000000714400000|  0%| F|  |TAMS 0x0000000714200000, 0x0000000714200000| Untracked 
| 150|0x0000000714400000, 0x0000000714400000, 0x0000000714600000|  0%| F|  |TAMS 0x0000000714400000, 0x0000000714400000| Untracked 
| 151|0x0000000714600000, 0x0000000714600000, 0x0000000714800000|  0%| F|  |TAMS 0x0000000714600000, 0x0000000714600000| Untracked 
| 152|0x0000000714800000, 0x0000000714800000, 0x0000000714a00000|  0%| F|  |TAMS 0x0000000714800000, 0x0000000714800000| Untracked 
| 153|0x0000000714a00000, 0x0000000714a00000, 0x0000000714c00000|  0%| F|  |TAMS 0x0000000714a00000, 0x0000000714a00000| Untracked 
| 154|0x0000000714c00000, 0x0000000714c00000, 0x0000000714e00000|  0%| F|  |TAMS 0x0000000714c00000, 0x0000000714c00000| Untracked 
| 155|0x0000000714e00000, 0x0000000714e00000, 0x0000000715000000|  0%| F|  |TAMS 0x0000000714e00000, 0x0000000714e00000| Untracked 
| 156|0x0000000715000000, 0x0000000715000000, 0x0000000715200000|  0%| F|  |TAMS 0x0000000715000000, 0x0000000715000000| Untracked 
| 157|0x0000000715200000, 0x0000000715200000, 0x0000000715400000|  0%| F|  |TAMS 0x0000000715200000, 0x0000000715200000| Untracked 
| 158|0x0000000715400000, 0x0000000715400000, 0x0000000715600000|  0%| F|  |TAMS 0x0000000715400000, 0x0000000715400000| Untracked 
| 159|0x0000000715600000, 0x0000000715600000, 0x0000000715800000|  0%| F|  |TAMS 0x0000000715600000, 0x0000000715600000| Untracked 
| 160|0x0000000715800000, 0x0000000715800000, 0x0000000715a00000|  0%| F|  |TAMS 0x0000000715800000, 0x0000000715800000| Untracked 
| 161|0x0000000715a00000, 0x0000000715a00000, 0x0000000715c00000|  0%| F|  |TAMS 0x0000000715a00000, 0x0000000715a00000| Untracked 
| 162|0x0000000715c00000, 0x0000000715c00000, 0x0000000715e00000|  0%| F|  |TAMS 0x0000000715c00000, 0x0000000715c00000| Untracked 
| 163|0x0000000715e00000, 0x0000000715e00000, 0x0000000716000000|  0%| F|  |TAMS 0x0000000715e00000, 0x0000000715e00000| Untracked 
| 164|0x0000000716000000, 0x0000000716000000, 0x0000000716200000|  0%| F|  |TAMS 0x0000000716000000, 0x0000000716000000| Untracked 
| 165|0x0000000716200000, 0x0000000716200000, 0x0000000716400000|  0%| F|  |TAMS 0x0000000716200000, 0x0000000716200000| Untracked 
| 166|0x0000000716400000, 0x0000000716400000, 0x0000000716600000|  0%| F|  |TAMS 0x0000000716400000, 0x0000000716400000| Untracked 
| 167|0x0000000716600000, 0x0000000716600000, 0x0000000716800000|  0%| F|  |TAMS 0x0000000716600000, 0x0000000716600000| Untracked 
| 168|0x0000000716800000, 0x0000000716800000, 0x0000000716a00000|  0%| F|  |TAMS 0x0000000716800000, 0x0000000716800000| Untracked 
| 169|0x0000000716a00000, 0x0000000716a00000, 0x0000000716c00000|  0%| F|  |TAMS 0x0000000716a00000, 0x0000000716a00000| Untracked 
| 170|0x0000000716c00000, 0x0000000716c00000, 0x0000000716e00000|  0%| F|  |TAMS 0x0000000716c00000, 0x0000000716c00000| Untracked 
| 171|0x0000000716e00000, 0x0000000716e00000, 0x0000000717000000|  0%| F|  |TAMS 0x0000000716e00000, 0x0000000716e00000| Untracked 
| 172|0x0000000717000000, 0x0000000717000000, 0x0000000717200000|  0%| F|  |TAMS 0x0000000717000000, 0x0000000717000000| Untracked 
| 173|0x0000000717200000, 0x0000000717200000, 0x0000000717400000|  0%| F|  |TAMS 0x0000000717200000, 0x0000000717200000| Untracked 
| 174|0x0000000717400000, 0x0000000717400000, 0x0000000717600000|  0%| F|  |TAMS 0x0000000717400000, 0x0000000717400000| Untracked 
| 175|0x0000000717600000, 0x0000000717600000, 0x0000000717800000|  0%| F|  |TAMS 0x0000000717600000, 0x0000000717600000| Untracked 
| 176|0x0000000717800000, 0x0000000717800000, 0x0000000717a00000|  0%| F|  |TAMS 0x0000000717800000, 0x0000000717800000| Untracked 
| 177|0x0000000717a00000, 0x0000000717a00000, 0x0000000717c00000|  0%| F|  |TAMS 0x0000000717a00000, 0x0000000717a00000| Untracked 
| 178|0x0000000717c00000, 0x0000000717c00000, 0x0000000717e00000|  0%| F|  |TAMS 0x0000000717c00000, 0x0000000717c00000| Untracked 
| 179|0x0000000717e00000, 0x0000000717e00000, 0x0000000718000000|  0%| F|  |TAMS 0x0000000717e00000, 0x0000000717e00000| Untracked 
| 180|0x0000000718000000, 0x0000000718000000, 0x0000000718200000|  0%| F|  |TAMS 0x0000000718000000, 0x0000000718000000| Untracked 
| 181|0x0000000718200000, 0x0000000718200000, 0x0000000718400000|  0%| F|  |TAMS 0x0000000718200000, 0x0000000718200000| Untracked 
| 182|0x0000000718400000, 0x0000000718400000, 0x0000000718600000|  0%| F|  |TAMS 0x0000000718400000, 0x0000000718400000| Untracked 
| 183|0x0000000718600000, 0x0000000718600000, 0x0000000718800000|  0%| F|  |TAMS 0x0000000718600000, 0x0000000718600000| Untracked 
| 184|0x0000000718800000, 0x0000000718800000, 0x0000000718a00000|  0%| F|  |TAMS 0x0000000718800000, 0x0000000718800000| Untracked 
| 185|0x0000000718a00000, 0x0000000718a00000, 0x0000000718c00000|  0%| F|  |TAMS 0x0000000718a00000, 0x0000000718a00000| Untracked 
| 186|0x0000000718c00000, 0x0000000718c00000, 0x0000000718e00000|  0%| F|  |TAMS 0x0000000718c00000, 0x0000000718c00000| Untracked 
| 187|0x0000000718e00000, 0x0000000718e00000, 0x0000000719000000|  0%| F|  |TAMS 0x0000000718e00000, 0x0000000718e00000| Untracked 
| 188|0x0000000719000000, 0x0000000719000000, 0x0000000719200000|  0%| F|  |TAMS 0x0000000719000000, 0x0000000719000000| Untracked 
| 189|0x0000000719200000, 0x0000000719200000, 0x0000000719400000|  0%| F|  |TAMS 0x0000000719200000, 0x0000000719200000| Untracked 
| 190|0x0000000719400000, 0x0000000719400000, 0x0000000719600000|  0%| F|  |TAMS 0x0000000719400000, 0x0000000719400000| Untracked 
| 191|0x0000000719600000, 0x0000000719600000, 0x0000000719800000|  0%| F|  |TAMS 0x0000000719600000, 0x0000000719600000| Untracked 
| 192|0x0000000719800000, 0x0000000719800000, 0x0000000719a00000|  0%| F|  |TAMS 0x0000000719800000, 0x0000000719800000| Untracked 
| 193|0x0000000719a00000, 0x0000000719a00000, 0x0000000719c00000|  0%| F|  |TAMS 0x0000000719a00000, 0x0000000719a00000| Untracked 
| 194|0x0000000719c00000, 0x0000000719c00000, 0x0000000719e00000|  0%| F|  |TAMS 0x0000000719c00000, 0x0000000719c00000| Untracked 
| 195|0x0000000719e00000, 0x0000000719e00000, 0x000000071a000000|  0%| F|  |TAMS 0x0000000719e00000, 0x0000000719e00000| Untracked 
| 196|0x000000071a000000, 0x000000071a000000, 0x000000071a200000|  0%| F|  |TAMS 0x000000071a000000, 0x000000071a000000| Untracked 
| 197|0x000000071a200000, 0x000000071a200000, 0x000000071a400000|  0%| F|  |TAMS 0x000000071a200000, 0x000000071a200000| Untracked 
| 198|0x000000071a400000, 0x000000071a400000, 0x000000071a600000|  0%| F|  |TAMS 0x000000071a400000, 0x000000071a400000| Untracked 
| 199|0x000000071a600000, 0x000000071a600000, 0x000000071a800000|  0%| F|  |TAMS 0x000000071a600000, 0x000000071a600000| Untracked 
| 200|0x000000071a800000, 0x000000071a800000, 0x000000071aa00000|  0%| F|  |TAMS 0x000000071a800000, 0x000000071a800000| Untracked 
| 201|0x000000071aa00000, 0x000000071aa00000, 0x000000071ac00000|  0%| F|  |TAMS 0x000000071aa00000, 0x000000071aa00000| Untracked 
| 202|0x000000071ac00000, 0x000000071ac00000, 0x000000071ae00000|  0%| F|  |TAMS 0x000000071ac00000, 0x000000071ac00000| Untracked 
| 203|0x000000071ae00000, 0x000000071ae00000, 0x000000071b000000|  0%| F|  |TAMS 0x000000071ae00000, 0x000000071ae00000| Untracked 
| 204|0x000000071b000000, 0x000000071b000000, 0x000000071b200000|  0%| F|  |TAMS 0x000000071b000000, 0x000000071b000000| Untracked 
| 205|0x000000071b200000, 0x000000071b200000, 0x000000071b400000|  0%| F|  |TAMS 0x000000071b200000, 0x000000071b200000| Untracked 
| 206|0x000000071b400000, 0x000000071b400000, 0x000000071b600000|  0%| F|  |TAMS 0x000000071b400000, 0x000000071b400000| Untracked 
| 207|0x000000071b600000, 0x000000071b600000, 0x000000071b800000|  0%| F|  |TAMS 0x000000071b600000, 0x000000071b600000| Untracked 
| 208|0x000000071b800000, 0x000000071b800000, 0x000000071ba00000|  0%| F|  |TAMS 0x000000071b800000, 0x000000071b800000| Untracked 
| 209|0x000000071ba00000, 0x000000071ba00000, 0x000000071bc00000|  0%| F|  |TAMS 0x000000071ba00000, 0x000000071ba00000| Untracked 
| 210|0x000000071bc00000, 0x000000071bc00000, 0x000000071be00000|  0%| F|  |TAMS 0x000000071bc00000, 0x000000071bc00000| Untracked 
| 211|0x000000071be00000, 0x000000071c000000, 0x000000071c000000|100%| S|CS|TAMS 0x000000071be00000, 0x000000071be00000| Complete 
| 212|0x000000071c000000, 0x000000071c200000, 0x000000071c200000|100%| S|CS|TAMS 0x000000071c000000, 0x000000071c000000| Complete 
| 213|0x000000071c200000, 0x000000071c400000, 0x000000071c400000|100%| S|CS|TAMS 0x000000071c200000, 0x000000071c200000| Complete 
| 214|0x000000071c400000, 0x000000071c600000, 0x000000071c600000|100%| S|CS|TAMS 0x000000071c400000, 0x000000071c400000| Complete 
| 215|0x000000071c600000, 0x000000071c800000, 0x000000071c800000|100%| S|CS|TAMS 0x000000071c600000, 0x000000071c600000| Complete 
| 216|0x000000071c800000, 0x000000071c800000, 0x000000071ca00000|  0%| F|  |TAMS 0x000000071c800000, 0x000000071c800000| Untracked 
| 217|0x000000071ca00000, 0x000000071ca00000, 0x000000071cc00000|  0%| F|  |TAMS 0x000000071ca00000, 0x000000071ca00000| Untracked 
| 218|0x000000071cc00000, 0x000000071cc00000, 0x000000071ce00000|  0%| F|  |TAMS 0x000000071cc00000, 0x000000071cc00000| Untracked 
| 219|0x000000071ce00000, 0x000000071ce00000, 0x000000071d000000|  0%| F|  |TAMS 0x000000071ce00000, 0x000000071ce00000| Untracked 
| 220|0x000000071d000000, 0x000000071d000000, 0x000000071d200000|  0%| F|  |TAMS 0x000000071d000000, 0x000000071d000000| Untracked 
| 221|0x000000071d200000, 0x000000071d200000, 0x000000071d400000|  0%| F|  |TAMS 0x000000071d200000, 0x000000071d200000| Untracked 
| 222|0x000000071d400000, 0x000000071d400000, 0x000000071d600000|  0%| F|  |TAMS 0x000000071d400000, 0x000000071d400000| Untracked 
| 223|0x000000071d600000, 0x000000071d600000, 0x000000071d800000|  0%| F|  |TAMS 0x000000071d600000, 0x000000071d600000| Untracked 
| 224|0x000000071d800000, 0x000000071d800000, 0x000000071da00000|  0%| F|  |TAMS 0x000000071d800000, 0x000000071d800000| Untracked 
| 225|0x000000071da00000, 0x000000071da00000, 0x000000071dc00000|  0%| F|  |TAMS 0x000000071da00000, 0x000000071da00000| Untracked 
| 226|0x000000071dc00000, 0x000000071dc00000, 0x000000071de00000|  0%| F|  |TAMS 0x000000071dc00000, 0x000000071dc00000| Untracked 
| 227|0x000000071de00000, 0x000000071de00000, 0x000000071e000000|  0%| F|  |TAMS 0x000000071de00000, 0x000000071de00000| Untracked 
| 228|0x000000071e000000, 0x000000071e000000, 0x000000071e200000|  0%| F|  |TAMS 0x000000071e000000, 0x000000071e000000| Untracked 
| 229|0x000000071e200000, 0x000000071e200000, 0x000000071e400000|  0%| F|  |TAMS 0x000000071e200000, 0x000000071e200000| Untracked 
| 230|0x000000071e400000, 0x000000071e400000, 0x000000071e600000|  0%| F|  |TAMS 0x000000071e400000, 0x000000071e400000| Untracked 
| 231|0x000000071e600000, 0x000000071e600000, 0x000000071e800000|  0%| F|  |TAMS 0x000000071e600000, 0x000000071e600000| Untracked 
| 232|0x000000071e800000, 0x000000071e800000, 0x000000071ea00000|  0%| F|  |TAMS 0x000000071e800000, 0x000000071e800000| Untracked 
| 233|0x000000071ea00000, 0x000000071ea00000, 0x000000071ec00000|  0%| F|  |TAMS 0x000000071ea00000, 0x000000071ea00000| Untracked 
| 234|0x000000071ec00000, 0x000000071ec00000, 0x000000071ee00000|  0%| F|  |TAMS 0x000000071ec00000, 0x000000071ec00000| Untracked 
| 235|0x000000071ee00000, 0x000000071ee00000, 0x000000071f000000|  0%| F|  |TAMS 0x000000071ee00000, 0x000000071ee00000| Untracked 
| 236|0x000000071f000000, 0x000000071f1f9bc0, 0x000000071f200000| 98%| E|  |TAMS 0x000000071f000000, 0x000000071f000000| Complete 
| 237|0x000000071f200000, 0x000000071f400000, 0x000000071f400000|100%| E|CS|TAMS 0x000000071f200000, 0x000000071f200000| Complete 
| 238|0x000000071f400000, 0x000000071f600000, 0x000000071f600000|100%| E|CS|TAMS 0x000000071f400000, 0x000000071f400000| Complete 
| 239|0x000000071f600000, 0x000000071f800000, 0x000000071f800000|100%| E|CS|TAMS 0x000000071f600000, 0x000000071f600000| Complete 
| 240|0x000000071f800000, 0x000000071fa00000, 0x000000071fa00000|100%| E|CS|TAMS 0x000000071f800000, 0x000000071f800000| Complete 
| 241|0x000000071fa00000, 0x000000071fc00000, 0x000000071fc00000|100%| E|CS|TAMS 0x000000071fa00000, 0x000000071fa00000| Complete 
| 242|0x000000071fc00000, 0x000000071fe00000, 0x000000071fe00000|100%| E|CS|TAMS 0x000000071fc00000, 0x000000071fc00000| Complete 
| 243|0x000000071fe00000, 0x0000000720000000, 0x0000000720000000|100%| E|CS|TAMS 0x000000071fe00000, 0x000000071fe00000| Complete 
| 244|0x0000000720000000, 0x0000000720200000, 0x0000000720200000|100%| E|CS|TAMS 0x0000000720000000, 0x0000000720000000| Complete 
| 245|0x0000000720200000, 0x0000000720400000, 0x0000000720400000|100%| E|CS|TAMS 0x0000000720200000, 0x0000000720200000| Complete 
| 246|0x0000000720400000, 0x0000000720600000, 0x0000000720600000|100%| E|CS|TAMS 0x0000000720400000, 0x0000000720400000| Complete 
| 247|0x0000000720600000, 0x0000000720800000, 0x0000000720800000|100%| E|CS|TAMS 0x0000000720600000, 0x0000000720600000| Complete 
| 248|0x0000000720800000, 0x0000000720a00000, 0x0000000720a00000|100%| E|CS|TAMS 0x0000000720800000, 0x0000000720800000| Complete 
| 249|0x0000000720a00000, 0x0000000720c00000, 0x0000000720c00000|100%| E|CS|TAMS 0x0000000720a00000, 0x0000000720a00000| Complete 
| 250|0x0000000720c00000, 0x0000000720e00000, 0x0000000720e00000|100%| E|CS|TAMS 0x0000000720c00000, 0x0000000720c00000| Complete 
| 251|0x0000000720e00000, 0x0000000721000000, 0x0000000721000000|100%| E|CS|TAMS 0x0000000720e00000, 0x0000000720e00000| Complete 
| 252|0x0000000721000000, 0x0000000721200000, 0x0000000721200000|100%| E|CS|TAMS 0x0000000721000000, 0x0000000721000000| Complete 
| 253|0x0000000721200000, 0x0000000721400000, 0x0000000721400000|100%| E|CS|TAMS 0x0000000721200000, 0x0000000721200000| Complete 
| 254|0x0000000721400000, 0x0000000721600000, 0x0000000721600000|100%| E|CS|TAMS 0x0000000721400000, 0x0000000721400000| Complete 
| 255|0x0000000721600000, 0x0000000721800000, 0x0000000721800000|100%| E|CS|TAMS 0x0000000721600000, 0x0000000721600000| Complete 

Card table byte_map: [0x000001ee78090000,0x000001ee78890000] _byte_map_base: 0x000001ee74884000

Marking Bits (Prev, Next): (CMBitMap*) 0x000001ee6f66e7d0, (CMBitMap*) 0x000001ee6f66e810
 Prev Bits: [0x000001ee79090000, 0x000001ee7d030000)
 Next Bits: [0x000001ee0f000000, 0x000001ee12fa0000)

Polling page: 0x000001ee67a80000

Metaspace:

Usage:
  Non-class:     41.96 MB used.
      Class:      6.33 MB used.
       Both:     48.29 MB used.

Virtual space:
  Non-class space:       48.00 MB reserved,      42.13 MB ( 88%) committed,  6 nodes.
      Class space:        1.00 GB reserved,       6.50 MB ( <1%) committed,  1 nodes.
             Both:        1.05 GB reserved,      48.63 MB (  5%) committed. 

Chunk freelists:
   Non-Class:  1.79 MB
       Class:  1.36 MB
        Both:  3.15 MB

MaxMetaspaceSize: unlimited
CompressedClassSpaceSize: 1.00 GB
Initial GC threshold: 21.00 MB
Current GC threshold: 59.19 MB
CDS: on
MetaspaceReclaimPolicy: balanced
 - commit_granule_bytes: 65536.
 - commit_granule_words: 8192.
 - virtual_space_node_default_size: 1048576.
 - enlarge_chunks_in_place: 1.
 - new_chunks_are_fully_committed: 0.
 - uncommit_free_chunks: 1.
 - use_allocation_guard: 0.
 - handle_deallocations: 1.


Internal statistics:

num_allocs_failed_limit: 6.
num_arena_births: 314.
num_arena_deaths: 0.
num_vsnodes_births: 7.
num_vsnodes_deaths: 0.
num_space_committed: 773.
num_space_uncommitted: 0.
num_chunks_returned_to_freelist: 6.
num_chunks_taken_from_freelist: 1353.
num_chunk_merges: 6.
num_chunk_splits: 1020.
num_chunks_enlarged: 788.
num_purges: 0.
num_inconsistent_stats: 0.

CodeHeap 'non-profiled nmethods': size=120064Kb used=3421Kb max_used=3449Kb free=116642Kb
 bounds [0x000001ee07ac0000, 0x000001ee07e20000, 0x000001ee0f000000]
CodeHeap 'profiled nmethods': size=120000Kb used=11873Kb max_used=14035Kb free=108126Kb
 bounds [0x000001ee00590000, 0x000001ee01350000, 0x000001ee07ac0000]
CodeHeap 'non-nmethods': size=5696Kb used=1464Kb max_used=1501Kb free=4231Kb
 bounds [0x000001ee00000000, 0x000001ee00270000, 0x000001ee00590000]
 total_blobs=6680 nmethods=5837 adapters=754
 compilation: enabled
              stopped_count=0, restarted_count=0
 full_count=0

Compilation events (20 events):
Event: 155.541 Thread 0x000001ee6ee3bdc0 nmethod 6906 0x000001ee07d05f90 code [0x000001ee07d06120, 0x000001ee07d061f8]
Event: 155.542 Thread 0x000001ee6ee368d0 6907       4       sun.swing.plaf.synth.DefaultSynthStyle::getInsets (92 bytes)
Event: 155.542 Thread 0x000001ee6ee3bdc0 6908       3       javax.swing.plaf.basic.BasicButtonListener::propertyChange (87 bytes)
Event: 155.543 Thread 0x000001ee6ee3bdc0 nmethod 6908 0x000001ee00d75990 code [0x000001ee00d75be0, 0x000001ee00d768c8]
Event: 155.543 Thread 0x000001ee6ee368d0 nmethod 6907 0x000001ee07d05c10 code [0x000001ee07d05da0, 0x000001ee07d05ed8]
Event: 155.547 Thread 0x000001ee6ee368d0 6909   !   4       de.javasoft.plaf.synthetica.StyleFactory::getStyle (4346 bytes)
Event: 155.582 Thread 0x000001ee6ee3bdc0 6910       3       javax.swing.SwingUtilities::getValidateRoot (98 bytes)
Event: 155.583 Thread 0x000001ee6ee3bdc0 nmethod 6910 0x000001ee00634690 code [0x000001ee006348e0, 0x000001ee00635738]
Event: 155.584 Thread 0x000001ee6ee3bdc0 6911       1       javax.swing.text.JTextComponent::getHighlighter (5 bytes)
Event: 155.585 Thread 0x000001ee6ee3bdc0 nmethod 6911 0x000001ee07d05910 code [0x000001ee07d05aa0, 0x000001ee07d05b78]
Event: 155.585 Thread 0x000001ee6ee3bdc0 6912       3       javax.swing.text.PlainView$FPMethodItem::hashCode (19 bytes)
Event: 155.585 Thread 0x000001ee6ee3bdc0 nmethod 6912 0x000001ee00d35f10 code [0x000001ee00d360c0, 0x000001ee00d362f8]
Event: 155.596 Thread 0x000001ee6ee3bdc0 6913       1       javax.swing.text.AbstractDocument$AbstractElement::getDocument (5 bytes)
Event: 155.596 Thread 0x000001ee6ee3bdc0 nmethod 6913 0x000001ee07d05610 code [0x000001ee07d057a0, 0x000001ee07d05878]
Event: 155.598 Thread 0x000001ee6ee3bdc0 6914       3       javax.swing.plaf.ComponentUI::installUI (1 bytes)
Event: 155.598 Thread 0x000001ee6ee3bdc0 nmethod 6914 0x000001ee0075d990 code [0x000001ee0075db20, 0x000001ee0075dc38]
Event: 155.604 Thread 0x000001ee6ee3bdc0 6915       3       javax.swing.text.GapContent$StickyPosition::getOffset (8 bytes)
Event: 155.604 Thread 0x000001ee6ee3bdc0 nmethod 6915 0x000001ee00625710 code [0x000001ee006258c0, 0x000001ee00625a08]
Event: 155.609 Thread 0x000001ee6ee3bdc0 6917       3       javax.swing.text.JTextComponent$DefaultKeymap::getAction (36 bytes)
Event: 155.609 Thread 0x000001ee6ee3bdc0 nmethod 6917 0x000001ee00e80290 code [0x000001ee00e80460, 0x000001ee00e80878]

GC Heap History (18 events):
Event: 6.918 GC heap before
{Heap before GC invocations=0 (full 0):
 garbage-first heap   total 524288K, used 81920K [0x0000000701800000, 0x0000000800000000)
  region size 2048K, 40 young (81920K), 0 survivors (0K)
 Metaspace       used 11005K, committed 11264K, reserved 1064960K
  class space    used 972K, committed 1088K, reserved 1048576K
}
Event: 6.947 GC heap after
{Heap after GC invocations=1 (full 0):
 garbage-first heap   total 524288K, used 21889K [0x0000000701800000, 0x0000000800000000)
  region size 2048K, 5 young (10240K), 5 survivors (10240K)
 Metaspace       used 11005K, committed 11264K, reserved 1064960K
  class space    used 972K, committed 1088K, reserved 1048576K
}
Event: 20.985 GC heap before
{Heap before GC invocations=1 (full 0):
 garbage-first heap   total 524288K, used 58753K [0x0000000701800000, 0x0000000800000000)
  region size 2048K, 25 young (51200K), 5 survivors (10240K)
 Metaspace       used 21300K, committed 21504K, reserved 1073152K
  class space    used 2181K, committed 2304K, reserved 1048576K
}
Event: 21.004 GC heap after
{Heap after GC invocations=2 (full 0):
 garbage-first heap   total 524288K, used 26079K [0x0000000701800000, 0x0000000800000000)
  region size 2048K, 3 young (6144K), 3 survivors (6144K)
 Metaspace       used 21300K, committed 21504K, reserved 1073152K
  class space    used 2181K, committed 2304K, reserved 1048576K
}
Event: 54.532 GC heap before
{Heap before GC invocations=3 (full 0):
 garbage-first heap   total 524288K, used 151007K [0x0000000701800000, 0x0000000800000000)
  region size 2048K, 40 young (81920K), 3 survivors (6144K)
 Metaspace       used 28090K, committed 28288K, reserved 1081344K
  class space    used 3046K, committed 3136K, reserved 1048576K
}
Event: 54.542 GC heap after
{Heap after GC invocations=4 (full 0):
 garbage-first heap   total 524288K, used 49864K [0x0000000701800000, 0x0000000800000000)
  region size 2048K, 5 young (10240K), 5 survivors (10240K)
 Metaspace       used 28090K, committed 28288K, reserved 1081344K
  class space    used 3046K, committed 3136K, reserved 1048576K
}
Event: 64.962 GC heap before
{Heap before GC invocations=4 (full 0):
 garbage-first heap   total 524288K, used 121544K [0x0000000701800000, 0x0000000800000000)
  region size 2048K, 40 young (81920K), 5 survivors (10240K)
 Metaspace       used 30421K, committed 30656K, reserved 1081344K
  class space    used 3357K, committed 3456K, reserved 1048576K
}
Event: 64.972 GC heap after
{Heap after GC invocations=5 (full 0):
 garbage-first heap   total 524288K, used 47143K [0x0000000701800000, 0x0000000800000000)
  region size 2048K, 3 young (6144K), 3 survivors (6144K)
 Metaspace       used 30421K, committed 30656K, reserved 1081344K
  class space    used 3357K, committed 3456K, reserved 1048576K
}
Event: 65.079 GC heap before
{Heap before GC invocations=5 (full 0):
 garbage-first heap   total 524288K, used 122919K [0x0000000701800000, 0x0000000800000000)
  region size 2048K, 40 young (81920K), 3 survivors (6144K)
 Metaspace       used 30558K, committed 30784K, reserved 1081344K
  class space    used 3378K, committed 3456K, reserved 1048576K
}
Event: 65.084 GC heap after
{Heap after GC invocations=6 (full 0):
 garbage-first heap   total 524288K, used 46909K [0x0000000701800000, 0x0000000800000000)
  region size 2048K, 3 young (6144K), 3 survivors (6144K)
 Metaspace       used 30558K, committed 30784K, reserved 1081344K
  class space    used 3378K, committed 3456K, reserved 1048576K
}
Event: 79.355 GC heap before
{Heap before GC invocations=6 (full 0):
 garbage-first heap   total 524288K, used 122685K [0x0000000701800000, 0x0000000800000000)
  region size 2048K, 40 young (81920K), 3 survivors (6144K)
 Metaspace       used 32710K, committed 32960K, reserved 1081344K
  class space    used 3653K, committed 3776K, reserved 1048576K
}
Event: 79.369 GC heap after
{Heap after GC invocations=7 (full 0):
 garbage-first heap   total 524288K, used 47318K [0x0000000701800000, 0x0000000800000000)
  region size 2048K, 3 young (6144K), 3 survivors (6144K)
 Metaspace       used 32710K, committed 32960K, reserved 1081344K
  class space    used 3653K, committed 3776K, reserved 1048576K
}
Event: 101.692 GC heap before
{Heap before GC invocations=7 (full 0):
 garbage-first heap   total 524288K, used 123094K [0x0000000701800000, 0x0000000800000000)
  region size 2048K, 40 young (81920K), 3 survivors (6144K)
 Metaspace       used 33890K, committed 34048K, reserved 1081344K
  class space    used 3747K, committed 3840K, reserved 1048576K
}
Event: 101.699 GC heap after
{Heap after GC invocations=8 (full 0):
 garbage-first heap   total 524288K, used 47798K [0x0000000701800000, 0x0000000800000000)
  region size 2048K, 3 young (6144K), 3 survivors (6144K)
 Metaspace       used 33890K, committed 34048K, reserved 1081344K
  class space    used 3747K, committed 3840K, reserved 1048576K
}
Event: 113.889 GC heap before
{Heap before GC invocations=8 (full 0):
 garbage-first heap   total 524288K, used 107190K [0x0000000701800000, 0x0000000800000000)
  region size 2048K, 33 young (67584K), 3 survivors (6144K)
 Metaspace       used 36088K, committed 36288K, reserved 1081344K
  class space    used 4305K, committed 4416K, reserved 1048576K
}
Event: 113.897 GC heap after
{Heap after GC invocations=9 (full 0):
 garbage-first heap   total 524288K, used 48732K [0x0000000701800000, 0x0000000800000000)
  region size 2048K, 2 young (4096K), 2 survivors (4096K)
 Metaspace       used 36088K, committed 36288K, reserved 1081344K
  class space    used 4305K, committed 4416K, reserved 1048576K
}
Event: 149.357 GC heap before
{Heap before GC invocations=10 (full 0):
 garbage-first heap   total 524288K, used 124508K [0x0000000701800000, 0x0000000800000000)
  region size 2048K, 40 young (81920K), 2 survivors (4096K)
 Metaspace       used 47700K, committed 48000K, reserved 1097728K
  class space    used 6157K, committed 6336K, reserved 1048576K
}
Event: 149.429 GC heap after
{Heap after GC invocations=11 (full 0):
 garbage-first heap   total 524288K, used 62632K [0x0000000701800000, 0x0000000800000000)
  region size 2048K, 5 young (10240K), 5 survivors (10240K)
 Metaspace       used 47700K, committed 48000K, reserved 1097728K
  class space    used 6157K, committed 6336K, reserved 1048576K
}

Deoptimization events (20 events):
Event: 155.189 Thread 0x000001ee16f26060 Uncommon trap: trap_request=0xffffff45 fr.pc=0x000001ee07deaa2c relative=0x00000000000009cc
Event: 155.189 Thread 0x000001ee16f26060 Uncommon trap: reason=unstable_if action=reinterpret pc=0x000001ee07deaa2c method=com.jidesoft.plaf.basic.BasicJideButtonListener.propertyChange(Ljava/beans/PropertyChangeEvent;)V @ 67 c2
Event: 155.189 Thread 0x000001ee16f26060 DEOPT PACKING pc=0x000001ee07deaa2c sp=0x000000780cefe230
Event: 155.190 Thread 0x000001ee16f26060 DEOPT UNPACKING pc=0x000001ee000523a3 sp=0x000000780cefe1e0 mode 2
Event: 155.218 Thread 0x000001ee16f26060 Uncommon trap: trap_request=0xffffff45 fr.pc=0x000001ee07ce9234 relative=0x0000000000000c54
Event: 155.218 Thread 0x000001ee16f26060 Uncommon trap: reason=unstable_if action=reinterpret pc=0x000001ee07ce9234 method=javax.swing.AbstractButton.fireStateChanged()V @ 30 c2
Event: 155.218 Thread 0x000001ee16f26060 DEOPT PACKING pc=0x000001ee07ce9234 sp=0x000000780cefe2c0
Event: 155.218 Thread 0x000001ee16f26060 DEOPT UNPACKING pc=0x000001ee000523a3 sp=0x000000780cefe160 mode 2
Event: 155.333 Thread 0x000001ee16f26060 Uncommon trap: trap_request=0xffffff45 fr.pc=0x000001ee07dedeb8 relative=0x0000000000001038
Event: 155.333 Thread 0x000001ee16f26060 Uncommon trap: reason=unstable_if action=reinterpret pc=0x000001ee07dedeb8 method=java.lang.StringLatin1.replace([BI[BI[BI)Ljava/lang/String; @ 228 c2
Event: 155.333 Thread 0x000001ee16f26060 DEOPT PACKING pc=0x000001ee07dedeb8 sp=0x000000780cefd9c0
Event: 155.333 Thread 0x000001ee16f26060 DEOPT UNPACKING pc=0x000001ee000523a3 sp=0x000000780cefd860 mode 2
Event: 155.438 Thread 0x000001ee16f26060 Uncommon trap: trap_request=0xffffff45 fr.pc=0x000001ee07d0f050 relative=0x00000000000008f0
Event: 155.438 Thread 0x000001ee16f26060 Uncommon trap: reason=unstable_if action=reinterpret pc=0x000001ee07d0f050 method=java.awt.Font.equals(Ljava/lang/Object;)Z @ 27 c2
Event: 155.438 Thread 0x000001ee16f26060 DEOPT PACKING pc=0x000001ee07d0f050 sp=0x000000780cefe320
Event: 155.438 Thread 0x000001ee16f26060 DEOPT UNPACKING pc=0x000001ee000523a3 sp=0x000000780cefe250 mode 2
Event: 155.458 Thread 0x000001ee16f26060 Uncommon trap: trap_request=0xffffff45 fr.pc=0x000001ee07de6370 relative=0x0000000000001030
Event: 155.458 Thread 0x000001ee16f26060 Uncommon trap: reason=unstable_if action=reinterpret pc=0x000001ee07de6370 method=javax.swing.plaf.basic.BasicButtonListener.propertyChange(Ljava/beans/PropertyChangeEvent;)V @ 8 c2
Event: 155.458 Thread 0x000001ee16f26060 DEOPT PACKING pc=0x000001ee07de6370 sp=0x000000780cefdd60
Event: 155.458 Thread 0x000001ee16f26060 DEOPT UNPACKING pc=0x000001ee000523a3 sp=0x000000780cefdd38 mode 2

Classes unloaded (0 events):
No events

Classes redefined (0 events):
No events

Internal exceptions (20 events):
Event: 21.264 Thread 0x000001ee16f26a00 Implicit null exception at 0x000001ee07bf76ef to 0x000001ee07bf779c
Event: 21.291 Thread 0x000001ee16f273a0 Exception <a 'java/lang/NoSuchMethodError'{0x0000000721053430}: 'java.lang.Object java.lang.invoke.DirectMethodHandle$Holder.newInvokeSpecial(java.lang.Object, java.lang.Object, java.lang.Object, int, int, int, int, int)'> (0x0000000721053430) 
thrown [e:\jenkins\tmp\workspace\build\src\src\hotspot\share\interpreter\linkResolver.cpp, line 766]
Event: 27.188 Thread 0x000001ee14e48900 Exception <a 'java/lang/NoSuchMethodError'{0x0000000720ebe0e0}: 'java.lang.Object java.lang.invoke.DirectMethodHandle$Holder.invokeInterface(java.lang.Object, java.lang.Object)'> (0x0000000720ebe0e0) 
thrown [e:\jenkins\tmp\workspace\build\src\src\hotspot\share\interpreter\linkResolver.cpp, line 766]
Event: 45.985 Thread 0x000001ee16f26060 Exception <a 'java/lang/ClassNotFoundException'{0x000000071f27ef00}: com/sun/swing/internal/plaf/metal/resources/spi/metalProvider> (0x000000071f27ef00) 
thrown [e:\jenkins\tmp\workspace\build\src\src\hotspot\share\classfile\systemDictionary.cpp, line 256]
Event: 45.993 Thread 0x000001ee16f26060 Exception <a 'java/lang/ClassNotFoundException'{0x000000071f283760}: com/sun/swing/internal/plaf/basic/resources/spi/basicProvider> (0x000000071f283760) 
thrown [e:\jenkins\tmp\workspace\build\src\src\hotspot\share\classfile\systemDictionary.cpp, line 256]
Event: 46.058 Thread 0x000001ee16f26060 Implicit null exception at 0x000001ee07c0032c to 0x000001ee07c00374
Event: 46.352 Thread 0x000001ee7dacaa70 Exception <a 'java/lang/NoSuchMethodError'{0x000000071f2e0588}: 'void java.lang.invoke.DirectMethodHandle$Holder.invokeVirtual(java.lang.Object, java.lang.Object)'> (0x000000071f2e0588) 
thrown [e:\jenkins\tmp\workspace\build\src\src\hotspot\share\interpreter\linkResolver.cpp, line 766]
Event: 46.379 Thread 0x000001ee16f26060 Exception <a 'java/lang/NoSuchMethodError'{0x000000071f2a48a8}: 'void java.lang.invoke.DirectMethodHandle$Holder.invokeStaticInit(java.lang.Object)'> (0x000000071f2a48a8) 
thrown [e:\jenkins\tmp\workspace\build\src\src\hotspot\share\interpreter\linkResolver.cpp, line 766]
Event: 64.379 Thread 0x000001ee16f26060 Exception <a 'java/lang/ClassNotFoundException'{0x000000071e6fbd98}: com/sun/swing/internal/plaf/synth/resources/spi/synthProvider> (0x000000071e6fbd98) 
thrown [e:\jenkins\tmp\workspace\build\src\src\hotspot\share\classfile\systemDictionary.cpp, line 256]
Event: 64.380 Thread 0x000001ee16f26060 Exception <a 'java/lang/ClassNotFoundException'{0x000000071e6feb10}: com/sun/swing/internal/plaf/basic/resources/spi/basicProvider> (0x000000071e6feb10) 
thrown [e:\jenkins\tmp\workspace\build\src\src\hotspot\share\classfile\systemDictionary.cpp, line 256]
Event: 64.658 Thread 0x000001ee16f26060 Implicit null exception at 0x000001ee07b0860f to 0x000001ee07b08689
Event: 102.014 Thread 0x000001ee16f28bb0 Implicit null exception at 0x000001ee07cb96cb to 0x000001ee07cb9f28
Event: 113.883 Thread 0x000001ee16f26060 Implicit null exception at 0x000001ee07cb76f8 to 0x000001ee07cb7d00
Event: 119.805 Thread 0x000001ee16f26060 Exception <a 'java/lang/NoSuchMethodError'{0x0000000720ef6868}: 'java.lang.Object java.lang.invoke.DirectMethodHandle$Holder.invokeSpecial(java.lang.Object, java.lang.Object, long, java.lang.Object, int, int, int, int, java.lang.Object, java.lang.Object, java.lang.Object)'> (0x0000000720ef6868) 
thrown [e:\jenkins\tmp\workspace\build\src\src\hotspot\share\interpreter\linkResolver.cpp, line 766]
Event: 119.806 Thread 0x000001ee16f26060 Exception <a 'java/lang/NoSuchMethodError'{0x0000000720efa858}: 'java.lang.Object java.lang.invoke.DelegatingMethodHandle$Holder.reinvoke_L(java.lang.Object, long, java.lang.Object, int, int, int, int, java.lang.Object, java.lang.Object, java.lang.Object)'> (0x0000000720efa858) 
thrown [e:\jenkins\tmp\workspace\build\src\src\hotspot\share\interpreter\linkResolver.cpp, line 766]
Event: 119.850 Thread 0x000001ee16f26060 Exception <a 'java/lang/NoSuchMethodError'{0x0000000720f6a300}: 'java.lang.Object java.lang.invoke.DirectMethodHandle$Holder.invokeSpecial(java.lang.Object, java.lang.Object, long, java.lang.Object, java.lang.Object, java.lang.Object, java.lang.Object, int, java.lang.Object, java.lang.Object, java.lang.Object)'> (0x0000000720f6a300) 
thrown [e:\jenkins\tmp\workspace\build\src\src\hotspot\share\interpreter\linkResolver.cpp, line 766]
Event: 119.851 Thread 0x000001ee16f26060 Exception <a 'java/lang/NoSuchMethodError'{0x0000000720f6ee60}: 'java.lang.Object java.lang.invoke.DelegatingMethodHandle$Holder.reinvoke_L(java.lang.Object, long, java.lang.Object, java.lang.Object, java.lang.Object, java.lang.Object, int, java.lang.Object, java.lang.Object, java.lang.Object)'> (0x0000000720f6ee60) 
thrown [e:\jenkins\tmp\workspace\build\src\src\hotspot\share\interpreter\linkResolver.cpp, line 766]
Event: 125.672 Thread 0x000001ee16f29a20 Implicit null exception at 0x000001ee07cd2cf2 to 0x000001ee07cd3378
Event: 148.487 Thread 0x000001ee1a075bd0 Implicit null exception at 0x000001ee07c1820d to 0x000001ee07c186e4
Event: 150.439 Thread 0x000001ee16f26060 Implicit null exception at 0x000001ee07e087b7 to 0x000001ee07e08871

VM Operations (20 events):
Event: 148.757 Executing VM operation: HandshakeAllThreads
Event: 148.758 Executing VM operation: HandshakeAllThreads done
Event: 149.357 Executing VM operation: G1CollectForAllocation
Event: 149.429 Executing VM operation: G1CollectForAllocation done
Event: 149.887 Executing VM operation: HandshakeAllThreads
Event: 149.887 Executing VM operation: HandshakeAllThreads done
Event: 149.899 Executing VM operation: HandshakeAllThreads
Event: 149.900 Executing VM operation: HandshakeAllThreads done
Event: 149.944 Executing VM operation: HandshakeAllThreads
Event: 149.945 Executing VM operation: HandshakeAllThreads done
Event: 150.456 Executing VM operation: HandshakeAllThreads
Event: 155.131 Executing VM operation: HandshakeAllThreads done
Event: 155.131 Executing VM operation: Cleanup
Event: 155.131 Executing VM operation: Cleanup done
Event: 155.184 Executing VM operation: HandshakeAllThreads
Event: 155.184 Executing VM operation: HandshakeAllThreads done
Event: 155.258 Executing VM operation: HandshakeAllThreads
Event: 155.258 Executing VM operation: HandshakeAllThreads done
Event: 155.346 Executing VM operation: HandshakeAllThreads
Event: 155.346 Executing VM operation: HandshakeAllThreads done

Events (20 events):
Event: 149.951 Thread 0x000001ee6ee3c2d0 flushing nmethod 0x000001ee010b6110
Event: 149.951 Thread 0x000001ee6ee3c2d0 flushing nmethod 0x000001ee010d8890
Event: 149.951 Thread 0x000001ee6ee3c2d0 flushing nmethod 0x000001ee010e8590
Event: 149.951 Thread 0x000001ee6ee3c2d0 flushing nmethod 0x000001ee01128b10
Event: 149.951 Thread 0x000001ee6ee3c2d0 flushing nmethod 0x000001ee0112a110
Event: 149.951 Thread 0x000001ee6ee3c2d0 flushing nmethod 0x000001ee0112af10
Event: 149.951 Thread 0x000001ee6ee3c2d0 flushing nmethod 0x000001ee01171e90
Event: 149.951 Thread 0x000001ee6ee3c2d0 flushing nmethod 0x000001ee01195310
Event: 149.951 Thread 0x000001ee6ee3c2d0 flushing nmethod 0x000001ee0123bd90
Event: 149.951 Thread 0x000001ee6ee3c2d0 flushing nmethod 0x000001ee01246f90
Event: 149.951 Thread 0x000001ee6ee3c2d0 flushing nmethod 0x000001ee01247290
Event: 149.952 Thread 0x000001ee6ee3c2d0 flushing nmethod 0x000001ee0124c110
Event: 149.952 Thread 0x000001ee6ee3c2d0 flushing nmethod 0x000001ee012a6390
Event: 150.437 loading class javax/swing/ButtonGroup
Event: 150.437 loading class javax/swing/ButtonGroup done
Event: 152.963 Thread 0x000001ee16f29a20 Thread exited: 0x000001ee16f29a20
Event: 155.383 loading class java/awt/font/TextLayout
Event: 155.384 loading class java/awt/font/TextLayout done
Event: 155.437 loading class java/awt/dnd/DropTargetAdapter
Event: 155.438 loading class java/awt/dnd/DropTargetAdapter done


Dynamic libraries:
0x00007ff785570000 - 0x00007ff7855a1000 	C:\Xilinx\Vivado\2023.1\bin\unwrapped\win64.o\vivado.exe
0x00007ffb06a00000 - 0x00007ffb06bf0000 	C:\Windows\SYSTEM32\ntdll.dll
0x00007ffb06900000 - 0x00007ffb069b2000 	C:\Windows\System32\KERNEL32.DLL
0x00007ffb044c0000 - 0x00007ffb04765000 	C:\Windows\System32\KERNELBASE.dll
0x00007ffb049b0000 - 0x00007ffb04aaa000 	C:\Windows\System32\ucrtbase.dll
0x00007ffacbac0000 - 0x00007ffaccf50000 	C:\Xilinx\Vivado\2023.1\lib\win64.o\librdi_common.dll
0x00007ffb06760000 - 0x00007ffb068f4000 	C:\Windows\System32\USER32.dll
0x00007ffb04950000 - 0x00007ffb04971000 	C:\Windows\System32\win32u.dll
0x00007ffb057e0000 - 0x00007ffb05806000 	C:\Windows\System32\GDI32.dll
0x00007ffb04220000 - 0x00007ffb043b8000 	C:\Windows\System32\gdi32full.dll
0x00007ffb03970000 - 0x00007ffb03a0e000 	C:\Windows\System32\msvcp_win.dll
0x00007ffb05660000 - 0x00007ffb05703000 	C:\Windows\System32\ADVAPI32.dll
0x00007ffb05990000 - 0x00007ffb05a2e000 	C:\Windows\System32\msvcrt.dll
0x00007ffb05840000 - 0x00007ffb058d7000 	C:\Windows\System32\sechost.dll
0x00007ffb04ed0000 - 0x00007ffb04fef000 	C:\Windows\System32\RPCRT4.dll
0x00007ffb05fa0000 - 0x00007ffb06688000 	C:\Windows\System32\SHELL32.dll
0x00007ffb04470000 - 0x00007ffb044ba000 	C:\Windows\System32\cfgmgr32.dll
0x00007ffb053b0000 - 0x00007ffb05457000 	C:\Windows\System32\shcore.dll
0x00007ffb05070000 - 0x00007ffb053a6000 	C:\Windows\System32\combase.dll
0x00007ffb04190000 - 0x00007ffb04211000 	C:\Windows\System32\bcryptPrimitives.dll
0x00007ffb03a10000 - 0x00007ffb0418b000 	C:\Windows\System32\windows.storage.dll
0x00007ffb03930000 - 0x00007ffb0394e000 	C:\Windows\System32\profapi.dll
0x00007ffb038e0000 - 0x00007ffb0392a000 	C:\Windows\System32\powrprof.dll
0x00007ffb038b0000 - 0x00007ffb038c0000 	C:\Windows\System32\UMPDC.dll
0x00007ffb04d30000 - 0x00007ffb04d82000 	C:\Windows\System32\shlwapi.dll
0x00007ffb038c0000 - 0x00007ffb038d1000 	C:\Windows\System32\kernel.appcore.dll
0x00007ffb048d0000 - 0x00007ffb048e7000 	C:\Windows\System32\cryptsp.dll
0x00007ffb048f0000 - 0x00007ffb0494c000 	C:\Windows\System32\WINTRUST.dll
0x00007ffb03950000 - 0x00007ffb03962000 	C:\Windows\System32\MSASN1.dll
0x00007ffb04770000 - 0x00007ffb048c1000 	C:\Windows\System32\CRYPT32.dll
0x00007ffb055f0000 - 0x00007ffb0565f000 	C:\Windows\System32\WS2_32.dll
0x00007ffb04980000 - 0x00007ffb049a6000 	C:\Windows\System32\bcrypt.dll
0x00007ffaeee30000 - 0x00007ffaeee48000 	C:\Xilinx\Vivado\2023.1\lib\win64.o\librdi_commonmain.dll
0x00007ffaf2070000 - 0x00007ffaf20fd000 	C:\Windows\SYSTEM32\MSVCP140.dll
0x00007ffaf56b0000 - 0x00007ffaf56cb000 	C:\Windows\SYSTEM32\VCRUNTIME140.dll
0x00007ffad2170000 - 0x00007ffad24de000 	C:\Xilinx\Vivado\2023.1\lib\win64.o\libCOIN-all.dll
0x00007ffaebd70000 - 0x00007ffaebd81000 	C:\Xilinx\Vivado\2023.1\lib\win64.o\libboost_date_time.dll
0x00007ffaebf30000 - 0x00007ffaebf51000 	C:\Xilinx\Vivado\2023.1\lib\win64.o\libboost_filesystem.dll
0x00007ffae8420000 - 0x00007ffae8499000 	C:\Xilinx\Vivado\2023.1\lib\win64.o\libboost_program_options.dll
0x00007ffacd900000 - 0x00007ffacda14000 	C:\Xilinx\Vivado\2023.1\lib\win64.o\libboost_regex.dll
0x00007ffaebd50000 - 0x00007ffaebd6c000 	C:\Xilinx\Vivado\2023.1\lib\win64.o\libboost_thread.dll
0x00007ffaefc70000 - 0x00007ffaefc7c000 	C:\Xilinx\Vivado\2023.1\lib\win64.o\libboost_xilinx.dll
0x00007ffadaa70000 - 0x00007ffadaaf2000 	C:\Xilinx\Vivado\2023.1\lib\win64.o\libhdlpsolve.dll
0x00007ffae8370000 - 0x00007ffae8415000 	C:\Xilinx\Vivado\2023.1\lib\win64.o\libhdxml.dll
0x00007ffacaaf0000 - 0x00007ffacbab5e00 	C:\Xilinx\Vivado\2023.1\lib\win64.o\libisl_iostreams.dll
0x00007ffaeafc0000 - 0x00007ffaeafea000 	C:\Xilinx\Vivado\2023.1\lib\win64.o\libisl_sysinfo.dll
0x00007ffae1430000 - 0x00007ffae1495000 	C:\Xilinx\Vivado\2023.1\lib\win64.o\liblmx6.0.dll
0x00007ffae9590000 - 0x00007ffae95aa000 	C:\Xilinx\Vivado\2023.1\lib\win64.o\pthreadVC2.dll
0x00007ffae42a0000 - 0x00007ffae4456000 	C:\Xilinx\Vivado\2023.1\lib\win64.o\librdi_commonxillic.dll
0x00007ffaefaf0000 - 0x00007ffaefb0c000 	C:\Xilinx\Vivado\2023.1\lib\win64.o\librdiconfig.dll
0x00007ffaedd60000 - 0x00007ffaedd81000 	C:\Xilinx\Vivado\2023.1\lib\win64.o\librdizlib.dll
0x0000000062040000 - 0x000000006216c000 	C:\Xilinx\Vivado\2023.1\lib\win64.o\tcl85t.dll
0x00007ffada7a0000 - 0x00007ffadaa61000 	C:\Xilinx\Vivado\2023.1\lib\win64.o\xerces-c_3_2.dll
0x00007ffaf5560000 - 0x00007ffaf5577000 	C:\Windows\SYSTEM32\NETAPI32.dll
0x00007ffaecf00000 - 0x00007ffaed3d7000 	C:\Windows\SYSTEM32\WININET.dll
0x00007ffaf9e40000 - 0x00007ffaf9f3a000 	C:\Windows\SYSTEM32\WINHTTP.dll
0x00007ffaf9ba0000 - 0x00007ffaf9d77000 	C:\Windows\SYSTEM32\urlmon.dll
0x00007ffad8880000 - 0x00007ffada797000 	C:\Xilinx\Vivado\2023.1\lib\win64.o\gurobi90.dll
0x00007ffb05ea0000 - 0x00007ffb05f08000 	C:\Windows\System32\WLDAP32.dll
0x00007ffb05f90000 - 0x00007ffb05f98000 	C:\Windows\System32\Normaliz.dll
0x00007ffaf4620000 - 0x00007ffaf4629000 	C:\Windows\SYSTEM32\WSOCK32.dll
0x00007ffae9550000 - 0x00007ffae9581000 	C:\Windows\SYSTEM32\VCOMP140.DLL
0x00007ffaf0900000 - 0x00007ffaf0909000 	C:\Xilinx\Vivado\2023.1\lib\win64.o\librdi_commonversion.dll
0x00007ffaf4130000 - 0x00007ffaf413c000 	C:\Windows\SYSTEM32\VCRUNTIME140_1.dll
0x00007ffaeafa0000 - 0x00007ffaeafb8000 	C:\Xilinx\Vivado\2023.1\lib\win64.o\libboost_iostreams.dll
0x00007ffaeae80000 - 0x00007ffaeaea4000 	C:\Xilinx\Vivado\2023.1\lib\win64.o\libisl_iosutils.dll
0x00007ffadb1a0000 - 0x00007ffadb4b6000 	C:\Xilinx\Vivado\2023.1\lib\win64.o\libXil_lmgr11.dll
0x00007ffb05710000 - 0x00007ffb057e0000 	C:\Windows\System32\COMDLG32.dll
0x00007ffb06690000 - 0x00007ffb06755000 	C:\Windows\System32\OLEAUT32.dll
0x00007ffb05460000 - 0x00007ffb055b7000 	C:\Windows\System32\ole32.dll
0x00007ffafa700000 - 0x00007ffafa9a7000 	C:\Windows\SYSTEM32\iertutil.dll
0x00007ffaf06a0000 - 0x00007ffaf0749000 	C:\Windows\WinSxS\amd64_microsoft.windows.common-controls_6595b64144ccf1df_5.82.18362.1411_none_73b71ef4d812690a\COMCTL32.dll
0x00007ffafccf0000 - 0x00007ffafcd0c000 	C:\Windows\SYSTEM32\dhcpcsvc.DLL
0x00007ffb04b70000 - 0x00007ffb04b78000 	C:\Windows\System32\NSI.dll
0x00007ffb03790000 - 0x00007ffb037b5000 	C:\Windows\SYSTEM32\USERENV.dll
0x00007ffb02eb0000 - 0x00007ffb02ebc000 	C:\Windows\SYSTEM32\NETUTILS.DLL
0x00007ffb03260000 - 0x00007ffb0326c000 	C:\Windows\SYSTEM32\CRYPTBASE.DLL
0x00007ffb03090000 - 0x00007ffb030f7000 	C:\Windows\SYSTEM32\MSWSOCK.DLL
0x00007ffb05810000 - 0x00007ffb0583e000 	C:\Windows\System32\IMM32.DLL
0x00007ffb02c10000 - 0x00007ffb02c43000 	C:\Windows\system32\rsaenh.dll
0x00007ffaca5a0000 - 0x00007ffacaae6000 	C:\Xilinx\Vivado\2023.1\lib\win64.o\librdi_commontasks.dll
0x00007ffac9950000 - 0x00007ffaca598000 	C:\Xilinx\Vivado\2023.1\tps\win64\jre17.0.3_7\bin\server\jvm.dll
0x00007ffb055e0000 - 0x00007ffb055e8000 	C:\Windows\System32\PSAPI.DLL
0x00007ffac9620000 - 0x00007ffac994b800 	C:\Xilinx\Vivado\2023.1\lib\win64.o\librdi_sio.dll
0x00007ffafa0f0000 - 0x00007ffafa0fa000 	C:\Windows\SYSTEM32\VERSION.dll
0x00007ffb01880000 - 0x00007ffb018a4000 	C:\Windows\SYSTEM32\WINMM.dll
0x00007ffb02da0000 - 0x00007ffb02dda000 	C:\Windows\SYSTEM32\IPHLPAPI.DLL
0x00007ffb01800000 - 0x00007ffb0182d000 	C:\Windows\SYSTEM32\WINMMBASE.dll
0x00007ffb055c0000 - 0x00007ffb055dd000 	C:\Windows\System32\imagehlp.dll
0x00007ffb037c0000 - 0x00007ffb037f7000 	C:\Windows\SYSTEM32\SspiCli.dll
0x00007ffaf1050000 - 0x00007ffaf1066000 	C:\Windows\system32\napinsp.dll
0x00007ffb024a0000 - 0x00007ffb024c2000 	C:\Windows\SYSTEM32\gpapi.dll
0x00007ffaf1030000 - 0x00007ffaf104a000 	C:\Windows\system32\pnrpnsp.dll
0x00007ffb02de0000 - 0x00007ffb02eab000 	C:\Windows\SYSTEM32\DNSAPI.dll
0x00007ffaf1020000 - 0x00007ffaf102e000 	C:\Windows\System32\winrnr.dll
0x00007ffafffd0000 - 0x00007ffafffec000 	C:\Windows\system32\NLAapi.dll
0x00007ffaf1000000 - 0x00007ffaf1015000 	C:\Windows\system32\wshbth.dll
0x00007ffafaa00000 - 0x00007ffafaa2f000 	C:\Windows\System32\cryptnet.dll
0x00007ffafd550000 - 0x00007ffafd55b000 	C:\Windows\SYSTEM32\WINNSI.DLL
0x00007ffac6860000 - 0x00007ffac961b000 	C:\Xilinx\Vivado\2023.1\lib\win64.o\librdi_tcltasks.dll
0x00007ffae4250000 - 0x00007ffae4294000 	C:\Xilinx\Vivado\2023.1\lib\win64.o\libboost_serialization.dll
0x00007ffac6370000 - 0x00007ffac6851000 	C:\Xilinx\Vivado\2023.1\lib\win64.o\librdi_bitstream.dll
0x00007ffacd710000 - 0x00007ffacd8f9000 	C:\Xilinx\Vivado\2023.1\lib\win64.o\librdi_board.dll
0x00007ffae0c50000 - 0x00007ffae0cd3000 	C:\Xilinx\Vivado\2023.1\lib\win64.o\librdi_boarddep.dll
0x00007ffac6240000 - 0x00007ffac6368000 	C:\Xilinx\Vivado\2023.1\lib\win64.o\librdi_chipscope.dll
0x00007ffac6030000 - 0x00007ffac6237000 	C:\Xilinx\Vivado\2023.1\lib\win64.o\librdi_chipscopeimpl.dll
0x00007ffac39e0000 - 0x00007ffac602f000 	C:\Xilinx\Vivado\2023.1\lib\win64.o\librdi_constraints.dll
0x00007ffac3870000 - 0x00007ffac39d9000 	C:\Xilinx\Vivado\2023.1\lib\win64.o\librdi_containers.dll
0x00007ffac1230000 - 0x00007ffac3864000 	C:\Xilinx\Vivado\2023.1\lib\win64.o\librdi_coregen.dll
0x00007ffabf4e0000 - 0x00007ffac122e000 	C:\Xilinx\Vivado\2023.1\lib\win64.o\librdi_designutils.dll
0x00007ffabdf80000 - 0x00007ffabf4d1000 	C:\Xilinx\Vivado\2023.1\lib\win64.o\librdi_device.dll
0x00007ffabdbf0000 - 0x00007ffabdf7b000 	C:\Xilinx\Vivado\2023.1\lib\win64.o\librdi_dlyest.dll
0x00007ffabd4d0000 - 0x00007ffabdbe1000 	C:\Xilinx\Vivado\2023.1\lib\win64.o\librdi_drc.dll
0x00007ffaba530000 - 0x00007ffaba5e4000 	C:\Xilinx\Vivado\2023.1\lib\win64.o\librdi_dsp.dll
0x00007ffaba5f0000 - 0x00007ffabac94000 	C:\Xilinx\Vivado\2023.1\lib\win64.o\librdi_filemgmt.dll
0x00007ffaba1f0000 - 0x00007ffaba522000 	C:\Xilinx\Vivado\2023.1\lib\win64.o\librdi_guitools.dll
0x00007ffacd6a0000 - 0x00007ffacd70b000 	C:\Xilinx\Vivado\2023.1\lib\win64.o\librdi_hdf.dll
0x00007ffab9f20000 - 0x00007ffaba1ee000 	C:\Xilinx\Vivado\2023.1\lib\win64.o\librdi_hip_devdesign.dll
0x00007ffab8d10000 - 0x00007ffab8e58000 	C:\Xilinx\Vivado\2023.1\lib\win64.o\librdi_hip_perf_analysis.dll
0x00007ffab8e60000 - 0x00007ffab9f1c000 	C:\Xilinx\Vivado\2023.1\lib\win64.o\librdi_implflow.dll
0x00007ffab7e20000 - 0x00007ffab8d03000 	C:\Xilinx\Vivado\2023.1\lib\win64.o\librdi_ippcw.dll
0x00007ffab75b0000 - 0x00007ffab7e19000 	C:\Xilinx\Vivado\2023.1\lib\win64.o\librdi_lopt.dll
0x00007ffab6f50000 - 0x00007ffab75a6000 	C:\Xilinx\Vivado\2023.1\lib\win64.o\librdi_memdata.dll
0x00007ffab6ed0000 - 0x00007ffab6f4d000 	C:\Xilinx\Vivado\2023.1\lib\win64.o\librdi_memoryarray.dll
0x00007ffab44c0000 - 0x00007ffab6ecd000 	C:\Xilinx\Vivado\2023.1\lib\win64.o\librdi_mig.dll
0x00007ffab3cd0000 - 0x00007ffab44bc000 	C:\Xilinx\Vivado\2023.1\lib\win64.o\librdi_netlist.dll
0x00007ffab3c50000 - 0x00007ffab3cc2000 	C:\Xilinx\Vivado\2023.1\lib\win64.o\librdi_noc_frameworks.dll
0x00007ffae3fd0000 - 0x00007ffae402b000 	C:\Xilinx\Vivado\2023.1\lib\win64.o\librdi_pfi.dll

dbghelp: loaded successfully - version: 4.0.5 - missing functions: none
symbol engine: initialized successfully - sym options: 0x614 - pdb path: .;C:\Xilinx\Vivado\2023.1\bin\unwrapped\win64.o;C:\Windows\SYSTEM32;C:\Xilinx\Vivado\2023.1\lib\win64.o;C:\Windows\WinSxS\amd64_microsoft.windows.common-controls_6595b64144ccf1df_5.82.18362.1411_none_73b71ef4d812690a;C:\Xilinx\Vivado\2023.1\tps\win64\jre17.0.3_7\bin\server;C:\Xilinx\Vivado\2023.1\tps\win64\python-3.8.3;C:\Xilinx\Vivado\2023.1\tps\win64\jre17.0.3_7\bin

VM Arguments:
jvm_args: -Dsun.java2d.pmoffscreen=false -Dhttps.protocols=TLSv1,TLSv1.1,TLSv1.2 -Dsun.java2d.xrender=false -Dsun.java2d.d3d=false -Dsun.awt.nopixfmt=true -Dsun.java2d.dpiaware=true -Dsun.java2d.uiScale.enabled=false -Dswing.aatext=true -XX:-UsePerfData -Djdk.map.althashing.threshold=512 -XX:StringTableSize=4072 -XX:+UseStringDeduplication -XX:MaxGCPauseMillis=200 -XX:+ParallelRefProcEnabled --add-opens=java.desktop/javax.swing.plaf.synth=ALL-UNNAMED --add-opens=java.base/java.nio=ALL-UNNAMED --add-opens=java.desktop/sun.swing=ALL-UNNAMED --add-opens=java.desktop/javax.swing=ALL-UNNAMED --add-opens=java.desktop/javax.swing.tree=ALL-UNNAMED --add-opens=java.desktop/javax.swing.plaf.basic=ALL-UNNAMED --add-opens=java.desktop/javax.swing.plaf.synth=ALL-UNNAMED --add-opens=java.desktop/javax.swing.plaf.basic=ALL-UNNAMED --add-opens=java.desktop/javax.swing=ALL-UNNAMED --add-opens=java.desktop/javax.swing.tree=ALL-UNNAMED --add-opens=java.desktop/java.awt.event=ALL-UNNAMED --add-exports=java.desktop/javax.swing.plaf.synth=ALL-UNNAMED --add-exports=java.base/java.nio=ALL-UNNAMED --add-exports=java.desktop/sun.swing=ALL-UNNAMED --add-exports=java.desktop/javax.swing=ALL-UNNAMED --add-exports=java.desktop/javax.swing.tree=ALL-UNNAMED --add-exports=java.desktop/javax.swing.plaf.basic=ALL-UNNAMED --add-exports=java.desktop/sun.swing=ALL-UNNAMED --add-exports=java.desktop/sun.swing.table=ALL-UNNAMED --add-exports=java.desktop/sun.swing.plaf.synth=ALL-UNNAMED --add-exports=java.desktop/sun.awt.shell=ALL-UNNAMED --add-exports=java.base/sun.security.action=ALL-UNNAMED --add-exports=java.desktop/sun.font=ALL-UNNAMED -XX:NewSize=80m -XX:MaxNewSize=80m -Xms512m -Xmx4072m -Xss10m 
java_command: <unknown>
java_class_path (initial): C:/Xilinx/Vivado/2023.1\lib\classes\alloy.jar;C:/Xilinx/Vivado/2023.1\lib\classes\asm-9.3.jar;C:/Xilinx/Vivado/2023.1\lib\classes\asm-analysis-9.3.jar;C:/Xilinx/Vivado/2023.1\lib\classes\asm-commons-9.3.jar;C:/Xilinx/Vivado/2023.1\lib\classes\asm-tree-9.3.jar;C:/Xilinx/Vivado/2023.1\lib\classes\autoesl-models.jar;C:/Xilinx/Vivado/2023.1\lib\classes\batik-anim.jar;C:/Xilinx/Vivado/2023.1\lib\classes\batik-awt-util.jar;C:/Xilinx/Vivado/2023.1\lib\classes\batik-bridge.jar;C:/Xilinx/Vivado/2023.1\lib\classes\batik-codec.jar;C:/Xilinx/Vivado/2023.1\lib\classes\batik-constants.jar;C:/Xilinx/Vivado/2023.1\lib\classes\batik-css.jar;C:/Xilinx/Vivado/2023.1\lib\classes\batik-dom.jar;C:/Xilinx/Vivado/2023.1\lib\classes\batik-ext.jar;C:/Xilinx/Vivado/2023.1\lib\classes\batik-gui-util.jar;C:/Xilinx/Vivado/2023.1\lib\classes\batik-gvt.jar;C:/Xilinx/Vivado/2023.1\lib\classes\batik-i18n.jar;C:/Xilinx/Vivado/2023.1\lib\classes\batik-parser.jar;C:/Xilinx/Vivado/2023.1\lib\classes\batik-script.jar;C:/Xilinx/Vivado/2023.1\lib\classes\batik-svg-dom.jar;C:/Xilinx/Vivado/2023.1\lib\classes\batik-svggen.jar;C:/Xilinx/Vivado/2023.1\lib\classes\batik-swing.jar;C:/Xilinx/Vivado/2023.1\lib\classes\batik-transcoder.jar;C:/Xilinx/Vivado/2023.1\lib\classes\batik-util.jar;C:/Xilinx/Vivado/2023.1\lib\classes\batik-xml.jar;C:/Xilinx/Vivado/2023.1\lib\classes\com.fasterxml.jackson.core.jackson-annotations_2.12.1.v20210128-1726.jar;C:/Xilinx/Vivado/2023.1\lib\classes\com.fasterxml.jackson.core.jackson-core_2.12.1.v20210128-1726.jar;C:/Xilinx/Vivado/2023.1\lib\classes\com.fasterxml.jackson.core.jackson-databind_2.12.1.v20210128-1726.jar;C:/Xilinx/Vivado/2023.1\lib\classes\com.google.gson_2.8.9.v20220111-1409.jar;C:/Xilinx/Vivado/2023.1\lib\classes\com.google.guava_30.1.0.v20210127-2300.jar;C:/Xilinx/Vivado/2023.1\lib\classes\com.sigasi.hdt.connection_4.17.2.202212011507.jar;C:/Xilinx/Vivado/2023.1\lib\classes\com.sigasi.hdt.epl_4.17.2.202212011507.jar;C:/Xilinx/Vivado/2023.
Launcher Type: generic

[Global flags]
     intx CICompilerCount                          = 2                                         {product} {ergonomic}
     uint ConcGCThreads                            = 1                                         {product} {ergonomic}
     uint G1ConcRefinementThreads                  = 2                                         {product} {ergonomic}
   size_t G1HeapRegionSize                         = 2097152                                   {product} {ergonomic}
    uintx GCDrainStackTargetSize                   = 64                                        {product} {ergonomic}
   size_t InitialHeapSize                          = 536870912                                 {product} {command line}
   size_t MarkStackSize                            = 4194304                                   {product} {ergonomic}
    uintx MaxGCPauseMillis                         = 200                                       {product} {command line}
   size_t MaxHeapSize                              = 4269801472                                {product} {command line}
   size_t MaxNewSize                               = 83886080                                  {product} {command line}
   size_t MinHeapDeltaBytes                        = 2097152                                   {product} {ergonomic}
   size_t MinHeapSize                              = 536870912                                 {product} {command line}
   size_t NewSize                                  = 83886080                                  {product} {command line}
    uintx NonNMethodCodeHeapSize                   = 5826188                                {pd product} {ergonomic}
    uintx NonProfiledCodeHeapSize                  = 122916026                              {pd product} {ergonomic}
     bool ParallelRefProcEnabled                   = true                                      {product} {command line}
    uintx ProfiledCodeHeapSize                     = 122916026                              {pd product} {ergonomic}
    uintx ReservedCodeCacheSize                    = 251658240                              {pd product} {ergonomic}
     bool SegmentedCodeCache                       = true                                      {product} {ergonomic}
   size_t SoftMaxHeapSize                          = 4269801472                             {manageable} {ergonomic}
    uintx StringTableSize                          = 4072                                      {product} {command line}
     intx ThreadStackSize                          = 10240                                  {pd product} {command line}
     bool UseCompressedClassPointers               = true                           {product lp64_product} {ergonomic}
     bool UseCompressedOops                        = true                           {product lp64_product} {ergonomic}
     bool UseG1GC                                  = true                                      {product} {ergonomic}
     bool UseLargePagesIndividualAllocation        = false                                  {pd product} {ergonomic}
     bool UsePerfData                              = false                                     {product} {command line}
     bool UseStringDeduplication                   = true                                      {product} {command line}

Logging:
Log output configuration:
 #0: stdout all=warning uptime,level,tags
 #1: stderr all=off uptime,level,tags

Environment Variables:
PATH=C:/Xilinx/Vivado/2023.1\gnuwin\bin;C:/Xilinx/Vivado/2023.1\gnu\microblaze\nt\bin;C:/Xilinx/Vivado/2023.1/bin;C:/Xilinx/Vivado/2023.1/tps/win64/java-cef-95.0.4638.69/bin/lib/win64;C:/Xilinx/Vivado/2023.1/tps/win64/javafx-sdk-17.0.1/lib;C:/Xilinx/Vivado/2023.1/tps/win64/javafx-sdk-17.0.1/bin;C:/Xilinx/Vivado/2023.1/lib/win64.o;C:/Xilinx/Vivado/2023.1/tps/win64/jre17.0.3_7/bin/server;C:/Xilinx/Vivado/2023.1/tps/win64/jre17.0.3_7/bin;C:/Xilinx/Vitis/2023.1/bin;C:/Xilinx/Vivado/2023.1/ids_lite/ISE/bin/nt64;C:/Xilinx/Vivado/2023.1/ids_lite/ISE/lib/nt64;C:/Xilinx/Vitis_HLS/2023.1/tps/win64/msys64/usr/bin;C:/Xilinx/Vitis_HLS/2023.1/tps/win64/msys64/mingw64/bin;C:/Xilinx/Vitis_HLS/2023.1/bin;C:/Xilinx/Vitis_HLS/2023.1/win64/bin;C:/Xilinx/Vitis_HLS/2023.1/win64/tools/bin;C:/Xilinx/Vitis_HLS/2023.1/tps/win64/jre11.0.16_1/bin;C:/Xilinx/Vitis_HLS/2023.1/lib/win64.o;C:/Xilinx/Vitis_HLS/2023.1/tps/win64/jre11.0.16_1/bin/server;C:\Xilinx\Vitis_HLS\2023.1\bin\..\tps\win64\msys64\mingw64\bin;C:\Xilinx\Vitis_HLS\2023.1\bin\..\tps\win64\msys64\usr\bin;C:\Windows\system32;C:\Windows;C:\Windows\System32\Wbem;C:\Windows\System32\WindowsPowerShell\v1.0\;C:\Windows\System32\OpenSSH\;C:\Users\aulavirtual\AppData\Local\Microsoft\WindowsApps;;C:/Xilinx/Vitis_HLS/2023.1\tps\mingw\6.2.0\win64.o\nt\bin;C:/Xilinx/Vitis_HLS/2023.1\tps\mingw\6.2.0\win64.o\nt\libexec\gcc\x86_64-w64-mingw32\6.2.0;C:/Xilinx/Vitis_HLS/2023.1/win64/tools/fpo_v7_0;C:/Xilinx/Vitis_HLS/2023.1/win64/tools/fft_v9_1;C:/Xilinx/Vitis_HLS/2023.1/win64/tools/fir_v7_0;C:/Xilinx/Vitis_HLS/2023.1/win64/tools/dds_v6_0;C:/Xilinx/Vitis_HLS/2023.1/win64/lib/csim;C:/Xilinx/Vivado/2023.1\tps\mingw\6.2.0\win64.o\nt\bin;C:/Xilinx/Vivado/2023.1\tps\mingw\6.2.0\win64.o\nt\libexec\gcc\x86_64-w64-mingw32\6.2.0;C:/Xilinx/Vivado/2023.1\tps\win64\python-3.8.3;C:/Xilinx/Vivado/2023.1\tps\win64\python-3.8.3\bin;C:/Xilinx/Vivado/2023.1\tps\win64\python-3.8.3\lib;C:/Xilinx/Vivado/2023.1\tps\win64\python-3.8.3\lib\site-packages
USERNAME=aulavirtual
LD_LIBRARY_PATH=C:/Xilinx/Vitis_HLS/2023.1/tps/win64/dot-2.28/lib;C:/Xilinx/Vitis_HLS/2023.1/win64/bin;C:/Xilinx/Vitis_HLS/2023.1/win64/tools/fpo_v7_0;C:/Xilinx/Vitis_HLS/2023.1/win64/tools/fft_v9_1;C:/Xilinx/Vitis_HLS/2023.1/win64/tools/fir_v7_0;C:/Xilinx/Vitis_HLS/2023.1/win64/tools/dds_v6_0;C:/Xilinx/Vitis_HLS/2023.1/win64/lib/csim
OS=Windows_NT
PROCESSOR_IDENTIFIER=Intel64 Family 6 Model 45 Stepping 2, GenuineIntel



---------------  S Y S T E M  ---------------

OS:
 Windows 10 , 64 bit Build 18362 (10.0.18362.1350)
OS uptime: 5 days 19:20 hours
VMWare virtualization detected

CPU: total 2 (initial active 2) (1 cores per cpu, 1 threads per core) family 6 model 45 stepping 2 microcode 0xd000404, cx8, cmov, fxsr, mmx, sse, sse2, sse3, ssse3, sse4.1, sse4.2, popcnt, tsc, tscinvbit, avx, aes, clmul, vzeroupper, clflush, hv

Memory: 4k page, system-wide physical 4095M (313M free)
TotalPageFile size 12447M (AvailPageFile size 204M)
current process WorkingSet (physical memory assigned to process): 380M, peak: 400M
current process commit charge ("private bytes"): 1068M, peak: 1085M

vm_info: OpenJDK 64-Bit Server VM (17.0.3+7) for windows-amd64 JRE (17.0.3+7), built on Apr 19 2022 16:55:35 by "" with MS VC++ 16.7 (VS2019)

END.
