Vivado Simulator v2023.1
Copyright 1986-2022 Xilinx, Inc. All Rights Reserved.
Copyright 2022-2023 Advanced Micro Devices, Inc. All Rights Reserved.
Running: C:/Xilinx/Vivado/2023.1/bin/unwrapped/win64.o/xelab.exe xil_defaultlib.apatb_matrixcalc_top glbl -Oenable_linking_all_libraries -prj matrixcalc.prj -L smartconnect_v1_0 -L axi_protocol_checker_v1_1_12 -L axi_protocol_checker_v1_1_13 -L axis_protocol_checker_v1_1_11 -L axis_protocol_checker_v1_1_12 -L xil_defaultlib -L unisims_ver -L xpm -L floating_point_v7_1_15 -L floating_point_v7_0_20 --lib ieee_proposed=./ieee_proposed -s matrixcalc -debug all 
INFO: [VRFC 10-2263] Analyzing SystemVerilog file "C:/Users/aulavirtual/Desktop/Trabajo_Final/Proyecto_Final/prueba_1/sim/verilog/glbl.v" into library work
INFO: [VRFC 10-311] analyzing module glbl
INFO: [VRFC 10-2263] Analyzing SystemVerilog file "C:/Users/aulavirtual/Desktop/Trabajo_Final/Proyecto_Final/prueba_1/sim/verilog/matrixcalc.autotb.v" into library xil_defaultlib
INFO: [VRFC 10-311] analyzing module apatb_matrixcalc_top
INFO: [VRFC 10-2263] Analyzing SystemVerilog file "C:/Users/aulavirtual/Desktop/Trabajo_Final/Proyecto_Final/prueba_1/sim/verilog/matrixcalc.v" into library xil_defaultlib
INFO: [VRFC 10-311] analyzing module matrixcalc
INFO: [VRFC 10-2263] Analyzing SystemVerilog file "C:/Users/aulavirtual/Desktop/Trabajo_Final/Proyecto_Final/prueba_1/sim/verilog/matrixcalc_mul_4s_4s_4_1_1.v" into library xil_defaultlib
INFO: [VRFC 10-311] analyzing module matrixcalc_mul_4s_4s_4_1_1
INFO: [VRFC 10-2263] Analyzing SystemVerilog file "C:/Users/aulavirtual/Desktop/Trabajo_Final/Proyecto_Final/prueba_1/sim/verilog/dataflow_monitor.sv" into library xil_defaultlib
INFO: [VRFC 10-311] analyzing module dataflow_monitor
Starting static elaboration
Pass Through NonSizing Optimizer
Completed static elaboration
Starting simulation data flow analysis
Completed simulation data flow analysis
Time Resolution for simulation is 1ps
Compiling package xil_defaultlib.$unit_dataflow_monitor_sv
Compiling module xil_defaultlib.matrixcalc_mul_4s_4s_4_1_1(NUM_S...
Compiling module xil_defaultlib.matrixcalc
Compiling module xil_defaultlib.nodf_module_intf
Compiling module xil_defaultlib.dataflow_monitor_1
Compiling module xil_defaultlib.apatb_matrixcalc_top
Compiling module work.glbl
Built simulation snapshot matrixcalc
