Copyright 1986-2022 Xilinx, Inc. All Rights Reserved. Copyright 2022-2023 Advanced Micro Devices, Inc. All Rights Reserved.
---------------------------------------------------------------------------------------------------------------------------------------------
| Tool Version : Vivado v.2023.1 (win64) Build 3865809 Sun May  7 15:05:29 MDT 2023
| Date         : Tue Jan  6 12:13:49 2026
| Host         : JJ-PC running 64-bit major release  (build 9200)
| Command      : report_timing_summary -file ./report/matrixcalc_timing_synth.rpt
| Design       : bd_0_wrapper
| Device       : 7z020-clg400
| Speed File   : -1  PRODUCTION 1.12 2019-11-22
| Design State : Synthesized
---------------------------------------------------------------------------------------------------------------------------------------------

Timing Summary Report

------------------------------------------------------------------------------------------------
| Timer Settings
| --------------
------------------------------------------------------------------------------------------------

  Enable Multi Corner Analysis               :  Yes
  Enable Pessimism Removal                   :  Yes
  Pessimism Removal Resolution               :  Nearest Common Node
  Enable Input Delay Default Clock           :  No
  Enable Preset / Clear Arcs                 :  No
  Disable Flight Delays                      :  No
  Ignore I/O Paths                           :  No
  Timing Early Launch at Borrowing Latches   :  No
  Borrow Time for Max Delay Exceptions       :  Yes
  Merge Timing Exceptions                    :  Yes

  Corner  Analyze    Analyze    
  Name    Max Paths  Min Paths  
  ------  ---------  ---------  
  Slow    Yes        Yes        
  Fast    Yes        Yes        


------------------------------------------------------------------------------------------------
| Report Methodology
| ------------------
------------------------------------------------------------------------------------------------

No report available as report_methodology has not been run prior. Run report_methodology on the current design for the summary of methodology violations.



check_timing report

Table of Contents
-----------------
1. checking no_clock (0)
2. checking constant_clock (0)
3. checking pulse_width_clock (0)
4. checking unconstrained_internal_endpoints (0)
5. checking no_input_delay (14)
6. checking no_output_delay (50)
7. checking multiple_clock (0)
8. checking generated_clocks (0)
9. checking loops (0)
10. checking partial_input_delay (0)
11. checking partial_output_delay (0)
12. checking latch_loops (0)

1. checking no_clock (0)
------------------------
 There are 0 register/latch pins with no clock.


2. checking constant_clock (0)
------------------------------
 There are 0 register/latch pins with constant_clock.


3. checking pulse_width_clock (0)
---------------------------------
 There are 0 register/latch pins which need pulse_width check


4. checking unconstrained_internal_endpoints (0)
------------------------------------------------
 There are 0 pins that are not constrained for maximum delay.

 There are 0 pins that are not constrained for maximum delay due to constant clock.


5. checking no_input_delay (14)
-------------------------------
 There are 14 input ports with no input delay specified. (HIGH)

 There are 0 input ports with no input delay but user has a false path constraint.


6. checking no_output_delay (50)
--------------------------------
 There are 50 ports with no output delay specified. (HIGH)

 There are 0 ports with no output delay but user has a false path constraint

 There are 0 ports with no output delay but with a timing clock defined on it or propagating through it


7. checking multiple_clock (0)
------------------------------
 There are 0 register/latch pins with multiple clocks.


8. checking generated_clocks (0)
--------------------------------
 There are 0 generated clocks that are not connected to a clock source.


9. checking loops (0)
---------------------
 There are 0 combinational loops in the design.


10. checking partial_input_delay (0)
------------------------------------
 There are 0 input ports with partial input delay specified.


11. checking partial_output_delay (0)
-------------------------------------
 There are 0 ports with partial output delay specified.


12. checking latch_loops (0)
----------------------------
 There are 0 combinational latch loops in the design through latch input



------------------------------------------------------------------------------------------------
| Design Timing Summary
| ---------------------
------------------------------------------------------------------------------------------------

    WNS(ns)      TNS(ns)  TNS Failing Endpoints  TNS Total Endpoints      WHS(ns)      THS(ns)  THS Failing Endpoints  THS Total Endpoints     WPWS(ns)     TPWS(ns)  TPWS Failing Endpoints  TPWS Total Endpoints  
    -------      -------  ---------------------  -------------------      -------      -------  ---------------------  -------------------     --------     --------  ----------------------  --------------------  
      0.947        0.000                      0                  259        0.220        0.000                      0                  259        2.750        0.000                       0                   118  


All user specified timing constraints are met.


------------------------------------------------------------------------------------------------
| Clock Summary
| -------------
------------------------------------------------------------------------------------------------

Clock   Waveform(ns)         Period(ns)      Frequency(MHz)
-----   ------------         ----------      --------------
ap_clk  {0.000 4.000}        8.000           125.000         


------------------------------------------------------------------------------------------------
| Intra Clock Table
| -----------------
------------------------------------------------------------------------------------------------

Clock             WNS(ns)      TNS(ns)  TNS Failing Endpoints  TNS Total Endpoints      WHS(ns)      THS(ns)  THS Failing Endpoints  THS Total Endpoints     WPWS(ns)     TPWS(ns)  TPWS Failing Endpoints  TPWS Total Endpoints  
-----             -------      -------  ---------------------  -------------------      -------      -------  ---------------------  -------------------     --------     --------  ----------------------  --------------------  
ap_clk              0.947        0.000                      0                  259        0.220        0.000                      0                  259        2.750        0.000                       0                   118  


------------------------------------------------------------------------------------------------
| Inter Clock Table
| -----------------
------------------------------------------------------------------------------------------------

From Clock    To Clock          WNS(ns)      TNS(ns)  TNS Failing Endpoints  TNS Total Endpoints      WHS(ns)      THS(ns)  THS Failing Endpoints  THS Total Endpoints  
----------    --------          -------      -------  ---------------------  -------------------      -------      -------  ---------------------  -------------------  


------------------------------------------------------------------------------------------------
| Other Path Groups Table
| -----------------------
------------------------------------------------------------------------------------------------

Path Group    From Clock    To Clock          WNS(ns)      TNS(ns)  TNS Failing Endpoints  TNS Total Endpoints      WHS(ns)      THS(ns)  THS Failing Endpoints  THS Total Endpoints  
----------    ----------    --------          -------      -------  ---------------------  -------------------      -------      -------  ---------------------  -------------------  


------------------------------------------------------------------------------------------------
| Timing Details
| --------------
------------------------------------------------------------------------------------------------


---------------------------------------------------------------------------------------------------
From Clock:  ap_clk
  To Clock:  ap_clk

Setup :            0  Failing Endpoints,  Worst Slack        0.947ns,  Total Violation        0.000ns
Hold  :            0  Failing Endpoints,  Worst Slack        0.220ns,  Total Violation        0.000ns
PW    :            0  Failing Endpoints,  Worst Slack        2.750ns,  Total Violation        0.000ns
---------------------------------------------------------------------------------------------------


Max Delay Paths
--------------------------------------------------------------------------------------
Slack (MET) :             0.947ns  (required time - arrival time)
  Source:                 bd_0_i/hls_inst/inst/reg_227_reg[0]/C
                            (rising edge-triggered cell FDRE clocked by ap_clk  {rise@0.000ns fall@4.000ns period=8.000ns})
  Destination:            bd_0_i/hls_inst/inst/aux2_U/q0_reg[0]/D
                            (rising edge-triggered cell FDRE clocked by ap_clk  {rise@0.000ns fall@4.000ns period=8.000ns})
  Path Group:             ap_clk
  Path Type:              Setup (Max at Slow Process Corner)
  Requirement:            8.000ns  (ap_clk rise@8.000ns - ap_clk rise@0.000ns)
  Data Path Delay:        6.953ns  (logic 1.609ns (23.141%)  route 5.344ns (76.859%))
  Logic Levels:           6  (LUT3=1 LUT4=1 LUT6=3 RAMS32=1)
  Clock Path Skew:        -0.049ns (DCD - SCD + CPR)
    Destination Clock Delay (DCD):    0.924ns = ( 8.924 - 8.000 ) 
    Source Clock Delay      (SCD):    0.973ns
    Clock Pessimism Removal (CPR):    0.000ns
  Clock Uncertainty:      0.035ns  ((TSJ^2 + TIJ^2)^1/2 + DJ) / 2 + PE
    Total System Jitter     (TSJ):    0.071ns
    Total Input Jitter      (TIJ):    0.000ns
    Discrete Jitter          (DJ):    0.000ns
    Phase Error              (PE):    0.000ns

    Location             Delay type                Incr(ns)  Path(ns)    Netlist Resource(s)
  -------------------------------------------------------------------    -------------------
                         (clock ap_clk rise edge)     0.000     0.000 r  
                                                      0.000     0.000 r  ap_clk (IN)
                         net (fo=117, unset)          0.973     0.973    bd_0_i/hls_inst/inst/ap_clk
                         FDRE                                         r  bd_0_i/hls_inst/inst/reg_227_reg[0]/C
  -------------------------------------------------------------------    -------------------
                         FDRE (Prop_fdre_C_Q)         0.518     1.491 f  bd_0_i/hls_inst/inst/reg_227_reg[0]/Q
                         net (fo=20, unplaced)        0.801     2.292    bd_0_i/hls_inst/inst/aux2_U/tmp_3_fu_635_p3[0]
                         LUT3 (Prop_lut3_I0_O)        0.295     2.587 f  bd_0_i/hls_inst/inst/aux2_U/ap_CS_fsm[22]_i_1/O
                         net (fo=11, unplaced)        0.948     3.535    bd_0_i/hls_inst/inst/aux2_U/reg_227_reg[0][1]
                         LUT6 (Prop_lut6_I1_O)        0.124     3.659 f  bd_0_i/hls_inst/inst/aux2_U/col_reg_346[2]_i_13/O
                         net (fo=1, unplaced)         1.111     4.770    bd_0_i/hls_inst/inst/aux2_U/col_reg_346[2]_i_13_n_3
                         LUT6 (Prop_lut6_I0_O)        0.124     4.894 r  bd_0_i/hls_inst/inst/aux2_U/col_reg_346[2]_i_4/O
                         net (fo=4, unplaced)         0.926     5.820    bd_0_i/hls_inst/inst/aux_U/sumneg_fu_88_reg[2]_0
                         LUT4 (Prop_lut4_I1_O)        0.148     5.968 r  bd_0_i/hls_inst/inst/aux_U/reg_251[3]_i_5/O
                         net (fo=6, unplaced)         0.451     6.419    bd_0_i/hls_inst/inst/aux_U/reg_251[3]_i_5_n_3
                         LUT6 (Prop_lut6_I1_O)        0.124     6.543 r  bd_0_i/hls_inst/inst/aux_U/ram_reg_0_15_0_0_i_4/O
                         net (fo=4, unplaced)         0.774     7.317    bd_0_i/hls_inst/inst/aux2_U/ram_reg_0_15_0_0/A3
                         RAMS32 (Prop_rams32_ADR3_O)
                                                      0.276     7.593 r  bd_0_i/hls_inst/inst/aux2_U/ram_reg_0_15_0_0/SP/O
                         net (fo=1, unplaced)         0.333     7.926    bd_0_i/hls_inst/inst/aux2_U/q00[0]
                         FDRE                                         r  bd_0_i/hls_inst/inst/aux2_U/q0_reg[0]/D
  -------------------------------------------------------------------    -------------------

                         (clock ap_clk rise edge)     8.000     8.000 r  
                                                      0.000     8.000 r  ap_clk (IN)
                         net (fo=117, unset)          0.924     8.924    bd_0_i/hls_inst/inst/aux2_U/ap_clk
                         FDRE                                         r  bd_0_i/hls_inst/inst/aux2_U/q0_reg[0]/C
                         clock pessimism              0.000     8.924    
                         clock uncertainty           -0.035     8.889    
                         FDRE (Setup_fdre_C_D)       -0.016     8.873    bd_0_i/hls_inst/inst/aux2_U/q0_reg[0]
  -------------------------------------------------------------------
                         required time                          8.873    
                         arrival time                          -7.926    
  -------------------------------------------------------------------
                         slack                                  0.947    





Min Delay Paths
--------------------------------------------------------------------------------------
Slack (MET) :             0.220ns  (arrival time - required time)
  Source:                 bd_0_i/hls_inst/inst/reg_215_reg[2]/C
                            (rising edge-triggered cell FDRE clocked by ap_clk  {rise@0.000ns fall@4.000ns period=8.000ns})
  Destination:            bd_0_i/hls_inst/inst/aux2_U/ram_reg_0_15_2_2/SP/I
                            (rising edge-triggered cell RAMS32 clocked by ap_clk  {rise@0.000ns fall@4.000ns period=8.000ns})
  Path Group:             ap_clk
  Path Type:              Hold (Min at Fast Process Corner)
  Requirement:            0.000ns  (ap_clk rise@0.000ns - ap_clk rise@0.000ns)
  Data Path Delay:        0.309ns  (logic 0.164ns (53.002%)  route 0.145ns (46.998%))
  Logic Levels:           0  
  Clock Path Skew:        0.022ns (DCD - SCD - CPR)
    Destination Clock Delay (DCD):    0.432ns
    Source Clock Delay      (SCD):    0.410ns
    Clock Pessimism Removal (CPR):    -0.000ns

    Location             Delay type                Incr(ns)  Path(ns)    Netlist Resource(s)
  -------------------------------------------------------------------    -------------------
                         (clock ap_clk rise edge)     0.000     0.000 r  
                                                      0.000     0.000 r  ap_clk (IN)
                         net (fo=117, unset)          0.410     0.410    bd_0_i/hls_inst/inst/ap_clk
                         FDRE                                         r  bd_0_i/hls_inst/inst/reg_215_reg[2]/C
  -------------------------------------------------------------------    -------------------
                         FDRE (Prop_fdre_C_Q)         0.164     0.574 r  bd_0_i/hls_inst/inst/reg_215_reg[2]/Q
                         net (fo=2, unplaced)         0.145     0.720    bd_0_i/hls_inst/inst/aux2_U/ram_reg_0_15_2_2/D
                         RAMS32                                       r  bd_0_i/hls_inst/inst/aux2_U/ram_reg_0_15_2_2/SP/I
  -------------------------------------------------------------------    -------------------

                         (clock ap_clk rise edge)     0.000     0.000 r  
                                                      0.000     0.000 r  ap_clk (IN)
                         net (fo=117, unset)          0.432     0.432    bd_0_i/hls_inst/inst/aux2_U/ram_reg_0_15_2_2/WCLK
                         RAMS32                                       r  bd_0_i/hls_inst/inst/aux2_U/ram_reg_0_15_2_2/SP/CLK
                         clock pessimism              0.000     0.432    
                         RAMS32 (Hold_rams32_CLK_I)
                                                      0.068     0.500    bd_0_i/hls_inst/inst/aux2_U/ram_reg_0_15_2_2/SP
  -------------------------------------------------------------------
                         required time                         -0.500    
                         arrival time                           0.720    
  -------------------------------------------------------------------
                         slack                                  0.220    





Pulse Width Checks
--------------------------------------------------------------------------------------
Clock Name:         ap_clk
Waveform(ns):       { 0.000 4.000 }
Period(ns):         8.000
Sources:            { ap_clk }

Check Type        Corner  Lib Pin     Reference Pin  Required(ns)  Actual(ns)  Slack(ns)  Location  Pin
Min Period        n/a     FDRE/C      n/a            1.000         8.000       7.000                bd_0_i/hls_inst/inst/add_ln19_reg_351_reg[0]/C
Low Pulse Width   Slow    RAMS32/CLK  n/a            1.250         4.000       2.750                bd_0_i/hls_inst/inst/aux2_U/ram_reg_0_15_0_0/SP/CLK
High Pulse Width  Slow    RAMS32/CLK  n/a            1.250         4.000       2.750                bd_0_i/hls_inst/inst/aux2_U/ram_reg_0_15_0_0/SP/CLK



