Copyright 1986-2022 Xilinx, Inc. All Rights Reserved. Copyright 2022-2023 Advanced Micro Devices, Inc. All Rights Reserved.
---------------------------------------------------------------------------------------------------------------------------------------------
| Tool Version : Vivado v.2023.1 (win64) Build 3865809 Sun May  7 15:05:29 MDT 2023
| Date         : Tue Jan  6 12:14:46 2026
| Host         : JJ-PC running 64-bit major release  (build 9200)
| Command      : report_timing -max_paths 10 -file ./report/matrixcalc_timing_paths_routed.rpt
| Design       : bd_0_wrapper
| Device       : 7z020-clg400
| Speed File   : -1  PRODUCTION 1.12 2019-11-22
| Design State : Routed
---------------------------------------------------------------------------------------------------------------------------------------------

Timing Report

Slack (MET) :             1.430ns  (required time - arrival time)
  Source:                 bd_0_i/hls_inst/inst/ap_CS_fsm_reg[18]/C
                            (rising edge-triggered cell FDRE clocked by ap_clk  {rise@0.000ns fall@4.000ns period=8.000ns})
  Destination:            bd_0_i/hls_inst/inst/aux2_U/q0_reg[2]/D
                            (rising edge-triggered cell FDRE clocked by ap_clk  {rise@0.000ns fall@4.000ns period=8.000ns})
  Path Group:             ap_clk
  Path Type:              Setup (Max at Slow Process Corner)
  Requirement:            8.000ns  (ap_clk rise@8.000ns - ap_clk rise@0.000ns)
  Data Path Delay:        6.567ns  (logic 1.699ns (25.880%)  route 4.867ns (74.120%))
  Logic Levels:           6  (LUT4=2 LUT6=3 RAMS32=1)
  Clock Path Skew:        -0.049ns (DCD - SCD + CPR)
    Destination Clock Delay (DCD):    0.924ns = ( 8.924 - 8.000 ) 
    Source Clock Delay      (SCD):    0.973ns
    Clock Pessimism Removal (CPR):    0.000ns
  Clock Uncertainty:      0.035ns  ((TSJ^2 + TIJ^2)^1/2 + DJ) / 2 + PE
    Total System Jitter     (TSJ):    0.071ns
    Total Input Jitter      (TIJ):    0.000ns
    Discrete Jitter          (DJ):    0.000ns
    Phase Error              (PE):    0.000ns

    Location             Delay type                Incr(ns)  Path(ns)    Netlist Resource(s)
  -------------------------------------------------------------------    -------------------
                         (clock ap_clk rise edge)     0.000     0.000 r  
                                                      0.000     0.000 r  ap_clk (IN)
                         net (fo=117, unset)          0.973     0.973    bd_0_i/hls_inst/inst/ap_clk
    SLICE_X21Y34         FDRE                                         r  bd_0_i/hls_inst/inst/ap_CS_fsm_reg[18]/C
  -------------------------------------------------------------------    -------------------
    SLICE_X21Y34         FDRE (Prop_fdre_C_Q)         0.456     1.429 f  bd_0_i/hls_inst/inst/ap_CS_fsm_reg[18]/Q
                         net (fo=18, routed)          1.045     2.474    bd_0_i/hls_inst/inst/aux2_U/reg_251[3]_i_10_0[16]
    SLICE_X22Y35         LUT4 (Prop_lut4_I0_O)        0.150     2.624 f  bd_0_i/hls_inst/inst/aux2_U/col_reg_346[2]_i_25/O
                         net (fo=1, routed)           0.814     3.438    bd_0_i/hls_inst/inst/aux2_U/col_reg_346[2]_i_25_n_3
    SLICE_X22Y34         LUT6 (Prop_lut6_I0_O)        0.328     3.766 f  bd_0_i/hls_inst/inst/aux2_U/col_reg_346[2]_i_9/O
                         net (fo=1, routed)           0.760     4.525    bd_0_i/hls_inst/inst/aux2_U/col_reg_346[2]_i_9_n_3
    SLICE_X18Y34         LUT6 (Prop_lut6_I4_O)        0.124     4.649 f  bd_0_i/hls_inst/inst/aux2_U/col_reg_346[2]_i_2/O
                         net (fo=5, routed)           0.877     5.526    bd_0_i/hls_inst/inst/aux_U/sumneg_fu_88_reg[2]
    SLICE_X19Y34         LUT4 (Prop_lut4_I3_O)        0.152     5.678 r  bd_0_i/hls_inst/inst/aux_U/reg_251[3]_i_5/O
                         net (fo=6, routed)           0.595     6.273    bd_0_i/hls_inst/inst/aux_U/reg_251[3]_i_5_n_3
    SLICE_X17Y36         LUT6 (Prop_lut6_I1_O)        0.326     6.599 r  bd_0_i/hls_inst/inst/aux_U/ram_reg_0_15_0_0_i_4/O
                         net (fo=4, routed)           0.777     7.376    bd_0_i/hls_inst/inst/aux2_U/ram_reg_0_15_2_2/A3
    SLICE_X18Y36         RAMS32 (Prop_rams32_ADR3_O)
                                                      0.163     7.540 r  bd_0_i/hls_inst/inst/aux2_U/ram_reg_0_15_2_2/SP/O
                         net (fo=1, routed)           0.000     7.540    bd_0_i/hls_inst/inst/aux2_U/q00[2]
    SLICE_X18Y36         FDRE                                         r  bd_0_i/hls_inst/inst/aux2_U/q0_reg[2]/D
  -------------------------------------------------------------------    -------------------

                         (clock ap_clk rise edge)     8.000     8.000 r  
                                                      0.000     8.000 r  ap_clk (IN)
                         net (fo=117, unset)          0.924     8.924    bd_0_i/hls_inst/inst/aux2_U/ap_clk
    SLICE_X18Y36         FDRE                                         r  bd_0_i/hls_inst/inst/aux2_U/q0_reg[2]/C
                         clock pessimism              0.000     8.924    
                         clock uncertainty           -0.035     8.889    
    SLICE_X18Y36         FDRE (Setup_fdre_C_D)        0.081     8.970    bd_0_i/hls_inst/inst/aux2_U/q0_reg[2]
  -------------------------------------------------------------------
                         required time                          8.970    
                         arrival time                          -7.540    
  -------------------------------------------------------------------
                         slack                                  1.430    

Slack (MET) :             1.431ns  (required time - arrival time)
  Source:                 bd_0_i/hls_inst/inst/ap_CS_fsm_reg[18]/C
                            (rising edge-triggered cell FDRE clocked by ap_clk  {rise@0.000ns fall@4.000ns period=8.000ns})
  Destination:            bd_0_i/hls_inst/inst/aux2_U/ram_reg_0_15_0_0/SP/ADR3
                            (rising edge-triggered cell RAMS32 clocked by ap_clk  {rise@0.000ns fall@4.000ns period=8.000ns})
  Path Group:             ap_clk
  Path Type:              Setup (Max at Slow Process Corner)
  Requirement:            8.000ns  (ap_clk rise@8.000ns - ap_clk rise@0.000ns)
  Data Path Delay:        6.403ns  (logic 1.536ns (23.988%)  route 4.867ns (76.012%))
  Logic Levels:           5  (LUT4=2 LUT6=3)
  Clock Path Skew:        -0.049ns (DCD - SCD + CPR)
    Destination Clock Delay (DCD):    0.924ns = ( 8.924 - 8.000 ) 
    Source Clock Delay      (SCD):    0.973ns
    Clock Pessimism Removal (CPR):    0.000ns
  Clock Uncertainty:      0.035ns  ((TSJ^2 + TIJ^2)^1/2 + DJ) / 2 + PE
    Total System Jitter     (TSJ):    0.071ns
    Total Input Jitter      (TIJ):    0.000ns
    Discrete Jitter          (DJ):    0.000ns
    Phase Error              (PE):    0.000ns

    Location             Delay type                Incr(ns)  Path(ns)    Netlist Resource(s)
  -------------------------------------------------------------------    -------------------
                         (clock ap_clk rise edge)     0.000     0.000 r  
                                                      0.000     0.000 r  ap_clk (IN)
                         net (fo=117, unset)          0.973     0.973    bd_0_i/hls_inst/inst/ap_clk
    SLICE_X21Y34         FDRE                                         r  bd_0_i/hls_inst/inst/ap_CS_fsm_reg[18]/C
  -------------------------------------------------------------------    -------------------
    SLICE_X21Y34         FDRE (Prop_fdre_C_Q)         0.456     1.429 f  bd_0_i/hls_inst/inst/ap_CS_fsm_reg[18]/Q
                         net (fo=18, routed)          1.045     2.474    bd_0_i/hls_inst/inst/aux2_U/reg_251[3]_i_10_0[16]
    SLICE_X22Y35         LUT4 (Prop_lut4_I0_O)        0.150     2.624 f  bd_0_i/hls_inst/inst/aux2_U/col_reg_346[2]_i_25/O
                         net (fo=1, routed)           0.814     3.438    bd_0_i/hls_inst/inst/aux2_U/col_reg_346[2]_i_25_n_3
    SLICE_X22Y34         LUT6 (Prop_lut6_I0_O)        0.328     3.766 f  bd_0_i/hls_inst/inst/aux2_U/col_reg_346[2]_i_9/O
                         net (fo=1, routed)           0.760     4.525    bd_0_i/hls_inst/inst/aux2_U/col_reg_346[2]_i_9_n_3
    SLICE_X18Y34         LUT6 (Prop_lut6_I4_O)        0.124     4.649 f  bd_0_i/hls_inst/inst/aux2_U/col_reg_346[2]_i_2/O
                         net (fo=5, routed)           0.877     5.526    bd_0_i/hls_inst/inst/aux_U/sumneg_fu_88_reg[2]
    SLICE_X19Y34         LUT4 (Prop_lut4_I3_O)        0.152     5.678 r  bd_0_i/hls_inst/inst/aux_U/reg_251[3]_i_5/O
                         net (fo=6, routed)           0.595     6.273    bd_0_i/hls_inst/inst/aux_U/reg_251[3]_i_5_n_3
    SLICE_X17Y36         LUT6 (Prop_lut6_I1_O)        0.326     6.599 r  bd_0_i/hls_inst/inst/aux_U/ram_reg_0_15_0_0_i_4/O
                         net (fo=4, routed)           0.777     7.376    bd_0_i/hls_inst/inst/aux2_U/ram_reg_0_15_0_0/A3
    SLICE_X18Y36         RAMS32                                       r  bd_0_i/hls_inst/inst/aux2_U/ram_reg_0_15_0_0/SP/ADR3
  -------------------------------------------------------------------    -------------------

                         (clock ap_clk rise edge)     8.000     8.000 r  
                                                      0.000     8.000 r  ap_clk (IN)
                         net (fo=117, unset)          0.924     8.924    bd_0_i/hls_inst/inst/aux2_U/ram_reg_0_15_0_0/WCLK
    SLICE_X18Y36         RAMS32                                       r  bd_0_i/hls_inst/inst/aux2_U/ram_reg_0_15_0_0/SP/CLK
                         clock pessimism              0.000     8.924    
                         clock uncertainty           -0.035     8.889    
    SLICE_X18Y36         RAMS32 (Setup_rams32_CLK_ADR3)
                                                     -0.082     8.807    bd_0_i/hls_inst/inst/aux2_U/ram_reg_0_15_0_0/SP
  -------------------------------------------------------------------
                         required time                          8.807    
                         arrival time                          -7.376    
  -------------------------------------------------------------------
                         slack                                  1.431    

Slack (MET) :             1.431ns  (required time - arrival time)
  Source:                 bd_0_i/hls_inst/inst/ap_CS_fsm_reg[18]/C
                            (rising edge-triggered cell FDRE clocked by ap_clk  {rise@0.000ns fall@4.000ns period=8.000ns})
  Destination:            bd_0_i/hls_inst/inst/aux2_U/ram_reg_0_15_1_1/SP/ADR3
                            (rising edge-triggered cell RAMS32 clocked by ap_clk  {rise@0.000ns fall@4.000ns period=8.000ns})
  Path Group:             ap_clk
  Path Type:              Setup (Max at Slow Process Corner)
  Requirement:            8.000ns  (ap_clk rise@8.000ns - ap_clk rise@0.000ns)
  Data Path Delay:        6.403ns  (logic 1.536ns (23.988%)  route 4.867ns (76.012%))
  Logic Levels:           5  (LUT4=2 LUT6=3)
  Clock Path Skew:        -0.049ns (DCD - SCD + CPR)
    Destination Clock Delay (DCD):    0.924ns = ( 8.924 - 8.000 ) 
    Source Clock Delay      (SCD):    0.973ns
    Clock Pessimism Removal (CPR):    0.000ns
  Clock Uncertainty:      0.035ns  ((TSJ^2 + TIJ^2)^1/2 + DJ) / 2 + PE
    Total System Jitter     (TSJ):    0.071ns
    Total Input Jitter      (TIJ):    0.000ns
    Discrete Jitter          (DJ):    0.000ns
    Phase Error              (PE):    0.000ns

    Location             Delay type                Incr(ns)  Path(ns)    Netlist Resource(s)
  -------------------------------------------------------------------    -------------------
                         (clock ap_clk rise edge)     0.000     0.000 r  
                                                      0.000     0.000 r  ap_clk (IN)
                         net (fo=117, unset)          0.973     0.973    bd_0_i/hls_inst/inst/ap_clk
    SLICE_X21Y34         FDRE                                         r  bd_0_i/hls_inst/inst/ap_CS_fsm_reg[18]/C
  -------------------------------------------------------------------    -------------------
    SLICE_X21Y34         FDRE (Prop_fdre_C_Q)         0.456     1.429 f  bd_0_i/hls_inst/inst/ap_CS_fsm_reg[18]/Q
                         net (fo=18, routed)          1.045     2.474    bd_0_i/hls_inst/inst/aux2_U/reg_251[3]_i_10_0[16]
    SLICE_X22Y35         LUT4 (Prop_lut4_I0_O)        0.150     2.624 f  bd_0_i/hls_inst/inst/aux2_U/col_reg_346[2]_i_25/O
                         net (fo=1, routed)           0.814     3.438    bd_0_i/hls_inst/inst/aux2_U/col_reg_346[2]_i_25_n_3
    SLICE_X22Y34         LUT6 (Prop_lut6_I0_O)        0.328     3.766 f  bd_0_i/hls_inst/inst/aux2_U/col_reg_346[2]_i_9/O
                         net (fo=1, routed)           0.760     4.525    bd_0_i/hls_inst/inst/aux2_U/col_reg_346[2]_i_9_n_3
    SLICE_X18Y34         LUT6 (Prop_lut6_I4_O)        0.124     4.649 f  bd_0_i/hls_inst/inst/aux2_U/col_reg_346[2]_i_2/O
                         net (fo=5, routed)           0.877     5.526    bd_0_i/hls_inst/inst/aux_U/sumneg_fu_88_reg[2]
    SLICE_X19Y34         LUT4 (Prop_lut4_I3_O)        0.152     5.678 r  bd_0_i/hls_inst/inst/aux_U/reg_251[3]_i_5/O
                         net (fo=6, routed)           0.595     6.273    bd_0_i/hls_inst/inst/aux_U/reg_251[3]_i_5_n_3
    SLICE_X17Y36         LUT6 (Prop_lut6_I1_O)        0.326     6.599 r  bd_0_i/hls_inst/inst/aux_U/ram_reg_0_15_0_0_i_4/O
                         net (fo=4, routed)           0.777     7.376    bd_0_i/hls_inst/inst/aux2_U/ram_reg_0_15_1_1/A3
    SLICE_X18Y36         RAMS32                                       r  bd_0_i/hls_inst/inst/aux2_U/ram_reg_0_15_1_1/SP/ADR3
  -------------------------------------------------------------------    -------------------

                         (clock ap_clk rise edge)     8.000     8.000 r  
                                                      0.000     8.000 r  ap_clk (IN)
                         net (fo=117, unset)          0.924     8.924    bd_0_i/hls_inst/inst/aux2_U/ram_reg_0_15_1_1/WCLK
    SLICE_X18Y36         RAMS32                                       r  bd_0_i/hls_inst/inst/aux2_U/ram_reg_0_15_1_1/SP/CLK
                         clock pessimism              0.000     8.924    
                         clock uncertainty           -0.035     8.889    
    SLICE_X18Y36         RAMS32 (Setup_rams32_CLK_ADR3)
                                                     -0.082     8.807    bd_0_i/hls_inst/inst/aux2_U/ram_reg_0_15_1_1/SP
  -------------------------------------------------------------------
                         required time                          8.807    
                         arrival time                          -7.376    
  -------------------------------------------------------------------
                         slack                                  1.431    

Slack (MET) :             1.431ns  (required time - arrival time)
  Source:                 bd_0_i/hls_inst/inst/ap_CS_fsm_reg[18]/C
                            (rising edge-triggered cell FDRE clocked by ap_clk  {rise@0.000ns fall@4.000ns period=8.000ns})
  Destination:            bd_0_i/hls_inst/inst/aux2_U/ram_reg_0_15_2_2/SP/ADR3
                            (rising edge-triggered cell RAMS32 clocked by ap_clk  {rise@0.000ns fall@4.000ns period=8.000ns})
  Path Group:             ap_clk
  Path Type:              Setup (Max at Slow Process Corner)
  Requirement:            8.000ns  (ap_clk rise@8.000ns - ap_clk rise@0.000ns)
  Data Path Delay:        6.403ns  (logic 1.536ns (23.988%)  route 4.867ns (76.012%))
  Logic Levels:           5  (LUT4=2 LUT6=3)
  Clock Path Skew:        -0.049ns (DCD - SCD + CPR)
    Destination Clock Delay (DCD):    0.924ns = ( 8.924 - 8.000 ) 
    Source Clock Delay      (SCD):    0.973ns
    Clock Pessimism Removal (CPR):    0.000ns
  Clock Uncertainty:      0.035ns  ((TSJ^2 + TIJ^2)^1/2 + DJ) / 2 + PE
    Total System Jitter     (TSJ):    0.071ns
    Total Input Jitter      (TIJ):    0.000ns
    Discrete Jitter          (DJ):    0.000ns
    Phase Error              (PE):    0.000ns

    Location             Delay type                Incr(ns)  Path(ns)    Netlist Resource(s)
  -------------------------------------------------------------------    -------------------
                         (clock ap_clk rise edge)     0.000     0.000 r  
                                                      0.000     0.000 r  ap_clk (IN)
                         net (fo=117, unset)          0.973     0.973    bd_0_i/hls_inst/inst/ap_clk
    SLICE_X21Y34         FDRE                                         r  bd_0_i/hls_inst/inst/ap_CS_fsm_reg[18]/C
  -------------------------------------------------------------------    -------------------
    SLICE_X21Y34         FDRE (Prop_fdre_C_Q)         0.456     1.429 f  bd_0_i/hls_inst/inst/ap_CS_fsm_reg[18]/Q
                         net (fo=18, routed)          1.045     2.474    bd_0_i/hls_inst/inst/aux2_U/reg_251[3]_i_10_0[16]
    SLICE_X22Y35         LUT4 (Prop_lut4_I0_O)        0.150     2.624 f  bd_0_i/hls_inst/inst/aux2_U/col_reg_346[2]_i_25/O
                         net (fo=1, routed)           0.814     3.438    bd_0_i/hls_inst/inst/aux2_U/col_reg_346[2]_i_25_n_3
    SLICE_X22Y34         LUT6 (Prop_lut6_I0_O)        0.328     3.766 f  bd_0_i/hls_inst/inst/aux2_U/col_reg_346[2]_i_9/O
                         net (fo=1, routed)           0.760     4.525    bd_0_i/hls_inst/inst/aux2_U/col_reg_346[2]_i_9_n_3
    SLICE_X18Y34         LUT6 (Prop_lut6_I4_O)        0.124     4.649 f  bd_0_i/hls_inst/inst/aux2_U/col_reg_346[2]_i_2/O
                         net (fo=5, routed)           0.877     5.526    bd_0_i/hls_inst/inst/aux_U/sumneg_fu_88_reg[2]
    SLICE_X19Y34         LUT4 (Prop_lut4_I3_O)        0.152     5.678 r  bd_0_i/hls_inst/inst/aux_U/reg_251[3]_i_5/O
                         net (fo=6, routed)           0.595     6.273    bd_0_i/hls_inst/inst/aux_U/reg_251[3]_i_5_n_3
    SLICE_X17Y36         LUT6 (Prop_lut6_I1_O)        0.326     6.599 r  bd_0_i/hls_inst/inst/aux_U/ram_reg_0_15_0_0_i_4/O
                         net (fo=4, routed)           0.777     7.376    bd_0_i/hls_inst/inst/aux2_U/ram_reg_0_15_2_2/A3
    SLICE_X18Y36         RAMS32                                       r  bd_0_i/hls_inst/inst/aux2_U/ram_reg_0_15_2_2/SP/ADR3
  -------------------------------------------------------------------    -------------------

                         (clock ap_clk rise edge)     8.000     8.000 r  
                                                      0.000     8.000 r  ap_clk (IN)
                         net (fo=117, unset)          0.924     8.924    bd_0_i/hls_inst/inst/aux2_U/ram_reg_0_15_2_2/WCLK
    SLICE_X18Y36         RAMS32                                       r  bd_0_i/hls_inst/inst/aux2_U/ram_reg_0_15_2_2/SP/CLK
                         clock pessimism              0.000     8.924    
                         clock uncertainty           -0.035     8.889    
    SLICE_X18Y36         RAMS32 (Setup_rams32_CLK_ADR3)
                                                     -0.082     8.807    bd_0_i/hls_inst/inst/aux2_U/ram_reg_0_15_2_2/SP
  -------------------------------------------------------------------
                         required time                          8.807    
                         arrival time                          -7.376    
  -------------------------------------------------------------------
                         slack                                  1.431    

Slack (MET) :             1.431ns  (required time - arrival time)
  Source:                 bd_0_i/hls_inst/inst/ap_CS_fsm_reg[18]/C
                            (rising edge-triggered cell FDRE clocked by ap_clk  {rise@0.000ns fall@4.000ns period=8.000ns})
  Destination:            bd_0_i/hls_inst/inst/aux2_U/ram_reg_0_15_3_3/SP/ADR3
                            (rising edge-triggered cell RAMS32 clocked by ap_clk  {rise@0.000ns fall@4.000ns period=8.000ns})
  Path Group:             ap_clk
  Path Type:              Setup (Max at Slow Process Corner)
  Requirement:            8.000ns  (ap_clk rise@8.000ns - ap_clk rise@0.000ns)
  Data Path Delay:        6.403ns  (logic 1.536ns (23.988%)  route 4.867ns (76.012%))
  Logic Levels:           5  (LUT4=2 LUT6=3)
  Clock Path Skew:        -0.049ns (DCD - SCD + CPR)
    Destination Clock Delay (DCD):    0.924ns = ( 8.924 - 8.000 ) 
    Source Clock Delay      (SCD):    0.973ns
    Clock Pessimism Removal (CPR):    0.000ns
  Clock Uncertainty:      0.035ns  ((TSJ^2 + TIJ^2)^1/2 + DJ) / 2 + PE
    Total System Jitter     (TSJ):    0.071ns
    Total Input Jitter      (TIJ):    0.000ns
    Discrete Jitter          (DJ):    0.000ns
    Phase Error              (PE):    0.000ns

    Location             Delay type                Incr(ns)  Path(ns)    Netlist Resource(s)
  -------------------------------------------------------------------    -------------------
                         (clock ap_clk rise edge)     0.000     0.000 r  
                                                      0.000     0.000 r  ap_clk (IN)
                         net (fo=117, unset)          0.973     0.973    bd_0_i/hls_inst/inst/ap_clk
    SLICE_X21Y34         FDRE                                         r  bd_0_i/hls_inst/inst/ap_CS_fsm_reg[18]/C
  -------------------------------------------------------------------    -------------------
    SLICE_X21Y34         FDRE (Prop_fdre_C_Q)         0.456     1.429 f  bd_0_i/hls_inst/inst/ap_CS_fsm_reg[18]/Q
                         net (fo=18, routed)          1.045     2.474    bd_0_i/hls_inst/inst/aux2_U/reg_251[3]_i_10_0[16]
    SLICE_X22Y35         LUT4 (Prop_lut4_I0_O)        0.150     2.624 f  bd_0_i/hls_inst/inst/aux2_U/col_reg_346[2]_i_25/O
                         net (fo=1, routed)           0.814     3.438    bd_0_i/hls_inst/inst/aux2_U/col_reg_346[2]_i_25_n_3
    SLICE_X22Y34         LUT6 (Prop_lut6_I0_O)        0.328     3.766 f  bd_0_i/hls_inst/inst/aux2_U/col_reg_346[2]_i_9/O
                         net (fo=1, routed)           0.760     4.525    bd_0_i/hls_inst/inst/aux2_U/col_reg_346[2]_i_9_n_3
    SLICE_X18Y34         LUT6 (Prop_lut6_I4_O)        0.124     4.649 f  bd_0_i/hls_inst/inst/aux2_U/col_reg_346[2]_i_2/O
                         net (fo=5, routed)           0.877     5.526    bd_0_i/hls_inst/inst/aux_U/sumneg_fu_88_reg[2]
    SLICE_X19Y34         LUT4 (Prop_lut4_I3_O)        0.152     5.678 r  bd_0_i/hls_inst/inst/aux_U/reg_251[3]_i_5/O
                         net (fo=6, routed)           0.595     6.273    bd_0_i/hls_inst/inst/aux_U/reg_251[3]_i_5_n_3
    SLICE_X17Y36         LUT6 (Prop_lut6_I1_O)        0.326     6.599 r  bd_0_i/hls_inst/inst/aux_U/ram_reg_0_15_0_0_i_4/O
                         net (fo=4, routed)           0.777     7.376    bd_0_i/hls_inst/inst/aux2_U/ram_reg_0_15_3_3/A3
    SLICE_X18Y36         RAMS32                                       r  bd_0_i/hls_inst/inst/aux2_U/ram_reg_0_15_3_3/SP/ADR3
  -------------------------------------------------------------------    -------------------

                         (clock ap_clk rise edge)     8.000     8.000 r  
                                                      0.000     8.000 r  ap_clk (IN)
                         net (fo=117, unset)          0.924     8.924    bd_0_i/hls_inst/inst/aux2_U/ram_reg_0_15_3_3/WCLK
    SLICE_X18Y36         RAMS32                                       r  bd_0_i/hls_inst/inst/aux2_U/ram_reg_0_15_3_3/SP/CLK
                         clock pessimism              0.000     8.924    
                         clock uncertainty           -0.035     8.889    
    SLICE_X18Y36         RAMS32 (Setup_rams32_CLK_ADR3)
                                                     -0.082     8.807    bd_0_i/hls_inst/inst/aux2_U/ram_reg_0_15_3_3/SP
  -------------------------------------------------------------------
                         required time                          8.807    
                         arrival time                          -7.376    
  -------------------------------------------------------------------
                         slack                                  1.431    

Slack (MET) :             1.436ns  (required time - arrival time)
  Source:                 bd_0_i/hls_inst/inst/ap_CS_fsm_reg[18]/C
                            (rising edge-triggered cell FDRE clocked by ap_clk  {rise@0.000ns fall@4.000ns period=8.000ns})
  Destination:            bd_0_i/hls_inst/inst/reg_239_reg[2]/D
                            (rising edge-triggered cell FDRE clocked by ap_clk  {rise@0.000ns fall@4.000ns period=8.000ns})
  Path Group:             ap_clk
  Path Type:              Setup (Max at Slow Process Corner)
  Requirement:            8.000ns  (ap_clk rise@8.000ns - ap_clk rise@0.000ns)
  Data Path Delay:        6.244ns  (logic 1.332ns (21.331%)  route 4.912ns (78.669%))
  Logic Levels:           5  (LUT3=1 LUT4=1 LUT6=3)
  Clock Path Skew:        -0.049ns (DCD - SCD + CPR)
    Destination Clock Delay (DCD):    0.924ns = ( 8.924 - 8.000 ) 
    Source Clock Delay      (SCD):    0.973ns
    Clock Pessimism Removal (CPR):    0.000ns
  Clock Uncertainty:      0.035ns  ((TSJ^2 + TIJ^2)^1/2 + DJ) / 2 + PE
    Total System Jitter     (TSJ):    0.071ns
    Total Input Jitter      (TIJ):    0.000ns
    Discrete Jitter          (DJ):    0.000ns
    Phase Error              (PE):    0.000ns

    Location             Delay type                Incr(ns)  Path(ns)    Netlist Resource(s)
  -------------------------------------------------------------------    -------------------
                         (clock ap_clk rise edge)     0.000     0.000 r  
                                                      0.000     0.000 r  ap_clk (IN)
                         net (fo=117, unset)          0.973     0.973    bd_0_i/hls_inst/inst/ap_clk
    SLICE_X21Y34         FDRE                                         r  bd_0_i/hls_inst/inst/ap_CS_fsm_reg[18]/C
  -------------------------------------------------------------------    -------------------
    SLICE_X21Y34         FDRE (Prop_fdre_C_Q)         0.456     1.429 r  bd_0_i/hls_inst/inst/ap_CS_fsm_reg[18]/Q
                         net (fo=18, routed)          1.045     2.474    bd_0_i/hls_inst/inst/aux2_U/reg_251[3]_i_10_0[16]
    SLICE_X22Y35         LUT4 (Prop_lut4_I0_O)        0.150     2.624 r  bd_0_i/hls_inst/inst/aux2_U/col_reg_346[2]_i_25/O
                         net (fo=1, routed)           0.814     3.438    bd_0_i/hls_inst/inst/aux2_U/col_reg_346[2]_i_25_n_3
    SLICE_X22Y34         LUT6 (Prop_lut6_I0_O)        0.328     3.766 r  bd_0_i/hls_inst/inst/aux2_U/col_reg_346[2]_i_9/O
                         net (fo=1, routed)           0.760     4.525    bd_0_i/hls_inst/inst/aux2_U/col_reg_346[2]_i_9_n_3
    SLICE_X18Y34         LUT6 (Prop_lut6_I4_O)        0.124     4.649 r  bd_0_i/hls_inst/inst/aux2_U/col_reg_346[2]_i_2/O
                         net (fo=5, routed)           0.728     5.377    bd_0_i/hls_inst/inst/aux_U/sumneg_fu_88_reg[2]
    SLICE_X19Y34         LUT6 (Prop_lut6_I0_O)        0.124     5.501 r  bd_0_i/hls_inst/inst/aux_U/col_reg_346[2]_i_1/O
                         net (fo=11, routed)          0.943     6.444    bd_0_i/hls_inst/inst/aux2_U/icmp_ln18_fu_660_p0[2]
    SLICE_X15Y35         LUT3 (Prop_lut3_I2_O)        0.150     6.594 r  bd_0_i/hls_inst/inst/aux2_U/reg_239[2]_i_1/O
                         net (fo=1, routed)           0.623     7.217    bd_0_i/hls_inst/inst/aux2_U_n_7
    SLICE_X16Y35         FDRE                                         r  bd_0_i/hls_inst/inst/reg_239_reg[2]/D
  -------------------------------------------------------------------    -------------------

                         (clock ap_clk rise edge)     8.000     8.000 r  
                                                      0.000     8.000 r  ap_clk (IN)
                         net (fo=117, unset)          0.924     8.924    bd_0_i/hls_inst/inst/ap_clk
    SLICE_X16Y35         FDRE                                         r  bd_0_i/hls_inst/inst/reg_239_reg[2]/C
                         clock pessimism              0.000     8.924    
                         clock uncertainty           -0.035     8.889    
    SLICE_X16Y35         FDRE (Setup_fdre_C_D)       -0.236     8.653    bd_0_i/hls_inst/inst/reg_239_reg[2]
  -------------------------------------------------------------------
                         required time                          8.653    
                         arrival time                          -7.217    
  -------------------------------------------------------------------
                         slack                                  1.436    

Slack (MET) :             1.468ns  (required time - arrival time)
  Source:                 bd_0_i/hls_inst/inst/ap_CS_fsm_reg[18]/C
                            (rising edge-triggered cell FDRE clocked by ap_clk  {rise@0.000ns fall@4.000ns period=8.000ns})
  Destination:            bd_0_i/hls_inst/inst/aux2_U/q0_reg[0]/D
                            (rising edge-triggered cell FDRE clocked by ap_clk  {rise@0.000ns fall@4.000ns period=8.000ns})
  Path Group:             ap_clk
  Path Type:              Setup (Max at Slow Process Corner)
  Requirement:            8.000ns  (ap_clk rise@8.000ns - ap_clk rise@0.000ns)
  Data Path Delay:        6.527ns  (logic 1.660ns (25.432%)  route 4.867ns (74.568%))
  Logic Levels:           6  (LUT4=2 LUT6=3 RAMS32=1)
  Clock Path Skew:        -0.049ns (DCD - SCD + CPR)
    Destination Clock Delay (DCD):    0.924ns = ( 8.924 - 8.000 ) 
    Source Clock Delay      (SCD):    0.973ns
    Clock Pessimism Removal (CPR):    0.000ns
  Clock Uncertainty:      0.035ns  ((TSJ^2 + TIJ^2)^1/2 + DJ) / 2 + PE
    Total System Jitter     (TSJ):    0.071ns
    Total Input Jitter      (TIJ):    0.000ns
    Discrete Jitter          (DJ):    0.000ns
    Phase Error              (PE):    0.000ns

    Location             Delay type                Incr(ns)  Path(ns)    Netlist Resource(s)
  -------------------------------------------------------------------    -------------------
                         (clock ap_clk rise edge)     0.000     0.000 r  
                                                      0.000     0.000 r  ap_clk (IN)
                         net (fo=117, unset)          0.973     0.973    bd_0_i/hls_inst/inst/ap_clk
    SLICE_X21Y34         FDRE                                         r  bd_0_i/hls_inst/inst/ap_CS_fsm_reg[18]/C
  -------------------------------------------------------------------    -------------------
    SLICE_X21Y34         FDRE (Prop_fdre_C_Q)         0.456     1.429 f  bd_0_i/hls_inst/inst/ap_CS_fsm_reg[18]/Q
                         net (fo=18, routed)          1.045     2.474    bd_0_i/hls_inst/inst/aux2_U/reg_251[3]_i_10_0[16]
    SLICE_X22Y35         LUT4 (Prop_lut4_I0_O)        0.150     2.624 f  bd_0_i/hls_inst/inst/aux2_U/col_reg_346[2]_i_25/O
                         net (fo=1, routed)           0.814     3.438    bd_0_i/hls_inst/inst/aux2_U/col_reg_346[2]_i_25_n_3
    SLICE_X22Y34         LUT6 (Prop_lut6_I0_O)        0.328     3.766 f  bd_0_i/hls_inst/inst/aux2_U/col_reg_346[2]_i_9/O
                         net (fo=1, routed)           0.760     4.525    bd_0_i/hls_inst/inst/aux2_U/col_reg_346[2]_i_9_n_3
    SLICE_X18Y34         LUT6 (Prop_lut6_I4_O)        0.124     4.649 f  bd_0_i/hls_inst/inst/aux2_U/col_reg_346[2]_i_2/O
                         net (fo=5, routed)           0.877     5.526    bd_0_i/hls_inst/inst/aux_U/sumneg_fu_88_reg[2]
    SLICE_X19Y34         LUT4 (Prop_lut4_I3_O)        0.152     5.678 r  bd_0_i/hls_inst/inst/aux_U/reg_251[3]_i_5/O
                         net (fo=6, routed)           0.595     6.273    bd_0_i/hls_inst/inst/aux_U/reg_251[3]_i_5_n_3
    SLICE_X17Y36         LUT6 (Prop_lut6_I1_O)        0.326     6.599 r  bd_0_i/hls_inst/inst/aux_U/ram_reg_0_15_0_0_i_4/O
                         net (fo=4, routed)           0.777     7.376    bd_0_i/hls_inst/inst/aux2_U/ram_reg_0_15_0_0/A3
    SLICE_X18Y36         RAMS32 (Prop_rams32_ADR3_O)
                                                      0.124     7.500 r  bd_0_i/hls_inst/inst/aux2_U/ram_reg_0_15_0_0/SP/O
                         net (fo=1, routed)           0.000     7.500    bd_0_i/hls_inst/inst/aux2_U/q00[0]
    SLICE_X18Y36         FDRE                                         r  bd_0_i/hls_inst/inst/aux2_U/q0_reg[0]/D
  -------------------------------------------------------------------    -------------------

                         (clock ap_clk rise edge)     8.000     8.000 r  
                                                      0.000     8.000 r  ap_clk (IN)
                         net (fo=117, unset)          0.924     8.924    bd_0_i/hls_inst/inst/aux2_U/ap_clk
    SLICE_X18Y36         FDRE                                         r  bd_0_i/hls_inst/inst/aux2_U/q0_reg[0]/C
                         clock pessimism              0.000     8.924    
                         clock uncertainty           -0.035     8.889    
    SLICE_X18Y36         FDRE (Setup_fdre_C_D)        0.079     8.968    bd_0_i/hls_inst/inst/aux2_U/q0_reg[0]
  -------------------------------------------------------------------
                         required time                          8.968    
                         arrival time                          -7.500    
  -------------------------------------------------------------------
                         slack                                  1.468    

Slack (MET) :             1.485ns  (required time - arrival time)
  Source:                 bd_0_i/hls_inst/inst/ap_CS_fsm_reg[18]/C
                            (rising edge-triggered cell FDRE clocked by ap_clk  {rise@0.000ns fall@4.000ns period=8.000ns})
  Destination:            bd_0_i/hls_inst/inst/aux2_U/q0_reg[3]/D
                            (rising edge-triggered cell FDRE clocked by ap_clk  {rise@0.000ns fall@4.000ns period=8.000ns})
  Path Group:             ap_clk
  Path Type:              Setup (Max at Slow Process Corner)
  Requirement:            8.000ns  (ap_clk rise@8.000ns - ap_clk rise@0.000ns)
  Data Path Delay:        6.510ns  (logic 1.643ns (25.238%)  route 4.867ns (74.762%))
  Logic Levels:           6  (LUT4=2 LUT6=3 RAMS32=1)
  Clock Path Skew:        -0.049ns (DCD - SCD + CPR)
    Destination Clock Delay (DCD):    0.924ns = ( 8.924 - 8.000 ) 
    Source Clock Delay      (SCD):    0.973ns
    Clock Pessimism Removal (CPR):    0.000ns
  Clock Uncertainty:      0.035ns  ((TSJ^2 + TIJ^2)^1/2 + DJ) / 2 + PE
    Total System Jitter     (TSJ):    0.071ns
    Total Input Jitter      (TIJ):    0.000ns
    Discrete Jitter          (DJ):    0.000ns
    Phase Error              (PE):    0.000ns

    Location             Delay type                Incr(ns)  Path(ns)    Netlist Resource(s)
  -------------------------------------------------------------------    -------------------
                         (clock ap_clk rise edge)     0.000     0.000 r  
                                                      0.000     0.000 r  ap_clk (IN)
                         net (fo=117, unset)          0.973     0.973    bd_0_i/hls_inst/inst/ap_clk
    SLICE_X21Y34         FDRE                                         r  bd_0_i/hls_inst/inst/ap_CS_fsm_reg[18]/C
  -------------------------------------------------------------------    -------------------
    SLICE_X21Y34         FDRE (Prop_fdre_C_Q)         0.456     1.429 f  bd_0_i/hls_inst/inst/ap_CS_fsm_reg[18]/Q
                         net (fo=18, routed)          1.045     2.474    bd_0_i/hls_inst/inst/aux2_U/reg_251[3]_i_10_0[16]
    SLICE_X22Y35         LUT4 (Prop_lut4_I0_O)        0.150     2.624 f  bd_0_i/hls_inst/inst/aux2_U/col_reg_346[2]_i_25/O
                         net (fo=1, routed)           0.814     3.438    bd_0_i/hls_inst/inst/aux2_U/col_reg_346[2]_i_25_n_3
    SLICE_X22Y34         LUT6 (Prop_lut6_I0_O)        0.328     3.766 f  bd_0_i/hls_inst/inst/aux2_U/col_reg_346[2]_i_9/O
                         net (fo=1, routed)           0.760     4.525    bd_0_i/hls_inst/inst/aux2_U/col_reg_346[2]_i_9_n_3
    SLICE_X18Y34         LUT6 (Prop_lut6_I4_O)        0.124     4.649 f  bd_0_i/hls_inst/inst/aux2_U/col_reg_346[2]_i_2/O
                         net (fo=5, routed)           0.877     5.526    bd_0_i/hls_inst/inst/aux_U/sumneg_fu_88_reg[2]
    SLICE_X19Y34         LUT4 (Prop_lut4_I3_O)        0.152     5.678 r  bd_0_i/hls_inst/inst/aux_U/reg_251[3]_i_5/O
                         net (fo=6, routed)           0.595     6.273    bd_0_i/hls_inst/inst/aux_U/reg_251[3]_i_5_n_3
    SLICE_X17Y36         LUT6 (Prop_lut6_I1_O)        0.326     6.599 r  bd_0_i/hls_inst/inst/aux_U/ram_reg_0_15_0_0_i_4/O
                         net (fo=4, routed)           0.777     7.376    bd_0_i/hls_inst/inst/aux2_U/ram_reg_0_15_3_3/A3
    SLICE_X18Y36         RAMS32 (Prop_rams32_ADR3_O)
                                                      0.107     7.483 r  bd_0_i/hls_inst/inst/aux2_U/ram_reg_0_15_3_3/SP/O
                         net (fo=1, routed)           0.000     7.483    bd_0_i/hls_inst/inst/aux2_U/q00[3]
    SLICE_X18Y36         FDRE                                         r  bd_0_i/hls_inst/inst/aux2_U/q0_reg[3]/D
  -------------------------------------------------------------------    -------------------

                         (clock ap_clk rise edge)     8.000     8.000 r  
                                                      0.000     8.000 r  ap_clk (IN)
                         net (fo=117, unset)          0.924     8.924    bd_0_i/hls_inst/inst/aux2_U/ap_clk
    SLICE_X18Y36         FDRE                                         r  bd_0_i/hls_inst/inst/aux2_U/q0_reg[3]/C
                         clock pessimism              0.000     8.924    
                         clock uncertainty           -0.035     8.889    
    SLICE_X18Y36         FDRE (Setup_fdre_C_D)        0.079     8.968    bd_0_i/hls_inst/inst/aux2_U/q0_reg[3]
  -------------------------------------------------------------------
                         required time                          8.968    
                         arrival time                          -7.483    
  -------------------------------------------------------------------
                         slack                                  1.485    

Slack (MET) :             1.524ns  (required time - arrival time)
  Source:                 bd_0_i/hls_inst/inst/ap_CS_fsm_reg[18]/C
                            (rising edge-triggered cell FDRE clocked by ap_clk  {rise@0.000ns fall@4.000ns period=8.000ns})
  Destination:            bd_0_i/hls_inst/inst/reg_215_reg[1]/D
                            (rising edge-triggered cell FDRE clocked by ap_clk  {rise@0.000ns fall@4.000ns period=8.000ns})
  Path Group:             ap_clk
  Path Type:              Setup (Max at Slow Process Corner)
  Requirement:            8.000ns  (ap_clk rise@8.000ns - ap_clk rise@0.000ns)
  Data Path Delay:        6.123ns  (logic 1.299ns (21.214%)  route 4.824ns (78.786%))
  Logic Levels:           5  (LUT3=1 LUT4=2 LUT6=2)
  Clock Path Skew:        -0.049ns (DCD - SCD + CPR)
    Destination Clock Delay (DCD):    0.924ns = ( 8.924 - 8.000 ) 
    Source Clock Delay      (SCD):    0.973ns
    Clock Pessimism Removal (CPR):    0.000ns
  Clock Uncertainty:      0.035ns  ((TSJ^2 + TIJ^2)^1/2 + DJ) / 2 + PE
    Total System Jitter     (TSJ):    0.071ns
    Total Input Jitter      (TIJ):    0.000ns
    Discrete Jitter          (DJ):    0.000ns
    Phase Error              (PE):    0.000ns

    Location             Delay type                Incr(ns)  Path(ns)    Netlist Resource(s)
  -------------------------------------------------------------------    -------------------
                         (clock ap_clk rise edge)     0.000     0.000 r  
                                                      0.000     0.000 r  ap_clk (IN)
                         net (fo=117, unset)          0.973     0.973    bd_0_i/hls_inst/inst/ap_clk
    SLICE_X21Y34         FDRE                                         r  bd_0_i/hls_inst/inst/ap_CS_fsm_reg[18]/C
  -------------------------------------------------------------------    -------------------
    SLICE_X21Y34         FDRE (Prop_fdre_C_Q)         0.456     1.429 r  bd_0_i/hls_inst/inst/ap_CS_fsm_reg[18]/Q
                         net (fo=18, routed)          1.045     2.474    bd_0_i/hls_inst/inst/aux2_U/reg_251[3]_i_10_0[16]
    SLICE_X22Y35         LUT4 (Prop_lut4_I0_O)        0.150     2.624 r  bd_0_i/hls_inst/inst/aux2_U/col_reg_346[2]_i_25/O
                         net (fo=1, routed)           0.814     3.438    bd_0_i/hls_inst/inst/aux2_U/col_reg_346[2]_i_25_n_3
    SLICE_X22Y34         LUT6 (Prop_lut6_I0_O)        0.328     3.766 r  bd_0_i/hls_inst/inst/aux2_U/col_reg_346[2]_i_9/O
                         net (fo=1, routed)           0.760     4.525    bd_0_i/hls_inst/inst/aux2_U/col_reg_346[2]_i_9_n_3
    SLICE_X18Y34         LUT6 (Prop_lut6_I4_O)        0.124     4.649 r  bd_0_i/hls_inst/inst/aux2_U/col_reg_346[2]_i_2/O
                         net (fo=5, routed)           0.877     5.526    bd_0_i/hls_inst/inst/aux_U/sumneg_fu_88_reg[2]
    SLICE_X19Y34         LUT4 (Prop_lut4_I0_O)        0.124     5.650 r  bd_0_i/hls_inst/inst/aux_U/col_reg_346[1]_i_1/O
                         net (fo=12, routed)          0.806     6.456    bd_0_i/hls_inst/inst/aux_U/icmp_ln18_fu_660_p0[1]
    SLICE_X14Y36         LUT3 (Prop_lut3_I2_O)        0.117     6.573 r  bd_0_i/hls_inst/inst/aux_U/reg_215[1]_i_1/O
                         net (fo=1, routed)           0.524     7.096    bd_0_i/hls_inst/inst/aux_U_n_30
    SLICE_X15Y36         FDRE                                         r  bd_0_i/hls_inst/inst/reg_215_reg[1]/D
  -------------------------------------------------------------------    -------------------

                         (clock ap_clk rise edge)     8.000     8.000 r  
                                                      0.000     8.000 r  ap_clk (IN)
                         net (fo=117, unset)          0.924     8.924    bd_0_i/hls_inst/inst/ap_clk
    SLICE_X15Y36         FDRE                                         r  bd_0_i/hls_inst/inst/reg_215_reg[1]/C
                         clock pessimism              0.000     8.924    
                         clock uncertainty           -0.035     8.889    
    SLICE_X15Y36         FDRE (Setup_fdre_C_D)       -0.269     8.620    bd_0_i/hls_inst/inst/reg_215_reg[1]
  -------------------------------------------------------------------
                         required time                          8.620    
                         arrival time                          -7.096    
  -------------------------------------------------------------------
                         slack                                  1.524    

Slack (MET) :             1.557ns  (required time - arrival time)
  Source:                 bd_0_i/hls_inst/inst/ap_CS_fsm_reg[18]/C
                            (rising edge-triggered cell FDRE clocked by ap_clk  {rise@0.000ns fall@4.000ns period=8.000ns})
  Destination:            bd_0_i/hls_inst/inst/sumpos_fu_84_reg[3]/D
                            (rising edge-triggered cell FDRE clocked by ap_clk  {rise@0.000ns fall@4.000ns period=8.000ns})
  Path Group:             ap_clk
  Path Type:              Setup (Max at Slow Process Corner)
  Requirement:            8.000ns  (ap_clk rise@8.000ns - ap_clk rise@0.000ns)
  Data Path Delay:        6.331ns  (logic 1.536ns (24.261%)  route 4.795ns (75.739%))
  Logic Levels:           5  (LUT4=2 LUT5=1 LUT6=2)
  Clock Path Skew:        -0.049ns (DCD - SCD + CPR)
    Destination Clock Delay (DCD):    0.924ns = ( 8.924 - 8.000 ) 
    Source Clock Delay      (SCD):    0.973ns
    Clock Pessimism Removal (CPR):    0.000ns
  Clock Uncertainty:      0.035ns  ((TSJ^2 + TIJ^2)^1/2 + DJ) / 2 + PE
    Total System Jitter     (TSJ):    0.071ns
    Total Input Jitter      (TIJ):    0.000ns
    Discrete Jitter          (DJ):    0.000ns
    Phase Error              (PE):    0.000ns

    Location             Delay type                Incr(ns)  Path(ns)    Netlist Resource(s)
  -------------------------------------------------------------------    -------------------
                         (clock ap_clk rise edge)     0.000     0.000 r  
                                                      0.000     0.000 r  ap_clk (IN)
                         net (fo=117, unset)          0.973     0.973    bd_0_i/hls_inst/inst/ap_clk
    SLICE_X21Y34         FDRE                                         r  bd_0_i/hls_inst/inst/ap_CS_fsm_reg[18]/C
  -------------------------------------------------------------------    -------------------
    SLICE_X21Y34         FDRE (Prop_fdre_C_Q)         0.456     1.429 f  bd_0_i/hls_inst/inst/ap_CS_fsm_reg[18]/Q
                         net (fo=18, routed)          1.045     2.474    bd_0_i/hls_inst/inst/aux2_U/reg_251[3]_i_10_0[16]
    SLICE_X22Y35         LUT4 (Prop_lut4_I0_O)        0.150     2.624 f  bd_0_i/hls_inst/inst/aux2_U/col_reg_346[2]_i_25/O
                         net (fo=1, routed)           0.814     3.438    bd_0_i/hls_inst/inst/aux2_U/col_reg_346[2]_i_25_n_3
    SLICE_X22Y34         LUT6 (Prop_lut6_I0_O)        0.328     3.766 f  bd_0_i/hls_inst/inst/aux2_U/col_reg_346[2]_i_9/O
                         net (fo=1, routed)           0.760     4.525    bd_0_i/hls_inst/inst/aux2_U/col_reg_346[2]_i_9_n_3
    SLICE_X18Y34         LUT6 (Prop_lut6_I4_O)        0.124     4.649 f  bd_0_i/hls_inst/inst/aux2_U/col_reg_346[2]_i_2/O
                         net (fo=5, routed)           0.877     5.526    bd_0_i/hls_inst/inst/aux_U/sumneg_fu_88_reg[2]
    SLICE_X19Y34         LUT4 (Prop_lut4_I3_O)        0.152     5.678 r  bd_0_i/hls_inst/inst/aux_U/reg_251[3]_i_5/O
                         net (fo=6, routed)           0.648     6.326    bd_0_i/hls_inst/inst/aux_U/reg_251[3]_i_5_n_3
    SLICE_X17Y35         LUT5 (Prop_lut5_I1_O)        0.326     6.652 r  bd_0_i/hls_inst/inst/aux_U/col_reg_346[3]_i_1/O
                         net (fo=3, routed)           0.652     7.304    bd_0_i/hls_inst/inst/icmp_ln18_fu_660_p0[3]
    SLICE_X22Y36         FDRE                                         r  bd_0_i/hls_inst/inst/sumpos_fu_84_reg[3]/D
  -------------------------------------------------------------------    -------------------

                         (clock ap_clk rise edge)     8.000     8.000 r  
                                                      0.000     8.000 r  ap_clk (IN)
                         net (fo=117, unset)          0.924     8.924    bd_0_i/hls_inst/inst/ap_clk
    SLICE_X22Y36         FDRE                                         r  bd_0_i/hls_inst/inst/sumpos_fu_84_reg[3]/C
                         clock pessimism              0.000     8.924    
                         clock uncertainty           -0.035     8.889    
    SLICE_X22Y36         FDRE (Setup_fdre_C_D)       -0.028     8.861    bd_0_i/hls_inst/inst/sumpos_fu_84_reg[3]
  -------------------------------------------------------------------
                         required time                          8.861    
                         arrival time                          -7.304    
  -------------------------------------------------------------------
                         slack                                  1.557    




