Copyright 1986-2022 Xilinx, Inc. All Rights Reserved. Copyright 2022-2023 Advanced Micro Devices, Inc. All Rights Reserved.
---------------------------------------------------------------------------------------------------------------------------------------------
| Tool Version : Vivado v.2023.1 (win64) Build 3865809 Sun May  7 15:05:29 MDT 2023
| Date         : Tue Jan  6 12:14:46 2026
| Host         : JJ-PC running 64-bit major release  (build 9200)
| Command      : report_timing_summary -file ./report/matrixcalc_timing_routed.rpt
| Design       : bd_0_wrapper
| Device       : 7z020-clg400
| Speed File   : -1  PRODUCTION 1.12 2019-11-22
| Design State : Routed
---------------------------------------------------------------------------------------------------------------------------------------------

Timing Summary Report

------------------------------------------------------------------------------------------------
| Timer Settings
| --------------
------------------------------------------------------------------------------------------------

  Enable Multi Corner Analysis               :  Yes
  Enable Pessimism Removal                   :  Yes
  Pessimism Removal Resolution               :  Nearest Common Node
  Enable Input Delay Default Clock           :  No
  Enable Preset / Clear Arcs                 :  No
  Disable Flight Delays                      :  No
  Ignore I/O Paths                           :  No
  Timing Early Launch at Borrowing Latches   :  No
  Borrow Time for Max Delay Exceptions       :  Yes
  Merge Timing Exceptions                    :  Yes

  Corner  Analyze    Analyze    
  Name    Max Paths  Min Paths  
  ------  ---------  ---------  
  Slow    Yes        Yes        
  Fast    Yes        Yes        


------------------------------------------------------------------------------------------------
| Report Methodology
| ------------------
------------------------------------------------------------------------------------------------

Rule       Severity  Description                    Violations  
---------  --------  -----------------------------  ----------  
TIMING-18  Warning   Missing input or output delay  64          

Note: This report is based on the most recent report_methodology run and may not be up-to-date. Run report_methodology on the current design for the latest report.



check_timing report

Table of Contents
-----------------
1. checking no_clock (0)
2. checking constant_clock (0)
3. checking pulse_width_clock (0)
4. checking unconstrained_internal_endpoints (0)
5. checking no_input_delay (14)
6. checking no_output_delay (50)
7. checking multiple_clock (0)
8. checking generated_clocks (0)
9. checking loops (0)
10. checking partial_input_delay (0)
11. checking partial_output_delay (0)
12. checking latch_loops (0)

1. checking no_clock (0)
------------------------
 There are 0 register/latch pins with no clock.


2. checking constant_clock (0)
------------------------------
 There are 0 register/latch pins with constant_clock.


3. checking pulse_width_clock (0)
---------------------------------
 There are 0 register/latch pins which need pulse_width check


4. checking unconstrained_internal_endpoints (0)
------------------------------------------------
 There are 0 pins that are not constrained for maximum delay.

 There are 0 pins that are not constrained for maximum delay due to constant clock.


5. checking no_input_delay (14)
-------------------------------
 There are 14 input ports with no input delay specified. (HIGH)

 There are 0 input ports with no input delay but user has a false path constraint.


6. checking no_output_delay (50)
--------------------------------
 There are 50 ports with no output delay specified. (HIGH)

 There are 0 ports with no output delay but user has a false path constraint

 There are 0 ports with no output delay but with a timing clock defined on it or propagating through it


7. checking multiple_clock (0)
------------------------------
 There are 0 register/latch pins with multiple clocks.


8. checking generated_clocks (0)
--------------------------------
 There are 0 generated clocks that are not connected to a clock source.


9. checking loops (0)
---------------------
 There are 0 combinational loops in the design.


10. checking partial_input_delay (0)
------------------------------------
 There are 0 input ports with partial input delay specified.


11. checking partial_output_delay (0)
-------------------------------------
 There are 0 ports with partial output delay specified.


12. checking latch_loops (0)
----------------------------
 There are 0 combinational latch loops in the design through latch input



------------------------------------------------------------------------------------------------
| Design Timing Summary
| ---------------------
------------------------------------------------------------------------------------------------

    WNS(ns)      TNS(ns)  TNS Failing Endpoints  TNS Total Endpoints      WHS(ns)      THS(ns)  THS Failing Endpoints  THS Total Endpoints     WPWS(ns)     TPWS(ns)  TPWS Failing Endpoints  TPWS Total Endpoints  
    -------      -------  ---------------------  -------------------      -------      -------  ---------------------  -------------------     --------     --------  ----------------------  --------------------  
      1.430        0.000                      0                  259        0.169        0.000                      0                  259        2.750        0.000                       0                   118  


All user specified timing constraints are met.


------------------------------------------------------------------------------------------------
| Clock Summary
| -------------
------------------------------------------------------------------------------------------------

Clock   Waveform(ns)         Period(ns)      Frequency(MHz)
-----   ------------         ----------      --------------
ap_clk  {0.000 4.000}        8.000           125.000         


------------------------------------------------------------------------------------------------
| Intra Clock Table
| -----------------
------------------------------------------------------------------------------------------------

Clock             WNS(ns)      TNS(ns)  TNS Failing Endpoints  TNS Total Endpoints      WHS(ns)      THS(ns)  THS Failing Endpoints  THS Total Endpoints     WPWS(ns)     TPWS(ns)  TPWS Failing Endpoints  TPWS Total Endpoints  
-----             -------      -------  ---------------------  -------------------      -------      -------  ---------------------  -------------------     --------     --------  ----------------------  --------------------  
ap_clk              1.430        0.000                      0                  259        0.169        0.000                      0                  259        2.750        0.000                       0                   118  


------------------------------------------------------------------------------------------------
| Inter Clock Table
| -----------------
------------------------------------------------------------------------------------------------

From Clock    To Clock          WNS(ns)      TNS(ns)  TNS Failing Endpoints  TNS Total Endpoints      WHS(ns)      THS(ns)  THS Failing Endpoints  THS Total Endpoints  
----------    --------          -------      -------  ---------------------  -------------------      -------      -------  ---------------------  -------------------  


------------------------------------------------------------------------------------------------
| Other Path Groups Table
| -----------------------
------------------------------------------------------------------------------------------------

Path Group    From Clock    To Clock          WNS(ns)      TNS(ns)  TNS Failing Endpoints  TNS Total Endpoints      WHS(ns)      THS(ns)  THS Failing Endpoints  THS Total Endpoints  
----------    ----------    --------          -------      -------  ---------------------  -------------------      -------      -------  ---------------------  -------------------  


------------------------------------------------------------------------------------------------
| Timing Details
| --------------
------------------------------------------------------------------------------------------------


---------------------------------------------------------------------------------------------------
From Clock:  ap_clk
  To Clock:  ap_clk

Setup :            0  Failing Endpoints,  Worst Slack        1.430ns,  Total Violation        0.000ns
Hold  :            0  Failing Endpoints,  Worst Slack        0.169ns,  Total Violation        0.000ns
PW    :            0  Failing Endpoints,  Worst Slack        2.750ns,  Total Violation        0.000ns
---------------------------------------------------------------------------------------------------


Max Delay Paths
--------------------------------------------------------------------------------------
Slack (MET) :             1.430ns  (required time - arrival time)
  Source:                 bd_0_i/hls_inst/inst/ap_CS_fsm_reg[18]/C
                            (rising edge-triggered cell FDRE clocked by ap_clk  {rise@0.000ns fall@4.000ns period=8.000ns})
  Destination:            bd_0_i/hls_inst/inst/aux2_U/q0_reg[2]/D
                            (rising edge-triggered cell FDRE clocked by ap_clk  {rise@0.000ns fall@4.000ns period=8.000ns})
  Path Group:             ap_clk
  Path Type:              Setup (Max at Slow Process Corner)
  Requirement:            8.000ns  (ap_clk rise@8.000ns - ap_clk rise@0.000ns)
  Data Path Delay:        6.567ns  (logic 1.699ns (25.880%)  route 4.867ns (74.120%))
  Logic Levels:           6  (LUT4=2 LUT6=3 RAMS32=1)
  Clock Path Skew:        -0.049ns (DCD - SCD + CPR)
    Destination Clock Delay (DCD):    0.924ns = ( 8.924 - 8.000 ) 
    Source Clock Delay      (SCD):    0.973ns
    Clock Pessimism Removal (CPR):    0.000ns
  Clock Uncertainty:      0.035ns  ((TSJ^2 + TIJ^2)^1/2 + DJ) / 2 + PE
    Total System Jitter     (TSJ):    0.071ns
    Total Input Jitter      (TIJ):    0.000ns
    Discrete Jitter          (DJ):    0.000ns
    Phase Error              (PE):    0.000ns

    Location             Delay type                Incr(ns)  Path(ns)    Netlist Resource(s)
  -------------------------------------------------------------------    -------------------
                         (clock ap_clk rise edge)     0.000     0.000 r  
                                                      0.000     0.000 r  ap_clk (IN)
                         net (fo=117, unset)          0.973     0.973    bd_0_i/hls_inst/inst/ap_clk
    SLICE_X21Y34         FDRE                                         r  bd_0_i/hls_inst/inst/ap_CS_fsm_reg[18]/C
  -------------------------------------------------------------------    -------------------
    SLICE_X21Y34         FDRE (Prop_fdre_C_Q)         0.456     1.429 f  bd_0_i/hls_inst/inst/ap_CS_fsm_reg[18]/Q
                         net (fo=18, routed)          1.045     2.474    bd_0_i/hls_inst/inst/aux2_U/reg_251[3]_i_10_0[16]
    SLICE_X22Y35         LUT4 (Prop_lut4_I0_O)        0.150     2.624 f  bd_0_i/hls_inst/inst/aux2_U/col_reg_346[2]_i_25/O
                         net (fo=1, routed)           0.814     3.438    bd_0_i/hls_inst/inst/aux2_U/col_reg_346[2]_i_25_n_3
    SLICE_X22Y34         LUT6 (Prop_lut6_I0_O)        0.328     3.766 f  bd_0_i/hls_inst/inst/aux2_U/col_reg_346[2]_i_9/O
                         net (fo=1, routed)           0.760     4.525    bd_0_i/hls_inst/inst/aux2_U/col_reg_346[2]_i_9_n_3
    SLICE_X18Y34         LUT6 (Prop_lut6_I4_O)        0.124     4.649 f  bd_0_i/hls_inst/inst/aux2_U/col_reg_346[2]_i_2/O
                         net (fo=5, routed)           0.877     5.526    bd_0_i/hls_inst/inst/aux_U/sumneg_fu_88_reg[2]
    SLICE_X19Y34         LUT4 (Prop_lut4_I3_O)        0.152     5.678 r  bd_0_i/hls_inst/inst/aux_U/reg_251[3]_i_5/O
                         net (fo=6, routed)           0.595     6.273    bd_0_i/hls_inst/inst/aux_U/reg_251[3]_i_5_n_3
    SLICE_X17Y36         LUT6 (Prop_lut6_I1_O)        0.326     6.599 r  bd_0_i/hls_inst/inst/aux_U/ram_reg_0_15_0_0_i_4/O
                         net (fo=4, routed)           0.777     7.376    bd_0_i/hls_inst/inst/aux2_U/ram_reg_0_15_2_2/A3
    SLICE_X18Y36         RAMS32 (Prop_rams32_ADR3_O)
                                                      0.163     7.540 r  bd_0_i/hls_inst/inst/aux2_U/ram_reg_0_15_2_2/SP/O
                         net (fo=1, routed)           0.000     7.540    bd_0_i/hls_inst/inst/aux2_U/q00[2]
    SLICE_X18Y36         FDRE                                         r  bd_0_i/hls_inst/inst/aux2_U/q0_reg[2]/D
  -------------------------------------------------------------------    -------------------

                         (clock ap_clk rise edge)     8.000     8.000 r  
                                                      0.000     8.000 r  ap_clk (IN)
                         net (fo=117, unset)          0.924     8.924    bd_0_i/hls_inst/inst/aux2_U/ap_clk
    SLICE_X18Y36         FDRE                                         r  bd_0_i/hls_inst/inst/aux2_U/q0_reg[2]/C
                         clock pessimism              0.000     8.924    
                         clock uncertainty           -0.035     8.889    
    SLICE_X18Y36         FDRE (Setup_fdre_C_D)        0.081     8.970    bd_0_i/hls_inst/inst/aux2_U/q0_reg[2]
  -------------------------------------------------------------------
                         required time                          8.970    
                         arrival time                          -7.540    
  -------------------------------------------------------------------
                         slack                                  1.430    





Min Delay Paths
--------------------------------------------------------------------------------------
Slack (MET) :             0.169ns  (arrival time - required time)
  Source:                 bd_0_i/hls_inst/inst/ap_CS_fsm_reg[7]/C
                            (rising edge-triggered cell FDRE clocked by ap_clk  {rise@0.000ns fall@4.000ns period=8.000ns})
  Destination:            bd_0_i/hls_inst/inst/ap_CS_fsm_reg[8]/D
                            (rising edge-triggered cell FDRE clocked by ap_clk  {rise@0.000ns fall@4.000ns period=8.000ns})
  Path Group:             ap_clk
  Path Type:              Hold (Min at Fast Process Corner)
  Requirement:            0.000ns  (ap_clk rise@0.000ns - ap_clk rise@0.000ns)
  Data Path Delay:        0.243ns  (logic 0.164ns (67.452%)  route 0.079ns (32.548%))
  Logic Levels:           0  
  Clock Path Skew:        0.022ns (DCD - SCD - CPR)
    Destination Clock Delay (DCD):    0.432ns
    Source Clock Delay      (SCD):    0.410ns
    Clock Pessimism Removal (CPR):    -0.000ns

    Location             Delay type                Incr(ns)  Path(ns)    Netlist Resource(s)
  -------------------------------------------------------------------    -------------------
                         (clock ap_clk rise edge)     0.000     0.000 r  
                                                      0.000     0.000 r  ap_clk (IN)
                         net (fo=117, unset)          0.410     0.410    bd_0_i/hls_inst/inst/ap_clk
    SLICE_X14Y33         FDRE                                         r  bd_0_i/hls_inst/inst/ap_CS_fsm_reg[7]/C
  -------------------------------------------------------------------    -------------------
    SLICE_X14Y33         FDRE (Prop_fdre_C_Q)         0.164     0.574 r  bd_0_i/hls_inst/inst/ap_CS_fsm_reg[7]/Q
                         net (fo=6, routed)           0.079     0.653    bd_0_i/hls_inst/inst/ap_CS_fsm_state8
    SLICE_X14Y33         FDRE                                         r  bd_0_i/hls_inst/inst/ap_CS_fsm_reg[8]/D
  -------------------------------------------------------------------    -------------------

                         (clock ap_clk rise edge)     0.000     0.000 r  
                                                      0.000     0.000 r  ap_clk (IN)
                         net (fo=117, unset)          0.432     0.432    bd_0_i/hls_inst/inst/ap_clk
    SLICE_X14Y33         FDRE                                         r  bd_0_i/hls_inst/inst/ap_CS_fsm_reg[8]/C
                         clock pessimism              0.000     0.432    
    SLICE_X14Y33         FDRE (Hold_fdre_C_D)         0.053     0.485    bd_0_i/hls_inst/inst/ap_CS_fsm_reg[8]
  -------------------------------------------------------------------
                         required time                         -0.485    
                         arrival time                           0.653    
  -------------------------------------------------------------------
                         slack                                  0.169    





Pulse Width Checks
--------------------------------------------------------------------------------------
Clock Name:         ap_clk
Waveform(ns):       { 0.000 4.000 }
Period(ns):         8.000
Sources:            { ap_clk }

Check Type        Corner  Lib Pin     Reference Pin  Required(ns)  Actual(ns)  Slack(ns)  Location      Pin
Min Period        n/a     FDRE/C      n/a            1.000         8.000       7.000      SLICE_X20Y33  bd_0_i/hls_inst/inst/add_ln19_reg_351_reg[0]/C
Low Pulse Width   Slow    RAMS32/CLK  n/a            1.250         4.000       2.750      SLICE_X18Y36  bd_0_i/hls_inst/inst/aux2_U/ram_reg_0_15_0_0/SP/CLK
High Pulse Width  Slow    RAMS32/CLK  n/a            1.250         4.000       2.750      SLICE_X18Y36  bd_0_i/hls_inst/inst/aux2_U/ram_reg_0_15_0_0/SP/CLK



