Copyright 1986-2022 Xilinx, Inc. All Rights Reserved. Copyright 2022-2023 Advanced Micro Devices, Inc. All Rights Reserved.
---------------------------------------------------------------------------------------------------------------------------------------------
| Tool Version : Vivado v.2023.1 (win64) Build 3865809 Sun May  7 15:05:29 MDT 2023
| Date         : Tue Jan  6 12:13:49 2026
| Host         : JJ-PC running 64-bit major release  (build 9200)
| Command      : report_timing -max_paths 10 -file ./report/matrixcalc_timing_paths_synth.rpt
| Design       : bd_0_wrapper
| Device       : 7z020-clg400
| Speed File   : -1  PRODUCTION 1.12 2019-11-22
| Design State : Synthesized
---------------------------------------------------------------------------------------------------------------------------------------------

Timing Report

Slack (MET) :             0.947ns  (required time - arrival time)
  Source:                 bd_0_i/hls_inst/inst/reg_227_reg[0]/C
                            (rising edge-triggered cell FDRE clocked by ap_clk  {rise@0.000ns fall@4.000ns period=8.000ns})
  Destination:            bd_0_i/hls_inst/inst/aux2_U/q0_reg[0]/D
                            (rising edge-triggered cell FDRE clocked by ap_clk  {rise@0.000ns fall@4.000ns period=8.000ns})
  Path Group:             ap_clk
  Path Type:              Setup (Max at Slow Process Corner)
  Requirement:            8.000ns  (ap_clk rise@8.000ns - ap_clk rise@0.000ns)
  Data Path Delay:        6.953ns  (logic 1.609ns (23.141%)  route 5.344ns (76.859%))
  Logic Levels:           6  (LUT3=1 LUT4=1 LUT6=3 RAMS32=1)
  Clock Path Skew:        -0.049ns (DCD - SCD + CPR)
    Destination Clock Delay (DCD):    0.924ns = ( 8.924 - 8.000 ) 
    Source Clock Delay      (SCD):    0.973ns
    Clock Pessimism Removal (CPR):    0.000ns
  Clock Uncertainty:      0.035ns  ((TSJ^2 + TIJ^2)^1/2 + DJ) / 2 + PE
    Total System Jitter     (TSJ):    0.071ns
    Total Input Jitter      (TIJ):    0.000ns
    Discrete Jitter          (DJ):    0.000ns
    Phase Error              (PE):    0.000ns

    Location             Delay type                Incr(ns)  Path(ns)    Netlist Resource(s)
  -------------------------------------------------------------------    -------------------
                         (clock ap_clk rise edge)     0.000     0.000 r  
                                                      0.000     0.000 r  ap_clk (IN)
                         net (fo=117, unset)          0.973     0.973    bd_0_i/hls_inst/inst/ap_clk
                         FDRE                                         r  bd_0_i/hls_inst/inst/reg_227_reg[0]/C
  -------------------------------------------------------------------    -------------------
                         FDRE (Prop_fdre_C_Q)         0.518     1.491 f  bd_0_i/hls_inst/inst/reg_227_reg[0]/Q
                         net (fo=20, unplaced)        0.801     2.292    bd_0_i/hls_inst/inst/aux2_U/tmp_3_fu_635_p3[0]
                         LUT3 (Prop_lut3_I0_O)        0.295     2.587 f  bd_0_i/hls_inst/inst/aux2_U/ap_CS_fsm[22]_i_1/O
                         net (fo=11, unplaced)        0.948     3.535    bd_0_i/hls_inst/inst/aux2_U/reg_227_reg[0][1]
                         LUT6 (Prop_lut6_I1_O)        0.124     3.659 f  bd_0_i/hls_inst/inst/aux2_U/col_reg_346[2]_i_13/O
                         net (fo=1, unplaced)         1.111     4.770    bd_0_i/hls_inst/inst/aux2_U/col_reg_346[2]_i_13_n_3
                         LUT6 (Prop_lut6_I0_O)        0.124     4.894 r  bd_0_i/hls_inst/inst/aux2_U/col_reg_346[2]_i_4/O
                         net (fo=4, unplaced)         0.926     5.820    bd_0_i/hls_inst/inst/aux_U/sumneg_fu_88_reg[2]_0
                         LUT4 (Prop_lut4_I1_O)        0.148     5.968 r  bd_0_i/hls_inst/inst/aux_U/reg_251[3]_i_5/O
                         net (fo=6, unplaced)         0.451     6.419    bd_0_i/hls_inst/inst/aux_U/reg_251[3]_i_5_n_3
                         LUT6 (Prop_lut6_I1_O)        0.124     6.543 r  bd_0_i/hls_inst/inst/aux_U/ram_reg_0_15_0_0_i_4/O
                         net (fo=4, unplaced)         0.774     7.317    bd_0_i/hls_inst/inst/aux2_U/ram_reg_0_15_0_0/A3
                         RAMS32 (Prop_rams32_ADR3_O)
                                                      0.276     7.593 r  bd_0_i/hls_inst/inst/aux2_U/ram_reg_0_15_0_0/SP/O
                         net (fo=1, unplaced)         0.333     7.926    bd_0_i/hls_inst/inst/aux2_U/q00[0]
                         FDRE                                         r  bd_0_i/hls_inst/inst/aux2_U/q0_reg[0]/D
  -------------------------------------------------------------------    -------------------

                         (clock ap_clk rise edge)     8.000     8.000 r  
                                                      0.000     8.000 r  ap_clk (IN)
                         net (fo=117, unset)          0.924     8.924    bd_0_i/hls_inst/inst/aux2_U/ap_clk
                         FDRE                                         r  bd_0_i/hls_inst/inst/aux2_U/q0_reg[0]/C
                         clock pessimism              0.000     8.924    
                         clock uncertainty           -0.035     8.889    
                         FDRE (Setup_fdre_C_D)       -0.016     8.873    bd_0_i/hls_inst/inst/aux2_U/q0_reg[0]
  -------------------------------------------------------------------
                         required time                          8.873    
                         arrival time                          -7.926    
  -------------------------------------------------------------------
                         slack                                  0.947    

Slack (MET) :             0.947ns  (required time - arrival time)
  Source:                 bd_0_i/hls_inst/inst/reg_227_reg[0]/C
                            (rising edge-triggered cell FDRE clocked by ap_clk  {rise@0.000ns fall@4.000ns period=8.000ns})
  Destination:            bd_0_i/hls_inst/inst/aux2_U/q0_reg[1]/D
                            (rising edge-triggered cell FDRE clocked by ap_clk  {rise@0.000ns fall@4.000ns period=8.000ns})
  Path Group:             ap_clk
  Path Type:              Setup (Max at Slow Process Corner)
  Requirement:            8.000ns  (ap_clk rise@8.000ns - ap_clk rise@0.000ns)
  Data Path Delay:        6.953ns  (logic 1.609ns (23.141%)  route 5.344ns (76.859%))
  Logic Levels:           6  (LUT3=1 LUT4=1 LUT6=3 RAMS32=1)
  Clock Path Skew:        -0.049ns (DCD - SCD + CPR)
    Destination Clock Delay (DCD):    0.924ns = ( 8.924 - 8.000 ) 
    Source Clock Delay      (SCD):    0.973ns
    Clock Pessimism Removal (CPR):    0.000ns
  Clock Uncertainty:      0.035ns  ((TSJ^2 + TIJ^2)^1/2 + DJ) / 2 + PE
    Total System Jitter     (TSJ):    0.071ns
    Total Input Jitter      (TIJ):    0.000ns
    Discrete Jitter          (DJ):    0.000ns
    Phase Error              (PE):    0.000ns

    Location             Delay type                Incr(ns)  Path(ns)    Netlist Resource(s)
  -------------------------------------------------------------------    -------------------
                         (clock ap_clk rise edge)     0.000     0.000 r  
                                                      0.000     0.000 r  ap_clk (IN)
                         net (fo=117, unset)          0.973     0.973    bd_0_i/hls_inst/inst/ap_clk
                         FDRE                                         r  bd_0_i/hls_inst/inst/reg_227_reg[0]/C
  -------------------------------------------------------------------    -------------------
                         FDRE (Prop_fdre_C_Q)         0.518     1.491 f  bd_0_i/hls_inst/inst/reg_227_reg[0]/Q
                         net (fo=20, unplaced)        0.801     2.292    bd_0_i/hls_inst/inst/aux2_U/tmp_3_fu_635_p3[0]
                         LUT3 (Prop_lut3_I0_O)        0.295     2.587 f  bd_0_i/hls_inst/inst/aux2_U/ap_CS_fsm[22]_i_1/O
                         net (fo=11, unplaced)        0.948     3.535    bd_0_i/hls_inst/inst/aux2_U/reg_227_reg[0][1]
                         LUT6 (Prop_lut6_I1_O)        0.124     3.659 f  bd_0_i/hls_inst/inst/aux2_U/col_reg_346[2]_i_13/O
                         net (fo=1, unplaced)         1.111     4.770    bd_0_i/hls_inst/inst/aux2_U/col_reg_346[2]_i_13_n_3
                         LUT6 (Prop_lut6_I0_O)        0.124     4.894 r  bd_0_i/hls_inst/inst/aux2_U/col_reg_346[2]_i_4/O
                         net (fo=4, unplaced)         0.926     5.820    bd_0_i/hls_inst/inst/aux_U/sumneg_fu_88_reg[2]_0
                         LUT4 (Prop_lut4_I1_O)        0.148     5.968 r  bd_0_i/hls_inst/inst/aux_U/reg_251[3]_i_5/O
                         net (fo=6, unplaced)         0.451     6.419    bd_0_i/hls_inst/inst/aux_U/reg_251[3]_i_5_n_3
                         LUT6 (Prop_lut6_I1_O)        0.124     6.543 r  bd_0_i/hls_inst/inst/aux_U/ram_reg_0_15_0_0_i_4/O
                         net (fo=4, unplaced)         0.774     7.317    bd_0_i/hls_inst/inst/aux2_U/ram_reg_0_15_1_1/A3
                         RAMS32 (Prop_rams32_ADR3_O)
                                                      0.276     7.593 r  bd_0_i/hls_inst/inst/aux2_U/ram_reg_0_15_1_1/SP/O
                         net (fo=1, unplaced)         0.333     7.926    bd_0_i/hls_inst/inst/aux2_U/q00[1]
                         FDRE                                         r  bd_0_i/hls_inst/inst/aux2_U/q0_reg[1]/D
  -------------------------------------------------------------------    -------------------

                         (clock ap_clk rise edge)     8.000     8.000 r  
                                                      0.000     8.000 r  ap_clk (IN)
                         net (fo=117, unset)          0.924     8.924    bd_0_i/hls_inst/inst/aux2_U/ap_clk
                         FDRE                                         r  bd_0_i/hls_inst/inst/aux2_U/q0_reg[1]/C
                         clock pessimism              0.000     8.924    
                         clock uncertainty           -0.035     8.889    
                         FDRE (Setup_fdre_C_D)       -0.016     8.873    bd_0_i/hls_inst/inst/aux2_U/q0_reg[1]
  -------------------------------------------------------------------
                         required time                          8.873    
                         arrival time                          -7.926    
  -------------------------------------------------------------------
                         slack                                  0.947    

Slack (MET) :             0.947ns  (required time - arrival time)
  Source:                 bd_0_i/hls_inst/inst/reg_227_reg[0]/C
                            (rising edge-triggered cell FDRE clocked by ap_clk  {rise@0.000ns fall@4.000ns period=8.000ns})
  Destination:            bd_0_i/hls_inst/inst/aux2_U/q0_reg[2]/D
                            (rising edge-triggered cell FDRE clocked by ap_clk  {rise@0.000ns fall@4.000ns period=8.000ns})
  Path Group:             ap_clk
  Path Type:              Setup (Max at Slow Process Corner)
  Requirement:            8.000ns  (ap_clk rise@8.000ns - ap_clk rise@0.000ns)
  Data Path Delay:        6.953ns  (logic 1.609ns (23.141%)  route 5.344ns (76.859%))
  Logic Levels:           6  (LUT3=1 LUT4=1 LUT6=3 RAMS32=1)
  Clock Path Skew:        -0.049ns (DCD - SCD + CPR)
    Destination Clock Delay (DCD):    0.924ns = ( 8.924 - 8.000 ) 
    Source Clock Delay      (SCD):    0.973ns
    Clock Pessimism Removal (CPR):    0.000ns
  Clock Uncertainty:      0.035ns  ((TSJ^2 + TIJ^2)^1/2 + DJ) / 2 + PE
    Total System Jitter     (TSJ):    0.071ns
    Total Input Jitter      (TIJ):    0.000ns
    Discrete Jitter          (DJ):    0.000ns
    Phase Error              (PE):    0.000ns

    Location             Delay type                Incr(ns)  Path(ns)    Netlist Resource(s)
  -------------------------------------------------------------------    -------------------
                         (clock ap_clk rise edge)     0.000     0.000 r  
                                                      0.000     0.000 r  ap_clk (IN)
                         net (fo=117, unset)          0.973     0.973    bd_0_i/hls_inst/inst/ap_clk
                         FDRE                                         r  bd_0_i/hls_inst/inst/reg_227_reg[0]/C
  -------------------------------------------------------------------    -------------------
                         FDRE (Prop_fdre_C_Q)         0.518     1.491 f  bd_0_i/hls_inst/inst/reg_227_reg[0]/Q
                         net (fo=20, unplaced)        0.801     2.292    bd_0_i/hls_inst/inst/aux2_U/tmp_3_fu_635_p3[0]
                         LUT3 (Prop_lut3_I0_O)        0.295     2.587 f  bd_0_i/hls_inst/inst/aux2_U/ap_CS_fsm[22]_i_1/O
                         net (fo=11, unplaced)        0.948     3.535    bd_0_i/hls_inst/inst/aux2_U/reg_227_reg[0][1]
                         LUT6 (Prop_lut6_I1_O)        0.124     3.659 f  bd_0_i/hls_inst/inst/aux2_U/col_reg_346[2]_i_13/O
                         net (fo=1, unplaced)         1.111     4.770    bd_0_i/hls_inst/inst/aux2_U/col_reg_346[2]_i_13_n_3
                         LUT6 (Prop_lut6_I0_O)        0.124     4.894 r  bd_0_i/hls_inst/inst/aux2_U/col_reg_346[2]_i_4/O
                         net (fo=4, unplaced)         0.926     5.820    bd_0_i/hls_inst/inst/aux_U/sumneg_fu_88_reg[2]_0
                         LUT4 (Prop_lut4_I1_O)        0.148     5.968 r  bd_0_i/hls_inst/inst/aux_U/reg_251[3]_i_5/O
                         net (fo=6, unplaced)         0.451     6.419    bd_0_i/hls_inst/inst/aux_U/reg_251[3]_i_5_n_3
                         LUT6 (Prop_lut6_I1_O)        0.124     6.543 r  bd_0_i/hls_inst/inst/aux_U/ram_reg_0_15_0_0_i_4/O
                         net (fo=4, unplaced)         0.774     7.317    bd_0_i/hls_inst/inst/aux2_U/ram_reg_0_15_2_2/A3
                         RAMS32 (Prop_rams32_ADR3_O)
                                                      0.276     7.593 r  bd_0_i/hls_inst/inst/aux2_U/ram_reg_0_15_2_2/SP/O
                         net (fo=1, unplaced)         0.333     7.926    bd_0_i/hls_inst/inst/aux2_U/q00[2]
                         FDRE                                         r  bd_0_i/hls_inst/inst/aux2_U/q0_reg[2]/D
  -------------------------------------------------------------------    -------------------

                         (clock ap_clk rise edge)     8.000     8.000 r  
                                                      0.000     8.000 r  ap_clk (IN)
                         net (fo=117, unset)          0.924     8.924    bd_0_i/hls_inst/inst/aux2_U/ap_clk
                         FDRE                                         r  bd_0_i/hls_inst/inst/aux2_U/q0_reg[2]/C
                         clock pessimism              0.000     8.924    
                         clock uncertainty           -0.035     8.889    
                         FDRE (Setup_fdre_C_D)       -0.016     8.873    bd_0_i/hls_inst/inst/aux2_U/q0_reg[2]
  -------------------------------------------------------------------
                         required time                          8.873    
                         arrival time                          -7.926    
  -------------------------------------------------------------------
                         slack                                  0.947    

Slack (MET) :             0.947ns  (required time - arrival time)
  Source:                 bd_0_i/hls_inst/inst/reg_227_reg[0]/C
                            (rising edge-triggered cell FDRE clocked by ap_clk  {rise@0.000ns fall@4.000ns period=8.000ns})
  Destination:            bd_0_i/hls_inst/inst/aux2_U/q0_reg[3]/D
                            (rising edge-triggered cell FDRE clocked by ap_clk  {rise@0.000ns fall@4.000ns period=8.000ns})
  Path Group:             ap_clk
  Path Type:              Setup (Max at Slow Process Corner)
  Requirement:            8.000ns  (ap_clk rise@8.000ns - ap_clk rise@0.000ns)
  Data Path Delay:        6.953ns  (logic 1.609ns (23.141%)  route 5.344ns (76.859%))
  Logic Levels:           6  (LUT3=1 LUT4=1 LUT6=3 RAMS32=1)
  Clock Path Skew:        -0.049ns (DCD - SCD + CPR)
    Destination Clock Delay (DCD):    0.924ns = ( 8.924 - 8.000 ) 
    Source Clock Delay      (SCD):    0.973ns
    Clock Pessimism Removal (CPR):    0.000ns
  Clock Uncertainty:      0.035ns  ((TSJ^2 + TIJ^2)^1/2 + DJ) / 2 + PE
    Total System Jitter     (TSJ):    0.071ns
    Total Input Jitter      (TIJ):    0.000ns
    Discrete Jitter          (DJ):    0.000ns
    Phase Error              (PE):    0.000ns

    Location             Delay type                Incr(ns)  Path(ns)    Netlist Resource(s)
  -------------------------------------------------------------------    -------------------
                         (clock ap_clk rise edge)     0.000     0.000 r  
                                                      0.000     0.000 r  ap_clk (IN)
                         net (fo=117, unset)          0.973     0.973    bd_0_i/hls_inst/inst/ap_clk
                         FDRE                                         r  bd_0_i/hls_inst/inst/reg_227_reg[0]/C
  -------------------------------------------------------------------    -------------------
                         FDRE (Prop_fdre_C_Q)         0.518     1.491 f  bd_0_i/hls_inst/inst/reg_227_reg[0]/Q
                         net (fo=20, unplaced)        0.801     2.292    bd_0_i/hls_inst/inst/aux2_U/tmp_3_fu_635_p3[0]
                         LUT3 (Prop_lut3_I0_O)        0.295     2.587 f  bd_0_i/hls_inst/inst/aux2_U/ap_CS_fsm[22]_i_1/O
                         net (fo=11, unplaced)        0.948     3.535    bd_0_i/hls_inst/inst/aux2_U/reg_227_reg[0][1]
                         LUT6 (Prop_lut6_I1_O)        0.124     3.659 f  bd_0_i/hls_inst/inst/aux2_U/col_reg_346[2]_i_13/O
                         net (fo=1, unplaced)         1.111     4.770    bd_0_i/hls_inst/inst/aux2_U/col_reg_346[2]_i_13_n_3
                         LUT6 (Prop_lut6_I0_O)        0.124     4.894 r  bd_0_i/hls_inst/inst/aux2_U/col_reg_346[2]_i_4/O
                         net (fo=4, unplaced)         0.926     5.820    bd_0_i/hls_inst/inst/aux_U/sumneg_fu_88_reg[2]_0
                         LUT4 (Prop_lut4_I1_O)        0.148     5.968 r  bd_0_i/hls_inst/inst/aux_U/reg_251[3]_i_5/O
                         net (fo=6, unplaced)         0.451     6.419    bd_0_i/hls_inst/inst/aux_U/reg_251[3]_i_5_n_3
                         LUT6 (Prop_lut6_I1_O)        0.124     6.543 r  bd_0_i/hls_inst/inst/aux_U/ram_reg_0_15_0_0_i_4/O
                         net (fo=4, unplaced)         0.774     7.317    bd_0_i/hls_inst/inst/aux2_U/ram_reg_0_15_3_3/A3
                         RAMS32 (Prop_rams32_ADR3_O)
                                                      0.276     7.593 r  bd_0_i/hls_inst/inst/aux2_U/ram_reg_0_15_3_3/SP/O
                         net (fo=1, unplaced)         0.333     7.926    bd_0_i/hls_inst/inst/aux2_U/q00[3]
                         FDRE                                         r  bd_0_i/hls_inst/inst/aux2_U/q0_reg[3]/D
  -------------------------------------------------------------------    -------------------

                         (clock ap_clk rise edge)     8.000     8.000 r  
                                                      0.000     8.000 r  ap_clk (IN)
                         net (fo=117, unset)          0.924     8.924    bd_0_i/hls_inst/inst/aux2_U/ap_clk
                         FDRE                                         r  bd_0_i/hls_inst/inst/aux2_U/q0_reg[3]/C
                         clock pessimism              0.000     8.924    
                         clock uncertainty           -0.035     8.889    
                         FDRE (Setup_fdre_C_D)       -0.016     8.873    bd_0_i/hls_inst/inst/aux2_U/q0_reg[3]
  -------------------------------------------------------------------
                         required time                          8.873    
                         arrival time                          -7.926    
  -------------------------------------------------------------------
                         slack                                  0.947    

Slack (MET) :             1.490ns  (required time - arrival time)
  Source:                 bd_0_i/hls_inst/inst/reg_227_reg[0]/C
                            (rising edge-triggered cell FDRE clocked by ap_clk  {rise@0.000ns fall@4.000ns period=8.000ns})
  Destination:            bd_0_i/hls_inst/inst/aux2_U/ram_reg_0_15_0_0/SP/ADR3
                            (rising edge-triggered cell RAMS32 clocked by ap_clk  {rise@0.000ns fall@4.000ns period=8.000ns})
  Path Group:             ap_clk
  Path Type:              Setup (Max at Slow Process Corner)
  Requirement:            8.000ns  (ap_clk rise@8.000ns - ap_clk rise@0.000ns)
  Data Path Delay:        6.344ns  (logic 1.333ns (21.012%)  route 5.011ns (78.988%))
  Logic Levels:           5  (LUT3=1 LUT4=1 LUT6=3)
  Clock Path Skew:        -0.049ns (DCD - SCD + CPR)
    Destination Clock Delay (DCD):    0.924ns = ( 8.924 - 8.000 ) 
    Source Clock Delay      (SCD):    0.973ns
    Clock Pessimism Removal (CPR):    0.000ns
  Clock Uncertainty:      0.035ns  ((TSJ^2 + TIJ^2)^1/2 + DJ) / 2 + PE
    Total System Jitter     (TSJ):    0.071ns
    Total Input Jitter      (TIJ):    0.000ns
    Discrete Jitter          (DJ):    0.000ns
    Phase Error              (PE):    0.000ns

    Location             Delay type                Incr(ns)  Path(ns)    Netlist Resource(s)
  -------------------------------------------------------------------    -------------------
                         (clock ap_clk rise edge)     0.000     0.000 r  
                                                      0.000     0.000 r  ap_clk (IN)
                         net (fo=117, unset)          0.973     0.973    bd_0_i/hls_inst/inst/ap_clk
                         FDRE                                         r  bd_0_i/hls_inst/inst/reg_227_reg[0]/C
  -------------------------------------------------------------------    -------------------
                         FDRE (Prop_fdre_C_Q)         0.518     1.491 f  bd_0_i/hls_inst/inst/reg_227_reg[0]/Q
                         net (fo=20, unplaced)        0.801     2.292    bd_0_i/hls_inst/inst/aux2_U/tmp_3_fu_635_p3[0]
                         LUT3 (Prop_lut3_I0_O)        0.295     2.587 f  bd_0_i/hls_inst/inst/aux2_U/ap_CS_fsm[22]_i_1/O
                         net (fo=11, unplaced)        0.948     3.535    bd_0_i/hls_inst/inst/aux2_U/reg_227_reg[0][1]
                         LUT6 (Prop_lut6_I1_O)        0.124     3.659 f  bd_0_i/hls_inst/inst/aux2_U/col_reg_346[2]_i_13/O
                         net (fo=1, unplaced)         1.111     4.770    bd_0_i/hls_inst/inst/aux2_U/col_reg_346[2]_i_13_n_3
                         LUT6 (Prop_lut6_I0_O)        0.124     4.894 r  bd_0_i/hls_inst/inst/aux2_U/col_reg_346[2]_i_4/O
                         net (fo=4, unplaced)         0.926     5.820    bd_0_i/hls_inst/inst/aux_U/sumneg_fu_88_reg[2]_0
                         LUT4 (Prop_lut4_I1_O)        0.148     5.968 r  bd_0_i/hls_inst/inst/aux_U/reg_251[3]_i_5/O
                         net (fo=6, unplaced)         0.451     6.419    bd_0_i/hls_inst/inst/aux_U/reg_251[3]_i_5_n_3
                         LUT6 (Prop_lut6_I1_O)        0.124     6.543 r  bd_0_i/hls_inst/inst/aux_U/ram_reg_0_15_0_0_i_4/O
                         net (fo=4, unplaced)         0.774     7.317    bd_0_i/hls_inst/inst/aux2_U/ram_reg_0_15_0_0/A3
                         RAMS32                                       r  bd_0_i/hls_inst/inst/aux2_U/ram_reg_0_15_0_0/SP/ADR3
  -------------------------------------------------------------------    -------------------

                         (clock ap_clk rise edge)     8.000     8.000 r  
                                                      0.000     8.000 r  ap_clk (IN)
                         net (fo=117, unset)          0.924     8.924    bd_0_i/hls_inst/inst/aux2_U/ram_reg_0_15_0_0/WCLK
                         RAMS32                                       r  bd_0_i/hls_inst/inst/aux2_U/ram_reg_0_15_0_0/SP/CLK
                         clock pessimism              0.000     8.924    
                         clock uncertainty           -0.035     8.889    
                         RAMS32 (Setup_rams32_CLK_ADR3)
                                                     -0.082     8.807    bd_0_i/hls_inst/inst/aux2_U/ram_reg_0_15_0_0/SP
  -------------------------------------------------------------------
                         required time                          8.807    
                         arrival time                          -7.317    
  -------------------------------------------------------------------
                         slack                                  1.490    

Slack (MET) :             1.490ns  (required time - arrival time)
  Source:                 bd_0_i/hls_inst/inst/reg_227_reg[0]/C
                            (rising edge-triggered cell FDRE clocked by ap_clk  {rise@0.000ns fall@4.000ns period=8.000ns})
  Destination:            bd_0_i/hls_inst/inst/aux2_U/ram_reg_0_15_1_1/SP/ADR3
                            (rising edge-triggered cell RAMS32 clocked by ap_clk  {rise@0.000ns fall@4.000ns period=8.000ns})
  Path Group:             ap_clk
  Path Type:              Setup (Max at Slow Process Corner)
  Requirement:            8.000ns  (ap_clk rise@8.000ns - ap_clk rise@0.000ns)
  Data Path Delay:        6.344ns  (logic 1.333ns (21.012%)  route 5.011ns (78.988%))
  Logic Levels:           5  (LUT3=1 LUT4=1 LUT6=3)
  Clock Path Skew:        -0.049ns (DCD - SCD + CPR)
    Destination Clock Delay (DCD):    0.924ns = ( 8.924 - 8.000 ) 
    Source Clock Delay      (SCD):    0.973ns
    Clock Pessimism Removal (CPR):    0.000ns
  Clock Uncertainty:      0.035ns  ((TSJ^2 + TIJ^2)^1/2 + DJ) / 2 + PE
    Total System Jitter     (TSJ):    0.071ns
    Total Input Jitter      (TIJ):    0.000ns
    Discrete Jitter          (DJ):    0.000ns
    Phase Error              (PE):    0.000ns

    Location             Delay type                Incr(ns)  Path(ns)    Netlist Resource(s)
  -------------------------------------------------------------------    -------------------
                         (clock ap_clk rise edge)     0.000     0.000 r  
                                                      0.000     0.000 r  ap_clk (IN)
                         net (fo=117, unset)          0.973     0.973    bd_0_i/hls_inst/inst/ap_clk
                         FDRE                                         r  bd_0_i/hls_inst/inst/reg_227_reg[0]/C
  -------------------------------------------------------------------    -------------------
                         FDRE (Prop_fdre_C_Q)         0.518     1.491 f  bd_0_i/hls_inst/inst/reg_227_reg[0]/Q
                         net (fo=20, unplaced)        0.801     2.292    bd_0_i/hls_inst/inst/aux2_U/tmp_3_fu_635_p3[0]
                         LUT3 (Prop_lut3_I0_O)        0.295     2.587 f  bd_0_i/hls_inst/inst/aux2_U/ap_CS_fsm[22]_i_1/O
                         net (fo=11, unplaced)        0.948     3.535    bd_0_i/hls_inst/inst/aux2_U/reg_227_reg[0][1]
                         LUT6 (Prop_lut6_I1_O)        0.124     3.659 f  bd_0_i/hls_inst/inst/aux2_U/col_reg_346[2]_i_13/O
                         net (fo=1, unplaced)         1.111     4.770    bd_0_i/hls_inst/inst/aux2_U/col_reg_346[2]_i_13_n_3
                         LUT6 (Prop_lut6_I0_O)        0.124     4.894 r  bd_0_i/hls_inst/inst/aux2_U/col_reg_346[2]_i_4/O
                         net (fo=4, unplaced)         0.926     5.820    bd_0_i/hls_inst/inst/aux_U/sumneg_fu_88_reg[2]_0
                         LUT4 (Prop_lut4_I1_O)        0.148     5.968 r  bd_0_i/hls_inst/inst/aux_U/reg_251[3]_i_5/O
                         net (fo=6, unplaced)         0.451     6.419    bd_0_i/hls_inst/inst/aux_U/reg_251[3]_i_5_n_3
                         LUT6 (Prop_lut6_I1_O)        0.124     6.543 r  bd_0_i/hls_inst/inst/aux_U/ram_reg_0_15_0_0_i_4/O
                         net (fo=4, unplaced)         0.774     7.317    bd_0_i/hls_inst/inst/aux2_U/ram_reg_0_15_1_1/A3
                         RAMS32                                       r  bd_0_i/hls_inst/inst/aux2_U/ram_reg_0_15_1_1/SP/ADR3
  -------------------------------------------------------------------    -------------------

                         (clock ap_clk rise edge)     8.000     8.000 r  
                                                      0.000     8.000 r  ap_clk (IN)
                         net (fo=117, unset)          0.924     8.924    bd_0_i/hls_inst/inst/aux2_U/ram_reg_0_15_1_1/WCLK
                         RAMS32                                       r  bd_0_i/hls_inst/inst/aux2_U/ram_reg_0_15_1_1/SP/CLK
                         clock pessimism              0.000     8.924    
                         clock uncertainty           -0.035     8.889    
                         RAMS32 (Setup_rams32_CLK_ADR3)
                                                     -0.082     8.807    bd_0_i/hls_inst/inst/aux2_U/ram_reg_0_15_1_1/SP
  -------------------------------------------------------------------
                         required time                          8.807    
                         arrival time                          -7.317    
  -------------------------------------------------------------------
                         slack                                  1.490    

Slack (MET) :             1.490ns  (required time - arrival time)
  Source:                 bd_0_i/hls_inst/inst/reg_227_reg[0]/C
                            (rising edge-triggered cell FDRE clocked by ap_clk  {rise@0.000ns fall@4.000ns period=8.000ns})
  Destination:            bd_0_i/hls_inst/inst/aux2_U/ram_reg_0_15_2_2/SP/ADR3
                            (rising edge-triggered cell RAMS32 clocked by ap_clk  {rise@0.000ns fall@4.000ns period=8.000ns})
  Path Group:             ap_clk
  Path Type:              Setup (Max at Slow Process Corner)
  Requirement:            8.000ns  (ap_clk rise@8.000ns - ap_clk rise@0.000ns)
  Data Path Delay:        6.344ns  (logic 1.333ns (21.012%)  route 5.011ns (78.988%))
  Logic Levels:           5  (LUT3=1 LUT4=1 LUT6=3)
  Clock Path Skew:        -0.049ns (DCD - SCD + CPR)
    Destination Clock Delay (DCD):    0.924ns = ( 8.924 - 8.000 ) 
    Source Clock Delay      (SCD):    0.973ns
    Clock Pessimism Removal (CPR):    0.000ns
  Clock Uncertainty:      0.035ns  ((TSJ^2 + TIJ^2)^1/2 + DJ) / 2 + PE
    Total System Jitter     (TSJ):    0.071ns
    Total Input Jitter      (TIJ):    0.000ns
    Discrete Jitter          (DJ):    0.000ns
    Phase Error              (PE):    0.000ns

    Location             Delay type                Incr(ns)  Path(ns)    Netlist Resource(s)
  -------------------------------------------------------------------    -------------------
                         (clock ap_clk rise edge)     0.000     0.000 r  
                                                      0.000     0.000 r  ap_clk (IN)
                         net (fo=117, unset)          0.973     0.973    bd_0_i/hls_inst/inst/ap_clk
                         FDRE                                         r  bd_0_i/hls_inst/inst/reg_227_reg[0]/C
  -------------------------------------------------------------------    -------------------
                         FDRE (Prop_fdre_C_Q)         0.518     1.491 f  bd_0_i/hls_inst/inst/reg_227_reg[0]/Q
                         net (fo=20, unplaced)        0.801     2.292    bd_0_i/hls_inst/inst/aux2_U/tmp_3_fu_635_p3[0]
                         LUT3 (Prop_lut3_I0_O)        0.295     2.587 f  bd_0_i/hls_inst/inst/aux2_U/ap_CS_fsm[22]_i_1/O
                         net (fo=11, unplaced)        0.948     3.535    bd_0_i/hls_inst/inst/aux2_U/reg_227_reg[0][1]
                         LUT6 (Prop_lut6_I1_O)        0.124     3.659 f  bd_0_i/hls_inst/inst/aux2_U/col_reg_346[2]_i_13/O
                         net (fo=1, unplaced)         1.111     4.770    bd_0_i/hls_inst/inst/aux2_U/col_reg_346[2]_i_13_n_3
                         LUT6 (Prop_lut6_I0_O)        0.124     4.894 r  bd_0_i/hls_inst/inst/aux2_U/col_reg_346[2]_i_4/O
                         net (fo=4, unplaced)         0.926     5.820    bd_0_i/hls_inst/inst/aux_U/sumneg_fu_88_reg[2]_0
                         LUT4 (Prop_lut4_I1_O)        0.148     5.968 r  bd_0_i/hls_inst/inst/aux_U/reg_251[3]_i_5/O
                         net (fo=6, unplaced)         0.451     6.419    bd_0_i/hls_inst/inst/aux_U/reg_251[3]_i_5_n_3
                         LUT6 (Prop_lut6_I1_O)        0.124     6.543 r  bd_0_i/hls_inst/inst/aux_U/ram_reg_0_15_0_0_i_4/O
                         net (fo=4, unplaced)         0.774     7.317    bd_0_i/hls_inst/inst/aux2_U/ram_reg_0_15_2_2/A3
                         RAMS32                                       r  bd_0_i/hls_inst/inst/aux2_U/ram_reg_0_15_2_2/SP/ADR3
  -------------------------------------------------------------------    -------------------

                         (clock ap_clk rise edge)     8.000     8.000 r  
                                                      0.000     8.000 r  ap_clk (IN)
                         net (fo=117, unset)          0.924     8.924    bd_0_i/hls_inst/inst/aux2_U/ram_reg_0_15_2_2/WCLK
                         RAMS32                                       r  bd_0_i/hls_inst/inst/aux2_U/ram_reg_0_15_2_2/SP/CLK
                         clock pessimism              0.000     8.924    
                         clock uncertainty           -0.035     8.889    
                         RAMS32 (Setup_rams32_CLK_ADR3)
                                                     -0.082     8.807    bd_0_i/hls_inst/inst/aux2_U/ram_reg_0_15_2_2/SP
  -------------------------------------------------------------------
                         required time                          8.807    
                         arrival time                          -7.317    
  -------------------------------------------------------------------
                         slack                                  1.490    

Slack (MET) :             1.490ns  (required time - arrival time)
  Source:                 bd_0_i/hls_inst/inst/reg_227_reg[0]/C
                            (rising edge-triggered cell FDRE clocked by ap_clk  {rise@0.000ns fall@4.000ns period=8.000ns})
  Destination:            bd_0_i/hls_inst/inst/aux2_U/ram_reg_0_15_3_3/SP/ADR3
                            (rising edge-triggered cell RAMS32 clocked by ap_clk  {rise@0.000ns fall@4.000ns period=8.000ns})
  Path Group:             ap_clk
  Path Type:              Setup (Max at Slow Process Corner)
  Requirement:            8.000ns  (ap_clk rise@8.000ns - ap_clk rise@0.000ns)
  Data Path Delay:        6.344ns  (logic 1.333ns (21.012%)  route 5.011ns (78.988%))
  Logic Levels:           5  (LUT3=1 LUT4=1 LUT6=3)
  Clock Path Skew:        -0.049ns (DCD - SCD + CPR)
    Destination Clock Delay (DCD):    0.924ns = ( 8.924 - 8.000 ) 
    Source Clock Delay      (SCD):    0.973ns
    Clock Pessimism Removal (CPR):    0.000ns
  Clock Uncertainty:      0.035ns  ((TSJ^2 + TIJ^2)^1/2 + DJ) / 2 + PE
    Total System Jitter     (TSJ):    0.071ns
    Total Input Jitter      (TIJ):    0.000ns
    Discrete Jitter          (DJ):    0.000ns
    Phase Error              (PE):    0.000ns

    Location             Delay type                Incr(ns)  Path(ns)    Netlist Resource(s)
  -------------------------------------------------------------------    -------------------
                         (clock ap_clk rise edge)     0.000     0.000 r  
                                                      0.000     0.000 r  ap_clk (IN)
                         net (fo=117, unset)          0.973     0.973    bd_0_i/hls_inst/inst/ap_clk
                         FDRE                                         r  bd_0_i/hls_inst/inst/reg_227_reg[0]/C
  -------------------------------------------------------------------    -------------------
                         FDRE (Prop_fdre_C_Q)         0.518     1.491 f  bd_0_i/hls_inst/inst/reg_227_reg[0]/Q
                         net (fo=20, unplaced)        0.801     2.292    bd_0_i/hls_inst/inst/aux2_U/tmp_3_fu_635_p3[0]
                         LUT3 (Prop_lut3_I0_O)        0.295     2.587 f  bd_0_i/hls_inst/inst/aux2_U/ap_CS_fsm[22]_i_1/O
                         net (fo=11, unplaced)        0.948     3.535    bd_0_i/hls_inst/inst/aux2_U/reg_227_reg[0][1]
                         LUT6 (Prop_lut6_I1_O)        0.124     3.659 f  bd_0_i/hls_inst/inst/aux2_U/col_reg_346[2]_i_13/O
                         net (fo=1, unplaced)         1.111     4.770    bd_0_i/hls_inst/inst/aux2_U/col_reg_346[2]_i_13_n_3
                         LUT6 (Prop_lut6_I0_O)        0.124     4.894 r  bd_0_i/hls_inst/inst/aux2_U/col_reg_346[2]_i_4/O
                         net (fo=4, unplaced)         0.926     5.820    bd_0_i/hls_inst/inst/aux_U/sumneg_fu_88_reg[2]_0
                         LUT4 (Prop_lut4_I1_O)        0.148     5.968 r  bd_0_i/hls_inst/inst/aux_U/reg_251[3]_i_5/O
                         net (fo=6, unplaced)         0.451     6.419    bd_0_i/hls_inst/inst/aux_U/reg_251[3]_i_5_n_3
                         LUT6 (Prop_lut6_I1_O)        0.124     6.543 r  bd_0_i/hls_inst/inst/aux_U/ram_reg_0_15_0_0_i_4/O
                         net (fo=4, unplaced)         0.774     7.317    bd_0_i/hls_inst/inst/aux2_U/ram_reg_0_15_3_3/A3
                         RAMS32                                       r  bd_0_i/hls_inst/inst/aux2_U/ram_reg_0_15_3_3/SP/ADR3
  -------------------------------------------------------------------    -------------------

                         (clock ap_clk rise edge)     8.000     8.000 r  
                                                      0.000     8.000 r  ap_clk (IN)
                         net (fo=117, unset)          0.924     8.924    bd_0_i/hls_inst/inst/aux2_U/ram_reg_0_15_3_3/WCLK
                         RAMS32                                       r  bd_0_i/hls_inst/inst/aux2_U/ram_reg_0_15_3_3/SP/CLK
                         clock pessimism              0.000     8.924    
                         clock uncertainty           -0.035     8.889    
                         RAMS32 (Setup_rams32_CLK_ADR3)
                                                     -0.082     8.807    bd_0_i/hls_inst/inst/aux2_U/ram_reg_0_15_3_3/SP
  -------------------------------------------------------------------
                         required time                          8.807    
                         arrival time                          -7.317    
  -------------------------------------------------------------------
                         slack                                  1.490    

Slack (MET) :             1.619ns  (required time - arrival time)
  Source:                 bd_0_i/hls_inst/inst/ap_CS_fsm_reg[22]/C
                            (rising edge-triggered cell FDRE clocked by ap_clk  {rise@0.000ns fall@4.000ns period=8.000ns})
  Destination:            bd_0_i/hls_inst/inst/aux2_U/ram_reg_0_15_0_0/SP/ADR2
                            (rising edge-triggered cell RAMS32 clocked by ap_clk  {rise@0.000ns fall@4.000ns period=8.000ns})
  Path Group:             ap_clk
  Path Type:              Setup (Max at Slow Process Corner)
  Requirement:            8.000ns  (ap_clk rise@8.000ns - ap_clk rise@0.000ns)
  Data Path Delay:        6.276ns  (logic 1.309ns (20.857%)  route 4.967ns (79.143%))
  Logic Levels:           5  (LUT3=1 LUT4=1 LUT6=3)
  Clock Path Skew:        -0.049ns (DCD - SCD + CPR)
    Destination Clock Delay (DCD):    0.924ns = ( 8.924 - 8.000 ) 
    Source Clock Delay      (SCD):    0.973ns
    Clock Pessimism Removal (CPR):    0.000ns
  Clock Uncertainty:      0.035ns  ((TSJ^2 + TIJ^2)^1/2 + DJ) / 2 + PE
    Total System Jitter     (TSJ):    0.071ns
    Total Input Jitter      (TIJ):    0.000ns
    Discrete Jitter          (DJ):    0.000ns
    Phase Error              (PE):    0.000ns

    Location             Delay type                Incr(ns)  Path(ns)    Netlist Resource(s)
  -------------------------------------------------------------------    -------------------
                         (clock ap_clk rise edge)     0.000     0.000 r  
                                                      0.000     0.000 r  ap_clk (IN)
                         net (fo=117, unset)          0.973     0.973    bd_0_i/hls_inst/inst/ap_clk
                         FDRE                                         r  bd_0_i/hls_inst/inst/ap_CS_fsm_reg[22]/C
  -------------------------------------------------------------------    -------------------
                         FDRE (Prop_fdre_C_Q)         0.518     1.491 f  bd_0_i/hls_inst/inst/ap_CS_fsm_reg[22]/Q
                         net (fo=22, unplaced)        0.803     2.294    bd_0_i/hls_inst/inst/aux2_U/reg_251[3]_i_10_0[20]
                         LUT3 (Prop_lut3_I0_O)        0.295     2.589 r  bd_0_i/hls_inst/inst/aux2_U/col_reg_346[2]_i_14/O
                         net (fo=2, unplaced)         0.913     3.502    bd_0_i/hls_inst/inst/aux2_U/col_reg_346[2]_i_14_n_3
                         LUT6 (Prop_lut6_I1_O)        0.124     3.626 r  bd_0_i/hls_inst/inst/aux2_U/reg_251[3]_i_11/O
                         net (fo=5, unplaced)         0.930     4.556    bd_0_i/hls_inst/inst/aux2_U/ap_CS_fsm_reg[18]
                         LUT6 (Prop_lut6_I3_O)        0.124     4.680 r  bd_0_i/hls_inst/inst/aux2_U/col_reg_346[2]_i_2/O
                         net (fo=5, unplaced)         0.992     5.672    bd_0_i/hls_inst/inst/aux_U/sumneg_fu_88_reg[2]
                         LUT6 (Prop_lut6_I0_O)        0.124     5.796 r  bd_0_i/hls_inst/inst/aux_U/col_reg_346[2]_i_1/O
                         net (fo=11, unplaced)        0.495     6.291    bd_0_i/hls_inst/inst/aux_U/icmp_ln18_fu_660_p0[2]
                         LUT4 (Prop_lut4_I0_O)        0.124     6.415 r  bd_0_i/hls_inst/inst/aux_U/ram_reg_0_15_0_0_i_3/O
                         net (fo=4, unplaced)         0.834     7.249    bd_0_i/hls_inst/inst/aux2_U/ram_reg_0_15_0_0/A2
                         RAMS32                                       r  bd_0_i/hls_inst/inst/aux2_U/ram_reg_0_15_0_0/SP/ADR2
  -------------------------------------------------------------------    -------------------

                         (clock ap_clk rise edge)     8.000     8.000 r  
                                                      0.000     8.000 r  ap_clk (IN)
                         net (fo=117, unset)          0.924     8.924    bd_0_i/hls_inst/inst/aux2_U/ram_reg_0_15_0_0/WCLK
                         RAMS32                                       r  bd_0_i/hls_inst/inst/aux2_U/ram_reg_0_15_0_0/SP/CLK
                         clock pessimism              0.000     8.924    
                         clock uncertainty           -0.035     8.889    
                         RAMS32 (Setup_rams32_CLK_ADR2)
                                                     -0.021     8.868    bd_0_i/hls_inst/inst/aux2_U/ram_reg_0_15_0_0/SP
  -------------------------------------------------------------------
                         required time                          8.868    
                         arrival time                          -7.249    
  -------------------------------------------------------------------
                         slack                                  1.619    

Slack (MET) :             1.619ns  (required time - arrival time)
  Source:                 bd_0_i/hls_inst/inst/ap_CS_fsm_reg[22]/C
                            (rising edge-triggered cell FDRE clocked by ap_clk  {rise@0.000ns fall@4.000ns period=8.000ns})
  Destination:            bd_0_i/hls_inst/inst/aux2_U/ram_reg_0_15_1_1/SP/ADR2
                            (rising edge-triggered cell RAMS32 clocked by ap_clk  {rise@0.000ns fall@4.000ns period=8.000ns})
  Path Group:             ap_clk
  Path Type:              Setup (Max at Slow Process Corner)
  Requirement:            8.000ns  (ap_clk rise@8.000ns - ap_clk rise@0.000ns)
  Data Path Delay:        6.276ns  (logic 1.309ns (20.857%)  route 4.967ns (79.143%))
  Logic Levels:           5  (LUT3=1 LUT4=1 LUT6=3)
  Clock Path Skew:        -0.049ns (DCD - SCD + CPR)
    Destination Clock Delay (DCD):    0.924ns = ( 8.924 - 8.000 ) 
    Source Clock Delay      (SCD):    0.973ns
    Clock Pessimism Removal (CPR):    0.000ns
  Clock Uncertainty:      0.035ns  ((TSJ^2 + TIJ^2)^1/2 + DJ) / 2 + PE
    Total System Jitter     (TSJ):    0.071ns
    Total Input Jitter      (TIJ):    0.000ns
    Discrete Jitter          (DJ):    0.000ns
    Phase Error              (PE):    0.000ns

    Location             Delay type                Incr(ns)  Path(ns)    Netlist Resource(s)
  -------------------------------------------------------------------    -------------------
                         (clock ap_clk rise edge)     0.000     0.000 r  
                                                      0.000     0.000 r  ap_clk (IN)
                         net (fo=117, unset)          0.973     0.973    bd_0_i/hls_inst/inst/ap_clk
                         FDRE                                         r  bd_0_i/hls_inst/inst/ap_CS_fsm_reg[22]/C
  -------------------------------------------------------------------    -------------------
                         FDRE (Prop_fdre_C_Q)         0.518     1.491 f  bd_0_i/hls_inst/inst/ap_CS_fsm_reg[22]/Q
                         net (fo=22, unplaced)        0.803     2.294    bd_0_i/hls_inst/inst/aux2_U/reg_251[3]_i_10_0[20]
                         LUT3 (Prop_lut3_I0_O)        0.295     2.589 r  bd_0_i/hls_inst/inst/aux2_U/col_reg_346[2]_i_14/O
                         net (fo=2, unplaced)         0.913     3.502    bd_0_i/hls_inst/inst/aux2_U/col_reg_346[2]_i_14_n_3
                         LUT6 (Prop_lut6_I1_O)        0.124     3.626 r  bd_0_i/hls_inst/inst/aux2_U/reg_251[3]_i_11/O
                         net (fo=5, unplaced)         0.930     4.556    bd_0_i/hls_inst/inst/aux2_U/ap_CS_fsm_reg[18]
                         LUT6 (Prop_lut6_I3_O)        0.124     4.680 r  bd_0_i/hls_inst/inst/aux2_U/col_reg_346[2]_i_2/O
                         net (fo=5, unplaced)         0.992     5.672    bd_0_i/hls_inst/inst/aux_U/sumneg_fu_88_reg[2]
                         LUT6 (Prop_lut6_I0_O)        0.124     5.796 r  bd_0_i/hls_inst/inst/aux_U/col_reg_346[2]_i_1/O
                         net (fo=11, unplaced)        0.495     6.291    bd_0_i/hls_inst/inst/aux_U/icmp_ln18_fu_660_p0[2]
                         LUT4 (Prop_lut4_I0_O)        0.124     6.415 r  bd_0_i/hls_inst/inst/aux_U/ram_reg_0_15_0_0_i_3/O
                         net (fo=4, unplaced)         0.834     7.249    bd_0_i/hls_inst/inst/aux2_U/ram_reg_0_15_1_1/A2
                         RAMS32                                       r  bd_0_i/hls_inst/inst/aux2_U/ram_reg_0_15_1_1/SP/ADR2
  -------------------------------------------------------------------    -------------------

                         (clock ap_clk rise edge)     8.000     8.000 r  
                                                      0.000     8.000 r  ap_clk (IN)
                         net (fo=117, unset)          0.924     8.924    bd_0_i/hls_inst/inst/aux2_U/ram_reg_0_15_1_1/WCLK
                         RAMS32                                       r  bd_0_i/hls_inst/inst/aux2_U/ram_reg_0_15_1_1/SP/CLK
                         clock pessimism              0.000     8.924    
                         clock uncertainty           -0.035     8.889    
                         RAMS32 (Setup_rams32_CLK_ADR2)
                                                     -0.021     8.868    bd_0_i/hls_inst/inst/aux2_U/ram_reg_0_15_1_1/SP
  -------------------------------------------------------------------
                         required time                          8.868    
                         arrival time                          -7.249    
  -------------------------------------------------------------------
                         slack                                  1.619    




